# command: bash -lc tail -n 0 -F "$1"/*.log _ /home/ubuntu/humanoid_ws/debug_logs/ros_20260524_163944
# started: 2026-05-24 16:51:45 +0800
==> /home/ubuntu/humanoid_ws/debug_logs/ros_20260524_163944/behavior_server_8478_1779612036153.log <==

==> /home/ubuntu/humanoid_ws/debug_logs/ros_20260524_163944/bt_navigator_8479_1779612036153.log <==

==> /home/ubuntu/humanoid_ws/debug_logs/ros_20260524_163944/component_container_mt_7791_1779612005689.log <==

==> /home/ubuntu/humanoid_ws/debug_logs/ros_20260524_163944/controller_server_8477_1779612036153.log <==

==> /home/ubuntu/humanoid_ws/debug_logs/ros_20260524_163944/fastlio_mapping_6818_1779611999394.log <==

==> /home/ubuntu/humanoid_ws/debug_logs/ros_20260524_163944/hdl_global_localization_node_7692_1779612003205.log <==

==> /home/ubuntu/humanoid_ws/debug_logs/ros_20260524_163944/lidar_localization_node_7792_1779612005787.log <==

==> /home/ubuntu/humanoid_ws/debug_logs/ros_20260524_163944/lifecycle_manager_7455_1779612002304.log <==

==> /home/ubuntu/humanoid_ws/debug_logs/ros_20260524_163944/lifecycle_manager_7880_1779612006210.log <==

==> /home/ubuntu/humanoid_ws/debug_logs/ros_20260524_163944/lifecycle_manager_8564_1779612039137.log <==

==> /home/ubuntu/humanoid_ws/debug_logs/ros_20260524_163944/map_server_7066_1779612000227.log <==

==> /home/ubuntu/humanoid_ws/debug_logs/ros_20260524_163944/planner_server_8476_1779612036153.log <==

==> /home/ubuntu/humanoid_ws/debug_logs/ros_20260524_163944/point_cloud_filter_node_6824_1779611999215.log <==

==> /home/ubuntu/humanoid_ws/debug_logs/ros_20260524_163944/python3_6725_1779612004196.log <==

==> /home/ubuntu/humanoid_ws/debug_logs/ros_20260524_163944/python3_6732_1779611993393.log <==

==> /home/ubuntu/humanoid_ws/debug_logs/ros_20260524_163944/python3_6820_1779611999483.log <==

==> /home/ubuntu/humanoid_ws/debug_logs/ros_20260524_163944/python3_6821_1779611999483.log <==

==> /home/ubuntu/humanoid_ws/debug_logs/ros_20260524_163944/python3_6825_1779611999522.log <==

==> /home/ubuntu/humanoid_ws/debug_logs/ros_20260524_163944/python3_7269_1779612001381.log <==

==> /home/ubuntu/humanoid_ws/debug_logs/ros_20260524_163944/python3_7270_1779612001402.log <==

==> /home/ubuntu/humanoid_ws/debug_logs/ros_20260524_163944/python3_7448_1779612002428.log <==

==> /home/ubuntu/humanoid_ws/debug_logs/ros_20260524_163944/python3_7449_1779612002820.log <==

==> /home/ubuntu/humanoid_ws/debug_logs/ros_20260524_163944/python3_7450_1779612002574.log <==

==> /home/ubuntu/humanoid_ws/debug_logs/ros_20260524_163944/python3_7451_1779612002584.log <==

==> /home/ubuntu/humanoid_ws/debug_logs/ros_20260524_163944/python3_7452_1779612002572.log <==

==> /home/ubuntu/humanoid_ws/debug_logs/ros_20260524_163944/python3_7453_1779612002571.log <==

==> /home/ubuntu/humanoid_ws/debug_logs/ros_20260524_163944/python3_7454_1779612002428.log <==

==> /home/ubuntu/humanoid_ws/debug_logs/ros_20260524_163944/python3_7793_1779612005978.log <==

==> /home/ubuntu/humanoid_ws/debug_logs/ros_20260524_163944/python3_7905_1779612006956.log <==

==> /home/ubuntu/humanoid_ws/debug_logs/ros_20260524_163944/robot_state_publisher_6731_1779611993154.log <==

==> /home/ubuntu/humanoid_ws/debug_logs/ros_20260524_163944/rslidar_sdk_node_6817_1779611999202.log <==

==> /home/ubuntu/humanoid_ws/debug_logs/ros_20260524_163944/static_transform_publisher_6819_1779611999201.log <==

==> /home/ubuntu/humanoid_ws/debug_logs/ros_20260524_163944/static_transform_publisher_6822_1779611999201.log <==

==> /home/ubuntu/humanoid_ws/debug_logs/ros_20260524_163944/static_transform_publisher_6823_1779611999202.log <==

==> /home/ubuntu/humanoid_ws/debug_logs/ros_20260524_163944/python3_7793_1779612005978.log <==
[INFO] [1779612707.793971891] [hdl_bootstrap_to_initialpose]: updated trusted pose for recovery prior: map->base=(6.054, 10.937, -1.184)
