# command: ros2 run tf2_ros tf2_echo map base_footprint
# started: 2026-05-24 16:51:45 +0800
[INFO] [1779612706.313897748] [tf2_echo]: Waiting for transform map ->  base_footprint: Invalid frame ID "map" passed to canTransform argument target_frame - frame does not exist
[INFO] [1779612707.914358003] [tf2_echo]: Waiting for transform map ->  base_footprint: Invalid frame ID "map" passed to canTransform argument target_frame - frame does not exist
[INFO] [1779612708.923599598] [tf2_echo]: Waiting for transform map ->  base_footprint: Could not find a connection between 'map' and 'base_footprint' because they are not part of the same tree.Tf has two or more unconnected trees.
At time 1779612708.732962608
- Translation: [6.035, 10.963, -1.186]
- Rotation: in Quaternion (xyzw) [-0.005, 0.014, 0.657, 0.754]
- Rotation: in RPY (radian) [0.011, 0.029, 1.434]
- Rotation: in RPY (degree) [0.607, 1.637, 82.177]
- Matrix:
  0.136 -0.991  0.014  6.035
  0.990  0.136  0.027 10.963
 -0.029  0.011  1.000 -1.186
  0.000  0.000  0.000  1.000
At time 1779612709.133061647
- Translation: [6.045, 10.970, -1.184]
- Rotation: in Quaternion (xyzw) [-0.006, 0.014, 0.657, 0.754]
- Rotation: in RPY (radian) [0.009, 0.028, 1.433]
- Rotation: in RPY (degree) [0.541, 1.614, 82.125]
- Matrix:
  0.137 -0.990  0.013  6.045
  0.990  0.137  0.027 10.970
 -0.028  0.009  1.000 -1.184
  0.000  0.000  0.000  1.000
At time 1779612711.233498334
- Translation: [6.045, 10.970, -1.187]
- Rotation: in Quaternion (xyzw) [-0.006, 0.014, 0.657, 0.754]
- Rotation: in RPY (radian) [0.010, 0.028, 1.434]
- Rotation: in RPY (degree) [0.546, 1.593, 82.165]
- Matrix:
  0.136 -0.991  0.013  6.045
  0.990  0.137  0.026 10.970
 -0.028  0.010  1.000 -1.187
  0.000  0.000  0.000  1.000
