# command: ros2 topic bw /airy_points_filtered
# started: 2026-05-24 16:52:53 +0800
WARNING: topic [/airy_points_filtered] does not appear to be published yet
Subscribed to [/airy_points_filtered]
186.58 KB/s from 3 messages
	Message size mean: 118.55 KB min: 116.79 KB max: 120.02 KB
122.39 KB/s from 3 messages
	Message size mean: 118.55 KB min: 116.79 KB max: 120.02 KB
183.01 KB/s from 6 messages
	Message size mean: 119.14 KB min: 116.79 KB max: 121.11 KB
316.80 KB/s from 13 messages
	Message size mean: 119.56 KB min: 116.79 KB max: 121.17 KB
424.90 KB/s from 21 messages
	Message size mean: 119.50 KB min: 116.79 KB max: 121.75 KB
519.04 KB/s from 30 messages
	Message size mean: 119.56 KB min: 116.79 KB max: 121.75 KB
574.47 KB/s from 38 messages
	Message size mean: 119.53 KB min: 116.79 KB max: 121.75 KB
604.15 KB/s from 45 messages
	Message size mean: 119.57 KB min: 116.79 KB max: 121.75 KB
652.21 KB/s from 54 messages
	Message size mean: 119.65 KB min: 116.79 KB max: 121.75 KB
691.05 KB/s from 63 messages
	Message size mean: 119.63 KB min: 116.79 KB max: 121.75 KB
753.01 KB/s from 75 messages
	Message size mean: 119.54 KB min: 116.79 KB max: 121.75 KB
786.81 KB/s from 85 messages
	Message size mean: 119.46 KB min: 116.79 KB max: 121.75 KB
815.97 KB/s from 95 messages
	Message size mean: 119.46 KB min: 116.79 KB max: 121.75 KB
1.09 MB/s from 100 messages
	Message size mean: 0.12 MB min: 0.12 MB max: 0.12 MB
1.12 MB/s from 100 messages
	Message size mean: 0.12 MB min: 0.12 MB max: 0.12 MB
1.16 MB/s from 100 messages
	Message size mean: 0.12 MB min: 0.12 MB max: 0.12 MB
1.19 MB/s from 100 messages
	Message size mean: 0.12 MB min: 0.12 MB max: 0.12 MB
1.23 MB/s from 100 messages
	Message size mean: 0.12 MB min: 0.12 MB max: 0.12 MB
1.25 MB/s from 100 messages
	Message size mean: 0.12 MB min: 0.12 MB max: 0.12 MB
1.24 MB/s from 100 messages
	Message size mean: 0.12 MB min: 0.12 MB max: 0.12 MB
1.23 MB/s from 100 messages
	Message size mean: 0.12 MB min: 0.12 MB max: 0.12 MB
1.22 MB/s from 100 messages
	Message size mean: 0.12 MB min: 0.12 MB max: 0.12 MB
1.22 MB/s from 100 messages
	Message size mean: 0.12 MB min: 0.12 MB max: 0.12 MB
1.21 MB/s from 100 messages
	Message size mean: 0.12 MB min: 0.12 MB max: 0.12 MB
1.22 MB/s from 100 messages
	Message size mean: 0.12 MB min: 0.12 MB max: 0.12 MB
1.20 MB/s from 100 messages
	Message size mean: 0.12 MB min: 0.12 MB max: 0.12 MB
1.20 MB/s from 100 messages
	Message size mean: 0.12 MB min: 0.12 MB max: 0.12 MB
1.19 MB/s from 100 messages
	Message size mean: 0.12 MB min: 0.10 MB max: 0.12 MB
1.16 MB/s from 100 messages
	Message size mean: 0.12 MB min: 0.10 MB max: 0.12 MB
1.15 MB/s from 100 messages
	Message size mean: 0.12 MB min: 0.10 MB max: 0.12 MB
1.15 MB/s from 100 messages
	Message size mean: 0.11 MB min: 0.10 MB max: 0.12 MB
1.14 MB/s from 100 messages
	Message size mean: 0.11 MB min: 0.10 MB max: 0.12 MB
1.14 MB/s from 100 messages
	Message size mean: 0.11 MB min: 0.10 MB max: 0.12 MB
1.13 MB/s from 100 messages
	Message size mean: 0.11 MB min: 0.10 MB max: 0.12 MB
1.13 MB/s from 100 messages
	Message size mean: 0.11 MB min: 0.10 MB max: 0.12 MB
1.13 MB/s from 100 messages
	Message size mean: 0.11 MB min: 0.10 MB max: 0.12 MB
1.13 MB/s from 100 messages
	Message size mean: 0.11 MB min: 0.10 MB max: 0.12 MB
1.14 MB/s from 100 messages
	Message size mean: 0.11 MB min: 0.10 MB max: 0.12 MB
1.15 MB/s from 100 messages
	Message size mean: 0.12 MB min: 0.10 MB max: 0.12 MB
1.16 MB/s from 100 messages
	Message size mean: 0.12 MB min: 0.11 MB max: 0.12 MB
1.17 MB/s from 100 messages
	Message size mean: 0.12 MB min: 0.11 MB max: 0.12 MB
1.17 MB/s from 100 messages
	Message size mean: 0.12 MB min: 0.11 MB max: 0.12 MB
1.17 MB/s from 100 messages
	Message size mean: 0.12 MB min: 0.11 MB max: 0.12 MB
1.17 MB/s from 100 messages
	Message size mean: 0.12 MB min: 0.11 MB max: 0.12 MB
1.17 MB/s from 100 messages
	Message size mean: 0.12 MB min: 0.11 MB max: 0.12 MB
1.17 MB/s from 100 messages
	Message size mean: 0.12 MB min: 0.11 MB max: 0.12 MB
1.17 MB/s from 100 messages
	Message size mean: 0.12 MB min: 0.11 MB max: 0.12 MB
1.17 MB/s from 100 messages
	Message size mean: 0.12 MB min: 0.11 MB max: 0.12 MB
1.17 MB/s from 100 messages
	Message size mean: 0.12 MB min: 0.11 MB max: 0.12 MB
1.17 MB/s from 100 messages
	Message size mean: 0.12 MB min: 0.11 MB max: 0.12 MB
1.18 MB/s from 100 messages
	Message size mean: 0.12 MB min: 0.11 MB max: 0.12 MB
1.17 MB/s from 100 messages
	Message size mean: 0.12 MB min: 0.11 MB max: 0.12 MB
1.18 MB/s from 100 messages
	Message size mean: 0.12 MB min: 0.11 MB max: 0.12 MB
1.17 MB/s from 100 messages
	Message size mean: 0.12 MB min: 0.11 MB max: 0.12 MB
1.17 MB/s from 100 messages
	Message size mean: 0.12 MB min: 0.11 MB max: 0.12 MB
1.18 MB/s from 100 messages
	Message size mean: 0.12 MB min: 0.11 MB max: 0.12 MB
1.17 MB/s from 100 messages
	Message size mean: 0.12 MB min: 0.11 MB max: 0.12 MB
1.18 MB/s from 100 messages
	Message size mean: 0.12 MB min: 0.11 MB max: 0.12 MB
1.18 MB/s from 100 messages
	Message size mean: 0.12 MB min: 0.11 MB max: 0.14 MB
1.20 MB/s from 100 messages
	Message size mean: 0.12 MB min: 0.11 MB max: 0.15 MB
1.21 MB/s from 100 messages
	Message size mean: 0.12 MB min: 0.11 MB max: 0.15 MB
1.21 MB/s from 100 messages
	Message size mean: 0.12 MB min: 0.11 MB max: 0.15 MB
1.22 MB/s from 100 messages
	Message size mean: 0.12 MB min: 0.11 MB max: 0.16 MB
1.21 MB/s from 100 messages
	Message size mean: 0.13 MB min: 0.11 MB max: 0.17 MB
1.26 MB/s from 100 messages
	Message size mean: 0.13 MB min: 0.11 MB max: 0.19 MB
1.29 MB/s from 100 messages
	Message size mean: 0.14 MB min: 0.11 MB max: 0.19 MB
1.33 MB/s from 100 messages
	Message size mean: 0.14 MB min: 0.11 MB max: 0.19 MB
1.34 MB/s from 100 messages
	Message size mean: 0.14 MB min: 0.11 MB max: 0.19 MB
1.36 MB/s from 100 messages
	Message size mean: 0.15 MB min: 0.11 MB max: 0.19 MB
1.34 MB/s from 100 messages
	Message size mean: 0.14 MB min: 0.10 MB max: 0.19 MB
1.32 MB/s from 100 messages
	Message size mean: 0.14 MB min: 0.10 MB max: 0.19 MB
1.30 MB/s from 100 messages
	Message size mean: 0.14 MB min: 0.10 MB max: 0.19 MB
1.33 MB/s from 100 messages
	Message size mean: 0.14 MB min: 0.10 MB max: 0.19 MB
1.34 MB/s from 100 messages
	Message size mean: 0.14 MB min: 0.10 MB max: 0.19 MB
1.32 MB/s from 100 messages
	Message size mean: 0.14 MB min: 0.10 MB max: 0.19 MB
1.29 MB/s from 100 messages
	Message size mean: 0.13 MB min: 0.10 MB max: 0.18 MB
1.25 MB/s from 100 messages
	Message size mean: 0.13 MB min: 0.10 MB max: 0.18 MB
1.23 MB/s from 100 messages
	Message size mean: 0.13 MB min: 0.10 MB max: 0.17 MB
1.22 MB/s from 100 messages
	Message size mean: 0.12 MB min: 0.10 MB max: 0.17 MB
1.24 MB/s from 100 messages
	Message size mean: 0.13 MB min: 0.10 MB max: 0.17 MB
1.25 MB/s from 100 messages
	Message size mean: 0.13 MB min: 0.10 MB max: 0.17 MB
1.24 MB/s from 100 messages
	Message size mean: 0.12 MB min: 0.10 MB max: 0.16 MB
1.21 MB/s from 100 messages
	Message size mean: 0.12 MB min: 0.10 MB max: 0.16 MB
1.18 MB/s from 100 messages
	Message size mean: 0.12 MB min: 0.09 MB max: 0.15 MB
1.15 MB/s from 100 messages
	Message size mean: 0.11 MB min: 0.08 MB max: 0.15 MB
1.15 MB/s from 100 messages
	Message size mean: 0.11 MB min: 0.08 MB max: 0.15 MB
1.16 MB/s from 100 messages
	Message size mean: 0.12 MB min: 0.08 MB max: 0.15 MB
1.18 MB/s from 100 messages
	Message size mean: 0.12 MB min: 0.08 MB max: 0.16 MB
1.17 MB/s from 100 messages
	Message size mean: 0.12 MB min: 0.08 MB max: 0.16 MB
1.14 MB/s from 100 messages
	Message size mean: 0.11 MB min: 0.08 MB max: 0.16 MB
1.13 MB/s from 100 messages
	Message size mean: 0.11 MB min: 0.08 MB max: 0.16 MB
1.16 MB/s from 100 messages
	Message size mean: 0.12 MB min: 0.08 MB max: 0.16 MB
1.16 MB/s from 100 messages
	Message size mean: 0.12 MB min: 0.08 MB max: 0.16 MB
1.19 MB/s from 100 messages
	Message size mean: 0.12 MB min: 0.07 MB max: 0.17 MB
1.22 MB/s from 100 messages
	Message size mean: 0.12 MB min: 0.07 MB max: 0.17 MB
1.23 MB/s from 100 messages
	Message size mean: 0.13 MB min: 0.07 MB max: 0.17 MB
1.23 MB/s from 100 messages
	Message size mean: 0.12 MB min: 0.07 MB max: 0.17 MB
1.22 MB/s from 100 messages
	Message size mean: 0.12 MB min: 0.07 MB max: 0.17 MB
1.21 MB/s from 100 messages
	Message size mean: 0.12 MB min: 0.07 MB max: 0.17 MB
1.22 MB/s from 100 messages
	Message size mean: 0.13 MB min: 0.07 MB max: 0.17 MB
1.24 MB/s from 100 messages
	Message size mean: 0.13 MB min: 0.07 MB max: 0.17 MB
1.23 MB/s from 100 messages
	Message size mean: 0.13 MB min: 0.07 MB max: 0.17 MB
1.21 MB/s from 100 messages
	Message size mean: 0.13 MB min: 0.07 MB max: 0.17 MB
1.22 MB/s from 100 messages
	Message size mean: 0.13 MB min: 0.09 MB max: 0.17 MB
1.21 MB/s from 100 messages
	Message size mean: 0.13 MB min: 0.10 MB max: 0.16 MB
1.19 MB/s from 100 messages
	Message size mean: 0.12 MB min: 0.08 MB max: 0.16 MB
1.18 MB/s from 100 messages
	Message size mean: 0.12 MB min: 0.08 MB max: 0.16 MB
1.13 MB/s from 100 messages
	Message size mean: 0.12 MB min: 0.06 MB max: 0.16 MB
1.06 MB/s from 100 messages
	Message size mean: 0.11 MB min: 0.06 MB max: 0.16 MB
1.02 MB/s from 100 messages
	Message size mean: 0.10 MB min: 0.06 MB max: 0.16 MB
994.31 KB/s from 100 messages
	Message size mean: 99.88 KB min: 61.21 KB max: 155.28 KB
998.30 KB/s from 100 messages
	Message size mean: 99.22 KB min: 61.21 KB max: 145.88 KB
987.75 KB/s from 100 messages
	Message size mean: 98.18 KB min: 61.21 KB max: 145.88 KB
988.21 KB/s from 100 messages
	Message size mean: 98.22 KB min: 61.21 KB max: 145.88 KB
1.02 MB/s from 100 messages
	Message size mean: 0.10 MB min: 0.06 MB max: 0.17 MB
1.03 MB/s from 100 messages
	Message size mean: 0.10 MB min: 0.06 MB max: 0.18 MB
1.07 MB/s from 100 messages
	Message size mean: 0.11 MB min: 0.06 MB max: 0.18 MB
1.12 MB/s from 100 messages
	Message size mean: 0.11 MB min: 0.06 MB max: 0.18 MB
1.17 MB/s from 100 messages
	Message size mean: 0.12 MB min: 0.06 MB max: 0.18 MB
1.23 MB/s from 100 messages
	Message size mean: 0.13 MB min: 0.06 MB max: 0.18 MB
1.27 MB/s from 100 messages
	Message size mean: 0.13 MB min: 0.09 MB max: 0.18 MB
1.28 MB/s from 100 messages
	Message size mean: 0.13 MB min: 0.09 MB max: 0.18 MB
1.29 MB/s from 100 messages
	Message size mean: 0.13 MB min: 0.09 MB max: 0.18 MB
1.29 MB/s from 100 messages
	Message size mean: 0.13 MB min: 0.10 MB max: 0.18 MB
1.27 MB/s from 100 messages
	Message size mean: 0.13 MB min: 0.10 MB max: 0.18 MB
1.28 MB/s from 100 messages
	Message size mean: 0.13 MB min: 0.10 MB max: 0.17 MB
1.26 MB/s from 100 messages
	Message size mean: 0.13 MB min: 0.10 MB max: 0.16 MB
1.22 MB/s from 100 messages
	Message size mean: 0.12 MB min: 0.07 MB max: 0.16 MB
1.17 MB/s from 100 messages
	Message size mean: 0.12 MB min: 0.07 MB max: 0.16 MB
1.11 MB/s from 100 messages
	Message size mean: 0.11 MB min: 0.07 MB max: 0.16 MB
1.08 MB/s from 100 messages
	Message size mean: 0.11 MB min: 0.07 MB max: 0.16 MB
1.06 MB/s from 100 messages
	Message size mean: 0.11 MB min: 0.07 MB max: 0.15 MB
1.05 MB/s from 100 messages
	Message size mean: 0.10 MB min: 0.07 MB max: 0.14 MB
1.05 MB/s from 100 messages
	Message size mean: 0.10 MB min: 0.07 MB max: 0.14 MB
1.04 MB/s from 100 messages
	Message size mean: 0.10 MB min: 0.07 MB max: 0.14 MB
1.00 MB/s from 100 messages
	Message size mean: 0.10 MB min: 0.07 MB max: 0.14 MB
990.67 KB/s from 100 messages
	Message size mean: 101.34 KB min: 66.64 KB max: 136.25 KB
989.75 KB/s from 100 messages
	Message size mean: 101.25 KB min: 66.64 KB max: 136.25 KB
1.02 MB/s from 100 messages
	Message size mean: 0.10 MB min: 0.07 MB max: 0.14 MB
1.05 MB/s from 100 messages
	Message size mean: 0.11 MB min: 0.07 MB max: 0.14 MB
1.09 MB/s from 100 messages
	Message size mean: 0.11 MB min: 0.07 MB max: 0.14 MB
1.09 MB/s from 100 messages
	Message size mean: 0.11 MB min: 0.09 MB max: 0.14 MB
1.10 MB/s from 100 messages
	Message size mean: 0.12 MB min: 0.09 MB max: 0.14 MB
1.11 MB/s from 100 messages
	Message size mean: 0.12 MB min: 0.09 MB max: 0.14 MB
1.07 MB/s from 100 messages
	Message size mean: 0.12 MB min: 0.09 MB max: 0.14 MB
1.05 MB/s from 100 messages
	Message size mean: 0.11 MB min: 0.08 MB max: 0.14 MB
1.03 MB/s from 100 messages
	Message size mean: 0.11 MB min: 0.08 MB max: 0.14 MB
998.22 KB/s from 100 messages
	Message size mean: 107.13 KB min: 79.83 KB max: 141.53 KB
957.02 KB/s from 100 messages
	Message size mean: 104.35 KB min: 79.57 KB max: 141.53 KB
923.04 KB/s from 100 messages
	Message size mean: 102.79 KB min: 79.57 KB max: 141.53 KB
887.75 KB/s from 100 messages
	Message size mean: 100.15 KB min: 79.57 KB max: 141.53 KB
842.58 KB/s from 100 messages
	Message size mean: 96.49 KB min: 79.57 KB max: 137.30 KB
801.00 KB/s from 100 messages
	Message size mean: 92.97 KB min: 79.57 KB max: 137.30 KB
767.16 KB/s from 100 messages
	Message size mean: 89.51 KB min: 79.41 KB max: 137.30 KB
722.74 KB/s from 100 messages
	Message size mean: 87.27 KB min: 79.22 KB max: 137.30 KB
688.26 KB/s from 100 messages
	Message size mean: 85.40 KB min: 78.00 KB max: 137.30 KB
665.04 KB/s from 100 messages
	Message size mean: 82.18 KB min: 78.00 KB max: 122.61 KB
646.91 KB/s from 100 messages
	Message size mean: 80.68 KB min: 78.00 KB max: 91.38 KB
625.62 KB/s from 100 messages
	Message size mean: 80.29 KB min: 78.00 KB max: 83.44 KB
625.11 KB/s from 100 messages
	Message size mean: 80.06 KB min: 78.00 KB max: 82.61 KB
612.90 KB/s from 100 messages
	Message size mean: 79.91 KB min: 78.00 KB max: 82.61 KB
609.80 KB/s from 100 messages
	Message size mean: 79.76 KB min: 77.91 KB max: 82.61 KB
601.85 KB/s from 100 messages
	Message size mean: 79.64 KB min: 77.81 KB max: 82.61 KB
607.24 KB/s from 100 messages
	Message size mean: 79.49 KB min: 77.49 KB max: 82.61 KB
601.64 KB/s from 100 messages
	Message size mean: 79.32 KB min: 77.49 KB max: 82.61 KB
607.24 KB/s from 100 messages
	Message size mean: 79.10 KB min: 76.66 KB max: 81.27 KB
633.74 KB/s from 100 messages
	Message size mean: 78.99 KB min: 76.66 KB max: 80.72 KB
651.07 KB/s from 100 messages
	Message size mean: 79.10 KB min: 76.66 KB max: 81.43 KB
653.46 KB/s from 100 messages
	Message size mean: 79.21 KB min: 76.66 KB max: 81.43 KB
668.21 KB/s from 100 messages
	Message size mean: 79.46 KB min: 76.66 KB max: 83.25 KB
685.12 KB/s from 100 messages
	Message size mean: 79.67 KB min: 76.66 KB max: 83.25 KB
700.50 KB/s from 100 messages
	Message size mean: 79.93 KB min: 76.66 KB max: 83.38 KB
697.82 KB/s from 100 messages
	Message size mean: 80.07 KB min: 76.66 KB max: 83.38 KB
721.25 KB/s from 100 messages
	Message size mean: 80.37 KB min: 76.66 KB max: 83.38 KB
721.04 KB/s from 100 messages
	Message size mean: 80.61 KB min: 76.66 KB max: 83.38 KB
720.84 KB/s from 100 messages
	Message size mean: 80.83 KB min: 76.66 KB max: 83.38 KB
722.29 KB/s from 100 messages
	Message size mean: 81.10 KB min: 77.56 KB max: 83.38 KB
702.21 KB/s from 100 messages
	Message size mean: 81.33 KB min: 78.42 KB max: 83.38 KB
690.91 KB/s from 100 messages
	Message size mean: 81.49 KB min: 79.06 KB max: 83.38 KB
671.74 KB/s from 100 messages
	Message size mean: 81.57 KB min: 80.02 KB max: 83.38 KB
668.66 KB/s from 100 messages
	Message size mean: 81.71 KB min: 80.02 KB max: 83.48 KB
650.17 KB/s from 100 messages
	Message size mean: 81.79 KB min: 80.02 KB max: 83.48 KB
645.88 KB/s from 100 messages
	Message size mean: 81.81 KB min: 80.02 KB max: 83.48 KB
636.09 KB/s from 100 messages
	Message size mean: 81.89 KB min: 80.02 KB max: 84.05 KB
623.22 KB/s from 100 messages
	Message size mean: 81.86 KB min: 80.02 KB max: 84.05 KB
611.84 KB/s from 100 messages
	Message size mean: 81.91 KB min: 80.02 KB max: 84.05 KB
602.99 KB/s from 100 messages
	Message size mean: 81.93 KB min: 80.53 KB max: 84.05 KB
599.62 KB/s from 100 messages
	Message size mean: 81.92 KB min: 80.53 KB max: 84.05 KB
607.29 KB/s from 100 messages
	Message size mean: 81.93 KB min: 80.53 KB max: 84.05 KB
604.03 KB/s from 100 messages
	Message size mean: 81.92 KB min: 80.53 KB max: 84.05 KB
607.71 KB/s from 100 messages
	Message size mean: 81.94 KB min: 80.53 KB max: 84.05 KB
621.63 KB/s from 100 messages
	Message size mean: 81.98 KB min: 80.53 KB max: 84.05 KB
637.39 KB/s from 100 messages
	Message size mean: 81.97 KB min: 80.53 KB max: 84.05 KB
662.10 KB/s from 100 messages
	Message size mean: 81.89 KB min: 80.53 KB max: 84.05 KB
660.70 KB/s from 100 messages
	Message size mean: 81.87 KB min: 80.60 KB max: 84.05 KB
679.27 KB/s from 100 messages
	Message size mean: 81.80 KB min: 80.60 KB max: 83.61 KB
700.95 KB/s from 100 messages
	Message size mean: 81.81 KB min: 80.60 KB max: 83.61 KB
728.25 KB/s from 100 messages
	Message size mean: 81.81 KB min: 80.69 KB max: 83.61 KB
738.66 KB/s from 100 messages
	Message size mean: 81.78 KB min: 80.31 KB max: 83.61 KB
741.09 KB/s from 100 messages
	Message size mean: 81.70 KB min: 80.31 KB max: 83.61 KB
764.19 KB/s from 100 messages
	Message size mean: 81.71 KB min: 80.31 KB max: 83.61 KB
764.01 KB/s from 100 messages
	Message size mean: 81.63 KB min: 80.31 KB max: 83.25 KB
753.64 KB/s from 100 messages
	Message size mean: 81.62 KB min: 80.31 KB max: 83.25 KB
749.55 KB/s from 100 messages
	Message size mean: 81.59 KB min: 80.31 KB max: 83.25 KB
742.96 KB/s from 100 messages
	Message size mean: 81.84 KB min: 80.31 KB max: 93.78 KB
766.93 KB/s from 100 messages
	Message size mean: 83.66 KB min: 80.31 KB max: 104.72 KB
803.84 KB/s from 100 messages
	Message size mean: 86.43 KB min: 80.31 KB max: 110.61 KB
857.81 KB/s from 100 messages
	Message size mean: 89.66 KB min: 80.31 KB max: 113.53 KB
861.85 KB/s from 100 messages
	Message size mean: 90.31 KB min: 80.02 KB max: 113.53 KB
878.35 KB/s from 100 messages
	Message size mean: 91.34 KB min: 80.02 KB max: 113.53 KB
902.43 KB/s from 100 messages
	Message size mean: 92.18 KB min: 80.02 KB max: 113.53 KB
914.38 KB/s from 100 messages
	Message size mean: 92.47 KB min: 80.02 KB max: 113.53 KB
939.65 KB/s from 100 messages
	Message size mean: 92.96 KB min: 80.02 KB max: 113.53 KB
964.88 KB/s from 100 messages
	Message size mean: 93.95 KB min: 80.02 KB max: 113.53 KB
979.84 KB/s from 100 messages
	Message size mean: 93.55 KB min: 80.02 KB max: 113.53 KB
947.09 KB/s from 100 messages
	Message size mean: 91.99 KB min: 80.02 KB max: 113.53 KB
917.86 KB/s from 100 messages
	Message size mean: 89.73 KB min: 80.02 KB max: 113.53 KB
876.73 KB/s from 100 messages
	Message size mean: 87.43 KB min: 80.02 KB max: 108.60 KB
896.24 KB/s from 100 messages
	Message size mean: 87.12 KB min: 83.19 KB max: 108.60 KB
887.29 KB/s from 100 messages
	Message size mean: 86.40 KB min: 83.19 KB max: 99.67 KB
865.11 KB/s from 100 messages
	Message size mean: 86.00 KB min: 83.28 KB max: 96.34 KB
856.42 KB/s from 100 messages
	Message size mean: 86.12 KB min: 83.16 KB max: 96.34 KB
856.68 KB/s from 100 messages
	Message size mean: 86.77 KB min: 83.16 KB max: 98.33 KB
847.76 KB/s from 100 messages
	Message size mean: 86.42 KB min: 83.16 KB max: 98.33 KB
837.75 KB/s from 100 messages
	Message size mean: 86.28 KB min: 82.97 KB max: 98.33 KB
839.44 KB/s from 100 messages
	Message size mean: 86.11 KB min: 82.87 KB max: 98.33 KB
834.69 KB/s from 100 messages
	Message size mean: 85.88 KB min: 82.87 KB max: 98.33 KB
830.42 KB/s from 100 messages
	Message size mean: 85.78 KB min: 82.87 KB max: 98.33 KB
815.19 KB/s from 100 messages
	Message size mean: 85.63 KB min: 82.87 KB max: 98.33 KB
803.71 KB/s from 100 messages
	Message size mean: 85.58 KB min: 82.87 KB max: 98.33 KB
802.33 KB/s from 100 messages
	Message size mean: 85.43 KB min: 82.39 KB max: 98.33 KB
809.56 KB/s from 100 messages
	Message size mean: 85.29 KB min: 82.39 KB max: 98.33 KB
790.37 KB/s from 100 messages
	Message size mean: 85.00 KB min: 82.39 KB max: 98.33 KB
789.00 KB/s from 100 messages
	Message size mean: 84.14 KB min: 82.39 KB max: 87.51 KB
777.76 KB/s from 100 messages
	Message size mean: 84.06 KB min: 81.94 KB max: 87.35 KB
792.73 KB/s from 100 messages
	Message size mean: 84.07 KB min: 81.94 KB max: 87.35 KB
782.66 KB/s from 100 messages
	Message size mean: 84.08 KB min: 81.94 KB max: 87.35 KB
777.54 KB/s from 100 messages
	Message size mean: 84.09 KB min: 81.94 KB max: 87.35 KB
774.39 KB/s from 100 messages
	Message size mean: 84.10 KB min: 81.94 KB max: 87.35 KB
793.80 KB/s from 100 messages
	Message size mean: 84.19 KB min: 81.94 KB max: 87.35 KB
807.84 KB/s from 100 messages
	Message size mean: 84.28 KB min: 81.94 KB max: 86.81 KB
796.55 KB/s from 100 messages
	Message size mean: 84.40 KB min: 81.94 KB max: 86.81 KB
797.00 KB/s from 100 messages
	Message size mean: 84.47 KB min: 81.94 KB max: 86.81 KB
823.28 KB/s from 100 messages
	Message size mean: 84.53 KB min: 81.94 KB max: 86.81 KB
821.22 KB/s from 100 messages
	Message size mean: 84.55 KB min: 82.33 KB max: 86.81 KB
823.39 KB/s from 100 messages
	Message size mean: 84.57 KB min: 82.33 KB max: 86.81 KB
828.68 KB/s from 100 messages
	Message size mean: 84.63 KB min: 82.33 KB max: 87.54 KB
863.78 KB/s from 100 messages
	Message size mean: 84.92 KB min: 82.33 KB max: 98.61 KB
891.91 KB/s from 100 messages
	Message size mean: 87.89 KB min: 82.33 KB max: 138.55 KB
952.29 KB/s from 100 messages
	Message size mean: 93.28 KB min: 82.33 KB max: 148.05 KB
970.97 KB/s from 100 messages
	Message size mean: 96.33 KB min: 82.33 KB max: 148.05 KB
998.37 KB/s from 100 messages
	Message size mean: 96.30 KB min: 66.68 KB max: 148.05 KB
978.83 KB/s from 100 messages
	Message size mean: 95.69 KB min: 66.68 KB max: 148.05 KB
984.08 KB/s from 100 messages
	Message size mean: 98.50 KB min: 66.68 KB max: 149.43 KB
1.06 MB/s from 100 messages
	Message size mean: 0.11 MB min: 0.07 MB max: 0.19 MB
1.11 MB/s from 100 messages
	Message size mean: 0.11 MB min: 0.07 MB max: 0.19 MB
1.17 MB/s from 100 messages
	Message size mean: 0.12 MB min: 0.07 MB max: 0.19 MB
1.20 MB/s from 100 messages
	Message size mean: 0.12 MB min: 0.07 MB max: 0.19 MB
1.22 MB/s from 100 messages
	Message size mean: 0.12 MB min: 0.07 MB max: 0.19 MB
1.25 MB/s from 100 messages
	Message size mean: 0.13 MB min: 0.07 MB max: 0.19 MB
1.24 MB/s from 100 messages
	Message size mean: 0.13 MB min: 0.07 MB max: 0.19 MB
1.30 MB/s from 100 messages
	Message size mean: 0.13 MB min: 0.07 MB max: 0.19 MB
1.37 MB/s from 100 messages
	Message size mean: 0.14 MB min: 0.07 MB max: 0.19 MB
1.44 MB/s from 100 messages
	Message size mean: 0.15 MB min: 0.09 MB max: 0.19 MB
1.42 MB/s from 100 messages
	Message size mean: 0.15 MB min: 0.09 MB max: 0.19 MB
1.43 MB/s from 100 messages
	Message size mean: 0.15 MB min: 0.11 MB max: 0.18 MB
1.43 MB/s from 100 messages
	Message size mean: 0.15 MB min: 0.11 MB max: 0.18 MB
1.43 MB/s from 100 messages
	Message size mean: 0.15 MB min: 0.12 MB max: 0.18 MB
1.42 MB/s from 100 messages
	Message size mean: 0.15 MB min: 0.12 MB max: 0.18 MB
1.37 MB/s from 100 messages
	Message size mean: 0.15 MB min: 0.11 MB max: 0.18 MB
1.35 MB/s from 100 messages
	Message size mean: 0.14 MB min: 0.11 MB max: 0.18 MB
1.36 MB/s from 100 messages
	Message size mean: 0.14 MB min: 0.08 MB max: 0.18 MB
1.31 MB/s from 100 messages
	Message size mean: 0.14 MB min: 0.08 MB max: 0.17 MB
1.26 MB/s from 100 messages
	Message size mean: 0.13 MB min: 0.08 MB max: 0.16 MB
1.24 MB/s from 100 messages
	Message size mean: 0.13 MB min: 0.08 MB max: 0.16 MB
1.26 MB/s from 100 messages
	Message size mean: 0.13 MB min: 0.08 MB max: 0.16 MB
1.24 MB/s from 100 messages
	Message size mean: 0.13 MB min: 0.08 MB max: 0.16 MB
1.25 MB/s from 100 messages
	Message size mean: 0.13 MB min: 0.08 MB max: 0.16 MB
1.23 MB/s from 100 messages
	Message size mean: 0.13 MB min: 0.08 MB max: 0.16 MB
1.22 MB/s from 100 messages
	Message size mean: 0.12 MB min: 0.08 MB max: 0.16 MB
1.18 MB/s from 100 messages
	Message size mean: 0.12 MB min: 0.08 MB max: 0.16 MB
1.14 MB/s from 100 messages
	Message size mean: 0.12 MB min: 0.08 MB max: 0.16 MB
1.18 MB/s from 100 messages
	Message size mean: 0.12 MB min: 0.08 MB max: 0.17 MB
1.23 MB/s from 100 messages
	Message size mean: 0.12 MB min: 0.08 MB max: 0.17 MB
1.22 MB/s from 100 messages
	Message size mean: 0.12 MB min: 0.08 MB max: 0.17 MB
1.19 MB/s from 100 messages
	Message size mean: 0.12 MB min: 0.08 MB max: 0.17 MB
1.18 MB/s from 100 messages
	Message size mean: 0.12 MB min: 0.08 MB max: 0.17 MB
1.17 MB/s from 100 messages
	Message size mean: 0.12 MB min: 0.08 MB max: 0.17 MB
1.18 MB/s from 100 messages
	Message size mean: 0.12 MB min: 0.08 MB max: 0.17 MB
1.16 MB/s from 100 messages
	Message size mean: 0.12 MB min: 0.08 MB max: 0.17 MB
1.18 MB/s from 100 messages
	Message size mean: 0.13 MB min: 0.08 MB max: 0.17 MB
1.25 MB/s from 100 messages
	Message size mean: 0.13 MB min: 0.09 MB max: 0.17 MB
1.27 MB/s from 100 messages
	Message size mean: 0.13 MB min: 0.09 MB max: 0.17 MB
1.24 MB/s from 100 messages
	Message size mean: 0.13 MB min: 0.09 MB max: 0.17 MB
1.18 MB/s from 100 messages
	Message size mean: 0.13 MB min: 0.09 MB max: 0.17 MB
1.14 MB/s from 100 messages
	Message size mean: 0.13 MB min: 0.09 MB max: 0.17 MB
1.15 MB/s from 100 messages
	Message size mean: 0.13 MB min: 0.09 MB max: 0.17 MB
1.16 MB/s from 100 messages
	Message size mean: 0.13 MB min: 0.09 MB max: 0.17 MB
1.16 MB/s from 100 messages
	Message size mean: 0.13 MB min: 0.09 MB max: 0.18 MB
1.18 MB/s from 100 messages
	Message size mean: 0.13 MB min: 0.09 MB max: 0.18 MB
1.17 MB/s from 100 messages
	Message size mean: 0.13 MB min: 0.08 MB max: 0.18 MB
1.14 MB/s from 100 messages
	Message size mean: 0.12 MB min: 0.08 MB max: 0.18 MB
1.14 MB/s from 100 messages
	Message size mean: 0.12 MB min: 0.08 MB max: 0.18 MB
1.17 MB/s from 100 messages
	Message size mean: 0.12 MB min: 0.08 MB max: 0.18 MB
1.18 MB/s from 100 messages
	Message size mean: 0.12 MB min: 0.08 MB max: 0.18 MB
1.21 MB/s from 100 messages
	Message size mean: 0.12 MB min: 0.08 MB max: 0.18 MB
1.21 MB/s from 100 messages
	Message size mean: 0.12 MB min: 0.08 MB max: 0.18 MB
1.23 MB/s from 100 messages
	Message size mean: 0.12 MB min: 0.08 MB max: 0.18 MB
1.22 MB/s from 100 messages
	Message size mean: 0.12 MB min: 0.08 MB max: 0.15 MB
1.19 MB/s from 100 messages
	Message size mean: 0.11 MB min: 0.08 MB max: 0.15 MB
1.24 MB/s from 100 messages
	Message size mean: 0.12 MB min: 0.09 MB max: 0.15 MB
1.23 MB/s from 100 messages
	Message size mean: 0.12 MB min: 0.10 MB max: 0.15 MB
1.19 MB/s from 100 messages
	Message size mean: 0.12 MB min: 0.10 MB max: 0.15 MB
1.15 MB/s from 100 messages
	Message size mean: 0.11 MB min: 0.10 MB max: 0.14 MB
1.17 MB/s from 100 messages
	Message size mean: 0.11 MB min: 0.10 MB max: 0.14 MB
1.18 MB/s from 100 messages
	Message size mean: 0.11 MB min: 0.10 MB max: 0.14 MB
1.18 MB/s from 100 messages
	Message size mean: 0.11 MB min: 0.10 MB max: 0.14 MB
1.14 MB/s from 100 messages
	Message size mean: 0.11 MB min: 0.08 MB max: 0.14 MB
1.15 MB/s from 100 messages
	Message size mean: 0.11 MB min: 0.08 MB max: 0.14 MB
1.18 MB/s from 100 messages
	Message size mean: 0.11 MB min: 0.08 MB max: 0.14 MB
1.11 MB/s from 100 messages
	Message size mean: 0.11 MB min: 0.07 MB max: 0.14 MB
1.06 MB/s from 100 messages
	Message size mean: 0.11 MB min: 0.07 MB max: 0.14 MB
1.04 MB/s from 100 messages
	Message size mean: 0.10 MB min: 0.07 MB max: 0.14 MB
1.03 MB/s from 100 messages
	Message size mean: 0.10 MB min: 0.07 MB max: 0.14 MB
1.00 MB/s from 100 messages
	Message size mean: 0.10 MB min: 0.07 MB max: 0.14 MB
977.15 KB/s from 100 messages
	Message size mean: 98.11 KB min: 66.36 KB max: 138.58 KB
956.40 KB/s from 100 messages
	Message size mean: 95.99 KB min: 66.36 KB max: 138.58 KB
946.26 KB/s from 100 messages
	Message size mean: 93.96 KB min: 66.36 KB max: 138.58 KB
905.59 KB/s from 100 messages
	Message size mean: 90.88 KB min: 66.36 KB max: 138.58 KB
875.15 KB/s from 100 messages
	Message size mean: 87.84 KB min: 66.36 KB max: 99.51 KB
897.78 KB/s from 100 messages
	Message size mean: 89.72 KB min: 66.36 KB max: 99.51 KB
918.22 KB/s from 100 messages
	Message size mean: 92.15 KB min: 68.66 KB max: 99.51 KB
935.32 KB/s from 100 messages
	Message size mean: 93.87 KB min: 77.40 KB max: 118.84 KB
909.69 KB/s from 100 messages
	Message size mean: 91.83 KB min: 69.56 KB max: 118.84 KB
894.47 KB/s from 100 messages
	Message size mean: 90.39 KB min: 69.56 KB max: 118.84 KB
916.65 KB/s from 100 messages
	Message size mean: 91.50 KB min: 69.56 KB max: 139.06 KB
905.96 KB/s from 100 messages
	Message size mean: 90.45 KB min: 69.56 KB max: 139.06 KB
895.71 KB/s from 100 messages
	Message size mean: 88.73 KB min: 69.56 KB max: 139.06 KB
897.45 KB/s from 100 messages
	Message size mean: 87.69 KB min: 69.56 KB max: 139.06 KB
895.39 KB/s from 100 messages
	Message size mean: 88.58 KB min: 69.56 KB max: 139.06 KB
880.71 KB/s from 100 messages
	Message size mean: 88.72 KB min: 69.56 KB max: 139.06 KB
867.20 KB/s from 100 messages
	Message size mean: 86.47 KB min: 69.56 KB max: 139.06 KB
846.69 KB/s from 100 messages
	Message size mean: 83.94 KB min: 69.56 KB max: 139.06 KB
857.08 KB/s from 100 messages
	Message size mean: 84.07 KB min: 70.29 KB max: 139.06 KB
841.90 KB/s from 100 messages
	Message size mean: 83.59 KB min: 70.29 KB max: 139.06 KB
810.21 KB/s from 100 messages
	Message size mean: 80.50 KB min: 70.29 KB max: 110.17 KB
805.39 KB/s from 100 messages
	Message size mean: 79.89 KB min: 70.29 KB max: 110.17 KB
792.51 KB/s from 100 messages
	Message size mean: 79.85 KB min: 70.45 KB max: 110.17 KB
782.36 KB/s from 100 messages
	Message size mean: 79.59 KB min: 70.45 KB max: 110.17 KB
764.01 KB/s from 100 messages
	Message size mean: 76.78 KB min: 70.45 KB max: 110.17 KB
752.24 KB/s from 100 messages
	Message size mean: 74.79 KB min: 70.45 KB max: 76.53 KB
776.70 KB/s from 100 messages
	Message size mean: 77.61 KB min: 73.30 KB max: 127.35 KB
825.88 KB/s from 100 messages
	Message size mean: 82.04 KB min: 73.30 KB max: 131.70 KB
858.09 KB/s from 100 messages
	Message size mean: 85.39 KB min: 73.30 KB max: 131.70 KB
930.07 KB/s from 100 messages
	Message size mean: 91.35 KB min: 73.30 KB max: 149.53 KB
985.88 KB/s from 100 messages
	Message size mean: 97.87 KB min: 73.30 KB max: 158.87 KB
1.04 MB/s from 100 messages
	Message size mean: 0.10 MB min: 0.07 MB max: 0.17 MB
1.15 MB/s from 100 messages
	Message size mean: 0.11 MB min: 0.07 MB max: 0.17 MB
1.25 MB/s from 100 messages
	Message size mean: 0.12 MB min: 0.07 MB max: 0.17 MB
1.31 MB/s from 100 messages
	Message size mean: 0.13 MB min: 0.07 MB max: 0.18 MB
1.37 MB/s from 100 messages
	Message size mean: 0.14 MB min: 0.07 MB max: 0.18 MB
1.40 MB/s from 100 messages
	Message size mean: 0.14 MB min: 0.10 MB max: 0.18 MB
1.42 MB/s from 100 messages
	Message size mean: 0.14 MB min: 0.10 MB max: 0.18 MB
1.44 MB/s from 100 messages
	Message size mean: 0.14 MB min: 0.11 MB max: 0.18 MB
1.42 MB/s from 100 messages
	Message size mean: 0.14 MB min: 0.11 MB max: 0.18 MB
1.41 MB/s from 100 messages
	Message size mean: 0.14 MB min: 0.11 MB max: 0.18 MB
1.41 MB/s from 100 messages
	Message size mean: 0.14 MB min: 0.11 MB max: 0.18 MB
1.38 MB/s from 100 messages
	Message size mean: 0.14 MB min: 0.11 MB max: 0.18 MB
1.33 MB/s from 100 messages
	Message size mean: 0.14 MB min: 0.08 MB max: 0.18 MB
1.30 MB/s from 100 messages
	Message size mean: 0.14 MB min: 0.08 MB max: 0.18 MB
1.27 MB/s from 100 messages
	Message size mean: 0.13 MB min: 0.08 MB max: 0.17 MB
1.22 MB/s from 100 messages
	Message size mean: 0.13 MB min: 0.07 MB max: 0.17 MB
1.16 MB/s from 100 messages
	Message size mean: 0.12 MB min: 0.07 MB max: 0.17 MB
1.13 MB/s from 100 messages
	Message size mean: 0.12 MB min: 0.07 MB max: 0.17 MB
1.13 MB/s from 100 messages
	Message size mean: 0.12 MB min: 0.07 MB max: 0.17 MB
1.12 MB/s from 100 messages
	Message size mean: 0.11 MB min: 0.07 MB max: 0.17 MB
1.09 MB/s from 100 messages
	Message size mean: 0.11 MB min: 0.07 MB max: 0.17 MB
1.07 MB/s from 100 messages
	Message size mean: 0.11 MB min: 0.07 MB max: 0.17 MB
1.07 MB/s from 100 messages
	Message size mean: 0.11 MB min: 0.07 MB max: 0.17 MB
1.07 MB/s from 100 messages
	Message size mean: 0.11 MB min: 0.07 MB max: 0.17 MB
1.07 MB/s from 100 messages
	Message size mean: 0.11 MB min: 0.07 MB max: 0.17 MB
1.10 MB/s from 100 messages
	Message size mean: 0.11 MB min: 0.07 MB max: 0.17 MB
1.16 MB/s from 100 messages
	Message size mean: 0.12 MB min: 0.07 MB max: 0.17 MB
1.21 MB/s from 100 messages
	Message size mean: 0.12 MB min: 0.07 MB max: 0.17 MB
1.21 MB/s from 100 messages
	Message size mean: 0.12 MB min: 0.07 MB max: 0.17 MB
1.22 MB/s from 100 messages
	Message size mean: 0.13 MB min: 0.07 MB max: 0.17 MB
1.24 MB/s from 100 messages
	Message size mean: 0.13 MB min: 0.07 MB max: 0.17 MB
1.29 MB/s from 100 messages
	Message size mean: 0.13 MB min: 0.07 MB max: 0.17 MB
1.29 MB/s from 100 messages
	Message size mean: 0.14 MB min: 0.10 MB max: 0.17 MB
1.33 MB/s from 100 messages
	Message size mean: 0.14 MB min: 0.11 MB max: 0.17 MB
1.33 MB/s from 100 messages
	Message size mean: 0.14 MB min: 0.11 MB max: 0.17 MB
1.35 MB/s from 100 messages
	Message size mean: 0.14 MB min: 0.11 MB max: 0.17 MB
1.34 MB/s from 100 messages
	Message size mean: 0.14 MB min: 0.11 MB max: 0.17 MB
1.36 MB/s from 100 messages
	Message size mean: 0.14 MB min: 0.11 MB max: 0.17 MB
1.35 MB/s from 100 messages
	Message size mean: 0.14 MB min: 0.11 MB max: 0.17 MB
1.36 MB/s from 100 messages
	Message size mean: 0.14 MB min: 0.11 MB max: 0.17 MB
1.32 MB/s from 100 messages
	Message size mean: 0.14 MB min: 0.11 MB max: 0.17 MB
1.31 MB/s from 100 messages
	Message size mean: 0.13 MB min: 0.11 MB max: 0.16 MB
1.28 MB/s from 100 messages
	Message size mean: 0.13 MB min: 0.09 MB max: 0.16 MB
1.25 MB/s from 100 messages
	Message size mean: 0.13 MB min: 0.09 MB max: 0.16 MB
1.21 MB/s from 100 messages
	Message size mean: 0.12 MB min: 0.08 MB max: 0.16 MB
1.17 MB/s from 100 messages
	Message size mean: 0.12 MB min: 0.08 MB max: 0.16 MB
1.13 MB/s from 100 messages
	Message size mean: 0.11 MB min: 0.08 MB max: 0.15 MB
1.09 MB/s from 100 messages
	Message size mean: 0.11 MB min: 0.08 MB max: 0.14 MB
1.06 MB/s from 100 messages
	Message size mean: 0.11 MB min: 0.08 MB max: 0.14 MB
1.05 MB/s from 100 messages
	Message size mean: 0.11 MB min: 0.08 MB max: 0.13 MB
1.03 MB/s from 100 messages
	Message size mean: 0.10 MB min: 0.08 MB max: 0.13 MB
1.02 MB/s from 100 messages
	Message size mean: 0.10 MB min: 0.08 MB max: 0.13 MB
1.03 MB/s from 100 messages
	Message size mean: 0.10 MB min: 0.08 MB max: 0.12 MB
1.04 MB/s from 100 messages
	Message size mean: 0.10 MB min: 0.08 MB max: 0.12 MB
1.04 MB/s from 100 messages
	Message size mean: 0.10 MB min: 0.09 MB max: 0.12 MB
1.06 MB/s from 100 messages
	Message size mean: 0.10 MB min: 0.09 MB max: 0.12 MB
1.07 MB/s from 100 messages
	Message size mean: 0.11 MB min: 0.09 MB max: 0.13 MB
1.09 MB/s from 100 messages
	Message size mean: 0.11 MB min: 0.10 MB max: 0.13 MB
1.11 MB/s from 100 messages
	Message size mean: 0.11 MB min: 0.10 MB max: 0.14 MB
1.13 MB/s from 100 messages
	Message size mean: 0.11 MB min: 0.10 MB max: 0.14 MB
1.13 MB/s from 100 messages
	Message size mean: 0.11 MB min: 0.10 MB max: 0.14 MB
1.11 MB/s from 100 messages
	Message size mean: 0.11 MB min: 0.09 MB max: 0.15 MB
1.14 MB/s from 100 messages
	Message size mean: 0.12 MB min: 0.09 MB max: 0.17 MB
1.16 MB/s from 100 messages
	Message size mean: 0.12 MB min: 0.09 MB max: 0.18 MB
1.22 MB/s from 100 messages
	Message size mean: 0.12 MB min: 0.09 MB max: 0.18 MB
1.23 MB/s from 100 messages
	Message size mean: 0.13 MB min: 0.09 MB max: 0.18 MB
1.25 MB/s from 100 messages
	Message size mean: 0.13 MB min: 0.09 MB max: 0.18 MB
1.26 MB/s from 100 messages
	Message size mean: 0.13 MB min: 0.09 MB max: 0.18 MB
1.27 MB/s from 100 messages
	Message size mean: 0.13 MB min: 0.09 MB max: 0.18 MB
1.25 MB/s from 100 messages
	Message size mean: 0.13 MB min: 0.09 MB max: 0.18 MB
1.24 MB/s from 100 messages
	Message size mean: 0.13 MB min: 0.09 MB max: 0.18 MB
1.22 MB/s from 100 messages
	Message size mean: 0.13 MB min: 0.10 MB max: 0.18 MB
1.22 MB/s from 100 messages
	Message size mean: 0.12 MB min: 0.10 MB max: 0.18 MB
1.18 MB/s from 100 messages
	Message size mean: 0.12 MB min: 0.10 MB max: 0.18 MB
1.13 MB/s from 100 messages
	Message size mean: 0.11 MB min: 0.10 MB max: 0.16 MB
1.10 MB/s from 100 messages
	Message size mean: 0.11 MB min: 0.10 MB max: 0.16 MB
1.06 MB/s from 100 messages
	Message size mean: 0.11 MB min: 0.10 MB max: 0.15 MB
1.03 MB/s from 100 messages
	Message size mean: 0.10 MB min: 0.10 MB max: 0.14 MB
1.00 MB/s from 100 messages
	Message size mean: 0.10 MB min: 0.10 MB max: 0.11 MB
997.52 KB/s from 100 messages
	Message size mean: 99.00 KB min: 97.53 KB max: 100.50 KB
998.28 KB/s from 100 messages
	Message size mean: 99.00 KB min: 97.53 KB max: 100.50 KB
996.19 KB/s from 100 messages
	Message size mean: 99.00 KB min: 97.53 KB max: 100.50 KB
996.21 KB/s from 100 messages
	Message size mean: 98.94 KB min: 97.43 KB max: 100.50 KB
995.90 KB/s from 100 messages
	Message size mean: 98.89 KB min: 97.43 KB max: 100.50 KB
998.10 KB/s from 100 messages
	Message size mean: 98.88 KB min: 97.43 KB max: 100.50 KB
996.42 KB/s from 100 messages
	Message size mean: 98.79 KB min: 96.95 KB max: 100.50 KB
995.17 KB/s from 100 messages
	Message size mean: 98.74 KB min: 96.95 KB max: 100.50 KB
994.01 KB/s from 100 messages
	Message size mean: 98.69 KB min: 96.95 KB max: 100.50 KB
992.31 KB/s from 100 messages
	Message size mean: 98.52 KB min: 96.63 KB max: 100.34 KB
990.60 KB/s from 100 messages
	Message size mean: 98.43 KB min: 96.63 KB max: 99.96 KB
990.99 KB/s from 100 messages
	Message size mean: 98.33 KB min: 96.63 KB max: 99.48 KB
989.17 KB/s from 100 messages
	Message size mean: 98.26 KB min: 96.63 KB max: 99.48 KB
989.87 KB/s from 100 messages
	Message size mean: 98.19 KB min: 96.63 KB max: 99.44 KB
989.14 KB/s from 100 messages
	Message size mean: 98.17 KB min: 96.63 KB max: 99.51 KB
990.04 KB/s from 100 messages
	Message size mean: 98.06 KB min: 96.63 KB max: 99.51 KB
989.16 KB/s from 100 messages
	Message size mean: 98.11 KB min: 96.63 KB max: 99.73 KB
991.58 KB/s from 100 messages
	Message size mean: 98.48 KB min: 96.63 KB max: 103.35 KB
995.77 KB/s from 100 messages
	Message size mean: 98.81 KB min: 96.63 KB max: 103.41 KB
1.00 MB/s from 100 messages
	Message size mean: 0.10 MB min: 0.10 MB max: 0.11 MB
1.01 MB/s from 100 messages
	Message size mean: 0.10 MB min: 0.10 MB max: 0.11 MB
1.01 MB/s from 100 messages
	Message size mean: 0.10 MB min: 0.10 MB max: 0.11 MB
1.01 MB/s from 100 messages
	Message size mean: 0.10 MB min: 0.10 MB max: 0.11 MB
1.01 MB/s from 100 messages
	Message size mean: 0.10 MB min: 0.10 MB max: 0.11 MB
1.02 MB/s from 100 messages
	Message size mean: 0.10 MB min: 0.10 MB max: 0.11 MB
1.01 MB/s from 100 messages
	Message size mean: 0.10 MB min: 0.10 MB max: 0.11 MB
1.00 MB/s from 100 messages
	Message size mean: 0.10 MB min: 0.10 MB max: 0.11 MB
1.01 MB/s from 100 messages
	Message size mean: 0.10 MB min: 0.10 MB max: 0.11 MB
1.01 MB/s from 100 messages
	Message size mean: 0.10 MB min: 0.10 MB max: 0.11 MB
1.00 MB/s from 100 messages
	Message size mean: 0.10 MB min: 0.10 MB max: 0.11 MB
998.30 KB/s from 100 messages
	Message size mean: 99.17 KB min: 97.33 KB max: 101.81 KB
1.00 MB/s from 100 messages
	Message size mean: 0.10 MB min: 0.10 MB max: 0.10 MB
1.01 MB/s from 100 messages
	Message size mean: 0.10 MB min: 0.10 MB max: 0.10 MB
1.01 MB/s from 100 messages
	Message size mean: 0.10 MB min: 0.10 MB max: 0.10 MB
1.01 MB/s from 100 messages
	Message size mean: 0.10 MB min: 0.10 MB max: 0.10 MB
1.01 MB/s from 100 messages
	Message size mean: 0.10 MB min: 0.10 MB max: 0.10 MB
1.01 MB/s from 100 messages
	Message size mean: 0.10 MB min: 0.10 MB max: 0.10 MB
1.02 MB/s from 100 messages
	Message size mean: 0.10 MB min: 0.10 MB max: 0.10 MB
1.00 MB/s from 100 messages
	Message size mean: 0.10 MB min: 0.10 MB max: 0.10 MB
1.01 MB/s from 100 messages
	Message size mean: 0.10 MB min: 0.10 MB max: 0.10 MB
1.01 MB/s from 100 messages
	Message size mean: 0.10 MB min: 0.10 MB max: 0.10 MB
1.01 MB/s from 100 messages
	Message size mean: 0.10 MB min: 0.10 MB max: 0.10 MB
1.01 MB/s from 100 messages
	Message size mean: 0.10 MB min: 0.10 MB max: 0.10 MB
1.01 MB/s from 100 messages
	Message size mean: 0.10 MB min: 0.10 MB max: 0.10 MB
1.01 MB/s from 100 messages
	Message size mean: 0.10 MB min: 0.10 MB max: 0.10 MB
1.01 MB/s from 100 messages
	Message size mean: 0.10 MB min: 0.10 MB max: 0.10 MB
1.01 MB/s from 100 messages
	Message size mean: 0.10 MB min: 0.10 MB max: 0.10 MB
1.01 MB/s from 100 messages
	Message size mean: 0.10 MB min: 0.10 MB max: 0.10 MB
1.00 MB/s from 100 messages
	Message size mean: 0.10 MB min: 0.10 MB max: 0.10 MB
1.00 MB/s from 100 messages
	Message size mean: 0.10 MB min: 0.10 MB max: 0.10 MB
1.00 MB/s from 100 messages
	Message size mean: 0.10 MB min: 0.10 MB max: 0.10 MB
1.00 MB/s from 100 messages
	Message size mean: 0.10 MB min: 0.10 MB max: 0.10 MB
1.00 MB/s from 100 messages
	Message size mean: 0.10 MB min: 0.10 MB max: 0.10 MB
1.00 MB/s from 100 messages
	Message size mean: 0.10 MB min: 0.10 MB max: 0.10 MB
1.00 MB/s from 100 messages
	Message size mean: 0.10 MB min: 0.10 MB max: 0.10 MB
992.28 KB/s from 100 messages
	Message size mean: 99.45 KB min: 97.46 KB max: 100.82 KB
1.00 MB/s from 100 messages
	Message size mean: 0.10 MB min: 0.10 MB max: 0.10 MB
1.00 MB/s from 100 messages
	Message size mean: 0.10 MB min: 0.10 MB max: 0.10 MB
992.38 KB/s from 100 messages
	Message size mean: 99.53 KB min: 97.69 KB max: 101.08 KB
1.01 MB/s from 100 messages
	Message size mean: 0.10 MB min: 0.10 MB max: 0.10 MB
1.01 MB/s from 100 messages
	Message size mean: 0.10 MB min: 0.10 MB max: 0.10 MB
1.00 MB/s from 100 messages
	Message size mean: 0.10 MB min: 0.10 MB max: 0.10 MB
1.00 MB/s from 100 messages
	Message size mean: 0.10 MB min: 0.10 MB max: 0.10 MB
1.00 MB/s from 100 messages
	Message size mean: 0.10 MB min: 0.10 MB max: 0.10 MB
1.00 MB/s from 100 messages
	Message size mean: 0.10 MB min: 0.10 MB max: 0.10 MB
1.00 MB/s from 100 messages
	Message size mean: 0.10 MB min: 0.10 MB max: 0.10 MB
1.00 MB/s from 100 messages
	Message size mean: 0.10 MB min: 0.10 MB max: 0.10 MB
1.00 MB/s from 100 messages
	Message size mean: 0.10 MB min: 0.10 MB max: 0.10 MB
1.00 MB/s from 100 messages
	Message size mean: 0.10 MB min: 0.10 MB max: 0.10 MB
1.00 MB/s from 100 messages
	Message size mean: 0.10 MB min: 0.10 MB max: 0.10 MB
1.00 MB/s from 100 messages
	Message size mean: 0.10 MB min: 0.10 MB max: 0.10 MB
1.00 MB/s from 100 messages
	Message size mean: 0.10 MB min: 0.10 MB max: 0.10 MB
1.00 MB/s from 100 messages
	Message size mean: 0.10 MB min: 0.10 MB max: 0.10 MB
1.00 MB/s from 100 messages
	Message size mean: 0.10 MB min: 0.10 MB max: 0.10 MB
1.00 MB/s from 100 messages
	Message size mean: 0.10 MB min: 0.10 MB max: 0.10 MB
1.00 MB/s from 100 messages
	Message size mean: 0.10 MB min: 0.10 MB max: 0.10 MB
1.00 MB/s from 100 messages
	Message size mean: 0.10 MB min: 0.10 MB max: 0.10 MB
999.02 KB/s from 100 messages
	Message size mean: 99.15 KB min: 97.27 KB max: 101.46 KB
998.17 KB/s from 100 messages
	Message size mean: 99.03 KB min: 96.12 KB max: 101.46 KB
984.61 KB/s from 100 messages
	Message size mean: 98.78 KB min: 96.12 KB max: 101.46 KB
992.03 KB/s from 100 messages
	Message size mean: 98.52 KB min: 96.12 KB max: 100.60 KB
982.07 KB/s from 100 messages
	Message size mean: 98.44 KB min: 96.12 KB max: 99.96 KB
991.89 KB/s from 100 messages
	Message size mean: 98.38 KB min: 96.12 KB max: 99.96 KB
992.59 KB/s from 100 messages
	Message size mean: 98.35 KB min: 96.12 KB max: 99.96 KB
990.94 KB/s from 100 messages
	Message size mean: 98.33 KB min: 96.12 KB max: 99.96 KB
994.29 KB/s from 100 messages
	Message size mean: 98.37 KB min: 96.12 KB max: 99.96 KB
989.77 KB/s from 100 messages
	Message size mean: 98.38 KB min: 96.12 KB max: 99.80 KB
990.38 KB/s from 100 messages
	Message size mean: 98.37 KB min: 96.12 KB max: 99.80 KB
991.43 KB/s from 100 messages
	Message size mean: 98.40 KB min: 96.34 KB max: 99.80 KB
990.50 KB/s from 100 messages
	Message size mean: 98.48 KB min: 96.98 KB max: 99.80 KB
992.56 KB/s from 100 messages
	Message size mean: 98.56 KB min: 97.11 KB max: 99.80 KB
994.08 KB/s from 100 messages
	Message size mean: 98.56 KB min: 97.24 KB max: 99.80 KB
992.62 KB/s from 100 messages
	Message size mean: 98.51 KB min: 96.92 KB max: 99.80 KB
991.80 KB/s from 100 messages
	Message size mean: 98.54 KB min: 96.92 KB max: 99.80 KB
992.77 KB/s from 100 messages
	Message size mean: 98.51 KB min: 96.92 KB max: 99.86 KB
992.71 KB/s from 100 messages
	Message size mean: 98.59 KB min: 96.92 KB max: 100.85 KB
983.50 KB/s from 100 messages
	Message size mean: 98.81 KB min: 96.92 KB max: 103.00 KB
1.00 MB/s from 100 messages
	Message size mean: 0.10 MB min: 0.10 MB max: 0.11 MB
1.01 MB/s from 100 messages
	Message size mean: 0.10 MB min: 0.10 MB max: 0.11 MB
997.15 KB/s from 100 messages
	Message size mean: 99.93 KB min: 96.92 KB max: 106.87 KB
1.01 MB/s from 100 messages
	Message size mean: 0.10 MB min: 0.10 MB max: 0.11 MB
1.03 MB/s from 100 messages
	Message size mean: 0.10 MB min: 0.10 MB max: 0.14 MB
1.05 MB/s from 100 messages
	Message size mean: 0.10 MB min: 0.10 MB max: 0.14 MB
1.06 MB/s from 100 messages
	Message size mean: 0.11 MB min: 0.10 MB max: 0.14 MB
1.06 MB/s from 100 messages
	Message size mean: 0.11 MB min: 0.09 MB max: 0.14 MB
1.06 MB/s from 100 messages
	Message size mean: 0.11 MB min: 0.09 MB max: 0.14 MB
1.05 MB/s from 100 messages
	Message size mean: 0.10 MB min: 0.09 MB max: 0.14 MB
1.04 MB/s from 100 messages
	Message size mean: 0.10 MB min: 0.09 MB max: 0.14 MB
1.03 MB/s from 100 messages
	Message size mean: 0.10 MB min: 0.09 MB max: 0.14 MB
1.03 MB/s from 100 messages
	Message size mean: 0.10 MB min: 0.09 MB max: 0.14 MB
1.01 MB/s from 100 messages
	Message size mean: 0.10 MB min: 0.08 MB max: 0.14 MB
976.75 KB/s from 100 messages
	Message size mean: 97.80 KB min: 83.22 KB max: 132.53 KB
943.94 KB/s from 100 messages
	Message size mean: 94.51 KB min: 83.22 KB max: 111.22 KB
920.51 KB/s from 100 messages
	Message size mean: 92.28 KB min: 83.22 KB max: 103.99 KB
898.89 KB/s from 100 messages
	Message size mean: 91.11 KB min: 83.22 KB max: 103.99 KB
885.31 KB/s from 100 messages
	Message size mean: 89.77 KB min: 83.22 KB max: 103.99 KB
883.54 KB/s from 100 messages
	Message size mean: 88.34 KB min: 83.22 KB max: 103.99 KB
873.70 KB/s from 100 messages
	Message size mean: 87.11 KB min: 83.22 KB max: 103.99 KB
843.79 KB/s from 100 messages
	Message size mean: 86.06 KB min: 81.46 KB max: 97.46 KB
872.71 KB/s from 100 messages
	Message size mean: 85.99 KB min: 81.46 KB max: 102.04 KB
884.53 KB/s from 100 messages
	Message size mean: 87.50 KB min: 79.51 KB max: 128.79 KB
920.49 KB/s from 100 messages
	Message size mean: 90.81 KB min: 79.03 KB max: 146.65 KB
944.39 KB/s from 100 messages
	Message size mean: 93.55 KB min: 79.03 KB max: 146.65 KB
968.04 KB/s from 100 messages
	Message size mean: 94.32 KB min: 72.89 KB max: 146.65 KB
962.59 KB/s from 100 messages
	Message size mean: 93.13 KB min: 70.55 KB max: 146.65 KB
939.34 KB/s from 100 messages
	Message size mean: 92.01 KB min: 70.55 KB max: 146.65 KB
923.01 KB/s from 100 messages
	Message size mean: 90.91 KB min: 70.55 KB max: 146.65 KB
911.02 KB/s from 100 messages
	Message size mean: 89.80 KB min: 70.55 KB max: 146.65 KB
905.65 KB/s from 100 messages
	Message size mean: 88.23 KB min: 69.17 KB max: 146.65 KB
864.44 KB/s from 100 messages
	Message size mean: 85.81 KB min: 65.40 KB max: 146.65 KB
828.33 KB/s from 100 messages
	Message size mean: 82.26 KB min: 62.20 KB max: 146.65 KB
787.17 KB/s from 100 messages
	Message size mean: 77.85 KB min: 62.20 KB max: 135.06 KB
749.49 KB/s from 100 messages
	Message size mean: 74.38 KB min: 62.20 KB max: 130.87 KB
731.98 KB/s from 100 messages
	Message size mean: 72.61 KB min: 62.20 KB max: 80.34 KB
732.00 KB/s from 100 messages
	Message size mean: 72.57 KB min: 62.20 KB max: 80.34 KB
728.57 KB/s from 100 messages
	Message size mean: 72.16 KB min: 62.20 KB max: 80.34 KB
721.57 KB/s from 100 messages
	Message size mean: 71.52 KB min: 62.20 KB max: 80.34 KB
713.55 KB/s from 100 messages
	Message size mean: 70.79 KB min: 62.20 KB max: 80.34 KB
709.98 KB/s from 100 messages
	Message size mean: 70.32 KB min: 62.20 KB max: 80.34 KB
708.24 KB/s from 100 messages
	Message size mean: 70.29 KB min: 62.20 KB max: 80.34 KB
710.25 KB/s from 100 messages
	Message size mean: 70.52 KB min: 64.60 KB max: 80.34 KB
704.37 KB/s from 100 messages
	Message size mean: 69.88 KB min: 65.62 KB max: 79.70 KB
692.97 KB/s from 100 messages
	Message size mean: 68.81 KB min: 65.62 KB max: 76.98 KB
686.22 KB/s from 100 messages
	Message size mean: 68.10 KB min: 65.62 KB max: 74.68 KB
681.85 KB/s from 100 messages
	Message size mean: 67.63 KB min: 65.62 KB max: 71.86 KB
678.84 KB/s from 100 messages
	Message size mean: 67.38 KB min: 65.62 KB max: 69.01 KB
678.93 KB/s from 100 messages
	Message size mean: 67.32 KB min: 65.62 KB max: 68.92 KB
679.51 KB/s from 100 messages
	Message size mean: 67.41 KB min: 65.62 KB max: 68.92 KB
681.08 KB/s from 100 messages
	Message size mean: 67.54 KB min: 65.94 KB max: 68.92 KB
682.40 KB/s from 100 messages
	Message size mean: 67.65 KB min: 66.00 KB max: 68.92 KB
683.00 KB/s from 100 messages
	Message size mean: 67.72 KB min: 66.52 KB max: 69.33 KB
683.73 KB/s from 100 messages
	Message size mean: 67.81 KB min: 66.52 KB max: 69.36 KB
685.49 KB/s from 100 messages
	Message size mean: 68.06 KB min: 66.52 KB max: 70.84 KB
682.66 KB/s from 100 messages
	Message size mean: 68.33 KB min: 66.52 KB max: 72.02 KB
685.99 KB/s from 100 messages
	Message size mean: 68.72 KB min: 66.52 KB max: 73.75 KB
701.21 KB/s from 100 messages
	Message size mean: 69.57 KB min: 66.52 KB max: 77.65 KB
701.27 KB/s from 100 messages
	Message size mean: 69.63 KB min: 50.84 KB max: 77.65 KB
679.23 KB/s from 100 messages
	Message size mean: 67.39 KB min: 42.39 KB max: 77.65 KB
654.27 KB/s from 100 messages
	Message size mean: 64.79 KB min: 40.79 KB max: 77.65 KB
623.20 KB/s from 100 messages
	Message size mean: 61.77 KB min: 35.38 KB max: 77.65 KB
593.69 KB/s from 100 messages
	Message size mean: 58.92 KB min: 29.50 KB max: 77.65 KB
578.19 KB/s from 100 messages
	Message size mean: 57.41 KB min: 29.50 KB max: 77.65 KB
571.65 KB/s from 100 messages
	Message size mean: 56.76 KB min: 29.50 KB max: 77.65 KB
567.45 KB/s from 100 messages
	Message size mean: 56.40 KB min: 29.50 KB max: 77.65 KB
561.86 KB/s from 100 messages
	Message size mean: 55.80 KB min: 29.50 KB max: 77.65 KB
555.25 KB/s from 100 messages
	Message size mean: 54.86 KB min: 29.50 KB max: 75.48 KB
550.17 KB/s from 100 messages
	Message size mean: 54.67 KB min: 29.50 KB max: 68.76 KB
570.90 KB/s from 100 messages
	Message size mean: 56.75 KB min: 29.50 KB max: 68.76 KB
596.68 KB/s from 100 messages
	Message size mean: 59.13 KB min: 29.50 KB max: 68.76 KB
623.95 KB/s from 100 messages
	Message size mean: 61.99 KB min: 29.50 KB max: 68.76 KB
650.77 KB/s from 100 messages
	Message size mean: 64.67 KB min: 39.35 KB max: 68.76 KB
664.61 KB/s from 100 messages
	Message size mean: 65.93 KB min: 58.33 KB max: 68.76 KB
667.18 KB/s from 100 messages
	Message size mean: 66.17 KB min: 64.92 KB max: 68.76 KB
666.25 KB/s from 100 messages
	Message size mean: 66.09 KB min: 64.92 KB max: 68.12 KB
659.41 KB/s from 100 messages
	Message size mean: 66.08 KB min: 64.92 KB max: 67.25 KB
665.89 KB/s from 100 messages
	Message size mean: 66.11 KB min: 64.92 KB max: 67.35 KB
666.60 KB/s from 100 messages
	Message size mean: 66.14 KB min: 64.92 KB max: 67.35 KB
666.93 KB/s from 100 messages
	Message size mean: 66.17 KB min: 64.92 KB max: 67.35 KB
666.73 KB/s from 100 messages
	Message size mean: 66.24 KB min: 65.14 KB max: 67.35 KB
667.86 KB/s from 100 messages
	Message size mean: 66.25 KB min: 65.14 KB max: 67.35 KB
668.66 KB/s from 100 messages
	Message size mean: 66.31 KB min: 65.14 KB max: 67.38 KB
668.57 KB/s from 100 messages
	Message size mean: 66.32 KB min: 65.18 KB max: 67.38 KB
668.95 KB/s from 100 messages
	Message size mean: 66.34 KB min: 65.18 KB max: 67.38 KB
667.76 KB/s from 100 messages
	Message size mean: 66.36 KB min: 65.18 KB max: 67.54 KB
667.98 KB/s from 100 messages
	Message size mean: 66.33 KB min: 64.89 KB max: 67.54 KB
667.53 KB/s from 100 messages
	Message size mean: 66.33 KB min: 64.89 KB max: 67.54 KB
669.51 KB/s from 100 messages
	Message size mean: 66.31 KB min: 64.89 KB max: 67.54 KB
669.11 KB/s from 100 messages
	Message size mean: 66.31 KB min: 64.89 KB max: 67.54 KB
667.18 KB/s from 100 messages
	Message size mean: 66.29 KB min: 64.89 KB max: 67.54 KB
667.79 KB/s from 100 messages
	Message size mean: 66.31 KB min: 64.89 KB max: 67.54 KB
667.46 KB/s from 100 messages
	Message size mean: 66.29 KB min: 64.89 KB max: 67.54 KB
669.15 KB/s from 100 messages
	Message size mean: 66.30 KB min: 64.89 KB max: 67.54 KB
668.52 KB/s from 100 messages
	Message size mean: 66.29 KB min: 64.89 KB max: 67.54 KB
668.18 KB/s from 100 messages
	Message size mean: 66.25 KB min: 64.89 KB max: 67.67 KB
669.57 KB/s from 100 messages
	Message size mean: 66.26 KB min: 65.08 KB max: 67.67 KB
666.98 KB/s from 100 messages
	Message size mean: 66.26 KB min: 65.08 KB max: 67.67 KB
668.11 KB/s from 100 messages
	Message size mean: 66.27 KB min: 65.11 KB max: 67.67 KB
667.80 KB/s from 100 messages
	Message size mean: 66.27 KB min: 65.11 KB max: 67.67 KB
667.68 KB/s from 100 messages
	Message size mean: 66.31 KB min: 65.11 KB max: 67.67 KB
667.47 KB/s from 100 messages
	Message size mean: 66.29 KB min: 65.11 KB max: 67.67 KB
668.92 KB/s from 100 messages
	Message size mean: 66.32 KB min: 65.11 KB max: 67.67 KB
669.37 KB/s from 100 messages
	Message size mean: 66.32 KB min: 65.11 KB max: 67.67 KB
667.99 KB/s from 100 messages
	Message size mean: 66.34 KB min: 65.11 KB max: 67.67 KB
667.83 KB/s from 100 messages
	Message size mean: 66.33 KB min: 64.95 KB max: 67.51 KB
668.21 KB/s from 100 messages
	Message size mean: 66.31 KB min: 64.95 KB max: 67.51 KB
668.77 KB/s from 100 messages
	Message size mean: 66.29 KB min: 64.95 KB max: 67.51 KB
667.12 KB/s from 100 messages
	Message size mean: 66.24 KB min: 64.92 KB max: 67.51 KB
667.47 KB/s from 100 messages
	Message size mean: 66.21 KB min: 64.92 KB max: 67.51 KB
