# command: ros2 topic bw /airy_points
# started: 2026-05-24 16:52:53 +0800
WARNING: topic [/airy_points] does not appear to be published yet
Subscribed to [/airy_points]
7.76 MB/s from 3 messages
	Message size mean: 1.38 MB min: 1.38 MB max: 1.38 MB
7.21 MB/s from 8 messages
	Message size mean: 1.38 MB min: 1.38 MB max: 1.38 MB
6.55 MB/s from 12 messages
	Message size mean: 1.38 MB min: 1.38 MB max: 1.38 MB
6.63 MB/s from 17 messages
	Message size mean: 1.38 MB min: 1.32 MB max: 1.38 MB
7.29 MB/s from 24 messages
	Message size mean: 1.38 MB min: 1.32 MB max: 1.38 MB
7.71 MB/s from 31 messages
	Message size mean: 1.38 MB min: 1.32 MB max: 1.38 MB
8.00 MB/s from 38 messages
	Message size mean: 1.38 MB min: 1.32 MB max: 1.38 MB
8.40 MB/s from 46 messages
	Message size mean: 1.38 MB min: 1.32 MB max: 1.38 MB
8.38 MB/s from 52 messages
	Message size mean: 1.38 MB min: 1.32 MB max: 1.38 MB
8.51 MB/s from 59 messages
	Message size mean: 1.38 MB min: 1.32 MB max: 1.38 MB
8.36 MB/s from 64 messages
	Message size mean: 1.38 MB min: 1.32 MB max: 1.38 MB
8.59 MB/s from 72 messages
	Message size mean: 1.38 MB min: 1.32 MB max: 1.38 MB
8.89 MB/s from 81 messages
	Message size mean: 1.38 MB min: 1.32 MB max: 1.38 MB
8.94 MB/s from 88 messages
	Message size mean: 1.38 MB min: 1.32 MB max: 1.38 MB
9.18 MB/s from 97 messages
	Message size mean: 1.38 MB min: 1.32 MB max: 1.38 MB
9.33 MB/s from 100 messages
	Message size mean: 1.38 MB min: 1.32 MB max: 1.38 MB
9.72 MB/s from 100 messages
	Message size mean: 1.37 MB min: 1.32 MB max: 1.38 MB
10.31 MB/s from 100 messages
	Message size mean: 1.38 MB min: 1.32 MB max: 1.38 MB
10.23 MB/s from 100 messages
	Message size mean: 1.38 MB min: 1.32 MB max: 1.38 MB
10.40 MB/s from 100 messages
	Message size mean: 1.38 MB min: 1.32 MB max: 1.38 MB
10.31 MB/s from 100 messages
	Message size mean: 1.38 MB min: 1.32 MB max: 1.38 MB
10.48 MB/s from 100 messages
	Message size mean: 1.38 MB min: 1.32 MB max: 1.38 MB
10.24 MB/s from 100 messages
	Message size mean: 1.38 MB min: 1.32 MB max: 1.38 MB
10.40 MB/s from 100 messages
	Message size mean: 1.38 MB min: 1.32 MB max: 1.38 MB
10.03 MB/s from 100 messages
	Message size mean: 1.38 MB min: 1.32 MB max: 1.38 MB
10.02 MB/s from 100 messages
	Message size mean: 1.38 MB min: 1.32 MB max: 1.38 MB
9.88 MB/s from 100 messages
	Message size mean: 1.38 MB min: 1.32 MB max: 1.38 MB
9.67 MB/s from 100 messages
	Message size mean: 1.38 MB min: 1.32 MB max: 1.38 MB
9.54 MB/s from 100 messages
	Message size mean: 1.38 MB min: 1.32 MB max: 1.38 MB
9.41 MB/s from 100 messages
	Message size mean: 1.38 MB min: 1.32 MB max: 1.38 MB
9.28 MB/s from 100 messages
	Message size mean: 1.38 MB min: 1.32 MB max: 1.38 MB
9.16 MB/s from 100 messages
	Message size mean: 1.38 MB min: 1.32 MB max: 1.38 MB
8.98 MB/s from 100 messages
	Message size mean: 1.38 MB min: 1.32 MB max: 1.38 MB
8.64 MB/s from 100 messages
	Message size mean: 1.38 MB min: 1.32 MB max: 1.38 MB
8.48 MB/s from 100 messages
	Message size mean: 1.38 MB min: 1.32 MB max: 1.38 MB
8.48 MB/s from 100 messages
	Message size mean: 1.38 MB min: 1.32 MB max: 1.38 MB
8.38 MB/s from 100 messages
	Message size mean: 1.38 MB min: 1.32 MB max: 1.38 MB
8.28 MB/s from 100 messages
	Message size mean: 1.38 MB min: 1.32 MB max: 1.38 MB
8.54 MB/s from 100 messages
	Message size mean: 1.38 MB min: 1.32 MB max: 1.38 MB
8.48 MB/s from 100 messages
	Message size mean: 1.38 MB min: 1.32 MB max: 1.38 MB
8.33 MB/s from 100 messages
	Message size mean: 1.38 MB min: 1.32 MB max: 1.38 MB
8.18 MB/s from 100 messages
	Message size mean: 1.38 MB min: 1.32 MB max: 1.38 MB
8.23 MB/s from 100 messages
	Message size mean: 1.38 MB min: 1.32 MB max: 1.38 MB
8.33 MB/s from 100 messages
	Message size mean: 1.38 MB min: 1.32 MB max: 1.38 MB
8.18 MB/s from 100 messages
	Message size mean: 1.38 MB min: 1.32 MB max: 1.38 MB
8.43 MB/s from 100 messages
	Message size mean: 1.38 MB min: 1.32 MB max: 1.38 MB
8.24 MB/s from 100 messages
	Message size mean: 1.38 MB min: 1.32 MB max: 1.38 MB
8.49 MB/s from 100 messages
	Message size mean: 1.38 MB min: 1.32 MB max: 1.38 MB
8.39 MB/s from 100 messages
	Message size mean: 1.38 MB min: 1.32 MB max: 1.38 MB
8.19 MB/s from 100 messages
	Message size mean: 1.38 MB min: 1.32 MB max: 1.38 MB
8.34 MB/s from 100 messages
	Message size mean: 1.38 MB min: 1.32 MB max: 1.38 MB
8.19 MB/s from 100 messages
	Message size mean: 1.38 MB min: 1.32 MB max: 1.38 MB
8.39 MB/s from 100 messages
	Message size mean: 1.38 MB min: 1.32 MB max: 1.38 MB
8.29 MB/s from 100 messages
	Message size mean: 1.38 MB min: 1.32 MB max: 1.38 MB
8.40 MB/s from 100 messages
	Message size mean: 1.38 MB min: 1.32 MB max: 1.38 MB
8.77 MB/s from 100 messages
	Message size mean: 1.38 MB min: 1.32 MB max: 1.38 MB
9.19 MB/s from 100 messages
	Message size mean: 1.38 MB min: 1.32 MB max: 1.38 MB
9.00 MB/s from 100 messages
	Message size mean: 1.38 MB min: 1.32 MB max: 1.38 MB
9.06 MB/s from 100 messages
	Message size mean: 1.38 MB min: 1.32 MB max: 1.38 MB
9.19 MB/s from 100 messages
	Message size mean: 1.38 MB min: 1.32 MB max: 1.38 MB
9.12 MB/s from 100 messages
	Message size mean: 1.38 MB min: 1.32 MB max: 1.38 MB
9.25 MB/s from 100 messages
	Message size mean: 1.38 MB min: 1.32 MB max: 1.38 MB
9.32 MB/s from 100 messages
	Message size mean: 1.38 MB min: 1.32 MB max: 1.38 MB
9.13 MB/s from 100 messages
	Message size mean: 1.38 MB min: 1.32 MB max: 1.38 MB
9.20 MB/s from 100 messages
	Message size mean: 1.38 MB min: 1.32 MB max: 1.38 MB
9.38 MB/s from 100 messages
	Message size mean: 1.38 MB min: 1.32 MB max: 1.38 MB
9.19 MB/s from 100 messages
	Message size mean: 1.38 MB min: 1.32 MB max: 1.38 MB
9.02 MB/s from 100 messages
	Message size mean: 1.38 MB min: 1.32 MB max: 1.38 MB
9.02 MB/s from 100 messages
	Message size mean: 1.38 MB min: 1.32 MB max: 1.38 MB
8.74 MB/s from 100 messages
	Message size mean: 1.38 MB min: 1.32 MB max: 1.38 MB
8.52 MB/s from 100 messages
	Message size mean: 1.38 MB min: 1.32 MB max: 1.38 MB
8.47 MB/s from 100 messages
	Message size mean: 1.38 MB min: 1.32 MB max: 1.38 MB
8.36 MB/s from 100 messages
	Message size mean: 1.38 MB min: 1.32 MB max: 1.38 MB
8.07 MB/s from 100 messages
	Message size mean: 1.38 MB min: 1.32 MB max: 1.38 MB
7.93 MB/s from 100 messages
	Message size mean: 1.38 MB min: 1.32 MB max: 1.38 MB
8.07 MB/s from 100 messages
	Message size mean: 1.38 MB min: 1.32 MB max: 1.38 MB
8.02 MB/s from 100 messages
	Message size mean: 1.38 MB min: 1.32 MB max: 1.38 MB
7.75 MB/s from 100 messages
	Message size mean: 1.38 MB min: 1.32 MB max: 1.38 MB
7.62 MB/s from 100 messages
	Message size mean: 1.38 MB min: 1.32 MB max: 1.38 MB
7.50 MB/s from 100 messages
	Message size mean: 1.38 MB min: 1.32 MB max: 1.38 MB
7.49 MB/s from 100 messages
	Message size mean: 1.38 MB min: 1.32 MB max: 1.38 MB
7.53 MB/s from 100 messages
	Message size mean: 1.38 MB min: 1.32 MB max: 1.38 MB
7.58 MB/s from 100 messages
	Message size mean: 1.38 MB min: 1.32 MB max: 1.38 MB
7.53 MB/s from 100 messages
	Message size mean: 1.38 MB min: 1.32 MB max: 1.38 MB
7.33 MB/s from 100 messages
	Message size mean: 1.38 MB min: 1.32 MB max: 1.38 MB
7.37 MB/s from 100 messages
	Message size mean: 1.38 MB min: 1.32 MB max: 1.38 MB
7.33 MB/s from 100 messages
	Message size mean: 1.38 MB min: 1.32 MB max: 1.38 MB
7.61 MB/s from 100 messages
	Message size mean: 1.38 MB min: 1.32 MB max: 1.38 MB
7.53 MB/s from 100 messages
	Message size mean: 1.38 MB min: 1.32 MB max: 1.38 MB
7.30 MB/s from 100 messages
	Message size mean: 1.38 MB min: 1.32 MB max: 1.38 MB
7.45 MB/s from 100 messages
	Message size mean: 1.38 MB min: 1.32 MB max: 1.38 MB
7.54 MB/s from 100 messages
	Message size mean: 1.38 MB min: 1.32 MB max: 1.38 MB
7.66 MB/s from 100 messages
	Message size mean: 1.38 MB min: 1.32 MB max: 1.38 MB
7.62 MB/s from 100 messages
	Message size mean: 1.38 MB min: 1.32 MB max: 1.38 MB
7.46 MB/s from 100 messages
	Message size mean: 1.38 MB min: 1.32 MB max: 1.38 MB
7.42 MB/s from 100 messages
	Message size mean: 1.38 MB min: 1.32 MB max: 1.38 MB
7.62 MB/s from 100 messages
	Message size mean: 1.38 MB min: 1.32 MB max: 1.38 MB
7.79 MB/s from 100 messages
	Message size mean: 1.38 MB min: 1.32 MB max: 1.38 MB
7.62 MB/s from 100 messages
	Message size mean: 1.38 MB min: 1.32 MB max: 1.38 MB
7.75 MB/s from 100 messages
	Message size mean: 1.38 MB min: 1.32 MB max: 1.38 MB
7.71 MB/s from 100 messages
	Message size mean: 1.38 MB min: 1.32 MB max: 1.38 MB
7.83 MB/s from 100 messages
	Message size mean: 1.38 MB min: 1.32 MB max: 1.38 MB
8.16 MB/s from 100 messages
	Message size mean: 1.38 MB min: 1.32 MB max: 1.38 MB
8.16 MB/s from 100 messages
	Message size mean: 1.38 MB min: 1.32 MB max: 1.38 MB
8.11 MB/s from 100 messages
	Message size mean: 1.38 MB min: 1.32 MB max: 1.38 MB
8.61 MB/s from 100 messages
	Message size mean: 1.38 MB min: 1.32 MB max: 1.38 MB
8.56 MB/s from 100 messages
	Message size mean: 1.38 MB min: 1.32 MB max: 1.38 MB
8.61 MB/s from 100 messages
	Message size mean: 1.37 MB min: 1.32 MB max: 1.38 MB
8.72 MB/s from 100 messages
	Message size mean: 1.38 MB min: 1.32 MB max: 1.38 MB
8.83 MB/s from 100 messages
	Message size mean: 1.38 MB min: 1.32 MB max: 1.38 MB
9.44 MB/s from 100 messages
	Message size mean: 1.38 MB min: 1.32 MB max: 1.38 MB
9.45 MB/s from 100 messages
	Message size mean: 1.38 MB min: 1.32 MB max: 1.38 MB
9.32 MB/s from 100 messages
	Message size mean: 1.38 MB min: 1.32 MB max: 1.38 MB
9.38 MB/s from 100 messages
	Message size mean: 1.38 MB min: 1.32 MB max: 1.38 MB
9.45 MB/s from 100 messages
	Message size mean: 1.38 MB min: 1.32 MB max: 1.38 MB
9.45 MB/s from 100 messages
	Message size mean: 1.38 MB min: 1.32 MB max: 1.38 MB
9.20 MB/s from 100 messages
	Message size mean: 1.38 MB min: 1.32 MB max: 1.38 MB
9.26 MB/s from 100 messages
	Message size mean: 1.38 MB min: 1.32 MB max: 1.38 MB
9.59 MB/s from 100 messages
	Message size mean: 1.38 MB min: 1.32 MB max: 1.38 MB
9.53 MB/s from 100 messages
	Message size mean: 1.38 MB min: 1.32 MB max: 1.38 MB
9.40 MB/s from 100 messages
	Message size mean: 1.38 MB min: 1.32 MB max: 1.38 MB
9.53 MB/s from 100 messages
	Message size mean: 1.38 MB min: 1.32 MB max: 1.38 MB
9.46 MB/s from 100 messages
	Message size mean: 1.38 MB min: 1.32 MB max: 1.38 MB
9.21 MB/s from 100 messages
	Message size mean: 1.38 MB min: 1.32 MB max: 1.38 MB
8.85 MB/s from 100 messages
	Message size mean: 1.38 MB min: 1.32 MB max: 1.38 MB
8.80 MB/s from 100 messages
	Message size mean: 1.38 MB min: 1.32 MB max: 1.38 MB
8.74 MB/s from 100 messages
	Message size mean: 1.38 MB min: 1.32 MB max: 1.38 MB
9.02 MB/s from 100 messages
	Message size mean: 1.38 MB min: 1.32 MB max: 1.38 MB
9.08 MB/s from 100 messages
	Message size mean: 1.38 MB min: 1.32 MB max: 1.38 MB
9.08 MB/s from 100 messages
	Message size mean: 1.38 MB min: 1.32 MB max: 1.38 MB
9.25 MB/s from 100 messages
	Message size mean: 1.38 MB min: 1.32 MB max: 1.38 MB
9.26 MB/s from 100 messages
	Message size mean: 1.38 MB min: 1.32 MB max: 1.38 MB
9.21 MB/s from 100 messages
	Message size mean: 1.38 MB min: 1.32 MB max: 1.38 MB
9.14 MB/s from 100 messages
	Message size mean: 1.38 MB min: 1.32 MB max: 1.38 MB
9.19 MB/s from 100 messages
	Message size mean: 1.38 MB min: 1.32 MB max: 1.38 MB
9.20 MB/s from 100 messages
	Message size mean: 1.38 MB min: 1.32 MB max: 1.38 MB
9.01 MB/s from 100 messages
	Message size mean: 1.38 MB min: 1.32 MB max: 1.38 MB
9.25 MB/s from 100 messages
	Message size mean: 1.38 MB min: 1.32 MB max: 1.38 MB
9.44 MB/s from 100 messages
	Message size mean: 1.38 MB min: 1.32 MB max: 1.38 MB
9.51 MB/s from 100 messages
	Message size mean: 1.38 MB min: 1.32 MB max: 1.38 MB
9.64 MB/s from 100 messages
	Message size mean: 1.38 MB min: 1.32 MB max: 1.38 MB
9.44 MB/s from 100 messages
	Message size mean: 1.38 MB min: 1.32 MB max: 1.38 MB
9.51 MB/s from 100 messages
	Message size mean: 1.38 MB min: 1.32 MB max: 1.38 MB
9.45 MB/s from 100 messages
	Message size mean: 1.38 MB min: 1.32 MB max: 1.38 MB
9.25 MB/s from 100 messages
	Message size mean: 1.38 MB min: 1.32 MB max: 1.38 MB
9.13 MB/s from 100 messages
	Message size mean: 1.38 MB min: 1.32 MB max: 1.38 MB
9.32 MB/s from 100 messages
	Message size mean: 1.38 MB min: 1.32 MB max: 1.38 MB
8.95 MB/s from 100 messages
	Message size mean: 1.38 MB min: 1.32 MB max: 1.38 MB
8.67 MB/s from 100 messages
	Message size mean: 1.38 MB min: 1.32 MB max: 1.38 MB
8.52 MB/s from 100 messages
	Message size mean: 1.38 MB min: 1.32 MB max: 1.38 MB
8.57 MB/s from 100 messages
	Message size mean: 1.38 MB min: 1.32 MB max: 1.38 MB
8.79 MB/s from 100 messages
	Message size mean: 1.38 MB min: 1.32 MB max: 1.38 MB
9.02 MB/s from 100 messages
	Message size mean: 1.38 MB min: 1.32 MB max: 1.38 MB
9.02 MB/s from 100 messages
	Message size mean: 1.38 MB min: 1.32 MB max: 1.38 MB
9.08 MB/s from 100 messages
	Message size mean: 1.38 MB min: 1.32 MB max: 1.38 MB
9.08 MB/s from 100 messages
	Message size mean: 1.38 MB min: 1.32 MB max: 1.38 MB
8.74 MB/s from 100 messages
	Message size mean: 1.38 MB min: 1.32 MB max: 1.38 MB
8.63 MB/s from 100 messages
	Message size mean: 1.38 MB min: 1.32 MB max: 1.38 MB
8.36 MB/s from 100 messages
	Message size mean: 1.38 MB min: 1.32 MB max: 1.38 MB
8.36 MB/s from 100 messages
	Message size mean: 1.38 MB min: 1.32 MB max: 1.38 MB
8.21 MB/s from 100 messages
	Message size mean: 1.38 MB min: 1.32 MB max: 1.38 MB
8.26 MB/s from 100 messages
	Message size mean: 1.38 MB min: 1.32 MB max: 1.38 MB
8.52 MB/s from 100 messages
	Message size mean: 1.38 MB min: 1.32 MB max: 1.38 MB
9.13 MB/s from 100 messages
	Message size mean: 1.38 MB min: 1.32 MB max: 1.38 MB
9.32 MB/s from 100 messages
	Message size mean: 1.38 MB min: 1.32 MB max: 1.38 MB
9.25 MB/s from 100 messages
	Message size mean: 1.38 MB min: 1.32 MB max: 1.38 MB
9.19 MB/s from 100 messages
	Message size mean: 1.38 MB min: 1.32 MB max: 1.38 MB
8.95 MB/s from 100 messages
	Message size mean: 1.38 MB min: 1.32 MB max: 1.38 MB
8.62 MB/s from 100 messages
	Message size mean: 1.38 MB min: 1.32 MB max: 1.38 MB
8.41 MB/s from 100 messages
	Message size mean: 1.38 MB min: 1.32 MB max: 1.38 MB
8.57 MB/s from 100 messages
	Message size mean: 1.38 MB min: 1.32 MB max: 1.38 MB
8.41 MB/s from 100 messages
	Message size mean: 1.38 MB min: 1.32 MB max: 1.38 MB
8.57 MB/s from 100 messages
	Message size mean: 1.38 MB min: 1.32 MB max: 1.38 MB
9.07 MB/s from 100 messages
	Message size mean: 1.38 MB min: 1.32 MB max: 1.38 MB
9.20 MB/s from 100 messages
	Message size mean: 1.38 MB min: 1.32 MB max: 1.38 MB
9.26 MB/s from 100 messages
	Message size mean: 1.38 MB min: 1.32 MB max: 1.38 MB
9.39 MB/s from 100 messages
	Message size mean: 1.38 MB min: 1.32 MB max: 1.38 MB
9.20 MB/s from 100 messages
	Message size mean: 1.38 MB min: 1.32 MB max: 1.38 MB
9.01 MB/s from 100 messages
	Message size mean: 1.38 MB min: 1.32 MB max: 1.38 MB
8.84 MB/s from 100 messages
	Message size mean: 1.38 MB min: 1.32 MB max: 1.38 MB
8.96 MB/s from 100 messages
	Message size mean: 1.38 MB min: 1.32 MB max: 1.38 MB
8.72 MB/s from 100 messages
	Message size mean: 1.38 MB min: 1.32 MB max: 1.38 MB
8.79 MB/s from 100 messages
	Message size mean: 1.38 MB min: 1.32 MB max: 1.38 MB
8.90 MB/s from 100 messages
	Message size mean: 1.37 MB min: 1.32 MB max: 1.38 MB
8.95 MB/s from 100 messages
	Message size mean: 1.37 MB min: 1.32 MB max: 1.38 MB
9.12 MB/s from 100 messages
	Message size mean: 1.37 MB min: 1.32 MB max: 1.38 MB
8.94 MB/s from 100 messages
	Message size mean: 1.37 MB min: 1.32 MB max: 1.38 MB
9.26 MB/s from 100 messages
	Message size mean: 1.37 MB min: 1.32 MB max: 1.38 MB
9.07 MB/s from 100 messages
	Message size mean: 1.38 MB min: 1.32 MB max: 1.38 MB
9.20 MB/s from 100 messages
	Message size mean: 1.38 MB min: 1.32 MB max: 1.38 MB
9.25 MB/s from 100 messages
	Message size mean: 1.38 MB min: 1.32 MB max: 1.38 MB
9.32 MB/s from 100 messages
	Message size mean: 1.38 MB min: 1.32 MB max: 1.38 MB
9.39 MB/s from 100 messages
	Message size mean: 1.38 MB min: 1.32 MB max: 1.38 MB
9.20 MB/s from 100 messages
	Message size mean: 1.38 MB min: 1.32 MB max: 1.38 MB
9.58 MB/s from 100 messages
	Message size mean: 1.38 MB min: 1.32 MB max: 1.38 MB
9.32 MB/s from 100 messages
	Message size mean: 1.38 MB min: 1.32 MB max: 1.38 MB
9.45 MB/s from 100 messages
	Message size mean: 1.38 MB min: 1.32 MB max: 1.38 MB
9.64 MB/s from 100 messages
	Message size mean: 1.38 MB min: 1.32 MB max: 1.38 MB
9.72 MB/s from 100 messages
	Message size mean: 1.38 MB min: 1.32 MB max: 1.38 MB
9.51 MB/s from 100 messages
	Message size mean: 1.38 MB min: 1.32 MB max: 1.38 MB
9.19 MB/s from 100 messages
	Message size mean: 1.38 MB min: 1.32 MB max: 1.38 MB
9.38 MB/s from 100 messages
	Message size mean: 1.38 MB min: 1.32 MB max: 1.38 MB
9.20 MB/s from 100 messages
	Message size mean: 1.38 MB min: 1.32 MB max: 1.38 MB
9.45 MB/s from 100 messages
	Message size mean: 1.38 MB min: 1.32 MB max: 1.38 MB
9.44 MB/s from 100 messages
	Message size mean: 1.38 MB min: 1.32 MB max: 1.38 MB
9.51 MB/s from 100 messages
	Message size mean: 1.38 MB min: 1.32 MB max: 1.38 MB
9.44 MB/s from 100 messages
	Message size mean: 1.38 MB min: 1.32 MB max: 1.38 MB
9.78 MB/s from 100 messages
	Message size mean: 1.37 MB min: 1.32 MB max: 1.38 MB
9.44 MB/s from 100 messages
	Message size mean: 1.38 MB min: 1.32 MB max: 1.38 MB
9.38 MB/s from 100 messages
	Message size mean: 1.37 MB min: 1.32 MB max: 1.38 MB
9.51 MB/s from 100 messages
	Message size mean: 1.38 MB min: 1.32 MB max: 1.38 MB
9.25 MB/s from 100 messages
	Message size mean: 1.37 MB min: 1.32 MB max: 1.38 MB
9.13 MB/s from 100 messages
	Message size mean: 1.37 MB min: 1.32 MB max: 1.38 MB
9.07 MB/s from 100 messages
	Message size mean: 1.38 MB min: 1.32 MB max: 1.38 MB
9.85 MB/s from 100 messages
	Message size mean: 1.38 MB min: 1.32 MB max: 1.38 MB
10.00 MB/s from 100 messages
	Message size mean: 1.38 MB min: 1.32 MB max: 1.38 MB
10.15 MB/s from 100 messages
	Message size mean: 1.38 MB min: 1.32 MB max: 1.38 MB
10.14 MB/s from 100 messages
	Message size mean: 1.38 MB min: 1.32 MB max: 1.38 MB
9.92 MB/s from 100 messages
	Message size mean: 1.37 MB min: 1.32 MB max: 1.38 MB
9.71 MB/s from 100 messages
	Message size mean: 1.37 MB min: 1.32 MB max: 1.38 MB
10.07 MB/s from 100 messages
	Message size mean: 1.38 MB min: 1.32 MB max: 1.38 MB
9.85 MB/s from 100 messages
	Message size mean: 1.38 MB min: 1.32 MB max: 1.38 MB
10.23 MB/s from 100 messages
	Message size mean: 1.38 MB min: 1.32 MB max: 1.38 MB
10.38 MB/s from 100 messages
	Message size mean: 1.38 MB min: 1.32 MB max: 1.38 MB
10.63 MB/s from 100 messages
	Message size mean: 1.38 MB min: 1.32 MB max: 1.38 MB
10.46 MB/s from 100 messages
	Message size mean: 1.38 MB min: 1.32 MB max: 1.38 MB
10.62 MB/s from 100 messages
	Message size mean: 1.38 MB min: 1.32 MB max: 1.38 MB
10.46 MB/s from 100 messages
	Message size mean: 1.38 MB min: 1.32 MB max: 1.38 MB
10.38 MB/s from 100 messages
	Message size mean: 1.38 MB min: 1.32 MB max: 1.38 MB
10.08 MB/s from 100 messages
	Message size mean: 1.38 MB min: 1.32 MB max: 1.38 MB
10.30 MB/s from 100 messages
	Message size mean: 1.38 MB min: 1.32 MB max: 1.38 MB
10.30 MB/s from 100 messages
	Message size mean: 1.38 MB min: 1.32 MB max: 1.38 MB
10.46 MB/s from 100 messages
	Message size mean: 1.38 MB min: 1.32 MB max: 1.38 MB
10.30 MB/s from 100 messages
	Message size mean: 1.38 MB min: 1.32 MB max: 1.38 MB
10.31 MB/s from 100 messages
	Message size mean: 1.38 MB min: 1.32 MB max: 1.38 MB
10.22 MB/s from 100 messages
	Message size mean: 1.38 MB min: 1.32 MB max: 1.38 MB
10.22 MB/s from 100 messages
	Message size mean: 1.38 MB min: 1.32 MB max: 1.38 MB
10.00 MB/s from 100 messages
	Message size mean: 1.38 MB min: 1.32 MB max: 1.38 MB
10.45 MB/s from 100 messages
	Message size mean: 1.38 MB min: 1.32 MB max: 1.38 MB
10.37 MB/s from 100 messages
	Message size mean: 1.38 MB min: 1.32 MB max: 1.38 MB
9.99 MB/s from 100 messages
	Message size mean: 1.38 MB min: 1.32 MB max: 1.38 MB
9.72 MB/s from 100 messages
	Message size mean: 1.38 MB min: 1.32 MB max: 1.38 MB
9.78 MB/s from 100 messages
	Message size mean: 1.38 MB min: 1.32 MB max: 1.38 MB
10.07 MB/s from 100 messages
	Message size mean: 1.38 MB min: 1.32 MB max: 1.38 MB
9.92 MB/s from 100 messages
	Message size mean: 1.38 MB min: 1.32 MB max: 1.38 MB
9.78 MB/s from 100 messages
	Message size mean: 1.38 MB min: 1.32 MB max: 1.38 MB
9.78 MB/s from 100 messages
	Message size mean: 1.38 MB min: 1.32 MB max: 1.38 MB
9.65 MB/s from 100 messages
	Message size mean: 1.38 MB min: 1.32 MB max: 1.38 MB
9.85 MB/s from 100 messages
	Message size mean: 1.38 MB min: 1.32 MB max: 1.38 MB
9.95 MB/s from 100 messages
	Message size mean: 1.38 MB min: 1.32 MB max: 1.38 MB
9.64 MB/s from 100 messages
	Message size mean: 1.38 MB min: 1.32 MB max: 1.38 MB
9.71 MB/s from 100 messages
	Message size mean: 1.38 MB min: 1.32 MB max: 1.38 MB
9.92 MB/s from 100 messages
	Message size mean: 1.38 MB min: 1.32 MB max: 1.38 MB
9.93 MB/s from 100 messages
	Message size mean: 1.38 MB min: 1.32 MB max: 1.38 MB
10.62 MB/s from 100 messages
	Message size mean: 1.38 MB min: 1.32 MB max: 1.38 MB
10.53 MB/s from 100 messages
	Message size mean: 1.38 MB min: 1.32 MB max: 1.38 MB
10.37 MB/s from 100 messages
	Message size mean: 1.38 MB min: 1.32 MB max: 1.38 MB
10.29 MB/s from 100 messages
	Message size mean: 1.38 MB min: 1.32 MB max: 1.38 MB
10.44 MB/s from 100 messages
	Message size mean: 1.38 MB min: 1.32 MB max: 1.38 MB
10.45 MB/s from 100 messages
	Message size mean: 1.38 MB min: 1.32 MB max: 1.38 MB
10.52 MB/s from 100 messages
	Message size mean: 1.37 MB min: 1.32 MB max: 1.38 MB
10.13 MB/s from 100 messages
	Message size mean: 1.37 MB min: 1.32 MB max: 1.38 MB
9.98 MB/s from 100 messages
	Message size mean: 1.37 MB min: 1.32 MB max: 1.38 MB
10.29 MB/s from 100 messages
	Message size mean: 1.37 MB min: 1.32 MB max: 1.38 MB
10.14 MB/s from 100 messages
	Message size mean: 1.38 MB min: 1.32 MB max: 1.38 MB
10.29 MB/s from 100 messages
	Message size mean: 1.38 MB min: 1.32 MB max: 1.38 MB
10.06 MB/s from 100 messages
	Message size mean: 1.38 MB min: 1.32 MB max: 1.38 MB
10.14 MB/s from 100 messages
	Message size mean: 1.38 MB min: 1.32 MB max: 1.38 MB
10.07 MB/s from 100 messages
	Message size mean: 1.38 MB min: 1.32 MB max: 1.38 MB
10.37 MB/s from 100 messages
	Message size mean: 1.38 MB min: 1.32 MB max: 1.38 MB
10.14 MB/s from 100 messages
	Message size mean: 1.38 MB min: 1.32 MB max: 1.38 MB
9.84 MB/s from 100 messages
	Message size mean: 1.37 MB min: 1.32 MB max: 1.38 MB
9.99 MB/s from 100 messages
	Message size mean: 1.38 MB min: 1.32 MB max: 1.38 MB
9.92 MB/s from 100 messages
	Message size mean: 1.37 MB min: 1.32 MB max: 1.38 MB
9.85 MB/s from 100 messages
	Message size mean: 1.38 MB min: 1.32 MB max: 1.38 MB
10.07 MB/s from 100 messages
	Message size mean: 1.38 MB min: 1.32 MB max: 1.38 MB
10.29 MB/s from 100 messages
	Message size mean: 1.38 MB min: 1.32 MB max: 1.38 MB
10.29 MB/s from 100 messages
	Message size mean: 1.38 MB min: 1.32 MB max: 1.38 MB
10.29 MB/s from 100 messages
	Message size mean: 1.38 MB min: 1.32 MB max: 1.38 MB
10.37 MB/s from 100 messages
	Message size mean: 1.38 MB min: 1.32 MB max: 1.38 MB
10.37 MB/s from 100 messages
	Message size mean: 1.38 MB min: 1.32 MB max: 1.38 MB
10.37 MB/s from 100 messages
	Message size mean: 1.38 MB min: 1.32 MB max: 1.38 MB
10.45 MB/s from 100 messages
	Message size mean: 1.38 MB min: 1.32 MB max: 1.38 MB
10.22 MB/s from 100 messages
	Message size mean: 1.38 MB min: 1.32 MB max: 1.38 MB
10.69 MB/s from 100 messages
	Message size mean: 1.38 MB min: 1.32 MB max: 1.38 MB
10.69 MB/s from 100 messages
	Message size mean: 1.38 MB min: 1.32 MB max: 1.38 MB
11.04 MB/s from 100 messages
	Message size mean: 1.38 MB min: 1.32 MB max: 1.38 MB
10.95 MB/s from 100 messages
	Message size mean: 1.38 MB min: 1.32 MB max: 1.38 MB
10.78 MB/s from 100 messages
	Message size mean: 1.38 MB min: 1.32 MB max: 1.38 MB
10.70 MB/s from 100 messages
	Message size mean: 1.38 MB min: 1.32 MB max: 1.38 MB
10.62 MB/s from 100 messages
	Message size mean: 1.38 MB min: 1.32 MB max: 1.38 MB
10.38 MB/s from 100 messages
	Message size mean: 1.38 MB min: 1.32 MB max: 1.38 MB
10.46 MB/s from 100 messages
	Message size mean: 1.38 MB min: 1.32 MB max: 1.38 MB
10.78 MB/s from 100 messages
	Message size mean: 1.38 MB min: 1.32 MB max: 1.38 MB
10.69 MB/s from 100 messages
	Message size mean: 1.38 MB min: 1.32 MB max: 1.38 MB
10.53 MB/s from 100 messages
	Message size mean: 1.38 MB min: 1.32 MB max: 1.38 MB
10.62 MB/s from 100 messages
	Message size mean: 1.38 MB min: 1.32 MB max: 1.38 MB
10.38 MB/s from 100 messages
	Message size mean: 1.38 MB min: 1.32 MB max: 1.38 MB
10.30 MB/s from 100 messages
	Message size mean: 1.38 MB min: 1.32 MB max: 1.38 MB
10.30 MB/s from 100 messages
	Message size mean: 1.38 MB min: 1.32 MB max: 1.38 MB
10.00 MB/s from 100 messages
	Message size mean: 1.38 MB min: 1.32 MB max: 1.38 MB
10.37 MB/s from 100 messages
	Message size mean: 1.38 MB min: 1.32 MB max: 1.38 MB
10.45 MB/s from 100 messages
	Message size mean: 1.38 MB min: 1.32 MB max: 1.38 MB
10.44 MB/s from 100 messages
	Message size mean: 1.38 MB min: 1.32 MB max: 1.38 MB
10.61 MB/s from 100 messages
	Message size mean: 1.38 MB min: 1.32 MB max: 1.38 MB
10.29 MB/s from 100 messages
	Message size mean: 1.38 MB min: 1.32 MB max: 1.38 MB
10.45 MB/s from 100 messages
	Message size mean: 1.38 MB min: 1.32 MB max: 1.38 MB
10.45 MB/s from 100 messages
	Message size mean: 1.38 MB min: 1.32 MB max: 1.38 MB
10.37 MB/s from 100 messages
	Message size mean: 1.38 MB min: 1.32 MB max: 1.38 MB
10.45 MB/s from 100 messages
	Message size mean: 1.38 MB min: 1.32 MB max: 1.38 MB
10.70 MB/s from 100 messages
	Message size mean: 1.38 MB min: 1.32 MB max: 1.38 MB
10.96 MB/s from 100 messages
	Message size mean: 1.38 MB min: 1.32 MB max: 1.38 MB
10.69 MB/s from 100 messages
	Message size mean: 1.38 MB min: 1.32 MB max: 1.38 MB
10.69 MB/s from 100 messages
	Message size mean: 1.38 MB min: 1.32 MB max: 1.38 MB
10.37 MB/s from 100 messages
	Message size mean: 1.38 MB min: 1.32 MB max: 1.38 MB
10.53 MB/s from 100 messages
	Message size mean: 1.38 MB min: 1.32 MB max: 1.38 MB
10.37 MB/s from 100 messages
	Message size mean: 1.38 MB min: 1.32 MB max: 1.38 MB
10.21 MB/s from 100 messages
	Message size mean: 1.38 MB min: 1.32 MB max: 1.38 MB
10.37 MB/s from 100 messages
	Message size mean: 1.38 MB min: 1.32 MB max: 1.38 MB
10.21 MB/s from 100 messages
	Message size mean: 1.38 MB min: 1.32 MB max: 1.38 MB
10.14 MB/s from 100 messages
	Message size mean: 1.38 MB min: 1.32 MB max: 1.38 MB
10.22 MB/s from 100 messages
	Message size mean: 1.38 MB min: 1.32 MB max: 1.38 MB
10.07 MB/s from 100 messages
	Message size mean: 1.38 MB min: 1.32 MB max: 1.38 MB
10.07 MB/s from 100 messages
	Message size mean: 1.38 MB min: 1.32 MB max: 1.38 MB
9.78 MB/s from 100 messages
	Message size mean: 1.38 MB min: 1.32 MB max: 1.38 MB
9.64 MB/s from 100 messages
	Message size mean: 1.38 MB min: 1.32 MB max: 1.38 MB
9.71 MB/s from 100 messages
	Message size mean: 1.38 MB min: 1.32 MB max: 1.38 MB
9.64 MB/s from 100 messages
	Message size mean: 1.38 MB min: 1.32 MB max: 1.38 MB
9.71 MB/s from 100 messages
	Message size mean: 1.38 MB min: 1.32 MB max: 1.38 MB
9.71 MB/s from 100 messages
	Message size mean: 1.38 MB min: 1.32 MB max: 1.38 MB
9.85 MB/s from 100 messages
	Message size mean: 1.38 MB min: 1.32 MB max: 1.38 MB
9.64 MB/s from 100 messages
	Message size mean: 1.38 MB min: 1.32 MB max: 1.38 MB
9.45 MB/s from 100 messages
	Message size mean: 1.38 MB min: 1.32 MB max: 1.38 MB
9.71 MB/s from 100 messages
	Message size mean: 1.38 MB min: 1.32 MB max: 1.38 MB
9.78 MB/s from 100 messages
	Message size mean: 1.37 MB min: 1.32 MB max: 1.38 MB
9.71 MB/s from 100 messages
	Message size mean: 1.38 MB min: 1.32 MB max: 1.38 MB
9.65 MB/s from 100 messages
	Message size mean: 1.38 MB min: 1.32 MB max: 1.38 MB
9.92 MB/s from 100 messages
	Message size mean: 1.38 MB min: 1.32 MB max: 1.38 MB
10.15 MB/s from 100 messages
	Message size mean: 1.38 MB min: 1.32 MB max: 1.38 MB
10.07 MB/s from 100 messages
	Message size mean: 1.38 MB min: 1.32 MB max: 1.38 MB
9.93 MB/s from 100 messages
	Message size mean: 1.38 MB min: 1.32 MB max: 1.38 MB
10.30 MB/s from 100 messages
	Message size mean: 1.38 MB min: 1.32 MB max: 1.38 MB
10.46 MB/s from 100 messages
	Message size mean: 1.38 MB min: 1.32 MB max: 1.38 MB
10.23 MB/s from 100 messages
	Message size mean: 1.38 MB min: 1.32 MB max: 1.38 MB
10.88 MB/s from 100 messages
	Message size mean: 1.38 MB min: 1.32 MB max: 1.38 MB
10.97 MB/s from 100 messages
	Message size mean: 1.38 MB min: 1.32 MB max: 1.38 MB
11.06 MB/s from 100 messages
	Message size mean: 1.38 MB min: 1.32 MB max: 1.38 MB
10.97 MB/s from 100 messages
	Message size mean: 1.38 MB min: 1.32 MB max: 1.38 MB
11.06 MB/s from 100 messages
	Message size mean: 1.38 MB min: 1.32 MB max: 1.38 MB
10.88 MB/s from 100 messages
	Message size mean: 1.38 MB min: 1.32 MB max: 1.38 MB
10.70 MB/s from 100 messages
	Message size mean: 1.38 MB min: 1.32 MB max: 1.38 MB
10.08 MB/s from 100 messages
	Message size mean: 1.38 MB min: 1.32 MB max: 1.38 MB
10.55 MB/s from 100 messages
	Message size mean: 1.38 MB min: 1.32 MB max: 1.38 MB
10.79 MB/s from 100 messages
	Message size mean: 1.38 MB min: 1.32 MB max: 1.38 MB
10.54 MB/s from 100 messages
	Message size mean: 1.38 MB min: 1.32 MB max: 1.38 MB
10.16 MB/s from 100 messages
	Message size mean: 1.38 MB min: 1.32 MB max: 1.38 MB
10.31 MB/s from 100 messages
	Message size mean: 1.38 MB min: 1.32 MB max: 1.38 MB
10.38 MB/s from 100 messages
	Message size mean: 1.38 MB min: 1.32 MB max: 1.38 MB
10.30 MB/s from 100 messages
	Message size mean: 1.38 MB min: 1.32 MB max: 1.38 MB
10.23 MB/s from 100 messages
	Message size mean: 1.38 MB min: 1.32 MB max: 1.38 MB
9.79 MB/s from 100 messages
	Message size mean: 1.38 MB min: 1.32 MB max: 1.38 MB
9.79 MB/s from 100 messages
	Message size mean: 1.38 MB min: 1.32 MB max: 1.38 MB
9.59 MB/s from 100 messages
	Message size mean: 1.38 MB min: 1.32 MB max: 1.38 MB
9.26 MB/s from 100 messages
	Message size mean: 1.38 MB min: 1.32 MB max: 1.38 MB
9.20 MB/s from 100 messages
	Message size mean: 1.38 MB min: 1.32 MB max: 1.38 MB
9.08 MB/s from 100 messages
	Message size mean: 1.38 MB min: 1.32 MB max: 1.38 MB
9.33 MB/s from 100 messages
	Message size mean: 1.38 MB min: 1.32 MB max: 1.38 MB
9.20 MB/s from 100 messages
	Message size mean: 1.38 MB min: 1.32 MB max: 1.38 MB
9.20 MB/s from 100 messages
	Message size mean: 1.38 MB min: 1.32 MB max: 1.38 MB
9.52 MB/s from 100 messages
	Message size mean: 1.38 MB min: 1.32 MB max: 1.38 MB
9.45 MB/s from 100 messages
	Message size mean: 1.38 MB min: 1.32 MB max: 1.38 MB
9.26 MB/s from 100 messages
	Message size mean: 1.38 MB min: 1.32 MB max: 1.38 MB
9.08 MB/s from 100 messages
	Message size mean: 1.38 MB min: 1.32 MB max: 1.38 MB
9.14 MB/s from 100 messages
	Message size mean: 1.38 MB min: 1.32 MB max: 1.38 MB
9.08 MB/s from 100 messages
	Message size mean: 1.38 MB min: 1.32 MB max: 1.38 MB
9.20 MB/s from 100 messages
	Message size mean: 1.38 MB min: 1.32 MB max: 1.38 MB
9.20 MB/s from 100 messages
	Message size mean: 1.38 MB min: 1.32 MB max: 1.38 MB
9.46 MB/s from 100 messages
	Message size mean: 1.38 MB min: 1.32 MB max: 1.38 MB
9.39 MB/s from 100 messages
	Message size mean: 1.38 MB min: 1.32 MB max: 1.38 MB
9.65 MB/s from 100 messages
	Message size mean: 1.38 MB min: 1.32 MB max: 1.38 MB
9.86 MB/s from 100 messages
	Message size mean: 1.38 MB min: 1.32 MB max: 1.38 MB
9.93 MB/s from 100 messages
	Message size mean: 1.38 MB min: 1.32 MB max: 1.38 MB
9.65 MB/s from 100 messages
	Message size mean: 1.38 MB min: 1.32 MB max: 1.38 MB
9.39 MB/s from 100 messages
	Message size mean: 1.38 MB min: 1.32 MB max: 1.38 MB
9.40 MB/s from 100 messages
	Message size mean: 1.38 MB min: 1.32 MB max: 1.38 MB
9.02 MB/s from 100 messages
	Message size mean: 1.38 MB min: 1.32 MB max: 1.38 MB
9.14 MB/s from 100 messages
	Message size mean: 1.38 MB min: 1.32 MB max: 1.38 MB
9.20 MB/s from 100 messages
	Message size mean: 1.38 MB min: 1.32 MB max: 1.38 MB
9.07 MB/s from 100 messages
	Message size mean: 1.38 MB min: 1.32 MB max: 1.38 MB
9.08 MB/s from 100 messages
	Message size mean: 1.38 MB min: 1.32 MB max: 1.38 MB
9.26 MB/s from 100 messages
	Message size mean: 1.38 MB min: 1.32 MB max: 1.38 MB
9.32 MB/s from 100 messages
	Message size mean: 1.38 MB min: 1.32 MB max: 1.38 MB
9.25 MB/s from 100 messages
	Message size mean: 1.38 MB min: 1.32 MB max: 1.38 MB
9.13 MB/s from 100 messages
	Message size mean: 1.38 MB min: 1.32 MB max: 1.38 MB
9.01 MB/s from 100 messages
	Message size mean: 1.38 MB min: 1.32 MB max: 1.38 MB
9.07 MB/s from 100 messages
	Message size mean: 1.38 MB min: 1.32 MB max: 1.38 MB
8.84 MB/s from 100 messages
	Message size mean: 1.38 MB min: 1.32 MB max: 1.38 MB
8.50 MB/s from 100 messages
	Message size mean: 1.37 MB min: 1.32 MB max: 1.38 MB
8.73 MB/s from 100 messages
	Message size mean: 1.38 MB min: 1.32 MB max: 1.38 MB
8.72 MB/s from 100 messages
	Message size mean: 1.38 MB min: 1.32 MB max: 1.38 MB
8.78 MB/s from 100 messages
	Message size mean: 1.38 MB min: 1.32 MB max: 1.38 MB
8.96 MB/s from 100 messages
	Message size mean: 1.38 MB min: 1.32 MB max: 1.38 MB
9.08 MB/s from 100 messages
	Message size mean: 1.38 MB min: 1.32 MB max: 1.38 MB
9.02 MB/s from 100 messages
	Message size mean: 1.38 MB min: 1.32 MB max: 1.38 MB
9.14 MB/s from 100 messages
	Message size mean: 1.38 MB min: 1.32 MB max: 1.38 MB
9.07 MB/s from 100 messages
	Message size mean: 1.38 MB min: 1.32 MB max: 1.38 MB
9.20 MB/s from 100 messages
	Message size mean: 1.38 MB min: 1.32 MB max: 1.38 MB
9.32 MB/s from 100 messages
	Message size mean: 1.38 MB min: 1.32 MB max: 1.38 MB
9.32 MB/s from 100 messages
	Message size mean: 1.38 MB min: 1.32 MB max: 1.38 MB
9.45 MB/s from 100 messages
	Message size mean: 1.38 MB min: 1.32 MB max: 1.38 MB
9.65 MB/s from 100 messages
	Message size mean: 1.38 MB min: 1.32 MB max: 1.38 MB
9.26 MB/s from 100 messages
	Message size mean: 1.38 MB min: 1.32 MB max: 1.38 MB
9.65 MB/s from 100 messages
	Message size mean: 1.38 MB min: 1.32 MB max: 1.38 MB
9.33 MB/s from 100 messages
	Message size mean: 1.38 MB min: 1.32 MB max: 1.38 MB
9.46 MB/s from 100 messages
	Message size mean: 1.38 MB min: 1.32 MB max: 1.38 MB
9.53 MB/s from 100 messages
	Message size mean: 1.38 MB min: 1.32 MB max: 1.38 MB
9.39 MB/s from 100 messages
	Message size mean: 1.38 MB min: 1.32 MB max: 1.38 MB
9.39 MB/s from 100 messages
	Message size mean: 1.38 MB min: 1.32 MB max: 1.38 MB
9.52 MB/s from 100 messages
	Message size mean: 1.38 MB min: 1.32 MB max: 1.38 MB
9.53 MB/s from 100 messages
	Message size mean: 1.38 MB min: 1.32 MB max: 1.38 MB
9.21 MB/s from 100 messages
	Message size mean: 1.38 MB min: 1.32 MB max: 1.38 MB
8.85 MB/s from 100 messages
	Message size mean: 1.38 MB min: 1.32 MB max: 1.38 MB
8.68 MB/s from 100 messages
	Message size mean: 1.38 MB min: 1.32 MB max: 1.38 MB
8.80 MB/s from 100 messages
	Message size mean: 1.38 MB min: 1.32 MB max: 1.38 MB
8.85 MB/s from 100 messages
	Message size mean: 1.38 MB min: 1.32 MB max: 1.38 MB
8.58 MB/s from 100 messages
	Message size mean: 1.38 MB min: 1.32 MB max: 1.38 MB
8.58 MB/s from 100 messages
	Message size mean: 1.38 MB min: 1.32 MB max: 1.38 MB
8.91 MB/s from 100 messages
	Message size mean: 1.38 MB min: 1.32 MB max: 1.38 MB
9.03 MB/s from 100 messages
	Message size mean: 1.38 MB min: 1.32 MB max: 1.38 MB
9.09 MB/s from 100 messages
	Message size mean: 1.38 MB min: 1.32 MB max: 1.38 MB
9.03 MB/s from 100 messages
	Message size mean: 1.38 MB min: 1.32 MB max: 1.38 MB
9.21 MB/s from 100 messages
	Message size mean: 1.38 MB min: 1.32 MB max: 1.38 MB
9.15 MB/s from 100 messages
	Message size mean: 1.38 MB min: 1.32 MB max: 1.38 MB
8.86 MB/s from 100 messages
	Message size mean: 1.38 MB min: 1.32 MB max: 1.38 MB
8.64 MB/s from 100 messages
	Message size mean: 1.38 MB min: 1.32 MB max: 1.38 MB
8.86 MB/s from 100 messages
	Message size mean: 1.38 MB min: 1.32 MB max: 1.38 MB
9.47 MB/s from 100 messages
	Message size mean: 1.38 MB min: 1.32 MB max: 1.38 MB
9.80 MB/s from 100 messages
	Message size mean: 1.38 MB min: 1.32 MB max: 1.38 MB
9.81 MB/s from 100 messages
	Message size mean: 1.38 MB min: 1.32 MB max: 1.38 MB
9.94 MB/s from 100 messages
	Message size mean: 1.38 MB min: 1.32 MB max: 1.38 MB
9.80 MB/s from 100 messages
	Message size mean: 1.38 MB min: 1.32 MB max: 1.38 MB
9.87 MB/s from 100 messages
	Message size mean: 1.38 MB min: 1.32 MB max: 1.38 MB
9.66 MB/s from 100 messages
	Message size mean: 1.38 MB min: 1.32 MB max: 1.38 MB
9.59 MB/s from 100 messages
	Message size mean: 1.38 MB min: 1.32 MB max: 1.38 MB
9.46 MB/s from 100 messages
	Message size mean: 1.38 MB min: 1.32 MB max: 1.38 MB
9.52 MB/s from 100 messages
	Message size mean: 1.38 MB min: 1.32 MB max: 1.38 MB
9.52 MB/s from 100 messages
	Message size mean: 1.38 MB min: 1.32 MB max: 1.38 MB
9.38 MB/s from 100 messages
	Message size mean: 1.38 MB min: 1.32 MB max: 1.38 MB
9.65 MB/s from 100 messages
	Message size mean: 1.38 MB min: 1.32 MB max: 1.38 MB
9.78 MB/s from 100 messages
	Message size mean: 1.38 MB min: 1.32 MB max: 1.38 MB
9.58 MB/s from 100 messages
	Message size mean: 1.38 MB min: 1.32 MB max: 1.38 MB
9.58 MB/s from 100 messages
	Message size mean: 1.38 MB min: 1.32 MB max: 1.38 MB
9.32 MB/s from 100 messages
	Message size mean: 1.38 MB min: 1.32 MB max: 1.38 MB
8.90 MB/s from 100 messages
	Message size mean: 1.38 MB min: 1.32 MB max: 1.38 MB
8.90 MB/s from 100 messages
	Message size mean: 1.38 MB min: 1.32 MB max: 1.38 MB
8.79 MB/s from 100 messages
	Message size mean: 1.38 MB min: 1.32 MB max: 1.38 MB
8.68 MB/s from 100 messages
	Message size mean: 1.38 MB min: 1.32 MB max: 1.38 MB
9.02 MB/s from 100 messages
	Message size mean: 1.38 MB min: 1.32 MB max: 1.38 MB
8.96 MB/s from 100 messages
	Message size mean: 1.38 MB min: 1.32 MB max: 1.38 MB
8.74 MB/s from 100 messages
	Message size mean: 1.38 MB min: 1.32 MB max: 1.38 MB
8.52 MB/s from 100 messages
	Message size mean: 1.38 MB min: 1.32 MB max: 1.38 MB
8.37 MB/s from 100 messages
	Message size mean: 1.38 MB min: 1.32 MB max: 1.38 MB
8.17 MB/s from 100 messages
	Message size mean: 1.38 MB min: 1.32 MB max: 1.38 MB
8.17 MB/s from 100 messages
	Message size mean: 1.38 MB min: 1.32 MB max: 1.38 MB
8.13 MB/s from 100 messages
	Message size mean: 1.38 MB min: 1.32 MB max: 1.38 MB
7.98 MB/s from 100 messages
	Message size mean: 1.38 MB min: 1.32 MB max: 1.38 MB
7.98 MB/s from 100 messages
	Message size mean: 1.38 MB min: 1.32 MB max: 1.38 MB
7.80 MB/s from 100 messages
	Message size mean: 1.38 MB min: 1.32 MB max: 1.38 MB
7.98 MB/s from 100 messages
	Message size mean: 1.38 MB min: 1.32 MB max: 1.38 MB
8.07 MB/s from 100 messages
	Message size mean: 1.38 MB min: 1.32 MB max: 1.38 MB
8.42 MB/s from 100 messages
	Message size mean: 1.38 MB min: 1.32 MB max: 1.38 MB
8.52 MB/s from 100 messages
	Message size mean: 1.38 MB min: 1.32 MB max: 1.38 MB
8.68 MB/s from 100 messages
	Message size mean: 1.38 MB min: 1.32 MB max: 1.38 MB
8.63 MB/s from 100 messages
	Message size mean: 1.38 MB min: 1.32 MB max: 1.38 MB
8.51 MB/s from 100 messages
	Message size mean: 1.38 MB min: 1.32 MB max: 1.38 MB
8.67 MB/s from 100 messages
	Message size mean: 1.38 MB min: 1.32 MB max: 1.38 MB
8.90 MB/s from 100 messages
	Message size mean: 1.38 MB min: 1.32 MB max: 1.38 MB
9.20 MB/s from 100 messages
	Message size mean: 1.38 MB min: 1.32 MB max: 1.38 MB
9.13 MB/s from 100 messages
	Message size mean: 1.38 MB min: 1.32 MB max: 1.38 MB
9.25 MB/s from 100 messages
	Message size mean: 1.37 MB min: 1.32 MB max: 1.38 MB
9.38 MB/s from 100 messages
	Message size mean: 1.38 MB min: 1.32 MB max: 1.38 MB
9.25 MB/s from 100 messages
	Message size mean: 1.38 MB min: 1.32 MB max: 1.38 MB
9.25 MB/s from 100 messages
	Message size mean: 1.38 MB min: 1.32 MB max: 1.38 MB
8.90 MB/s from 100 messages
	Message size mean: 1.38 MB min: 1.32 MB max: 1.38 MB
8.90 MB/s from 100 messages
	Message size mean: 1.38 MB min: 1.32 MB max: 1.38 MB
8.90 MB/s from 100 messages
	Message size mean: 1.38 MB min: 1.32 MB max: 1.38 MB
9.02 MB/s from 100 messages
	Message size mean: 1.38 MB min: 1.32 MB max: 1.38 MB
8.90 MB/s from 100 messages
	Message size mean: 1.38 MB min: 1.32 MB max: 1.38 MB
8.85 MB/s from 100 messages
	Message size mean: 1.38 MB min: 1.32 MB max: 1.38 MB
9.14 MB/s from 100 messages
	Message size mean: 1.38 MB min: 1.32 MB max: 1.38 MB
9.45 MB/s from 100 messages
	Message size mean: 1.38 MB min: 1.32 MB max: 1.38 MB
9.32 MB/s from 100 messages
	Message size mean: 1.38 MB min: 1.32 MB max: 1.38 MB
9.33 MB/s from 100 messages
	Message size mean: 1.38 MB min: 1.32 MB max: 1.38 MB
9.59 MB/s from 100 messages
	Message size mean: 1.38 MB min: 1.32 MB max: 1.38 MB
9.59 MB/s from 100 messages
	Message size mean: 1.38 MB min: 1.32 MB max: 1.38 MB
9.26 MB/s from 100 messages
	Message size mean: 1.38 MB min: 1.32 MB max: 1.38 MB
9.14 MB/s from 100 messages
	Message size mean: 1.38 MB min: 1.32 MB max: 1.38 MB
8.91 MB/s from 100 messages
	Message size mean: 1.38 MB min: 1.32 MB max: 1.38 MB
8.91 MB/s from 100 messages
	Message size mean: 1.38 MB min: 1.32 MB max: 1.38 MB
8.85 MB/s from 100 messages
	Message size mean: 1.38 MB min: 1.32 MB max: 1.38 MB
8.80 MB/s from 100 messages
	Message size mean: 1.38 MB min: 1.32 MB max: 1.38 MB
8.63 MB/s from 100 messages
	Message size mean: 1.38 MB min: 1.32 MB max: 1.38 MB
8.48 MB/s from 100 messages
	Message size mean: 1.38 MB min: 1.32 MB max: 1.38 MB
8.23 MB/s from 100 messages
	Message size mean: 1.38 MB min: 1.32 MB max: 1.38 MB
8.38 MB/s from 100 messages
	Message size mean: 1.38 MB min: 1.32 MB max: 1.38 MB
8.38 MB/s from 100 messages
	Message size mean: 1.38 MB min: 1.32 MB max: 1.38 MB
8.14 MB/s from 100 messages
	Message size mean: 1.38 MB min: 1.32 MB max: 1.38 MB
8.00 MB/s from 100 messages
	Message size mean: 1.38 MB min: 1.32 MB max: 1.38 MB
8.14 MB/s from 100 messages
	Message size mean: 1.38 MB min: 1.32 MB max: 1.38 MB
8.29 MB/s from 100 messages
	Message size mean: 1.38 MB min: 1.32 MB max: 1.38 MB
8.54 MB/s from 100 messages
	Message size mean: 1.38 MB min: 1.32 MB max: 1.38 MB
8.65 MB/s from 100 messages
	Message size mean: 1.38 MB min: 1.32 MB max: 1.38 MB
9.35 MB/s from 100 messages
	Message size mean: 1.38 MB min: 1.32 MB max: 1.38 MB
9.22 MB/s from 100 messages
	Message size mean: 1.38 MB min: 1.32 MB max: 1.38 MB
9.73 MB/s from 100 messages
	Message size mean: 1.38 MB min: 1.32 MB max: 1.38 MB
9.73 MB/s from 100 messages
	Message size mean: 1.38 MB min: 1.32 MB max: 1.38 MB
9.73 MB/s from 100 messages
	Message size mean: 1.38 MB min: 1.32 MB max: 1.38 MB
10.30 MB/s from 100 messages
	Message size mean: 1.38 MB min: 1.32 MB max: 1.38 MB
10.22 MB/s from 100 messages
	Message size mean: 1.38 MB min: 1.32 MB max: 1.38 MB
10.87 MB/s from 100 messages
	Message size mean: 1.38 MB min: 1.32 MB max: 1.38 MB
10.95 MB/s from 100 messages
	Message size mean: 1.38 MB min: 1.32 MB max: 1.38 MB
10.69 MB/s from 100 messages
	Message size mean: 1.37 MB min: 1.32 MB max: 1.38 MB
10.62 MB/s from 100 messages
	Message size mean: 1.38 MB min: 1.32 MB max: 1.38 MB
10.30 MB/s from 100 messages
	Message size mean: 1.38 MB min: 1.32 MB max: 1.38 MB
9.86 MB/s from 100 messages
	Message size mean: 1.38 MB min: 1.32 MB max: 1.38 MB
9.87 MB/s from 100 messages
	Message size mean: 1.38 MB min: 1.32 MB max: 1.38 MB
9.53 MB/s from 100 messages
	Message size mean: 1.38 MB min: 1.32 MB max: 1.38 MB
9.27 MB/s from 100 messages
	Message size mean: 1.38 MB min: 1.32 MB max: 1.38 MB
9.34 MB/s from 100 messages
	Message size mean: 1.38 MB min: 1.32 MB max: 1.38 MB
9.15 MB/s from 100 messages
	Message size mean: 1.38 MB min: 1.32 MB max: 1.38 MB
8.92 MB/s from 100 messages
	Message size mean: 1.38 MB min: 1.32 MB max: 1.38 MB
9.04 MB/s from 100 messages
	Message size mean: 1.38 MB min: 1.32 MB max: 1.38 MB
9.04 MB/s from 100 messages
	Message size mean: 1.38 MB min: 1.32 MB max: 1.38 MB
9.15 MB/s from 100 messages
	Message size mean: 1.38 MB min: 1.32 MB max: 1.38 MB
8.98 MB/s from 100 messages
	Message size mean: 1.38 MB min: 1.32 MB max: 1.38 MB
8.92 MB/s from 100 messages
	Message size mean: 1.38 MB min: 1.32 MB max: 1.38 MB
8.69 MB/s from 100 messages
	Message size mean: 1.38 MB min: 1.32 MB max: 1.38 MB
8.54 MB/s from 100 messages
	Message size mean: 1.38 MB min: 1.32 MB max: 1.38 MB
8.59 MB/s from 100 messages
	Message size mean: 1.38 MB min: 1.32 MB max: 1.38 MB
8.75 MB/s from 100 messages
	Message size mean: 1.38 MB min: 1.32 MB max: 1.38 MB
9.22 MB/s from 100 messages
	Message size mean: 1.38 MB min: 1.32 MB max: 1.38 MB
9.73 MB/s from 100 messages
	Message size mean: 1.38 MB min: 1.32 MB max: 1.38 MB
9.46 MB/s from 100 messages
	Message size mean: 1.38 MB min: 1.32 MB max: 1.38 MB
9.08 MB/s from 100 messages
	Message size mean: 1.38 MB min: 1.32 MB max: 1.38 MB
8.90 MB/s from 100 messages
	Message size mean: 1.38 MB min: 1.32 MB max: 1.38 MB
8.47 MB/s from 100 messages
	Message size mean: 1.38 MB min: 1.32 MB max: 1.38 MB
8.42 MB/s from 100 messages
	Message size mean: 1.38 MB min: 1.32 MB max: 1.38 MB
8.27 MB/s from 100 messages
	Message size mean: 1.38 MB min: 1.32 MB max: 1.38 MB
8.16 MB/s from 100 messages
	Message size mean: 1.38 MB min: 1.32 MB max: 1.38 MB
8.07 MB/s from 100 messages
	Message size mean: 1.38 MB min: 1.32 MB max: 1.38 MB
7.98 MB/s from 100 messages
	Message size mean: 1.38 MB min: 1.32 MB max: 1.38 MB
7.94 MB/s from 100 messages
	Message size mean: 1.38 MB min: 1.32 MB max: 1.38 MB
7.89 MB/s from 100 messages
	Message size mean: 1.38 MB min: 1.32 MB max: 1.38 MB
7.67 MB/s from 100 messages
	Message size mean: 1.38 MB min: 1.32 MB max: 1.38 MB
7.94 MB/s from 100 messages
	Message size mean: 1.38 MB min: 1.32 MB max: 1.38 MB
7.81 MB/s from 100 messages
	Message size mean: 1.38 MB min: 1.32 MB max: 1.38 MB
7.63 MB/s from 100 messages
	Message size mean: 1.38 MB min: 1.32 MB max: 1.38 MB
7.50 MB/s from 100 messages
	Message size mean: 1.38 MB min: 1.32 MB max: 1.38 MB
7.34 MB/s from 100 messages
	Message size mean: 1.38 MB min: 1.32 MB max: 1.38 MB
7.30 MB/s from 100 messages
	Message size mean: 1.38 MB min: 1.32 MB max: 1.38 MB
7.23 MB/s from 100 messages
	Message size mean: 1.38 MB min: 1.32 MB max: 1.38 MB
7.50 MB/s from 100 messages
	Message size mean: 1.38 MB min: 1.32 MB max: 1.38 MB
7.42 MB/s from 100 messages
	Message size mean: 1.38 MB min: 1.32 MB max: 1.38 MB
7.67 MB/s from 100 messages
	Message size mean: 1.38 MB min: 1.32 MB max: 1.38 MB
8.02 MB/s from 100 messages
	Message size mean: 1.38 MB min: 1.32 MB max: 1.38 MB
7.84 MB/s from 100 messages
	Message size mean: 1.38 MB min: 1.32 MB max: 1.38 MB
7.67 MB/s from 100 messages
	Message size mean: 1.38 MB min: 1.32 MB max: 1.38 MB
7.62 MB/s from 100 messages
	Message size mean: 1.38 MB min: 1.32 MB max: 1.38 MB
7.54 MB/s from 100 messages
	Message size mean: 1.38 MB min: 1.32 MB max: 1.38 MB
7.22 MB/s from 100 messages
	Message size mean: 1.38 MB min: 1.32 MB max: 1.38 MB
7.22 MB/s from 100 messages
	Message size mean: 1.38 MB min: 1.32 MB max: 1.38 MB
7.14 MB/s from 100 messages
	Message size mean: 1.38 MB min: 1.32 MB max: 1.38 MB
7.34 MB/s from 100 messages
	Message size mean: 1.38 MB min: 1.32 MB max: 1.38 MB
7.15 MB/s from 100 messages
	Message size mean: 1.38 MB min: 1.32 MB max: 1.38 MB
7.00 MB/s from 100 messages
	Message size mean: 1.38 MB min: 1.32 MB max: 1.38 MB
7.07 MB/s from 100 messages
	Message size mean: 1.38 MB min: 1.32 MB max: 1.38 MB
7.30 MB/s from 100 messages
	Message size mean: 1.38 MB min: 1.32 MB max: 1.38 MB
7.38 MB/s from 100 messages
	Message size mean: 1.38 MB min: 1.32 MB max: 1.38 MB
7.42 MB/s from 100 messages
	Message size mean: 1.38 MB min: 1.32 MB max: 1.38 MB
7.19 MB/s from 100 messages
	Message size mean: 1.38 MB min: 1.32 MB max: 1.38 MB
6.97 MB/s from 100 messages
	Message size mean: 1.38 MB min: 1.32 MB max: 1.38 MB
7.01 MB/s from 100 messages
	Message size mean: 1.38 MB min: 1.32 MB max: 1.38 MB
7.31 MB/s from 100 messages
	Message size mean: 1.38 MB min: 1.32 MB max: 1.38 MB
7.31 MB/s from 100 messages
	Message size mean: 1.38 MB min: 1.32 MB max: 1.38 MB
7.68 MB/s from 100 messages
	Message size mean: 1.38 MB min: 1.32 MB max: 1.38 MB
7.76 MB/s from 100 messages
	Message size mean: 1.38 MB min: 1.32 MB max: 1.38 MB
7.51 MB/s from 100 messages
	Message size mean: 1.38 MB min: 1.32 MB max: 1.38 MB
7.38 MB/s from 100 messages
	Message size mean: 1.38 MB min: 1.32 MB max: 1.38 MB
7.75 MB/s from 100 messages
	Message size mean: 1.38 MB min: 1.32 MB max: 1.38 MB
7.75 MB/s from 100 messages
	Message size mean: 1.38 MB min: 1.32 MB max: 1.38 MB
7.75 MB/s from 100 messages
	Message size mean: 1.37 MB min: 1.32 MB max: 1.38 MB
7.70 MB/s from 100 messages
	Message size mean: 1.37 MB min: 1.32 MB max: 1.38 MB
7.80 MB/s from 100 messages
	Message size mean: 1.38 MB min: 1.32 MB max: 1.38 MB
8.07 MB/s from 100 messages
	Message size mean: 1.38 MB min: 1.32 MB max: 1.38 MB
7.89 MB/s from 100 messages
	Message size mean: 1.38 MB min: 1.32 MB max: 1.38 MB
7.79 MB/s from 100 messages
	Message size mean: 1.38 MB min: 1.32 MB max: 1.38 MB
7.70 MB/s from 100 messages
	Message size mean: 1.38 MB min: 1.32 MB max: 1.38 MB
8.26 MB/s from 100 messages
	Message size mean: 1.38 MB min: 1.32 MB max: 1.38 MB
8.21 MB/s from 100 messages
	Message size mean: 1.38 MB min: 1.32 MB max: 1.38 MB
8.11 MB/s from 100 messages
	Message size mean: 1.38 MB min: 1.32 MB max: 1.38 MB
7.79 MB/s from 100 messages
	Message size mean: 1.38 MB min: 1.32 MB max: 1.38 MB
7.83 MB/s from 100 messages
	Message size mean: 1.38 MB min: 1.32 MB max: 1.38 MB
7.62 MB/s from 100 messages
	Message size mean: 1.38 MB min: 1.32 MB max: 1.38 MB
7.62 MB/s from 100 messages
	Message size mean: 1.38 MB min: 1.32 MB max: 1.38 MB
7.71 MB/s from 100 messages
	Message size mean: 1.38 MB min: 1.32 MB max: 1.38 MB
7.89 MB/s from 100 messages
	Message size mean: 1.38 MB min: 1.32 MB max: 1.38 MB
7.84 MB/s from 100 messages
	Message size mean: 1.38 MB min: 1.32 MB max: 1.38 MB
7.84 MB/s from 100 messages
	Message size mean: 1.38 MB min: 1.32 MB max: 1.38 MB
7.58 MB/s from 100 messages
	Message size mean: 1.38 MB min: 1.32 MB max: 1.38 MB
7.75 MB/s from 100 messages
	Message size mean: 1.38 MB min: 1.32 MB max: 1.38 MB
7.58 MB/s from 100 messages
	Message size mean: 1.38 MB min: 1.32 MB max: 1.38 MB
7.38 MB/s from 100 messages
	Message size mean: 1.38 MB min: 1.32 MB max: 1.38 MB
7.22 MB/s from 100 messages
	Message size mean: 1.38 MB min: 1.32 MB max: 1.38 MB
6.97 MB/s from 100 messages
	Message size mean: 1.38 MB min: 1.32 MB max: 1.38 MB
6.93 MB/s from 100 messages
	Message size mean: 1.38 MB min: 1.32 MB max: 1.38 MB
7.08 MB/s from 100 messages
	Message size mean: 1.38 MB min: 1.32 MB max: 1.38 MB
7.00 MB/s from 100 messages
	Message size mean: 1.38 MB min: 1.32 MB max: 1.38 MB
7.04 MB/s from 100 messages
	Message size mean: 1.38 MB min: 1.32 MB max: 1.38 MB
7.00 MB/s from 100 messages
	Message size mean: 1.38 MB min: 1.32 MB max: 1.38 MB
6.86 MB/s from 100 messages
	Message size mean: 1.38 MB min: 1.32 MB max: 1.38 MB
6.70 MB/s from 100 messages
	Message size mean: 1.38 MB min: 1.32 MB max: 1.38 MB
6.86 MB/s from 100 messages
	Message size mean: 1.38 MB min: 1.32 MB max: 1.38 MB
6.86 MB/s from 100 messages
	Message size mean: 1.38 MB min: 1.32 MB max: 1.38 MB
6.80 MB/s from 100 messages
	Message size mean: 1.38 MB min: 1.32 MB max: 1.38 MB
6.67 MB/s from 100 messages
	Message size mean: 1.38 MB min: 1.32 MB max: 1.38 MB
6.57 MB/s from 100 messages
	Message size mean: 1.38 MB min: 1.32 MB max: 1.38 MB
6.48 MB/s from 100 messages
	Message size mean: 1.38 MB min: 1.32 MB max: 1.38 MB
6.42 MB/s from 100 messages
	Message size mean: 1.38 MB min: 1.32 MB max: 1.38 MB
6.37 MB/s from 100 messages
	Message size mean: 1.38 MB min: 1.32 MB max: 1.38 MB
6.34 MB/s from 100 messages
	Message size mean: 1.38 MB min: 1.32 MB max: 1.38 MB
6.42 MB/s from 100 messages
	Message size mean: 1.38 MB min: 1.32 MB max: 1.38 MB
6.43 MB/s from 100 messages
	Message size mean: 1.38 MB min: 1.32 MB max: 1.38 MB
6.31 MB/s from 100 messages
	Message size mean: 1.38 MB min: 1.32 MB max: 1.38 MB
6.31 MB/s from 100 messages
	Message size mean: 1.38 MB min: 1.32 MB max: 1.38 MB
6.52 MB/s from 100 messages
	Message size mean: 1.38 MB min: 1.32 MB max: 1.38 MB
6.49 MB/s from 100 messages
	Message size mean: 1.38 MB min: 1.32 MB max: 1.38 MB
6.49 MB/s from 100 messages
	Message size mean: 1.38 MB min: 1.32 MB max: 1.38 MB
6.37 MB/s from 100 messages
	Message size mean: 1.38 MB min: 1.32 MB max: 1.38 MB
6.43 MB/s from 100 messages
	Message size mean: 1.38 MB min: 1.32 MB max: 1.38 MB
6.31 MB/s from 100 messages
	Message size mean: 1.38 MB min: 1.32 MB max: 1.38 MB
6.46 MB/s from 100 messages
	Message size mean: 1.38 MB min: 1.32 MB max: 1.38 MB
6.61 MB/s from 100 messages
	Message size mean: 1.38 MB min: 1.32 MB max: 1.38 MB
