# command: ros2 topic echo /initialpose
# started: 2026-05-24 16:52:53 +0800
header:
  stamp:
    sec: 1779612791
    nanosec: 574180173
  frame_id: map
pose:
  pose:
    position:
      x: 6.500818340135598
      y: 11.027038486023093
      z: 1.2527708552602923
    orientation:
      x: 0.015483615093893524
      y: -0.04062398739442407
      z: 0.6598027006374196
      w: 0.7501802087121263
  covariance:
  - 0.25
  - 0.0
  - 0.0
  - 0.0
  - 0.0
  - 0.0
  - 0.0
  - 0.25
  - 0.0
  - 0.0
  - 0.0
  - 0.0
  - 0.0
  - 0.0
  - 0.04
  - 0.0
  - 0.0
  - 0.0
  - 0.0
  - 0.0
  - 0.0
  - 0.0
  - 0.0
  - 0.0
  - 0.0
  - 0.0
  - 0.0
  - 0.0
  - 0.0
  - 0.0
  - 0.0
  - 0.0
  - 0.0
  - 0.0
  - 0.0
  - 0.25
---
header:
  stamp:
    sec: 1779612791
    nanosec: 968092765
  frame_id: map
pose:
  pose:
    position:
      x: 6.500818340135598
      y: 11.027038486023093
      z: 1.2527708552602923
    orientation:
      x: 0.015483615093893524
      y: -0.04062398739442407
      z: 0.6598027006374196
      w: 0.7501802087121263
  covariance:
  - 0.25
  - 0.0
  - 0.0
  - 0.0
  - 0.0
  - 0.0
  - 0.0
  - 0.25
  - 0.0
  - 0.0
  - 0.0
  - 0.0
  - 0.0
  - 0.0
  - 0.04
  - 0.0
  - 0.0
  - 0.0
  - 0.0
  - 0.0
  - 0.0
  - 0.0
  - 0.0
  - 0.0
  - 0.0
  - 0.0
  - 0.0
  - 0.0
  - 0.0
  - 0.0
  - 0.0
  - 0.0
  - 0.0
  - 0.0
  - 0.0
  - 0.25
---
header:
  stamp:
    sec: 1779612792
    nanosec: 367810218
  frame_id: map
pose:
  pose:
    position:
      x: 6.500818340135598
      y: 11.027038486023093
      z: 1.2527708552602923
    orientation:
      x: 0.015483615093893524
      y: -0.04062398739442407
      z: 0.6598027006374196
      w: 0.7501802087121263
  covariance:
  - 0.25
  - 0.0
  - 0.0
  - 0.0
  - 0.0
  - 0.0
  - 0.0
  - 0.25
  - 0.0
  - 0.0
  - 0.0
  - 0.0
  - 0.0
  - 0.0
  - 0.04
  - 0.0
  - 0.0
  - 0.0
  - 0.0
  - 0.0
  - 0.0
  - 0.0
  - 0.0
  - 0.0
  - 0.0
  - 0.0
  - 0.0
  - 0.0
  - 0.0
  - 0.0
  - 0.0
  - 0.0
  - 0.0
  - 0.0
  - 0.0
  - 0.25
---
header:
  stamp:
    sec: 1779612792
    nanosec: 766907273
  frame_id: map
pose:
  pose:
    position:
      x: 6.500818340135598
      y: 11.027038486023093
      z: 1.2527708552602923
    orientation:
      x: 0.015483615093893524
      y: -0.04062398739442407
      z: 0.6598027006374196
      w: 0.7501802087121263
  covariance:
  - 0.25
  - 0.0
  - 0.0
  - 0.0
  - 0.0
  - 0.0
  - 0.0
  - 0.25
  - 0.0
  - 0.0
  - 0.0
  - 0.0
  - 0.0
  - 0.0
  - 0.04
  - 0.0
  - 0.0
  - 0.0
  - 0.0
  - 0.0
  - 0.0
  - 0.0
  - 0.0
  - 0.0
  - 0.0
  - 0.0
  - 0.0
  - 0.0
  - 0.0
  - 0.0
  - 0.0
  - 0.0
  - 0.0
  - 0.0
  - 0.0
  - 0.25
---
header:
  stamp:
    sec: 1779612793
    nanosec: 167844625
  frame_id: map
pose:
  pose:
    position:
      x: 6.500818340135598
      y: 11.027038486023093
      z: 1.2527708552602923
    orientation:
      x: 0.015483615093893524
      y: -0.04062398739442407
      z: 0.6598027006374196
      w: 0.7501802087121263
  covariance:
  - 0.25
  - 0.0
  - 0.0
  - 0.0
  - 0.0
  - 0.0
  - 0.0
  - 0.25
  - 0.0
  - 0.0
  - 0.0
  - 0.0
  - 0.0
  - 0.0
  - 0.04
  - 0.0
  - 0.0
  - 0.0
  - 0.0
  - 0.0
  - 0.0
  - 0.0
  - 0.0
  - 0.0
  - 0.0
  - 0.0
  - 0.0
  - 0.0
  - 0.0
  - 0.0
  - 0.0
  - 0.0
  - 0.0
  - 0.0
  - 0.0
  - 0.25
---
header:
  stamp:
    sec: 1779612793
    nanosec: 566903630
  frame_id: map
pose:
  pose:
    position:
      x: 6.500818340135598
      y: 11.027038486023093
      z: 1.2527708552602923
    orientation:
      x: 0.015483615093893524
      y: -0.04062398739442407
      z: 0.6598027006374196
      w: 0.7501802087121263
  covariance:
  - 0.25
  - 0.0
  - 0.0
  - 0.0
  - 0.0
  - 0.0
  - 0.0
  - 0.25
  - 0.0
  - 0.0
  - 0.0
  - 0.0
  - 0.0
  - 0.0
  - 0.04
  - 0.0
  - 0.0
  - 0.0
  - 0.0
  - 0.0
  - 0.0
  - 0.0
  - 0.0
  - 0.0
  - 0.0
  - 0.0
  - 0.0
  - 0.0
  - 0.0
  - 0.0
  - 0.0
  - 0.0
  - 0.0
  - 0.0
  - 0.0
  - 0.25
---
header:
  stamp:
    sec: 1779612793
    nanosec: 968042764
  frame_id: map
pose:
  pose:
    position:
      x: 6.500818340135598
      y: 11.027038486023093
      z: 1.2527708552602923
    orientation:
      x: 0.015483615093893524
      y: -0.04062398739442407
      z: 0.6598027006374196
      w: 0.7501802087121263
  covariance:
  - 0.25
  - 0.0
  - 0.0
  - 0.0
  - 0.0
  - 0.0
  - 0.0
  - 0.25
  - 0.0
  - 0.0
  - 0.0
  - 0.0
  - 0.0
  - 0.0
  - 0.04
  - 0.0
  - 0.0
  - 0.0
  - 0.0
  - 0.0
  - 0.0
  - 0.0
  - 0.0
  - 0.0
  - 0.0
  - 0.0
  - 0.0
  - 0.0
  - 0.0
  - 0.0
  - 0.0
  - 0.0
  - 0.0
  - 0.0
  - 0.0
  - 0.25
---
header:
  stamp:
    sec: 1779612794
    nanosec: 366837156
  frame_id: map
pose:
  pose:
    position:
      x: 6.500818340135598
      y: 11.027038486023093
      z: 1.2527708552602923
    orientation:
      x: 0.015483615093893524
      y: -0.04062398739442407
      z: 0.6598027006374196
      w: 0.7501802087121263
  covariance:
  - 0.25
  - 0.0
  - 0.0
  - 0.0
  - 0.0
  - 0.0
  - 0.0
  - 0.25
  - 0.0
  - 0.0
  - 0.0
  - 0.0
  - 0.0
  - 0.0
  - 0.04
  - 0.0
  - 0.0
  - 0.0
  - 0.0
  - 0.0
  - 0.0
  - 0.0
  - 0.0
  - 0.0
  - 0.0
  - 0.0
  - 0.0
  - 0.0
  - 0.0
  - 0.0
  - 0.0
  - 0.0
  - 0.0
  - 0.0
  - 0.0
  - 0.25
---
header:
  stamp:
    sec: 1779612939
    nanosec: 966882421
  frame_id: map
pose:
  pose:
    position:
      x: 6.698498245744156
      y: 10.797743078415444
      z: 1.1156160723546267
    orientation:
      x: 0.004960573211965687
      y: -0.04730244541535613
      z: 0.6718067916928678
      w: 0.7391978801420307
  covariance:
  - 0.25
  - 0.0
  - 0.0
  - 0.0
  - 0.0
  - 0.0
  - 0.0
  - 0.25
  - 0.0
  - 0.0
  - 0.0
  - 0.0
  - 0.0
  - 0.0
  - 0.04
  - 0.0
  - 0.0
  - 0.0
  - 0.0
  - 0.0
  - 0.0
  - 0.0
  - 0.0
  - 0.0
  - 0.0
  - 0.0
  - 0.0
  - 0.0
  - 0.0
  - 0.0
  - 0.0
  - 0.0
  - 0.0
  - 0.0
  - 0.0
  - 0.25
---
header:
  stamp:
    sec: 1779612940
    nanosec: 368882215
  frame_id: map
pose:
  pose:
    position:
      x: 6.698498245744156
      y: 10.797743078415444
      z: 1.1156160723546267
    orientation:
      x: 0.004960573211965687
      y: -0.04730244541535613
      z: 0.6718067916928678
      w: 0.7391978801420307
  covariance:
  - 0.25
  - 0.0
  - 0.0
  - 0.0
  - 0.0
  - 0.0
  - 0.0
  - 0.25
  - 0.0
  - 0.0
  - 0.0
  - 0.0
  - 0.0
  - 0.0
  - 0.04
  - 0.0
  - 0.0
  - 0.0
  - 0.0
  - 0.0
  - 0.0
  - 0.0
  - 0.0
  - 0.0
  - 0.0
  - 0.0
  - 0.0
  - 0.0
  - 0.0
  - 0.0
  - 0.0
  - 0.0
  - 0.0
  - 0.0
  - 0.0
  - 0.25
---
header:
  stamp:
    sec: 1779612940
    nanosec: 768984387
  frame_id: map
pose:
  pose:
    position:
      x: 6.698498245744156
      y: 10.797743078415444
      z: 1.1156160723546267
    orientation:
      x: 0.004960573211965687
      y: -0.04730244541535613
      z: 0.6718067916928678
      w: 0.7391978801420307
  covariance:
  - 0.25
  - 0.0
  - 0.0
  - 0.0
  - 0.0
  - 0.0
  - 0.0
  - 0.25
  - 0.0
  - 0.0
  - 0.0
  - 0.0
  - 0.0
  - 0.0
  - 0.04
  - 0.0
  - 0.0
  - 0.0
  - 0.0
  - 0.0
  - 0.0
  - 0.0
  - 0.0
  - 0.0
  - 0.0
  - 0.0
  - 0.0
  - 0.0
  - 0.0
  - 0.0
  - 0.0
  - 0.0
  - 0.0
  - 0.0
  - 0.0
  - 0.25
---
header:
  stamp:
    sec: 1779612941
    nanosec: 168028813
  frame_id: map
pose:
  pose:
    position:
      x: 6.698498245744156
      y: 10.797743078415444
      z: 1.1156160723546267
    orientation:
      x: 0.004960573211965687
      y: -0.04730244541535613
      z: 0.6718067916928678
      w: 0.7391978801420307
  covariance:
  - 0.25
  - 0.0
  - 0.0
  - 0.0
  - 0.0
  - 0.0
  - 0.0
  - 0.25
  - 0.0
  - 0.0
  - 0.0
  - 0.0
  - 0.0
  - 0.0
  - 0.04
  - 0.0
  - 0.0
  - 0.0
  - 0.0
  - 0.0
  - 0.0
  - 0.0
  - 0.0
  - 0.0
  - 0.0
  - 0.0
  - 0.0
  - 0.0
  - 0.0
  - 0.0
  - 0.0
  - 0.0
  - 0.0
  - 0.0
  - 0.0
  - 0.25
---
header:
  stamp:
    sec: 1779612941
    nanosec: 567176215
  frame_id: map
pose:
  pose:
    position:
      x: 6.698498245744156
      y: 10.797743078415444
      z: 1.1156160723546267
    orientation:
      x: 0.004960573211965687
      y: -0.04730244541535613
      z: 0.6718067916928678
      w: 0.7391978801420307
  covariance:
  - 0.25
  - 0.0
  - 0.0
  - 0.0
  - 0.0
  - 0.0
  - 0.0
  - 0.25
  - 0.0
  - 0.0
  - 0.0
  - 0.0
  - 0.0
  - 0.0
  - 0.04
  - 0.0
  - 0.0
  - 0.0
  - 0.0
  - 0.0
  - 0.0
  - 0.0
  - 0.0
  - 0.0
  - 0.0
  - 0.0
  - 0.0
  - 0.0
  - 0.0
  - 0.0
  - 0.0
  - 0.0
  - 0.0
  - 0.0
  - 0.0
  - 0.25
---
header:
  stamp:
    sec: 1779612941
    nanosec: 972724552
  frame_id: map
pose:
  pose:
    position:
      x: 6.698498245744156
      y: 10.797743078415444
      z: 1.1156160723546267
    orientation:
      x: 0.004960573211965687
      y: -0.04730244541535613
      z: 0.6718067916928678
      w: 0.7391978801420307
  covariance:
  - 0.25
  - 0.0
  - 0.0
  - 0.0
  - 0.0
  - 0.0
  - 0.0
  - 0.25
  - 0.0
  - 0.0
  - 0.0
  - 0.0
  - 0.0
  - 0.0
  - 0.04
  - 0.0
  - 0.0
  - 0.0
  - 0.0
  - 0.0
  - 0.0
  - 0.0
  - 0.0
  - 0.0
  - 0.0
  - 0.0
  - 0.0
  - 0.0
  - 0.0
  - 0.0
  - 0.0
  - 0.0
  - 0.0
  - 0.0
  - 0.0
  - 0.25
---
header:
  stamp:
    sec: 1779612942
    nanosec: 369382879
  frame_id: map
pose:
  pose:
    position:
      x: 6.698498245744156
      y: 10.797743078415444
      z: 1.1156160723546267
    orientation:
      x: 0.004960573211965687
      y: -0.04730244541535613
      z: 0.6718067916928678
      w: 0.7391978801420307
  covariance:
  - 0.25
  - 0.0
  - 0.0
  - 0.0
  - 0.0
  - 0.0
  - 0.0
  - 0.25
  - 0.0
  - 0.0
  - 0.0
  - 0.0
  - 0.0
  - 0.0
  - 0.04
  - 0.0
  - 0.0
  - 0.0
  - 0.0
  - 0.0
  - 0.0
  - 0.0
  - 0.0
  - 0.0
  - 0.0
  - 0.0
  - 0.0
  - 0.0
  - 0.0
  - 0.0
  - 0.0
  - 0.0
  - 0.0
  - 0.0
  - 0.0
  - 0.25
---
header:
  stamp:
    sec: 1779612942
    nanosec: 767303762
  frame_id: map
pose:
  pose:
    position:
      x: 6.698498245744156
      y: 10.797743078415444
      z: 1.1156160723546267
    orientation:
      x: 0.004960573211965687
      y: -0.04730244541535613
      z: 0.6718067916928678
      w: 0.7391978801420307
  covariance:
  - 0.25
  - 0.0
  - 0.0
  - 0.0
  - 0.0
  - 0.0
  - 0.0
  - 0.25
  - 0.0
  - 0.0
  - 0.0
  - 0.0
  - 0.0
  - 0.0
  - 0.04
  - 0.0
  - 0.0
  - 0.0
  - 0.0
  - 0.0
  - 0.0
  - 0.0
  - 0.0
  - 0.0
  - 0.0
  - 0.0
  - 0.0
  - 0.0
  - 0.0
  - 0.0
  - 0.0
  - 0.0
  - 0.0
  - 0.0
  - 0.0
  - 0.25
---
header:
  stamp:
    sec: 1779612965
    nanosec: 368349769
  frame_id: map
pose:
  pose:
    position:
      x: 6.5290980589011305
      y: 11.123843734025666
      z: 1.090679268204812
    orientation:
      x: 0.003787874363471107
      y: -0.04836326841472869
      z: 0.6642383854732917
      w: 0.7459450472654714
  covariance:
  - 0.25
  - 0.0
  - 0.0
  - 0.0
  - 0.0
  - 0.0
  - 0.0
  - 0.25
  - 0.0
  - 0.0
  - 0.0
  - 0.0
  - 0.0
  - 0.0
  - 0.04
  - 0.0
  - 0.0
  - 0.0
  - 0.0
  - 0.0
  - 0.0
  - 0.0
  - 0.0
  - 0.0
  - 0.0
  - 0.0
  - 0.0
  - 0.0
  - 0.0
  - 0.0
  - 0.0
  - 0.0
  - 0.0
  - 0.0
  - 0.0
  - 0.25
---
header:
  stamp:
    sec: 1779612965
    nanosec: 767997662
  frame_id: map
pose:
  pose:
    position:
      x: 6.5290980589011305
      y: 11.123843734025666
      z: 1.090679268204812
    orientation:
      x: 0.003787874363471107
      y: -0.04836326841472869
      z: 0.6642383854732917
      w: 0.7459450472654714
  covariance:
  - 0.25
  - 0.0
  - 0.0
  - 0.0
  - 0.0
  - 0.0
  - 0.0
  - 0.25
  - 0.0
  - 0.0
  - 0.0
  - 0.0
  - 0.0
  - 0.0
  - 0.04
  - 0.0
  - 0.0
  - 0.0
  - 0.0
  - 0.0
  - 0.0
  - 0.0
  - 0.0
  - 0.0
  - 0.0
  - 0.0
  - 0.0
  - 0.0
  - 0.0
  - 0.0
  - 0.0
  - 0.0
  - 0.0
  - 0.0
  - 0.0
  - 0.25
---
header:
  stamp:
    sec: 1779612966
    nanosec: 167039809
  frame_id: map
pose:
  pose:
    position:
      x: 6.5290980589011305
      y: 11.123843734025666
      z: 1.090679268204812
    orientation:
      x: 0.003787874363471107
      y: -0.04836326841472869
      z: 0.6642383854732917
      w: 0.7459450472654714
  covariance:
  - 0.25
  - 0.0
  - 0.0
  - 0.0
  - 0.0
  - 0.0
  - 0.0
  - 0.25
  - 0.0
  - 0.0
  - 0.0
  - 0.0
  - 0.0
  - 0.0
  - 0.04
  - 0.0
  - 0.0
  - 0.0
  - 0.0
  - 0.0
  - 0.0
  - 0.0
  - 0.0
  - 0.0
  - 0.0
  - 0.0
  - 0.0
  - 0.0
  - 0.0
  - 0.0
  - 0.0
  - 0.0
  - 0.0
  - 0.0
  - 0.0
  - 0.25
---
header:
  stamp:
    sec: 1779612966
    nanosec: 567277547
  frame_id: map
pose:
  pose:
    position:
      x: 6.5290980589011305
      y: 11.123843734025666
      z: 1.090679268204812
    orientation:
      x: 0.003787874363471107
      y: -0.04836326841472869
      z: 0.6642383854732917
      w: 0.7459450472654714
  covariance:
  - 0.25
  - 0.0
  - 0.0
  - 0.0
  - 0.0
  - 0.0
  - 0.0
  - 0.25
  - 0.0
  - 0.0
  - 0.0
  - 0.0
  - 0.0
  - 0.0
  - 0.04
  - 0.0
  - 0.0
  - 0.0
  - 0.0
  - 0.0
  - 0.0
  - 0.0
  - 0.0
  - 0.0
  - 0.0
  - 0.0
  - 0.0
  - 0.0
  - 0.0
  - 0.0
  - 0.0
  - 0.0
  - 0.0
  - 0.0
  - 0.0
  - 0.25
---
header:
  stamp:
    sec: 1779612966
    nanosec: 968870146
  frame_id: map
pose:
  pose:
    position:
      x: 6.5290980589011305
      y: 11.123843734025666
      z: 1.090679268204812
    orientation:
      x: 0.003787874363471107
      y: -0.04836326841472869
      z: 0.6642383854732917
      w: 0.7459450472654714
  covariance:
  - 0.25
  - 0.0
  - 0.0
  - 0.0
  - 0.0
  - 0.0
  - 0.0
  - 0.25
  - 0.0
  - 0.0
  - 0.0
  - 0.0
  - 0.0
  - 0.0
  - 0.04
  - 0.0
  - 0.0
  - 0.0
  - 0.0
  - 0.0
  - 0.0
  - 0.0
  - 0.0
  - 0.0
  - 0.0
  - 0.0
  - 0.0
  - 0.0
  - 0.0
  - 0.0
  - 0.0
  - 0.0
  - 0.0
  - 0.0
  - 0.0
  - 0.25
---
header:
  stamp:
    sec: 1779612967
    nanosec: 367155636
  frame_id: map
pose:
  pose:
    position:
      x: 6.5290980589011305
      y: 11.123843734025666
      z: 1.090679268204812
    orientation:
      x: 0.003787874363471107
      y: -0.04836326841472869
      z: 0.6642383854732917
      w: 0.7459450472654714
  covariance:
  - 0.25
  - 0.0
  - 0.0
  - 0.0
  - 0.0
  - 0.0
  - 0.0
  - 0.25
  - 0.0
  - 0.0
  - 0.0
  - 0.0
  - 0.0
  - 0.0
  - 0.04
  - 0.0
  - 0.0
  - 0.0
  - 0.0
  - 0.0
  - 0.0
  - 0.0
  - 0.0
  - 0.0
  - 0.0
  - 0.0
  - 0.0
  - 0.0
  - 0.0
  - 0.0
  - 0.0
  - 0.0
  - 0.0
  - 0.0
  - 0.0
  - 0.25
---
header:
  stamp:
    sec: 1779612967
    nanosec: 766987237
  frame_id: map
pose:
  pose:
    position:
      x: 6.5290980589011305
      y: 11.123843734025666
      z: 1.090679268204812
    orientation:
      x: 0.003787874363471107
      y: -0.04836326841472869
      z: 0.6642383854732917
      w: 0.7459450472654714
  covariance:
  - 0.25
  - 0.0
  - 0.0
  - 0.0
  - 0.0
  - 0.0
  - 0.0
  - 0.25
  - 0.0
  - 0.0
  - 0.0
  - 0.0
  - 0.0
  - 0.0
  - 0.04
  - 0.0
  - 0.0
  - 0.0
  - 0.0
  - 0.0
  - 0.0
  - 0.0
  - 0.0
  - 0.0
  - 0.0
  - 0.0
  - 0.0
  - 0.0
  - 0.0
  - 0.0
  - 0.0
  - 0.0
  - 0.0
  - 0.0
  - 0.0
  - 0.25
---
header:
  stamp:
    sec: 1779612968
    nanosec: 170472193
  frame_id: map
pose:
  pose:
    position:
      x: 6.5290980589011305
      y: 11.123843734025666
      z: 1.090679268204812
    orientation:
      x: 0.003787874363471107
      y: -0.04836326841472869
      z: 0.6642383854732917
      w: 0.7459450472654714
  covariance:
  - 0.25
  - 0.0
  - 0.0
  - 0.0
  - 0.0
  - 0.0
  - 0.0
  - 0.25
  - 0.0
  - 0.0
  - 0.0
  - 0.0
  - 0.0
  - 0.0
  - 0.04
  - 0.0
  - 0.0
  - 0.0
  - 0.0
  - 0.0
  - 0.0
  - 0.0
  - 0.0
  - 0.0
  - 0.0
  - 0.0
  - 0.0
  - 0.0
  - 0.0
  - 0.0
  - 0.0
  - 0.0
  - 0.0
  - 0.0
  - 0.0
  - 0.25
---
header:
  stamp:
    sec: 1779613013
    nanosec: 767105835
  frame_id: map
pose:
  pose:
    position:
      x: 6.646079473503175
      y: 10.755587388894757
      z: 1.074979480658973
    orientation:
      x: 0.004814069229561609
      y: -0.04886170045207696
      z: 0.6698765985778328
      w: 0.7408472863176173
  covariance:
  - 0.25
  - 0.0
  - 0.0
  - 0.0
  - 0.0
  - 0.0
  - 0.0
  - 0.25
  - 0.0
  - 0.0
  - 0.0
  - 0.0
  - 0.0
  - 0.0
  - 0.04
  - 0.0
  - 0.0
  - 0.0
  - 0.0
  - 0.0
  - 0.0
  - 0.0
  - 0.0
  - 0.0
  - 0.0
  - 0.0
  - 0.0
  - 0.0
  - 0.0
  - 0.0
  - 0.0
  - 0.0
  - 0.0
  - 0.0
  - 0.0
  - 0.25
---
header:
  stamp:
    sec: 1779613014
    nanosec: 167420722
  frame_id: map
pose:
  pose:
    position:
      x: 6.646079473503175
      y: 10.755587388894757
      z: 1.074979480658973
    orientation:
      x: 0.004814069229561609
      y: -0.04886170045207696
      z: 0.6698765985778328
      w: 0.7408472863176173
  covariance:
  - 0.25
  - 0.0
  - 0.0
  - 0.0
  - 0.0
  - 0.0
  - 0.0
  - 0.25
  - 0.0
  - 0.0
  - 0.0
  - 0.0
  - 0.0
  - 0.0
  - 0.04
  - 0.0
  - 0.0
  - 0.0
  - 0.0
  - 0.0
  - 0.0
  - 0.0
  - 0.0
  - 0.0
  - 0.0
  - 0.0
  - 0.0
  - 0.0
  - 0.0
  - 0.0
  - 0.0
  - 0.0
  - 0.0
  - 0.0
  - 0.0
  - 0.25
---
header:
  stamp:
    sec: 1779613014
    nanosec: 566838534
  frame_id: map
pose:
  pose:
    position:
      x: 6.646079473503175
      y: 10.755587388894757
      z: 1.074979480658973
    orientation:
      x: 0.004814069229561609
      y: -0.04886170045207696
      z: 0.6698765985778328
      w: 0.7408472863176173
  covariance:
  - 0.25
  - 0.0
  - 0.0
  - 0.0
  - 0.0
  - 0.0
  - 0.0
  - 0.25
  - 0.0
  - 0.0
  - 0.0
  - 0.0
  - 0.0
  - 0.0
  - 0.04
  - 0.0
  - 0.0
  - 0.0
  - 0.0
  - 0.0
  - 0.0
  - 0.0
  - 0.0
  - 0.0
  - 0.0
  - 0.0
  - 0.0
  - 0.0
  - 0.0
  - 0.0
  - 0.0
  - 0.0
  - 0.0
  - 0.0
  - 0.0
  - 0.25
---
header:
  stamp:
    sec: 1779613014
    nanosec: 967444579
  frame_id: map
pose:
  pose:
    position:
      x: 6.646079473503175
      y: 10.755587388894757
      z: 1.074979480658973
    orientation:
      x: 0.004814069229561609
      y: -0.04886170045207696
      z: 0.6698765985778328
      w: 0.7408472863176173
  covariance:
  - 0.25
  - 0.0
  - 0.0
  - 0.0
  - 0.0
  - 0.0
  - 0.0
  - 0.25
  - 0.0
  - 0.0
  - 0.0
  - 0.0
  - 0.0
  - 0.0
  - 0.04
  - 0.0
  - 0.0
  - 0.0
  - 0.0
  - 0.0
  - 0.0
  - 0.0
  - 0.0
  - 0.0
  - 0.0
  - 0.0
  - 0.0
  - 0.0
  - 0.0
  - 0.0
  - 0.0
  - 0.0
  - 0.0
  - 0.0
  - 0.0
  - 0.25
---
header:
  stamp:
    sec: 1779613015
    nanosec: 367492915
  frame_id: map
pose:
  pose:
    position:
      x: 6.646079473503175
      y: 10.755587388894757
      z: 1.074979480658973
    orientation:
      x: 0.004814069229561609
      y: -0.04886170045207696
      z: 0.6698765985778328
      w: 0.7408472863176173
  covariance:
  - 0.25
  - 0.0
  - 0.0
  - 0.0
  - 0.0
  - 0.0
  - 0.0
  - 0.25
  - 0.0
  - 0.0
  - 0.0
  - 0.0
  - 0.0
  - 0.0
  - 0.04
  - 0.0
  - 0.0
  - 0.0
  - 0.0
  - 0.0
  - 0.0
  - 0.0
  - 0.0
  - 0.0
  - 0.0
  - 0.0
  - 0.0
  - 0.0
  - 0.0
  - 0.0
  - 0.0
  - 0.0
  - 0.0
  - 0.0
  - 0.0
  - 0.25
---
header:
  stamp:
    sec: 1779613015
    nanosec: 766776941
  frame_id: map
pose:
  pose:
    position:
      x: 6.646079473503175
      y: 10.755587388894757
      z: 1.074979480658973
    orientation:
      x: 0.004814069229561609
      y: -0.04886170045207696
      z: 0.6698765985778328
      w: 0.7408472863176173
  covariance:
  - 0.25
  - 0.0
  - 0.0
  - 0.0
  - 0.0
  - 0.0
  - 0.0
  - 0.25
  - 0.0
  - 0.0
  - 0.0
  - 0.0
  - 0.0
  - 0.0
  - 0.04
  - 0.0
  - 0.0
  - 0.0
  - 0.0
  - 0.0
  - 0.0
  - 0.0
  - 0.0
  - 0.0
  - 0.0
  - 0.0
  - 0.0
  - 0.0
  - 0.0
  - 0.0
  - 0.0
  - 0.0
  - 0.0
  - 0.0
  - 0.0
  - 0.25
---
header:
  stamp:
    sec: 1779613016
    nanosec: 166764102
  frame_id: map
pose:
  pose:
    position:
      x: 6.646079473503175
      y: 10.755587388894757
      z: 1.074979480658973
    orientation:
      x: 0.004814069229561609
      y: -0.04886170045207696
      z: 0.6698765985778328
      w: 0.7408472863176173
  covariance:
  - 0.25
  - 0.0
  - 0.0
  - 0.0
  - 0.0
  - 0.0
  - 0.0
  - 0.25
  - 0.0
  - 0.0
  - 0.0
  - 0.0
  - 0.0
  - 0.0
  - 0.04
  - 0.0
  - 0.0
  - 0.0
  - 0.0
  - 0.0
  - 0.0
  - 0.0
  - 0.0
  - 0.0
  - 0.0
  - 0.0
  - 0.0
  - 0.0
  - 0.0
  - 0.0
  - 0.0
  - 0.0
  - 0.0
  - 0.0
  - 0.0
  - 0.25
---
header:
  stamp:
    sec: 1779613016
    nanosec: 567100404
  frame_id: map
pose:
  pose:
    position:
      x: 6.646079473503175
      y: 10.755587388894757
      z: 1.074979480658973
    orientation:
      x: 0.004814069229561609
      y: -0.04886170045207696
      z: 0.6698765985778328
      w: 0.7408472863176173
  covariance:
  - 0.25
  - 0.0
  - 0.0
  - 0.0
  - 0.0
  - 0.0
  - 0.0
  - 0.25
  - 0.0
  - 0.0
  - 0.0
  - 0.0
  - 0.0
  - 0.0
  - 0.04
  - 0.0
  - 0.0
  - 0.0
  - 0.0
  - 0.0
  - 0.0
  - 0.0
  - 0.0
  - 0.0
  - 0.0
  - 0.0
  - 0.0
  - 0.0
  - 0.0
  - 0.0
  - 0.0
  - 0.0
  - 0.0
  - 0.0
  - 0.0
  - 0.25
---
