# command: ros2 topic hz /airy_points_for_elevation --window 100
# started: 2026-05-24 16:52:53 +0800
WARNING: topic [/airy_points_for_elevation] does not appear to be published yet
average rate: 1.822
	min: 0.399s max: 0.795s std dev: 0.15583s window: 4
average rate: 4.065
	min: 0.063s max: 0.795s std dev: 0.21840s window: 14
average rate: 4.661
	min: 0.063s max: 0.795s std dev: 0.18887s window: 21
average rate: 5.082
	min: 0.063s max: 0.795s std dev: 0.16501s window: 29
average rate: 5.330
	min: 0.063s max: 0.795s std dev: 0.15031s window: 36
average rate: 5.514
	min: 0.063s max: 0.795s std dev: 0.14264s window: 43
average rate: 5.882
	min: 0.063s max: 0.795s std dev: 0.13319s window: 52
average rate: 6.485
	min: 0.060s max: 0.795s std dev: 0.12477s window: 64
average rate: 6.706
	min: 0.060s max: 0.795s std dev: 0.11823s window: 74
average rate: 6.931
	min: 0.060s max: 0.795s std dev: 0.11239s window: 84
average rate: 6.999
	min: 0.060s max: 0.795s std dev: 0.11235s window: 92
average rate: 7.477
	min: 0.060s max: 0.570s std dev: 0.08674s window: 100
average rate: 8.228
	min: 0.060s max: 0.420s std dev: 0.06326s window: 100
average rate: 8.485
	min: 0.060s max: 0.420s std dev: 0.05654s window: 100
average rate: 8.647
	min: 0.060s max: 0.420s std dev: 0.05669s window: 100
average rate: 8.826
	min: 0.060s max: 0.420s std dev: 0.05747s window: 100
average rate: 9.046
	min: 0.049s max: 0.420s std dev: 0.05410s window: 100
average rate: 8.965
	min: 0.049s max: 0.420s std dev: 0.05365s window: 100
average rate: 8.798
	min: 0.049s max: 0.420s std dev: 0.05381s window: 100
average rate: 8.768
	min: 0.049s max: 0.420s std dev: 0.05517s window: 100
average rate: 8.685
	min: 0.049s max: 0.420s std dev: 0.05609s window: 100
average rate: 8.691
	min: 0.049s max: 0.274s std dev: 0.04832s window: 100
average rate: 8.784
	min: 0.049s max: 0.274s std dev: 0.04690s window: 100
average rate: 8.633
	min: 0.049s max: 0.274s std dev: 0.04720s window: 100
average rate: 8.729
	min: 0.049s max: 0.274s std dev: 0.04671s window: 100
average rate: 8.593
	min: 0.049s max: 0.300s std dev: 0.04890s window: 100
average rate: 8.310
	min: 0.049s max: 0.300s std dev: 0.05081s window: 100
average rate: 8.378
	min: 0.066s max: 0.300s std dev: 0.04731s window: 100
average rate: 8.408
	min: 0.066s max: 0.300s std dev: 0.04745s window: 100
average rate: 8.463
	min: 0.066s max: 0.300s std dev: 0.04671s window: 100
average rate: 8.471
	min: 0.060s max: 0.300s std dev: 0.04534s window: 100
average rate: 8.384
	min: 0.060s max: 0.300s std dev: 0.04660s window: 100
average rate: 8.526
	min: 0.060s max: 0.300s std dev: 0.04543s window: 100
average rate: 8.254
	min: 0.060s max: 0.300s std dev: 0.05017s window: 100
average rate: 8.331
	min: 0.060s max: 0.300s std dev: 0.04967s window: 100
average rate: 8.395
	min: 0.057s max: 0.300s std dev: 0.04917s window: 100
average rate: 8.579
	min: 0.057s max: 0.281s std dev: 0.04488s window: 100
average rate: 8.607
	min: 0.057s max: 0.386s std dev: 0.05009s window: 100
average rate: 8.613
	min: 0.057s max: 0.386s std dev: 0.05037s window: 100
average rate: 8.541
	min: 0.057s max: 0.386s std dev: 0.05171s window: 100
average rate: 8.587
	min: 0.057s max: 0.386s std dev: 0.05112s window: 100
average rate: 8.599
	min: 0.057s max: 0.386s std dev: 0.04975s window: 100
average rate: 8.677
	min: 0.057s max: 0.386s std dev: 0.04847s window: 100
average rate: 8.824
	min: 0.057s max: 0.386s std dev: 0.04507s window: 100
average rate: 8.826
	min: 0.057s max: 0.386s std dev: 0.04366s window: 100
average rate: 8.836
	min: 0.068s max: 0.386s std dev: 0.04314s window: 100
average rate: 8.535
	min: 0.068s max: 0.386s std dev: 0.04774s window: 100
average rate: 8.529
	min: 0.060s max: 0.386s std dev: 0.04803s window: 100
average rate: 8.523
	min: 0.060s max: 0.291s std dev: 0.04227s window: 100
average rate: 8.465
	min: 0.060s max: 0.291s std dev: 0.04256s window: 100
average rate: 8.465
	min: 0.060s max: 0.291s std dev: 0.04135s window: 100
average rate: 8.323
	min: 0.060s max: 0.291s std dev: 0.04359s window: 100
average rate: 8.269
	min: 0.060s max: 0.323s std dev: 0.04733s window: 100
average rate: 8.186
	min: 0.060s max: 0.323s std dev: 0.04756s window: 100
average rate: 8.050
	min: 0.060s max: 0.323s std dev: 0.05043s window: 100
average rate: 8.196
	min: 0.060s max: 0.323s std dev: 0.04994s window: 100
average rate: 8.176
	min: 0.060s max: 0.323s std dev: 0.04991s window: 100
average rate: 8.304
	min: 0.060s max: 0.323s std dev: 0.05040s window: 100
average rate: 8.379
	min: 0.062s max: 0.323s std dev: 0.05006s window: 100
average rate: 8.563
	min: 0.062s max: 0.323s std dev: 0.04862s window: 100
average rate: 8.526
	min: 0.062s max: 0.323s std dev: 0.04886s window: 100
average rate: 8.376
	min: 0.062s max: 0.404s std dev: 0.05618s window: 100
average rate: 8.539
	min: 0.061s max: 0.404s std dev: 0.05494s window: 100
average rate: 8.624
	min: 0.061s max: 0.404s std dev: 0.05216s window: 100
average rate: 8.603
	min: 0.061s max: 0.404s std dev: 0.05231s window: 100
average rate: 8.535
	min: 0.061s max: 0.404s std dev: 0.05375s window: 100
average rate: 8.556
	min: 0.061s max: 0.404s std dev: 0.05383s window: 100
average rate: 8.397
	min: 0.061s max: 0.404s std dev: 0.05544s window: 100
average rate: 8.250
	min: 0.061s max: 0.404s std dev: 0.05624s window: 100
average rate: 8.184
	min: 0.061s max: 0.404s std dev: 0.05513s window: 100
average rate: 8.112
	min: 0.061s max: 0.404s std dev: 0.05796s window: 100
average rate: 8.201
	min: 0.061s max: 0.404s std dev: 0.05748s window: 100
average rate: 8.266
	min: 0.061s max: 0.313s std dev: 0.05232s window: 100
average rate: 8.329
	min: 0.061s max: 0.313s std dev: 0.05144s window: 100
average rate: 8.239
	min: 0.067s max: 0.313s std dev: 0.05145s window: 100
average rate: 8.536
	min: 0.067s max: 0.313s std dev: 0.04748s window: 100
average rate: 8.607
	min: 0.067s max: 0.313s std dev: 0.04619s window: 100
average rate: 8.570
	min: 0.067s max: 0.313s std dev: 0.04721s window: 100
average rate: 8.565
	min: 0.067s max: 0.313s std dev: 0.04713s window: 100
average rate: 8.684
	min: 0.067s max: 0.313s std dev: 0.04609s window: 100
average rate: 8.691
	min: 0.067s max: 0.313s std dev: 0.04477s window: 100
average rate: 8.617
	min: 0.067s max: 0.288s std dev: 0.04514s window: 100
average rate: 8.771
	min: 0.067s max: 0.288s std dev: 0.04405s window: 100
average rate: 8.684
	min: 0.069s max: 0.288s std dev: 0.04315s window: 100
average rate: 8.594
	min: 0.068s max: 0.288s std dev: 0.04406s window: 100
average rate: 8.507
	min: 0.068s max: 0.288s std dev: 0.04568s window: 100
average rate: 8.428
	min: 0.068s max: 0.293s std dev: 0.04794s window: 100
average rate: 8.351
	min: 0.068s max: 0.293s std dev: 0.04903s window: 100
average rate: 8.273
	min: 0.068s max: 0.293s std dev: 0.04935s window: 100
average rate: 8.276
	min: 0.068s max: 0.293s std dev: 0.04974s window: 100
average rate: 8.277
	min: 0.068s max: 0.293s std dev: 0.05005s window: 100
average rate: 8.199
	min: 0.068s max: 0.293s std dev: 0.05024s window: 100
average rate: 8.408
	min: 0.068s max: 0.293s std dev: 0.04792s window: 100
average rate: 8.486
	min: 0.063s max: 0.293s std dev: 0.04555s window: 100
average rate: 8.564
	min: 0.063s max: 0.293s std dev: 0.04483s window: 100
average rate: 8.477
	min: 0.063s max: 0.293s std dev: 0.04533s window: 100
average rate: 8.413
	min: 0.063s max: 0.293s std dev: 0.04820s window: 100
average rate: 8.495
	min: 0.063s max: 0.289s std dev: 0.04575s window: 100
average rate: 8.532
	min: 0.063s max: 0.289s std dev: 0.04390s window: 100
average rate: 8.410
	min: 0.063s max: 0.289s std dev: 0.04625s window: 100
average rate: 8.460
	min: 0.063s max: 0.289s std dev: 0.04506s window: 100
average rate: 8.326
	min: 0.063s max: 0.289s std dev: 0.04533s window: 100
average rate: 8.245
	min: 0.063s max: 0.300s std dev: 0.04799s window: 100
average rate: 8.200
	min: 0.063s max: 0.300s std dev: 0.04871s window: 100
average rate: 8.079
	min: 0.070s max: 0.300s std dev: 0.04988s window: 100
average rate: 7.800
	min: 0.070s max: 0.486s std dev: 0.06117s window: 100
average rate: 7.800
	min: 0.070s max: 0.486s std dev: 0.06159s window: 100
average rate: 8.156
	min: 0.070s max: 0.486s std dev: 0.05839s window: 100
average rate: 8.137
	min: 0.073s max: 0.486s std dev: 0.05764s window: 100
average rate: 8.195
	min: 0.073s max: 0.486s std dev: 0.05718s window: 100
average rate: 8.315
	min: 0.064s max: 0.486s std dev: 0.05559s window: 100
average rate: 8.480
	min: 0.062s max: 0.486s std dev: 0.05456s window: 100
average rate: 8.532
	min: 0.062s max: 0.486s std dev: 0.05511s window: 100
average rate: 8.855
	min: 0.062s max: 0.486s std dev: 0.05035s window: 100
average rate: 8.533
	min: 0.062s max: 0.486s std dev: 0.05499s window: 100
average rate: 8.543
	min: 0.062s max: 0.486s std dev: 0.05463s window: 100
average rate: 8.850
	min: 0.062s max: 0.297s std dev: 0.04008s window: 100
average rate: 8.769
	min: 0.062s max: 0.297s std dev: 0.04043s window: 100
average rate: 8.845
	min: 0.062s max: 0.297s std dev: 0.04003s window: 100
average rate: 8.687
	min: 0.050s max: 0.297s std dev: 0.04116s window: 100
average rate: 8.477
	min: 0.050s max: 0.297s std dev: 0.04530s window: 100
average rate: 8.360
	min: 0.050s max: 0.297s std dev: 0.04675s window: 100
average rate: 8.150
	min: 0.050s max: 0.297s std dev: 0.04965s window: 100
average rate: 7.953
	min: 0.050s max: 0.297s std dev: 0.05178s window: 100
average rate: 7.961
	min: 0.050s max: 0.297s std dev: 0.05015s window: 100
average rate: 7.769
	min: 0.050s max: 0.297s std dev: 0.05239s window: 100
average rate: 8.053
	min: 0.050s max: 0.289s std dev: 0.04779s window: 100
average rate: 8.112
	min: 0.050s max: 0.289s std dev: 0.04660s window: 100
average rate: 8.026
	min: 0.050s max: 0.289s std dev: 0.04641s window: 100
average rate: 8.165
	min: 0.050s max: 0.289s std dev: 0.04550s window: 100
average rate: 7.919
	min: 0.050s max: 0.289s std dev: 0.04678s window: 100
average rate: 7.895
	min: 0.072s max: 0.289s std dev: 0.04739s window: 100
average rate: 8.134
	min: 0.072s max: 0.286s std dev: 0.04268s window: 100
average rate: 8.302
	min: 0.072s max: 0.234s std dev: 0.03851s window: 100
average rate: 8.433
	min: 0.072s max: 0.234s std dev: 0.03524s window: 100
average rate: 8.530
	min: 0.075s max: 0.234s std dev: 0.03333s window: 100
average rate: 8.589
	min: 0.075s max: 0.234s std dev: 0.03097s window: 100
average rate: 8.284
	min: 0.075s max: 0.234s std dev: 0.03337s window: 100
average rate: 8.149
	min: 0.075s max: 0.234s std dev: 0.03472s window: 100
average rate: 7.988
	min: 0.075s max: 0.234s std dev: 0.03617s window: 100
average rate: 7.911
	min: 0.075s max: 0.234s std dev: 0.03691s window: 100
average rate: 7.481
	min: 0.075s max: 0.525s std dev: 0.05509s window: 100
average rate: 7.449
	min: 0.075s max: 0.525s std dev: 0.05443s window: 100
average rate: 7.179
	min: 0.075s max: 0.525s std dev: 0.06147s window: 100
average rate: 7.191
	min: 0.075s max: 0.525s std dev: 0.06145s window: 100
average rate: 7.046
	min: 0.076s max: 0.525s std dev: 0.06208s window: 100
average rate: 6.956
	min: 0.076s max: 0.525s std dev: 0.06230s window: 100
average rate: 6.828
	min: 0.076s max: 0.525s std dev: 0.06151s window: 100
average rate: 6.683
	min: 0.076s max: 0.525s std dev: 0.06435s window: 100
average rate: 6.628
	min: 0.076s max: 0.525s std dev: 0.06552s window: 100
average rate: 6.720
	min: 0.076s max: 0.525s std dev: 0.06462s window: 100
average rate: 6.728
	min: 0.076s max: 0.525s std dev: 0.06559s window: 100
average rate: 6.928
	min: 0.078s max: 0.525s std dev: 0.06683s window: 100
average rate: 7.016
	min: 0.078s max: 0.525s std dev: 0.06710s window: 100
average rate: 7.307
	min: 0.078s max: 0.404s std dev: 0.05672s window: 100
average rate: 7.439
	min: 0.078s max: 0.355s std dev: 0.05441s window: 100
average rate: 7.573
	min: 0.078s max: 0.355s std dev: 0.05320s window: 100
average rate: 7.552
	min: 0.078s max: 0.355s std dev: 0.05586s window: 100
average rate: 7.599
	min: 0.078s max: 0.355s std dev: 0.05509s window: 100
average rate: 7.602
	min: 0.078s max: 0.355s std dev: 0.05890s window: 100
average rate: 7.684
	min: 0.078s max: 0.351s std dev: 0.05450s window: 100
average rate: 7.715
	min: 0.078s max: 0.351s std dev: 0.05230s window: 100
average rate: 7.533
	min: 0.078s max: 0.351s std dev: 0.05490s window: 100
average rate: 7.660
	min: 0.078s max: 0.351s std dev: 0.05328s window: 100
average rate: 7.392
	min: 0.079s max: 0.351s std dev: 0.05557s window: 100
average rate: 7.118
	min: 0.079s max: 0.351s std dev: 0.05553s window: 100
average rate: 6.983
	min: 0.079s max: 0.351s std dev: 0.05562s window: 100
average rate: 7.052
	min: 0.082s max: 0.351s std dev: 0.05317s window: 100
average rate: 6.914
	min: 0.084s max: 0.338s std dev: 0.05373s window: 100
average rate: 6.780
	min: 0.084s max: 0.338s std dev: 0.05269s window: 100
average rate: 6.665
	min: 0.084s max: 0.339s std dev: 0.05455s window: 100
average rate: 6.706
	min: 0.084s max: 0.339s std dev: 0.05203s window: 100
average rate: 6.633
	min: 0.084s max: 0.339s std dev: 0.05249s window: 100
average rate: 6.696
	min: 0.074s max: 0.339s std dev: 0.04891s window: 100
average rate: 6.571
	min: 0.074s max: 0.339s std dev: 0.05098s window: 100
average rate: 6.608
	min: 0.073s max: 0.339s std dev: 0.05234s window: 100
average rate: 6.693
	min: 0.073s max: 0.339s std dev: 0.05183s window: 100
average rate: 6.638
	min: 0.073s max: 0.339s std dev: 0.05220s window: 100
average rate: 6.841
	min: 0.073s max: 0.339s std dev: 0.05233s window: 100
average rate: 7.043
	min: 0.070s max: 0.339s std dev: 0.05359s window: 100
average rate: 7.045
	min: 0.070s max: 0.339s std dev: 0.05366s window: 100
average rate: 7.432
	min: 0.070s max: 0.339s std dev: 0.04876s window: 100
average rate: 7.673
	min: 0.070s max: 0.280s std dev: 0.04517s window: 100
average rate: 7.845
	min: 0.070s max: 0.280s std dev: 0.04502s window: 100
average rate: 7.790
	min: 0.070s max: 0.359s std dev: 0.04968s window: 100
average rate: 7.917
	min: 0.070s max: 0.359s std dev: 0.04795s window: 100
average rate: 7.903
	min: 0.070s max: 0.359s std dev: 0.04870s window: 100
average rate: 8.056
	min: 0.070s max: 0.359s std dev: 0.04679s window: 100
average rate: 8.104
	min: 0.070s max: 0.359s std dev: 0.04649s window: 100
average rate: 8.375
	min: 0.061s max: 0.359s std dev: 0.04558s window: 100
average rate: 8.502
	min: 0.061s max: 0.359s std dev: 0.04486s window: 100
average rate: 8.731
	min: 0.061s max: 0.359s std dev: 0.04459s window: 100
average rate: 8.642
	min: 0.061s max: 0.359s std dev: 0.04597s window: 100
average rate: 8.890
	min: 0.061s max: 0.359s std dev: 0.04331s window: 100
average rate: 9.199
	min: 0.061s max: 0.225s std dev: 0.03660s window: 100
average rate: 9.181
	min: 0.061s max: 0.245s std dev: 0.03936s window: 100
average rate: 9.530
	min: 0.061s max: 0.245s std dev: 0.03496s window: 100
average rate: 9.162
	min: 0.061s max: 0.245s std dev: 0.04159s window: 100
average rate: 9.529
	min: 0.061s max: 0.245s std dev: 0.03859s window: 100
average rate: 9.081
	min: 0.067s max: 0.346s std dev: 0.04601s window: 100
average rate: 9.118
	min: 0.067s max: 0.346s std dev: 0.04581s window: 100
average rate: 8.889
	min: 0.067s max: 0.346s std dev: 0.04552s window: 100
average rate: 9.111
	min: 0.067s max: 0.346s std dev: 0.04439s window: 100
average rate: 9.014
	min: 0.067s max: 0.346s std dev: 0.04477s window: 100
average rate: 8.945
	min: 0.064s max: 0.346s std dev: 0.04546s window: 100
average rate: 8.745
	min: 0.064s max: 0.346s std dev: 0.04832s window: 100
average rate: 8.763
	min: 0.064s max: 0.346s std dev: 0.04726s window: 100
average rate: 8.488
	min: 0.064s max: 0.398s std dev: 0.05602s window: 100
average rate: 8.794
	min: 0.061s max: 0.398s std dev: 0.05262s window: 100
average rate: 8.625
	min: 0.061s max: 0.398s std dev: 0.05399s window: 100
average rate: 8.669
	min: 0.061s max: 0.409s std dev: 0.05657s window: 100
average rate: 8.502
	min: 0.061s max: 0.409s std dev: 0.05606s window: 100
average rate: 8.545
	min: 0.061s max: 0.409s std dev: 0.05572s window: 100
average rate: 8.501
	min: 0.061s max: 0.409s std dev: 0.05634s window: 100
average rate: 8.355
	min: 0.061s max: 0.409s std dev: 0.06211s window: 100
average rate: 8.330
	min: 0.061s max: 0.409s std dev: 0.06180s window: 100
average rate: 8.448
	min: 0.061s max: 0.409s std dev: 0.05876s window: 100
average rate: 8.891
	min: 0.061s max: 0.409s std dev: 0.04976s window: 100
average rate: 8.674
	min: 0.068s max: 0.409s std dev: 0.05087s window: 100
average rate: 8.639
	min: 0.068s max: 0.409s std dev: 0.05110s window: 100
average rate: 8.628
	min: 0.068s max: 0.409s std dev: 0.04990s window: 100
average rate: 8.981
	min: 0.063s max: 0.381s std dev: 0.04189s window: 100
average rate: 8.649
	min: 0.063s max: 0.413s std dev: 0.05275s window: 100
average rate: 8.611
	min: 0.063s max: 0.413s std dev: 0.05276s window: 100
average rate: 8.617
	min: 0.063s max: 0.413s std dev: 0.05370s window: 100
average rate: 8.687
	min: 0.063s max: 0.413s std dev: 0.04692s window: 100
average rate: 8.758
	min: 0.063s max: 0.413s std dev: 0.04707s window: 100
average rate: 8.747
	min: 0.063s max: 0.413s std dev: 0.04730s window: 100
average rate: 9.110
	min: 0.063s max: 0.413s std dev: 0.04542s window: 100
average rate: 9.145
	min: 0.063s max: 0.413s std dev: 0.04682s window: 100
average rate: 9.092
	min: 0.063s max: 0.413s std dev: 0.04772s window: 100
average rate: 8.950
	min: 0.064s max: 0.413s std dev: 0.04863s window: 100
average rate: 9.086
	min: 0.064s max: 0.413s std dev: 0.04612s window: 100
average rate: 9.112
	min: 0.064s max: 0.328s std dev: 0.04238s window: 100
average rate: 8.982
	min: 0.064s max: 0.328s std dev: 0.04188s window: 100
average rate: 9.212
	min: 0.057s max: 0.328s std dev: 0.04169s window: 100
average rate: 9.224
	min: 0.057s max: 0.328s std dev: 0.04107s window: 100
average rate: 9.176
	min: 0.057s max: 0.328s std dev: 0.04234s window: 100
average rate: 9.144
	min: 0.057s max: 0.328s std dev: 0.04263s window: 100
average rate: 9.204
	min: 0.057s max: 0.328s std dev: 0.04116s window: 100
average rate: 9.143
	min: 0.057s max: 0.328s std dev: 0.03974s window: 100
average rate: 9.367
	min: 0.057s max: 0.328s std dev: 0.03734s window: 100
average rate: 9.299
	min: 0.057s max: 0.328s std dev: 0.03877s window: 100
average rate: 9.651
	min: 0.057s max: 0.215s std dev: 0.02869s window: 100
average rate: 9.482
	min: 0.057s max: 0.369s std dev: 0.03969s window: 100
average rate: 9.377
	min: 0.058s max: 0.369s std dev: 0.04083s window: 100
average rate: 9.201
	min: 0.058s max: 0.369s std dev: 0.04262s window: 100
average rate: 9.306
	min: 0.058s max: 0.369s std dev: 0.04115s window: 100
average rate: 9.002
	min: 0.071s max: 0.369s std dev: 0.04581s window: 100
average rate: 8.990
	min: 0.071s max: 0.369s std dev: 0.04576s window: 100
average rate: 9.142
	min: 0.071s max: 0.369s std dev: 0.04601s window: 100
average rate: 8.964
	min: 0.071s max: 0.369s std dev: 0.04792s window: 100
average rate: 8.902
	min: 0.071s max: 0.369s std dev: 0.04766s window: 100
average rate: 8.822
	min: 0.071s max: 0.369s std dev: 0.04812s window: 100
average rate: 8.993
	min: 0.070s max: 0.317s std dev: 0.04200s window: 100
average rate: 8.928
	min: 0.070s max: 0.317s std dev: 0.04044s window: 100
average rate: 9.002
	min: 0.067s max: 0.317s std dev: 0.04091s window: 100
average rate: 9.046
	min: 0.067s max: 0.317s std dev: 0.03998s window: 100
average rate: 9.293
	min: 0.065s max: 0.250s std dev: 0.03544s window: 100
average rate: 9.232
	min: 0.065s max: 0.250s std dev: 0.03490s window: 100
average rate: 9.119
	min: 0.065s max: 0.263s std dev: 0.03908s window: 100
average rate: 9.076
	min: 0.065s max: 0.263s std dev: 0.03728s window: 100
average rate: 9.008
	min: 0.064s max: 0.263s std dev: 0.04056s window: 100
average rate: 8.833
	min: 0.064s max: 0.343s std dev: 0.04552s window: 100
average rate: 8.629
	min: 0.064s max: 0.343s std dev: 0.04993s window: 100
average rate: 8.523
	min: 0.064s max: 0.343s std dev: 0.05244s window: 100
average rate: 8.604
	min: 0.064s max: 0.343s std dev: 0.05247s window: 100
average rate: 8.561
	min: 0.064s max: 0.343s std dev: 0.05097s window: 100
average rate: 8.568
	min: 0.064s max: 0.343s std dev: 0.05042s window: 100
average rate: 8.664
	min: 0.064s max: 0.343s std dev: 0.05029s window: 100
average rate: 8.482
	min: 0.064s max: 0.343s std dev: 0.05161s window: 100
average rate: 8.574
	min: 0.064s max: 0.343s std dev: 0.04892s window: 100
average rate: 8.181
	min: 0.064s max: 0.412s std dev: 0.05933s window: 100
average rate: 8.243
	min: 0.066s max: 0.412s std dev: 0.05772s window: 100
average rate: 8.477
	min: 0.066s max: 0.412s std dev: 0.05248s window: 100
average rate: 8.489
	min: 0.066s max: 0.412s std dev: 0.04957s window: 100
average rate: 8.640
	min: 0.068s max: 0.412s std dev: 0.04682s window: 100
average rate: 8.654
	min: 0.068s max: 0.412s std dev: 0.04760s window: 100
average rate: 8.494
	min: 0.068s max: 0.412s std dev: 0.04929s window: 100
average rate: 8.606
	min: 0.057s max: 0.412s std dev: 0.05010s window: 100
average rate: 8.670
	min: 0.057s max: 0.412s std dev: 0.05090s window: 100
average rate: 8.549
	min: 0.057s max: 0.412s std dev: 0.05312s window: 100
average rate: 8.583
	min: 0.057s max: 0.412s std dev: 0.05250s window: 100
average rate: 8.919
	min: 0.057s max: 0.278s std dev: 0.04033s window: 100
average rate: 9.028
	min: 0.057s max: 0.308s std dev: 0.04520s window: 100
average rate: 9.068
	min: 0.057s max: 0.308s std dev: 0.04736s window: 100
average rate: 9.126
	min: 0.057s max: 0.308s std dev: 0.04583s window: 100
average rate: 9.149
	min: 0.053s max: 0.308s std dev: 0.04549s window: 100
average rate: 9.169
	min: 0.053s max: 0.308s std dev: 0.04671s window: 100
average rate: 9.009
	min: 0.053s max: 0.308s std dev: 0.04660s window: 100
average rate: 8.863
	min: 0.049s max: 0.308s std dev: 0.04874s window: 100
average rate: 8.687
	min: 0.049s max: 0.308s std dev: 0.05202s window: 100
average rate: 8.710
	min: 0.049s max: 0.308s std dev: 0.05182s window: 100
average rate: 8.598
	min: 0.049s max: 0.308s std dev: 0.05285s window: 100
average rate: 8.507
	min: 0.049s max: 0.308s std dev: 0.05475s window: 100
average rate: 8.288
	min: 0.049s max: 0.308s std dev: 0.05577s window: 100
average rate: 8.260
	min: 0.049s max: 0.300s std dev: 0.05207s window: 100
average rate: 8.068
	min: 0.049s max: 0.300s std dev: 0.05378s window: 100
average rate: 8.056
	min: 0.049s max: 0.339s std dev: 0.05779s window: 100
average rate: 7.927
	min: 0.049s max: 0.339s std dev: 0.05767s window: 100
average rate: 7.929
	min: 0.049s max: 0.339s std dev: 0.05621s window: 100
average rate: 7.841
	min: 0.049s max: 0.339s std dev: 0.05691s window: 100
average rate: 7.813
	min: 0.052s max: 0.339s std dev: 0.05854s window: 100
average rate: 7.842
	min: 0.052s max: 0.339s std dev: 0.05612s window: 100
average rate: 7.904
	min: 0.052s max: 0.339s std dev: 0.05460s window: 100
average rate: 8.064
	min: 0.052s max: 0.339s std dev: 0.05514s window: 100
average rate: 8.255
	min: 0.052s max: 0.339s std dev: 0.05207s window: 100
average rate: 8.405
	min: 0.052s max: 0.339s std dev: 0.05180s window: 100
average rate: 8.584
	min: 0.052s max: 0.339s std dev: 0.04888s window: 100
average rate: 8.636
	min: 0.052s max: 0.322s std dev: 0.04535s window: 100
average rate: 8.714
	min: 0.052s max: 0.322s std dev: 0.04445s window: 100
average rate: 9.083
	min: 0.052s max: 0.322s std dev: 0.04130s window: 100
average rate: 9.318
	min: 0.066s max: 0.243s std dev: 0.03452s window: 100
average rate: 9.362
	min: 0.066s max: 0.243s std dev: 0.03398s window: 100
average rate: 9.508
	min: 0.066s max: 0.243s std dev: 0.03157s window: 100
average rate: 9.426
	min: 0.066s max: 0.243s std dev: 0.03102s window: 100
average rate: 9.478
	min: 0.065s max: 0.243s std dev: 0.03150s window: 100
average rate: 9.442
	min: 0.060s max: 0.243s std dev: 0.03150s window: 100
average rate: 9.574
	min: 0.059s max: 0.243s std dev: 0.03058s window: 100
average rate: 9.491
	min: 0.059s max: 0.302s std dev: 0.03361s window: 100
average rate: 9.471
	min: 0.059s max: 0.302s std dev: 0.03543s window: 100
average rate: 9.422
	min: 0.059s max: 0.302s std dev: 0.03523s window: 100
average rate: 9.116
	min: 0.059s max: 0.429s std dev: 0.04828s window: 100
average rate: 9.151
	min: 0.059s max: 0.429s std dev: 0.04744s window: 100
average rate: 9.284
	min: 0.059s max: 0.429s std dev: 0.04745s window: 100
average rate: 9.511
	min: 0.058s max: 0.429s std dev: 0.04685s window: 100
average rate: 9.322
	min: 0.055s max: 0.429s std dev: 0.04816s window: 100
average rate: 9.507
	min: 0.055s max: 0.429s std dev: 0.04710s window: 100
average rate: 9.487
	min: 0.055s max: 0.429s std dev: 0.04742s window: 100
average rate: 9.390
	min: 0.055s max: 0.429s std dev: 0.04795s window: 100
average rate: 9.288
	min: 0.055s max: 0.429s std dev: 0.04728s window: 100
average rate: 9.352
	min: 0.055s max: 0.429s std dev: 0.04723s window: 100
average rate: 9.800
	min: 0.055s max: 0.288s std dev: 0.03400s window: 100
average rate: 9.778
	min: 0.055s max: 0.288s std dev: 0.03425s window: 100
average rate: 9.632
	min: 0.055s max: 0.288s std dev: 0.03794s window: 100
average rate: 9.524
	min: 0.055s max: 0.288s std dev: 0.03746s window: 100
average rate: 9.532
	min: 0.060s max: 0.288s std dev: 0.03759s window: 100
average rate: 9.151
	min: 0.060s max: 0.288s std dev: 0.04299s window: 100
average rate: 9.110
	min: 0.060s max: 0.288s std dev: 0.04292s window: 100
average rate: 9.361
	min: 0.060s max: 0.254s std dev: 0.03766s window: 100
average rate: 9.296
	min: 0.058s max: 0.254s std dev: 0.03886s window: 100
average rate: 9.312
	min: 0.058s max: 0.254s std dev: 0.03916s window: 100
average rate: 9.122
	min: 0.058s max: 0.254s std dev: 0.03894s window: 100
average rate: 8.955
	min: 0.058s max: 0.254s std dev: 0.04079s window: 100
average rate: 8.647
	min: 0.058s max: 0.294s std dev: 0.04679s window: 100
average rate: 8.737
	min: 0.058s max: 0.294s std dev: 0.04438s window: 100
average rate: 8.557
	min: 0.058s max: 0.299s std dev: 0.04765s window: 100
average rate: 8.627
	min: 0.058s max: 0.299s std dev: 0.04630s window: 100
average rate: 8.726
	min: 0.058s max: 0.413s std dev: 0.05247s window: 100
average rate: 8.506
	min: 0.058s max: 0.413s std dev: 0.05420s window: 100
average rate: 8.432
	min: 0.058s max: 0.413s std dev: 0.05468s window: 100
average rate: 8.407
	min: 0.040s max: 0.413s std dev: 0.05547s window: 100
average rate: 8.337
	min: 0.040s max: 0.413s std dev: 0.05506s window: 100
average rate: 8.257
	min: 0.040s max: 0.413s std dev: 0.05575s window: 100
average rate: 7.951
	min: 0.040s max: 0.413s std dev: 0.06023s window: 100
average rate: 8.329
	min: 0.040s max: 0.413s std dev: 0.05493s window: 100
average rate: 8.205
	min: 0.040s max: 0.413s std dev: 0.05589s window: 100
average rate: 8.318
	min: 0.040s max: 0.413s std dev: 0.05308s window: 100
average rate: 8.324
	min: 0.040s max: 0.413s std dev: 0.05313s window: 100
average rate: 8.462
	min: 0.040s max: 0.284s std dev: 0.04378s window: 100
average rate: 8.512
	min: 0.040s max: 0.284s std dev: 0.04384s window: 100
average rate: 8.338
	min: 0.040s max: 0.284s std dev: 0.04635s window: 100
average rate: 8.381
	min: 0.040s max: 0.284s std dev: 0.04834s window: 100
average rate: 8.325
	min: 0.060s max: 0.284s std dev: 0.04837s window: 100
average rate: 8.406
	min: 0.060s max: 0.284s std dev: 0.04828s window: 100
average rate: 8.634
	min: 0.060s max: 0.337s std dev: 0.04767s window: 100
average rate: 8.618
	min: 0.060s max: 0.337s std dev: 0.04810s window: 100
average rate: 8.617
	min: 0.047s max: 0.337s std dev: 0.05102s window: 100
average rate: 8.470
	min: 0.047s max: 0.337s std dev: 0.05180s window: 100
average rate: 8.471
	min: 0.047s max: 0.337s std dev: 0.05194s window: 100
average rate: 8.476
	min: 0.047s max: 0.337s std dev: 0.05248s window: 100
average rate: 8.617
	min: 0.047s max: 0.337s std dev: 0.05059s window: 100
average rate: 8.681
	min: 0.047s max: 0.337s std dev: 0.05073s window: 100
average rate: 8.944
	min: 0.047s max: 0.337s std dev: 0.04644s window: 100
average rate: 8.872
	min: 0.047s max: 0.388s std dev: 0.05211s window: 100
average rate: 8.783
	min: 0.047s max: 0.388s std dev: 0.05310s window: 100
average rate: 8.783
	min: 0.047s max: 0.388s std dev: 0.04945s window: 100
average rate: 8.650
	min: 0.047s max: 0.388s std dev: 0.05018s window: 100
average rate: 8.768
	min: 0.063s max: 0.388s std dev: 0.04599s window: 100
average rate: 8.827
	min: 0.063s max: 0.388s std dev: 0.04587s window: 100
average rate: 8.768
	min: 0.064s max: 0.388s std dev: 0.04545s window: 100
average rate: 8.635
	min: 0.049s max: 0.388s std dev: 0.04975s window: 100
average rate: 8.588
	min: 0.049s max: 0.388s std dev: 0.05013s window: 100
average rate: 8.347
	min: 0.049s max: 0.388s std dev: 0.05307s window: 100
average rate: 8.125
	min: 0.049s max: 0.388s std dev: 0.05684s window: 100
average rate: 8.073
	min: 0.049s max: 0.388s std dev: 0.05782s window: 100
average rate: 8.253
	min: 0.049s max: 0.316s std dev: 0.05184s window: 100
average rate: 8.269
	min: 0.049s max: 0.316s std dev: 0.05117s window: 100
average rate: 8.265
	min: 0.049s max: 0.316s std dev: 0.05186s window: 100
average rate: 8.314
	min: 0.049s max: 0.316s std dev: 0.05168s window: 100
average rate: 8.266
	min: 0.049s max: 0.316s std dev: 0.05326s window: 100
average rate: 7.809
	min: 0.049s max: 0.605s std dev: 0.07221s window: 100
average rate: 7.974
	min: 0.049s max: 0.605s std dev: 0.07192s window: 100
average rate: 8.042
	min: 0.049s max: 0.605s std dev: 0.06910s window: 100
average rate: 8.007
	min: 0.049s max: 0.605s std dev: 0.06936s window: 100
average rate: 8.476
	min: 0.049s max: 0.605s std dev: 0.06265s window: 100
average rate: 8.378
	min: 0.051s max: 0.605s std dev: 0.06296s window: 100
average rate: 8.458
	min: 0.051s max: 0.605s std dev: 0.06182s window: 100
average rate: 8.324
	min: 0.051s max: 0.605s std dev: 0.06459s window: 100
average rate: 8.540
	min: 0.051s max: 0.605s std dev: 0.06317s window: 100
average rate: 8.485
	min: 0.051s max: 0.605s std dev: 0.06398s window: 100
average rate: 8.538
	min: 0.051s max: 0.605s std dev: 0.06310s window: 100
average rate: 8.927
	min: 0.051s max: 0.302s std dev: 0.04003s window: 100
average rate: 8.783
	min: 0.051s max: 0.302s std dev: 0.04155s window: 100
average rate: 8.679
	min: 0.051s max: 0.302s std dev: 0.04247s window: 100
average rate: 8.616
	min: 0.051s max: 0.302s std dev: 0.04440s window: 100
average rate: 8.609
	min: 0.051s max: 0.302s std dev: 0.04412s window: 100
average rate: 8.462
	min: 0.051s max: 0.321s std dev: 0.04752s window: 100
average rate: 8.408
	min: 0.045s max: 0.321s std dev: 0.04910s window: 100
average rate: 8.555
	min: 0.045s max: 0.321s std dev: 0.04565s window: 100
average rate: 8.311
	min: 0.045s max: 0.407s std dev: 0.05391s window: 100
average rate: 8.343
	min: 0.045s max: 0.407s std dev: 0.05458s window: 100
average rate: 8.332
	min: 0.045s max: 0.407s std dev: 0.05482s window: 100
average rate: 8.339
	min: 0.045s max: 0.407s std dev: 0.05463s window: 100
average rate: 8.326
	min: 0.045s max: 0.407s std dev: 0.05541s window: 100
average rate: 8.337
	min: 0.045s max: 0.407s std dev: 0.05722s window: 100
average rate: 8.319
	min: 0.045s max: 0.407s std dev: 0.05886s window: 100
average rate: 8.191
	min: 0.045s max: 0.407s std dev: 0.06028s window: 100
average rate: 8.381
	min: 0.045s max: 0.407s std dev: 0.05711s window: 100
average rate: 8.129
	min: 0.049s max: 0.407s std dev: 0.06100s window: 100
average rate: 7.995
	min: 0.049s max: 0.407s std dev: 0.06167s window: 100
average rate: 8.199
	min: 0.049s max: 0.317s std dev: 0.05483s window: 100
average rate: 7.992
	min: 0.052s max: 0.418s std dev: 0.06143s window: 100
average rate: 7.987
	min: 0.052s max: 0.418s std dev: 0.06028s window: 100
average rate: 7.858
	min: 0.052s max: 0.418s std dev: 0.06345s window: 100
average rate: 7.919
	min: 0.052s max: 0.418s std dev: 0.06283s window: 100
average rate: 7.882
	min: 0.052s max: 0.418s std dev: 0.06514s window: 100
average rate: 8.008
	min: 0.052s max: 0.418s std dev: 0.06092s window: 100
average rate: 7.876
	min: 0.052s max: 0.418s std dev: 0.06141s window: 100
average rate: 7.757
	min: 0.055s max: 0.418s std dev: 0.06147s window: 100
average rate: 7.352
	min: 0.055s max: 0.421s std dev: 0.07327s window: 100
average rate: 7.291
	min: 0.059s max: 0.421s std dev: 0.07287s window: 100
average rate: 7.350
	min: 0.045s max: 0.421s std dev: 0.07369s window: 100
average rate: 7.252
	min: 0.045s max: 0.421s std dev: 0.07535s window: 100
average rate: 7.296
	min: 0.045s max: 0.421s std dev: 0.06972s window: 100
average rate: 7.415
	min: 0.045s max: 0.421s std dev: 0.06967s window: 100
average rate: 7.244
	min: 0.045s max: 0.421s std dev: 0.07048s window: 100
average rate: 7.164
	min: 0.045s max: 0.421s std dev: 0.06957s window: 100
average rate: 7.148
	min: 0.045s max: 0.421s std dev: 0.07039s window: 100
average rate: 7.183
	min: 0.045s max: 0.421s std dev: 0.06818s window: 100
average rate: 7.245
	min: 0.045s max: 0.421s std dev: 0.06882s window: 100
average rate: 7.296
	min: 0.045s max: 0.421s std dev: 0.06924s window: 100
average rate: 7.513
	min: 0.045s max: 0.403s std dev: 0.06460s window: 100
average rate: 7.790
	min: 0.045s max: 0.310s std dev: 0.05677s window: 100
average rate: 7.936
	min: 0.057s max: 0.310s std dev: 0.05380s window: 100
average rate: 8.223
	min: 0.057s max: 0.310s std dev: 0.04989s window: 100
average rate: 7.915
	min: 0.057s max: 0.310s std dev: 0.05594s window: 100
average rate: 7.749
	min: 0.057s max: 0.310s std dev: 0.05784s window: 100
average rate: 8.002
	min: 0.057s max: 0.310s std dev: 0.05630s window: 100
average rate: 8.256
	min: 0.056s max: 0.310s std dev: 0.05225s window: 100
average rate: 8.193
	min: 0.056s max: 0.310s std dev: 0.05244s window: 100
average rate: 8.127
	min: 0.048s max: 0.316s std dev: 0.05499s window: 100
average rate: 8.181
	min: 0.048s max: 0.316s std dev: 0.05380s window: 100
average rate: 8.387
	min: 0.048s max: 0.316s std dev: 0.04895s window: 100
average rate: 8.414
	min: 0.048s max: 0.316s std dev: 0.04966s window: 100
average rate: 8.120
	min: 0.048s max: 0.329s std dev: 0.05461s window: 100
average rate: 8.036
	min: 0.048s max: 0.329s std dev: 0.05475s window: 100
average rate: 7.941
	min: 0.048s max: 0.329s std dev: 0.05596s window: 100
average rate: 7.938
	min: 0.048s max: 0.419s std dev: 0.06072s window: 100
average rate: 7.971
	min: 0.048s max: 0.419s std dev: 0.05978s window: 100
average rate: 7.973
	min: 0.048s max: 0.419s std dev: 0.06088s window: 100
average rate: 8.058
	min: 0.048s max: 0.419s std dev: 0.05956s window: 100
average rate: 8.131
	min: 0.053s max: 0.419s std dev: 0.05910s window: 100
average rate: 8.194
	min: 0.053s max: 0.419s std dev: 0.05898s window: 100
average rate: 7.997
	min: 0.053s max: 0.419s std dev: 0.06217s window: 100
average rate: 7.926
	min: 0.053s max: 0.419s std dev: 0.06310s window: 100
average rate: 8.063
	min: 0.053s max: 0.419s std dev: 0.06237s window: 100
average rate: 8.011
	min: 0.053s max: 0.419s std dev: 0.06272s window: 100
average rate: 7.984
	min: 0.053s max: 0.419s std dev: 0.06251s window: 100
average rate: 8.181
	min: 0.053s max: 0.419s std dev: 0.05933s window: 100
average rate: 8.475
	min: 0.053s max: 0.323s std dev: 0.05060s window: 100
average rate: 8.543
	min: 0.062s max: 0.323s std dev: 0.04953s window: 100
average rate: 8.480
	min: 0.062s max: 0.323s std dev: 0.05066s window: 100
average rate: 8.389
	min: 0.064s max: 0.323s std dev: 0.05078s window: 100
average rate: 8.341
	min: 0.055s max: 0.319s std dev: 0.04945s window: 100
average rate: 8.540
	min: 0.055s max: 0.319s std dev: 0.04579s window: 100
average rate: 8.564
	min: 0.055s max: 0.319s std dev: 0.04592s window: 100
average rate: 8.465
	min: 0.055s max: 0.319s std dev: 0.04578s window: 100
average rate: 8.636
	min: 0.055s max: 0.266s std dev: 0.04106s window: 100
average rate: 8.612
	min: 0.055s max: 0.266s std dev: 0.04186s window: 100
average rate: 8.388
	min: 0.055s max: 0.385s std dev: 0.05518s window: 100
average rate: 8.133
	min: 0.055s max: 0.385s std dev: 0.05670s window: 100
average rate: 8.123
	min: 0.055s max: 0.385s std dev: 0.05621s window: 100
average rate: 7.986
	min: 0.055s max: 0.385s std dev: 0.05758s window: 100
average rate: 7.620
	min: 0.055s max: 0.493s std dev: 0.07362s window: 100
average rate: 7.641
	min: 0.055s max: 0.493s std dev: 0.07362s window: 100
average rate: 7.853
	min: 0.056s max: 0.493s std dev: 0.07213s window: 100
average rate: 7.744
	min: 0.056s max: 0.493s std dev: 0.07350s window: 100
average rate: 7.800
	min: 0.056s max: 0.493s std dev: 0.07254s window: 100
average rate: 7.706
	min: 0.056s max: 0.493s std dev: 0.07586s window: 100
average rate: 7.688
	min: 0.056s max: 0.493s std dev: 0.07706s window: 100
average rate: 7.708
	min: 0.056s max: 0.493s std dev: 0.07688s window: 100
average rate: 8.075
	min: 0.060s max: 0.493s std dev: 0.06803s window: 100
average rate: 8.106
	min: 0.060s max: 0.493s std dev: 0.06772s window: 100
average rate: 8.195
	min: 0.057s max: 0.493s std dev: 0.06741s window: 100
average rate: 8.621
	min: 0.057s max: 0.370s std dev: 0.05205s window: 100
average rate: 8.483
	min: 0.057s max: 0.370s std dev: 0.05389s window: 100
average rate: 8.390
	min: 0.057s max: 0.370s std dev: 0.05349s window: 100
average rate: 8.188
	min: 0.057s max: 0.370s std dev: 0.05504s window: 100
average rate: 8.112
	min: 0.057s max: 0.370s std dev: 0.05557s window: 100
average rate: 8.139
	min: 0.057s max: 0.370s std dev: 0.05612s window: 100
average rate: 8.272
	min: 0.057s max: 0.370s std dev: 0.05191s window: 100
average rate: 8.413
	min: 0.057s max: 0.370s std dev: 0.04914s window: 100
average rate: 8.246
	min: 0.057s max: 0.403s std dev: 0.05591s window: 100
average rate: 8.411
	min: 0.057s max: 0.403s std dev: 0.05519s window: 100
average rate: 8.192
	min: 0.060s max: 0.403s std dev: 0.05623s window: 100
average rate: 8.033
	min: 0.060s max: 0.403s std dev: 0.05647s window: 100
average rate: 8.268
	min: 0.060s max: 0.403s std dev: 0.04992s window: 100
average rate: 8.174
	min: 0.060s max: 0.403s std dev: 0.05072s window: 100
average rate: 8.211
	min: 0.060s max: 0.403s std dev: 0.05127s window: 100
average rate: 8.360
	min: 0.060s max: 0.403s std dev: 0.04977s window: 100
average rate: 8.256
	min: 0.065s max: 0.403s std dev: 0.05266s window: 100
average rate: 8.247
	min: 0.065s max: 0.403s std dev: 0.05455s window: 100
average rate: 8.367
	min: 0.065s max: 0.403s std dev: 0.05328s window: 100
average rate: 8.523
	min: 0.065s max: 0.288s std dev: 0.04434s window: 100
average rate: 8.412
	min: 0.067s max: 0.288s std dev: 0.04651s window: 100
average rate: 8.215
	min: 0.067s max: 0.304s std dev: 0.05271s window: 100
average rate: 8.442
	min: 0.062s max: 0.304s std dev: 0.05199s window: 100
average rate: 8.215
	min: 0.062s max: 0.311s std dev: 0.05609s window: 100
average rate: 7.988
	min: 0.062s max: 0.311s std dev: 0.05909s window: 100
average rate: 8.008
	min: 0.062s max: 0.311s std dev: 0.05809s window: 100
average rate: 8.046
	min: 0.062s max: 0.311s std dev: 0.05749s window: 100
average rate: 8.011
	min: 0.062s max: 0.311s std dev: 0.05624s window: 100
average rate: 7.885
	min: 0.062s max: 0.311s std dev: 0.05743s window: 100
average rate: 7.851
	min: 0.062s max: 0.311s std dev: 0.05676s window: 100
average rate: 7.810
	min: 0.062s max: 0.311s std dev: 0.05736s window: 100
average rate: 7.945
	min: 0.062s max: 0.311s std dev: 0.05582s window: 100
average rate: 7.857
	min: 0.062s max: 0.311s std dev: 0.05702s window: 100
average rate: 7.821
	min: 0.062s max: 0.405s std dev: 0.05891s window: 100
average rate: 7.758
	min: 0.062s max: 0.405s std dev: 0.06125s window: 100
average rate: 7.584
	min: 0.062s max: 0.508s std dev: 0.06956s window: 100
average rate: 7.748
	min: 0.062s max: 0.508s std dev: 0.06801s window: 100
average rate: 7.685
	min: 0.062s max: 0.508s std dev: 0.06823s window: 100
average rate: 7.799
	min: 0.062s max: 0.508s std dev: 0.06709s window: 100
average rate: 7.803
	min: 0.062s max: 0.508s std dev: 0.06688s window: 100
average rate: 7.938
	min: 0.062s max: 0.508s std dev: 0.06582s window: 100
average rate: 7.827
	min: 0.062s max: 0.508s std dev: 0.06748s window: 100
average rate: 7.696
	min: 0.062s max: 0.508s std dev: 0.06796s window: 100
average rate: 7.636
	min: 0.062s max: 0.508s std dev: 0.06872s window: 100
average rate: 7.515
	min: 0.062s max: 0.508s std dev: 0.07028s window: 100
average rate: 7.815
	min: 0.062s max: 0.508s std dev: 0.06390s window: 100
average rate: 7.881
	min: 0.062s max: 0.508s std dev: 0.06276s window: 100
average rate: 8.262
	min: 0.062s max: 0.305s std dev: 0.05142s window: 100
average rate: 8.331
	min: 0.062s max: 0.305s std dev: 0.05107s window: 100
average rate: 8.144
	min: 0.062s max: 0.305s std dev: 0.05506s window: 100
average rate: 7.819
	min: 0.062s max: 0.506s std dev: 0.06718s window: 100
average rate: 7.798
	min: 0.062s max: 0.506s std dev: 0.06721s window: 100
average rate: 7.578
	min: 0.068s max: 0.506s std dev: 0.06840s window: 100
average rate: 7.633
	min: 0.061s max: 0.506s std dev: 0.06784s window: 100
average rate: 7.557
	min: 0.061s max: 0.506s std dev: 0.06942s window: 100
average rate: 7.481
	min: 0.061s max: 0.506s std dev: 0.07254s window: 100
average rate: 7.477
	min: 0.061s max: 0.506s std dev: 0.07266s window: 100
average rate: 7.260
	min: 0.061s max: 0.506s std dev: 0.07496s window: 100
average rate: 7.085
	min: 0.061s max: 0.506s std dev: 0.08081s window: 100
average rate: 7.198
	min: 0.056s max: 0.506s std dev: 0.07878s window: 100
average rate: 7.099
	min: 0.056s max: 0.506s std dev: 0.07889s window: 100
average rate: 6.947
	min: 0.056s max: 0.506s std dev: 0.08043s window: 100
average rate: 6.668
	min: 0.056s max: 0.506s std dev: 0.08588s window: 100
average rate: 6.756
	min: 0.056s max: 0.498s std dev: 0.08567s window: 100
average rate: 6.667
	min: 0.056s max: 0.498s std dev: 0.08716s window: 100
average rate: 6.667
	min: 0.053s max: 0.498s std dev: 0.08957s window: 100
average rate: 6.575
	min: 0.053s max: 0.498s std dev: 0.08887s window: 100
average rate: 6.665
	min: 0.053s max: 0.498s std dev: 0.08740s window: 100
average rate: 6.700
	min: 0.053s max: 0.498s std dev: 0.08832s window: 100
average rate: 6.627
	min: 0.053s max: 0.498s std dev: 0.08890s window: 100
average rate: 6.789
	min: 0.053s max: 0.498s std dev: 0.08618s window: 100
average rate: 6.861
	min: 0.053s max: 0.498s std dev: 0.08245s window: 100
average rate: 6.898
	min: 0.053s max: 0.498s std dev: 0.08179s window: 100
average rate: 6.582
	min: 0.053s max: 0.498s std dev: 0.09202s window: 100
average rate: 6.449
	min: 0.053s max: 0.498s std dev: 0.09566s window: 100
average rate: 6.667
	min: 0.053s max: 0.498s std dev: 0.09403s window: 100
average rate: 6.750
	min: 0.053s max: 0.498s std dev: 0.09041s window: 100
average rate: 7.093
	min: 0.053s max: 0.488s std dev: 0.08158s window: 100
average rate: 7.248
	min: 0.059s max: 0.488s std dev: 0.07837s window: 100
average rate: 7.248
	min: 0.059s max: 0.488s std dev: 0.07853s window: 100
average rate: 7.252
	min: 0.059s max: 0.488s std dev: 0.07861s window: 100
average rate: 7.299
	min: 0.059s max: 0.488s std dev: 0.07698s window: 100
average rate: 7.405
	min: 0.059s max: 0.488s std dev: 0.07442s window: 100
average rate: 7.514
	min: 0.059s max: 0.488s std dev: 0.07398s window: 100
average rate: 7.351
	min: 0.059s max: 0.488s std dev: 0.07588s window: 100
average rate: 7.404
	min: 0.059s max: 0.488s std dev: 0.07142s window: 100
average rate: 7.447
	min: 0.062s max: 0.339s std dev: 0.06382s window: 100
average rate: 7.684
	min: 0.062s max: 0.302s std dev: 0.05759s window: 100
average rate: 7.862
	min: 0.068s max: 0.302s std dev: 0.05521s window: 100
average rate: 7.751
	min: 0.068s max: 0.302s std dev: 0.05545s window: 100
average rate: 7.753
	min: 0.068s max: 0.311s std dev: 0.05770s window: 100
average rate: 7.696
	min: 0.068s max: 0.311s std dev: 0.06012s window: 100
average rate: 7.686
	min: 0.068s max: 0.311s std dev: 0.06020s window: 100
average rate: 7.507
	min: 0.063s max: 0.328s std dev: 0.06452s window: 100
average rate: 7.622
	min: 0.063s max: 0.328s std dev: 0.06300s window: 100
average rate: 7.458
	min: 0.063s max: 0.328s std dev: 0.06427s window: 100
average rate: 7.678
	min: 0.063s max: 0.328s std dev: 0.05980s window: 100
average rate: 7.684
	min: 0.063s max: 0.328s std dev: 0.06150s window: 100
average rate: 7.751
	min: 0.063s max: 0.404s std dev: 0.06441s window: 100
average rate: 7.472
	min: 0.063s max: 0.412s std dev: 0.07233s window: 100
average rate: 7.525
	min: 0.063s max: 0.412s std dev: 0.07238s window: 100
