# command: ros2 topic hz /airy_points --window 100
# started: 2026-05-24 16:52:53 +0800
WARNING: topic [/airy_points] does not appear to be published yet
average rate: 6.663
	min: 0.058s max: 0.289s std dev: 0.08109s window: 8
average rate: 6.168
	min: 0.058s max: 0.469s std dev: 0.10860s window: 14
average rate: 6.819
	min: 0.058s max: 0.469s std dev: 0.09025s window: 23
average rate: 6.112
	min: 0.058s max: 0.469s std dev: 0.09576s window: 28
average rate: 5.629
	min: 0.058s max: 0.713s std dev: 0.13238s window: 32
average rate: 6.280
	min: 0.058s max: 0.713s std dev: 0.12024s window: 42
average rate: 6.354
	min: 0.058s max: 0.713s std dev: 0.12016s window: 52
average rate: 6.684
	min: 0.058s max: 0.713s std dev: 0.11210s window: 62
average rate: 6.616
	min: 0.058s max: 0.713s std dev: 0.10924s window: 68
average rate: 6.826
	min: 0.058s max: 0.713s std dev: 0.10399s window: 77
average rate: 7.001
	min: 0.058s max: 0.713s std dev: 0.09949s window: 86
average rate: 7.075
	min: 0.058s max: 0.713s std dev: 0.09620s window: 94
average rate: 7.036
	min: 0.058s max: 0.713s std dev: 0.09506s window: 100
average rate: 7.290
	min: 0.081s max: 0.713s std dev: 0.08859s window: 100
average rate: 7.135
	min: 0.081s max: 0.713s std dev: 0.09210s window: 100
average rate: 7.133
	min: 0.081s max: 0.713s std dev: 0.09217s window: 100
average rate: 7.935
	min: 0.081s max: 0.497s std dev: 0.06534s window: 100
average rate: 7.625
	min: 0.085s max: 0.497s std dev: 0.06987s window: 100
average rate: 7.185
	min: 0.089s max: 0.600s std dev: 0.08786s window: 100
average rate: 6.889
	min: 0.089s max: 0.698s std dev: 0.10396s window: 100
average rate: 6.981
	min: 0.089s max: 0.698s std dev: 0.10114s window: 100
average rate: 6.839
	min: 0.089s max: 0.698s std dev: 0.10323s window: 100
average rate: 6.704
	min: 0.089s max: 0.698s std dev: 0.10443s window: 100
average rate: 6.612
	min: 0.089s max: 0.698s std dev: 0.10441s window: 100
average rate: 6.401
	min: 0.089s max: 0.698s std dev: 0.10992s window: 100
average rate: 6.403
	min: 0.089s max: 0.698s std dev: 0.10993s window: 100
average rate: 6.278
	min: 0.089s max: 0.698s std dev: 0.11263s window: 100
average rate: 6.360
	min: 0.089s max: 0.698s std dev: 0.11265s window: 100
average rate: 6.483
	min: 0.089s max: 0.698s std dev: 0.10943s window: 100
average rate: 6.126
	min: 0.090s max: 0.698s std dev: 0.11940s window: 100
average rate: 6.017
	min: 0.090s max: 0.698s std dev: 0.12408s window: 100
average rate: 5.840
	min: 0.090s max: 0.698s std dev: 0.12780s window: 100
average rate: 5.705
	min: 0.090s max: 0.698s std dev: 0.12707s window: 100
average rate: 5.642
	min: 0.090s max: 0.698s std dev: 0.13052s window: 100
average rate: 5.578
	min: 0.090s max: 0.698s std dev: 0.13519s window: 100
average rate: 5.805
	min: 0.090s max: 0.599s std dev: 0.11939s window: 100
average rate: 5.839
	min: 0.090s max: 0.599s std dev: 0.11698s window: 100
average rate: 5.775
	min: 0.090s max: 0.599s std dev: 0.11738s window: 100
average rate: 5.805
	min: 0.090s max: 0.599s std dev: 0.11835s window: 100
average rate: 5.906
	min: 0.090s max: 0.599s std dev: 0.11637s window: 100
average rate: 5.773
	min: 0.090s max: 0.599s std dev: 0.12070s window: 100
average rate: 5.806
	min: 0.091s max: 0.599s std dev: 0.11808s window: 100
average rate: 5.839
	min: 0.091s max: 0.599s std dev: 0.11746s window: 100
average rate: 5.874
	min: 0.091s max: 0.599s std dev: 0.11846s window: 100
average rate: 6.090
	min: 0.091s max: 0.599s std dev: 0.10859s window: 100
average rate: 6.320
	min: 0.091s max: 0.599s std dev: 0.09894s window: 100
average rate: 6.441
	min: 0.091s max: 0.599s std dev: 0.09910s window: 100
average rate: 6.239
	min: 0.091s max: 0.599s std dev: 0.10082s window: 100
average rate: 6.570
	min: 0.091s max: 0.500s std dev: 0.08536s window: 100
average rate: 6.653
	min: 0.091s max: 0.500s std dev: 0.08428s window: 100
average rate: 6.613
	min: 0.090s max: 0.500s std dev: 0.08426s window: 100
average rate: 6.659
	min: 0.090s max: 0.500s std dev: 0.08546s window: 100
average rate: 6.703
	min: 0.090s max: 0.500s std dev: 0.08314s window: 100
average rate: 6.701
	min: 0.090s max: 0.500s std dev: 0.08050s window: 100
average rate: 6.938
	min: 0.090s max: 0.397s std dev: 0.07251s window: 100
average rate: 6.793
	min: 0.090s max: 0.397s std dev: 0.07274s window: 100
average rate: 6.575
	min: 0.090s max: 0.493s std dev: 0.08011s window: 100
average rate: 6.450
	min: 0.090s max: 0.493s std dev: 0.08249s window: 100
average rate: 6.366
	min: 0.090s max: 0.497s std dev: 0.08918s window: 100
average rate: 6.209
	min: 0.090s max: 0.497s std dev: 0.08994s window: 100
average rate: 6.021
	min: 0.090s max: 0.605s std dev: 0.10000s window: 100
average rate: 6.024
	min: 0.090s max: 0.605s std dev: 0.10287s window: 100
average rate: 6.207
	min: 0.090s max: 0.605s std dev: 0.10055s window: 100
average rate: 6.253
	min: 0.090s max: 0.605s std dev: 0.09873s window: 100
average rate: 6.251
	min: 0.090s max: 0.605s std dev: 0.09877s window: 100
average rate: 6.057
	min: 0.090s max: 0.909s std dev: 0.12154s window: 100
average rate: 5.848
	min: 0.090s max: 0.909s std dev: 0.12229s window: 100
average rate: 6.060
	min: 0.090s max: 0.909s std dev: 0.12154s window: 100
average rate: 5.917
	min: 0.090s max: 0.909s std dev: 0.12178s window: 100
average rate: 5.883
	min: 0.090s max: 0.909s std dev: 0.12249s window: 100
average rate: 5.848
	min: 0.090s max: 0.909s std dev: 0.12310s window: 100
average rate: 6.026
	min: 0.090s max: 0.909s std dev: 0.11922s window: 100
average rate: 6.022
	min: 0.090s max: 0.909s std dev: 0.11669s window: 100
average rate: 6.097
	min: 0.090s max: 0.909s std dev: 0.11713s window: 100
average rate: 6.251
	min: 0.090s max: 0.909s std dev: 0.11026s window: 100
average rate: 6.369
	min: 0.087s max: 0.909s std dev: 0.10790s window: 100
average rate: 6.288
	min: 0.087s max: 0.909s std dev: 0.10778s window: 100
average rate: 6.493
	min: 0.087s max: 0.909s std dev: 0.10710s window: 100
average rate: 6.493
	min: 0.087s max: 0.909s std dev: 0.10808s window: 100
average rate: 6.945
	min: 0.087s max: 0.504s std dev: 0.08203s window: 100
average rate: 6.850
	min: 0.087s max: 0.504s std dev: 0.08456s window: 100
average rate: 6.848
	min: 0.087s max: 0.504s std dev: 0.08329s window: 100
average rate: 6.849
	min: 0.087s max: 0.504s std dev: 0.08329s window: 100
average rate: 6.848
	min: 0.087s max: 0.504s std dev: 0.08452s window: 100
average rate: 6.848
	min: 0.087s max: 0.504s std dev: 0.08558s window: 100
average rate: 6.756
	min: 0.087s max: 0.504s std dev: 0.08559s window: 100
average rate: 6.753
	min: 0.087s max: 0.504s std dev: 0.08549s window: 100
average rate: 6.625
	min: 0.087s max: 0.600s std dev: 0.08993s window: 100
average rate: 6.494
	min: 0.087s max: 0.600s std dev: 0.09101s window: 100
average rate: 6.452
	min: 0.087s max: 0.600s std dev: 0.09308s window: 100
average rate: 6.412
	min: 0.092s max: 0.600s std dev: 0.09301s window: 100
average rate: 6.330
	min: 0.092s max: 0.600s std dev: 0.09285s window: 100
average rate: 6.173
	min: 0.092s max: 0.600s std dev: 0.09340s window: 100
average rate: 6.370
	min: 0.092s max: 0.600s std dev: 0.08500s window: 100
average rate: 6.211
	min: 0.092s max: 0.600s std dev: 0.08589s window: 100
average rate: 6.289
	min: 0.092s max: 0.600s std dev: 0.08492s window: 100
average rate: 6.061
	min: 0.092s max: 0.699s std dev: 0.10029s window: 100
average rate: 5.883
	min: 0.092s max: 0.699s std dev: 0.10350s window: 100
average rate: 5.882
	min: 0.092s max: 0.699s std dev: 0.10446s window: 100
average rate: 5.916
	min: 0.092s max: 0.699s std dev: 0.10268s window: 100
average rate: 5.884
	min: 0.092s max: 0.699s std dev: 0.10348s window: 100
average rate: 5.954
	min: 0.092s max: 0.699s std dev: 0.10486s window: 100
average rate: 6.172
	min: 0.092s max: 0.699s std dev: 0.09584s window: 100
average rate: 6.172
	min: 0.092s max: 0.699s std dev: 0.09348s window: 100
average rate: 6.209
	min: 0.092s max: 0.699s std dev: 0.09168s window: 100
average rate: 6.132
	min: 0.093s max: 0.699s std dev: 0.09229s window: 100
average rate: 6.213
	min: 0.093s max: 0.699s std dev: 0.09251s window: 100
average rate: 6.174
	min: 0.093s max: 0.699s std dev: 0.09465s window: 100
average rate: 6.409
	min: 0.093s max: 0.699s std dev: 0.09387s window: 100
average rate: 6.708
	min: 0.093s max: 0.404s std dev: 0.07528s window: 100
average rate: 6.578
	min: 0.093s max: 0.496s std dev: 0.07903s window: 100
average rate: 6.620
	min: 0.092s max: 0.496s std dev: 0.08020s window: 100
average rate: 6.669
	min: 0.092s max: 0.496s std dev: 0.08135s window: 100
average rate: 6.898
	min: 0.092s max: 0.496s std dev: 0.07996s window: 100
average rate: 6.895
	min: 0.085s max: 0.496s std dev: 0.07875s window: 100
average rate: 6.756
	min: 0.085s max: 0.496s std dev: 0.08256s window: 100
average rate: 6.624
	min: 0.085s max: 0.893s std dev: 0.10926s window: 100
average rate: 6.535
	min: 0.085s max: 0.893s std dev: 0.11018s window: 100
average rate: 6.578
	min: 0.085s max: 0.893s std dev: 0.10902s window: 100
average rate: 6.489
	min: 0.085s max: 0.893s std dev: 0.11100s window: 100
average rate: 6.410
	min: 0.085s max: 0.893s std dev: 0.11201s window: 100
average rate: 6.370
	min: 0.085s max: 0.893s std dev: 0.11474s window: 100
average rate: 6.249
	min: 0.085s max: 0.893s std dev: 0.11541s window: 100
average rate: 6.247
	min: 0.085s max: 0.893s std dev: 0.11542s window: 100
average rate: 6.330
	min: 0.085s max: 0.893s std dev: 0.11226s window: 100
average rate: 6.450
	min: 0.085s max: 0.893s std dev: 0.10974s window: 100
average rate: 6.579
	min: 0.085s max: 0.893s std dev: 0.10798s window: 100
average rate: 6.327
	min: 0.085s max: 0.893s std dev: 0.11320s window: 100
average rate: 6.250
	min: 0.087s max: 0.893s std dev: 0.11387s window: 100
average rate: 6.136
	min: 0.087s max: 0.893s std dev: 0.11684s window: 100
average rate: 6.171
	min: 0.087s max: 0.893s std dev: 0.11585s window: 100
average rate: 6.493
	min: 0.087s max: 0.507s std dev: 0.08869s window: 100
average rate: 6.534
	min: 0.087s max: 0.507s std dev: 0.08888s window: 100
average rate: 6.403
	min: 0.087s max: 0.525s std dev: 0.10041s window: 100
average rate: 6.412
	min: 0.081s max: 0.525s std dev: 0.09936s window: 100
average rate: 6.623
	min: 0.081s max: 0.525s std dev: 0.09197s window: 100
average rate: 6.578
	min: 0.081s max: 0.525s std dev: 0.09540s window: 100
average rate: 6.414
	min: 0.081s max: 0.525s std dev: 0.09629s window: 100
average rate: 6.449
	min: 0.081s max: 0.525s std dev: 0.09541s window: 100
average rate: 6.213
	min: 0.081s max: 0.525s std dev: 0.10169s window: 100
average rate: 6.134
	min: 0.081s max: 0.525s std dev: 0.10357s window: 100
average rate: 6.249
	min: 0.081s max: 0.525s std dev: 0.09910s window: 100
average rate: 6.098
	min: 0.081s max: 0.525s std dev: 0.10058s window: 100
average rate: 6.133
	min: 0.081s max: 0.525s std dev: 0.09983s window: 100
average rate: 6.097
	min: 0.081s max: 0.525s std dev: 0.10235s window: 100
average rate: 6.173
	min: 0.081s max: 0.525s std dev: 0.10268s window: 100
average rate: 5.916
	min: 0.081s max: 0.525s std dev: 0.11021s window: 100
average rate: 5.919
	min: 0.081s max: 0.525s std dev: 0.10542s window: 100
average rate: 5.919
	min: 0.082s max: 0.502s std dev: 0.09968s window: 100
average rate: 5.915
	min: 0.082s max: 0.502s std dev: 0.10068s window: 100
average rate: 5.881
	min: 0.082s max: 0.502s std dev: 0.10147s window: 100
average rate: 6.057
	min: 0.082s max: 0.502s std dev: 0.09705s window: 100
average rate: 5.990
	min: 0.082s max: 0.502s std dev: 0.10036s window: 100
average rate: 6.290
	min: 0.082s max: 0.502s std dev: 0.09116s window: 100
average rate: 6.211
	min: 0.082s max: 0.502s std dev: 0.09095s window: 100
average rate: 6.283
	min: 0.082s max: 0.502s std dev: 0.09215s window: 100
average rate: 6.170
	min: 0.082s max: 0.502s std dev: 0.09419s window: 100
average rate: 6.253
	min: 0.090s max: 0.502s std dev: 0.09317s window: 100
average rate: 6.396
	min: 0.087s max: 0.502s std dev: 0.08637s window: 100
average rate: 6.709
	min: 0.083s max: 0.401s std dev: 0.07440s window: 100
average rate: 6.801
	min: 0.077s max: 0.401s std dev: 0.07418s window: 100
average rate: 6.897
	min: 0.077s max: 0.401s std dev: 0.07415s window: 100
average rate: 6.942
	min: 0.077s max: 0.401s std dev: 0.07259s window: 100
average rate: 6.755
	min: 0.077s max: 0.407s std dev: 0.07826s window: 100
average rate: 6.798
	min: 0.077s max: 0.407s std dev: 0.07837s window: 100
average rate: 6.848
	min: 0.077s max: 0.407s std dev: 0.07731s window: 100
average rate: 6.750
	min: 0.077s max: 0.487s std dev: 0.08090s window: 100
average rate: 6.713
	min: 0.077s max: 0.487s std dev: 0.08442s window: 100
average rate: 6.497
	min: 0.077s max: 0.487s std dev: 0.08765s window: 100
average rate: 6.498
	min: 0.077s max: 0.487s std dev: 0.08515s window: 100
average rate: 6.666
	min: 0.077s max: 0.487s std dev: 0.08414s window: 100
average rate: 6.619
	min: 0.077s max: 0.487s std dev: 0.08417s window: 100
average rate: 6.668
	min: 0.077s max: 0.487s std dev: 0.08529s window: 100
average rate: 6.765
	min: 0.077s max: 0.487s std dev: 0.08519s window: 100
average rate: 6.850
	min: 0.081s max: 0.487s std dev: 0.08279s window: 100
average rate: 6.799
	min: 0.081s max: 0.487s std dev: 0.08411s window: 100
average rate: 6.844
	min: 0.081s max: 0.487s std dev: 0.08146s window: 100
average rate: 6.944
	min: 0.081s max: 0.487s std dev: 0.08012s window: 100
average rate: 6.806
	min: 0.081s max: 0.487s std dev: 0.08168s window: 100
average rate: 6.945
	min: 0.081s max: 0.402s std dev: 0.07429s window: 100
average rate: 6.859
	min: 0.085s max: 0.402s std dev: 0.07807s window: 100
average rate: 6.895
	min: 0.085s max: 0.402s std dev: 0.07552s window: 100
average rate: 6.943
	min: 0.085s max: 0.402s std dev: 0.07413s window: 100
average rate: 7.250
	min: 0.085s max: 0.394s std dev: 0.06912s window: 100
average rate: 7.245
	min: 0.085s max: 0.394s std dev: 0.06902s window: 100
average rate: 7.195
	min: 0.085s max: 0.394s std dev: 0.06751s window: 100
average rate: 6.847
	min: 0.086s max: 0.403s std dev: 0.07403s window: 100
average rate: 6.756
	min: 0.086s max: 0.403s std dev: 0.07672s window: 100
average rate: 6.753
	min: 0.086s max: 0.403s std dev: 0.07667s window: 100
average rate: 6.799
	min: 0.087s max: 0.403s std dev: 0.07518s window: 100
average rate: 6.897
	min: 0.087s max: 0.403s std dev: 0.07228s window: 100
average rate: 6.949
	min: 0.087s max: 0.403s std dev: 0.07072s window: 100
average rate: 6.945
	min: 0.087s max: 0.403s std dev: 0.07216s window: 100
average rate: 6.898
	min: 0.087s max: 0.403s std dev: 0.06940s window: 100
average rate: 7.293
	min: 0.087s max: 0.403s std dev: 0.06404s window: 100
average rate: 7.353
	min: 0.087s max: 0.403s std dev: 0.06370s window: 100
average rate: 7.459
	min: 0.087s max: 0.403s std dev: 0.06168s window: 100
average rate: 7.408
	min: 0.087s max: 0.403s std dev: 0.06237s window: 100
average rate: 7.463
	min: 0.087s max: 0.306s std dev: 0.05890s window: 100
average rate: 7.576
	min: 0.087s max: 0.302s std dev: 0.05479s window: 100
average rate: 7.756
	min: 0.087s max: 0.301s std dev: 0.05177s window: 100
average rate: 7.931
	min: 0.087s max: 0.301s std dev: 0.05032s window: 100
average rate: 7.866
	min: 0.087s max: 0.301s std dev: 0.05099s window: 100
average rate: 8.004
	min: 0.087s max: 0.301s std dev: 0.04997s window: 100
average rate: 8.195
	min: 0.087s max: 0.301s std dev: 0.04452s window: 100
average rate: 8.132
	min: 0.087s max: 0.301s std dev: 0.04537s window: 100
average rate: 8.003
	min: 0.087s max: 0.301s std dev: 0.04863s window: 100
average rate: 7.932
	min: 0.087s max: 0.301s std dev: 0.04916s window: 100
average rate: 7.873
	min: 0.087s max: 0.301s std dev: 0.04980s window: 100
average rate: 8.000
	min: 0.088s max: 0.301s std dev: 0.04843s window: 100
average rate: 7.874
	min: 0.088s max: 0.302s std dev: 0.05132s window: 100
average rate: 7.995
	min: 0.088s max: 0.302s std dev: 0.05027s window: 100
average rate: 7.994
	min: 0.049s max: 0.302s std dev: 0.05176s window: 100
average rate: 8.065
	min: 0.049s max: 0.302s std dev: 0.05125s window: 100
average rate: 7.817
	min: 0.049s max: 0.302s std dev: 0.05482s window: 100
average rate: 7.570
	min: 0.049s max: 0.704s std dev: 0.07881s window: 100
average rate: 7.292
	min: 0.049s max: 0.704s std dev: 0.08118s window: 100
average rate: 7.199
	min: 0.049s max: 0.704s std dev: 0.08123s window: 100
average rate: 7.142
	min: 0.049s max: 0.704s std dev: 0.08150s window: 100
average rate: 7.195
	min: 0.049s max: 0.704s std dev: 0.08146s window: 100
average rate: 7.091
	min: 0.049s max: 0.704s std dev: 0.08163s window: 100
average rate: 7.145
	min: 0.049s max: 0.704s std dev: 0.08258s window: 100
average rate: 7.046
	min: 0.049s max: 0.704s std dev: 0.08277s window: 100
average rate: 7.193
	min: 0.049s max: 0.704s std dev: 0.07998s window: 100
average rate: 7.198
	min: 0.091s max: 0.704s std dev: 0.08021s window: 100
average rate: 7.144
	min: 0.091s max: 0.704s std dev: 0.08040s window: 100
average rate: 7.137
	min: 0.090s max: 0.704s std dev: 0.08039s window: 100
average rate: 7.090
	min: 0.090s max: 0.704s std dev: 0.08150s window: 100
average rate: 7.754
	min: 0.090s max: 0.299s std dev: 0.05493s window: 100
average rate: 7.744
	min: 0.090s max: 0.408s std dev: 0.06059s window: 100
average rate: 7.692
	min: 0.090s max: 0.408s std dev: 0.06225s window: 100
average rate: 7.694
	min: 0.090s max: 0.408s std dev: 0.06210s window: 100
average rate: 7.751
	min: 0.090s max: 0.408s std dev: 0.06184s window: 100
average rate: 7.564
	min: 0.090s max: 0.611s std dev: 0.07649s window: 100
average rate: 7.631
	min: 0.089s max: 0.611s std dev: 0.07638s window: 100
average rate: 7.630
	min: 0.089s max: 0.611s std dev: 0.07621s window: 100
average rate: 7.352
	min: 0.089s max: 0.611s std dev: 0.07846s window: 100
average rate: 7.240
	min: 0.089s max: 0.611s std dev: 0.08033s window: 100
average rate: 7.246
	min: 0.088s max: 0.611s std dev: 0.08038s window: 100
average rate: 7.295
	min: 0.088s max: 0.611s std dev: 0.08040s window: 100
average rate: 7.193
	min: 0.088s max: 0.611s std dev: 0.08325s window: 100
average rate: 7.090
	min: 0.088s max: 0.611s std dev: 0.08342s window: 100
average rate: 7.146
	min: 0.088s max: 0.611s std dev: 0.08067s window: 100
average rate: 7.298
	min: 0.088s max: 0.611s std dev: 0.07887s window: 100
average rate: 7.294
	min: 0.088s max: 0.611s std dev: 0.07775s window: 100
average rate: 7.640
	min: 0.086s max: 0.401s std dev: 0.06144s window: 100
average rate: 7.696
	min: 0.086s max: 0.401s std dev: 0.06106s window: 100
average rate: 7.692
	min: 0.086s max: 0.401s std dev: 0.06276s window: 100
average rate: 8.006
	min: 0.086s max: 0.401s std dev: 0.05736s window: 100
average rate: 8.002
	min: 0.086s max: 0.401s std dev: 0.05534s window: 100
average rate: 7.996
	min: 0.086s max: 0.401s std dev: 0.05362s window: 100
average rate: 8.123
	min: 0.086s max: 0.401s std dev: 0.05295s window: 100
average rate: 8.135
	min: 0.086s max: 0.302s std dev: 0.04889s window: 100
average rate: 8.197
	min: 0.086s max: 0.297s std dev: 0.04600s window: 100
average rate: 8.269
	min: 0.085s max: 0.297s std dev: 0.04560s window: 100
average rate: 8.196
	min: 0.085s max: 0.297s std dev: 0.04627s window: 100
average rate: 8.263
	min: 0.085s max: 0.297s std dev: 0.04540s window: 100
average rate: 8.192
	min: 0.085s max: 0.297s std dev: 0.04622s window: 100
average rate: 8.064
	min: 0.085s max: 0.297s std dev: 0.04743s window: 100
average rate: 8.002
	min: 0.085s max: 0.308s std dev: 0.05011s window: 100
average rate: 7.874
	min: 0.085s max: 0.308s std dev: 0.05141s window: 100
average rate: 8.002
	min: 0.085s max: 0.308s std dev: 0.05010s window: 100
average rate: 8.071
	min: 0.085s max: 0.308s std dev: 0.04941s window: 100
average rate: 8.199
	min: 0.085s max: 0.308s std dev: 0.04628s window: 100
average rate: 8.196
	min: 0.085s max: 0.308s std dev: 0.04635s window: 100
average rate: 8.065
	min: 0.088s max: 0.308s std dev: 0.04956s window: 100
average rate: 7.876
	min: 0.088s max: 0.308s std dev: 0.05269s window: 100
average rate: 7.876
	min: 0.088s max: 0.308s std dev: 0.05436s window: 100
average rate: 7.815
	min: 0.088s max: 0.308s std dev: 0.05483s window: 100
average rate: 7.809
	min: 0.088s max: 0.308s std dev: 0.05481s window: 100
average rate: 8.005
	min: 0.088s max: 0.299s std dev: 0.05121s window: 100
average rate: 7.936
	min: 0.088s max: 0.299s std dev: 0.05190s window: 100
average rate: 7.871
	min: 0.088s max: 0.299s std dev: 0.05215s window: 100
average rate: 7.932
	min: 0.088s max: 0.299s std dev: 0.05191s window: 100
average rate: 7.820
	min: 0.087s max: 0.299s std dev: 0.05282s window: 100
average rate: 7.573
	min: 0.087s max: 0.400s std dev: 0.05952s window: 100
average rate: 7.519
	min: 0.087s max: 0.400s std dev: 0.06168s window: 100
average rate: 7.408
	min: 0.087s max: 0.400s std dev: 0.06233s window: 100
average rate: 7.407
	min: 0.087s max: 0.400s std dev: 0.06083s window: 100
average rate: 7.352
	min: 0.087s max: 0.400s std dev: 0.06113s window: 100
average rate: 7.241
	min: 0.087s max: 0.505s std dev: 0.07096s window: 100
average rate: 6.945
	min: 0.087s max: 0.803s std dev: 0.09687s window: 100
average rate: 6.711
	min: 0.087s max: 0.803s std dev: 0.09811s window: 100
average rate: 6.667
	min: 0.087s max: 0.803s std dev: 0.09810s window: 100
average rate: 6.758
	min: 0.087s max: 0.803s std dev: 0.09696s window: 100
average rate: 6.710
	min: 0.087s max: 0.803s std dev: 0.10005s window: 100
average rate: 6.803
	min: 0.087s max: 0.803s std dev: 0.09993s window: 100
average rate: 6.715
	min: 0.087s max: 0.803s std dev: 0.10113s window: 100
average rate: 6.941
	min: 0.090s max: 0.803s std dev: 0.09779s window: 100
average rate: 7.095
	min: 0.090s max: 0.803s std dev: 0.09737s window: 100
average rate: 7.091
	min: 0.090s max: 0.803s std dev: 0.09747s window: 100
average rate: 7.299
	min: 0.090s max: 0.803s std dev: 0.09502s window: 100
average rate: 7.410
	min: 0.090s max: 0.803s std dev: 0.08888s window: 100
average rate: 7.575
	min: 0.090s max: 0.395s std dev: 0.06146s window: 100
average rate: 7.692
	min: 0.090s max: 0.395s std dev: 0.06085s window: 100
average rate: 7.574
	min: 0.090s max: 0.395s std dev: 0.06300s window: 100
average rate: 7.519
	min: 0.088s max: 0.395s std dev: 0.06494s window: 100
average rate: 7.517
	min: 0.081s max: 0.305s std dev: 0.06214s window: 100
average rate: 7.409
	min: 0.081s max: 0.305s std dev: 0.06297s window: 100
average rate: 7.513
	min: 0.081s max: 0.302s std dev: 0.06054s window: 100
average rate: 7.403
	min: 0.081s max: 0.511s std dev: 0.07082s window: 100
average rate: 7.300
	min: 0.081s max: 0.511s std dev: 0.07113s window: 100
average rate: 7.406
	min: 0.081s max: 0.511s std dev: 0.06944s window: 100
average rate: 7.409
	min: 0.081s max: 0.511s std dev: 0.06909s window: 100
average rate: 7.519
	min: 0.081s max: 0.511s std dev: 0.06730s window: 100
average rate: 7.631
	min: 0.081s max: 0.511s std dev: 0.06683s window: 100
average rate: 7.805
	min: 0.081s max: 0.511s std dev: 0.06269s window: 100
average rate: 7.413
	min: 0.081s max: 0.511s std dev: 0.07319s window: 100
average rate: 7.696
	min: 0.081s max: 0.511s std dev: 0.06911s window: 100
average rate: 7.936
	min: 0.081s max: 0.511s std dev: 0.06620s window: 100
average rate: 7.689
	min: 0.081s max: 0.511s std dev: 0.07167s window: 100
average rate: 7.575
	min: 0.081s max: 0.511s std dev: 0.07217s window: 100
average rate: 7.942
	min: 0.081s max: 0.401s std dev: 0.06079s window: 100
average rate: 7.999
	min: 0.081s max: 0.401s std dev: 0.06047s window: 100
average rate: 7.934
	min: 0.081s max: 0.401s std dev: 0.06245s window: 100
average rate: 7.816
	min: 0.081s max: 0.401s std dev: 0.06322s window: 100
average rate: 7.821
	min: 0.081s max: 0.401s std dev: 0.06336s window: 100
average rate: 7.874
	min: 0.090s max: 0.401s std dev: 0.06282s window: 100
average rate: 7.693
	min: 0.090s max: 0.401s std dev: 0.06996s window: 100
average rate: 8.192
	min: 0.090s max: 0.401s std dev: 0.05788s window: 100
average rate: 7.999
	min: 0.090s max: 0.401s std dev: 0.06106s window: 100
average rate: 7.991
	min: 0.090s max: 0.401s std dev: 0.06093s window: 100
average rate: 8.260
	min: 0.088s max: 0.401s std dev: 0.05566s window: 100
average rate: 8.194
	min: 0.088s max: 0.401s std dev: 0.05620s window: 100
average rate: 8.130
	min: 0.088s max: 0.401s std dev: 0.05671s window: 100
average rate: 8.065
	min: 0.088s max: 0.401s std dev: 0.05693s window: 100
average rate: 8.197
	min: 0.088s max: 0.401s std dev: 0.05611s window: 100
average rate: 8.004
	min: 0.088s max: 0.402s std dev: 0.06263s window: 100
average rate: 7.812
	min: 0.088s max: 0.402s std dev: 0.06512s window: 100
average rate: 7.753
	min: 0.088s max: 0.402s std dev: 0.06822s window: 100
average rate: 7.810
	min: 0.088s max: 0.402s std dev: 0.06315s window: 100
average rate: 7.691
	min: 0.088s max: 0.402s std dev: 0.06526s window: 100
average rate: 7.350
	min: 0.088s max: 0.408s std dev: 0.07283s window: 100
average rate: 7.145
	min: 0.088s max: 0.408s std dev: 0.07754s window: 100
average rate: 6.941
	min: 0.088s max: 0.491s std dev: 0.08486s window: 100
average rate: 6.900
	min: 0.088s max: 0.491s std dev: 0.08484s window: 100
average rate: 6.850
	min: 0.088s max: 0.491s std dev: 0.08472s window: 100
average rate: 6.667
	min: 0.088s max: 0.491s std dev: 0.08927s window: 100
average rate: 6.536
	min: 0.088s max: 0.491s std dev: 0.09019s window: 100
average rate: 6.539
	min: 0.088s max: 0.491s std dev: 0.09057s window: 100
average rate: 6.289
	min: 0.088s max: 0.491s std dev: 0.09350s window: 100
average rate: 5.882
	min: 0.088s max: 0.805s std dev: 0.11781s window: 100
average rate: 5.882
	min: 0.088s max: 0.805s std dev: 0.11692s window: 100
average rate: 5.884
	min: 0.088s max: 0.805s std dev: 0.11716s window: 100
average rate: 5.814
	min: 0.091s max: 0.805s std dev: 0.11783s window: 100
average rate: 5.814
	min: 0.091s max: 0.805s std dev: 0.11787s window: 100
average rate: 5.815
	min: 0.091s max: 0.805s std dev: 0.11697s window: 100
average rate: 6.063
	min: 0.091s max: 0.805s std dev: 0.11438s window: 100
average rate: 6.027
	min: 0.092s max: 0.805s std dev: 0.11344s window: 100
average rate: 6.253
	min: 0.092s max: 0.805s std dev: 0.10824s window: 100
average rate: 6.099
	min: 0.092s max: 0.805s std dev: 0.11154s window: 100
average rate: 6.250
	min: 0.092s max: 0.805s std dev: 0.10942s window: 100
average rate: 6.410
	min: 0.090s max: 0.805s std dev: 0.10789s window: 100
average rate: 6.369
	min: 0.090s max: 0.805s std dev: 0.10764s window: 100
average rate: 6.620
	min: 0.090s max: 0.805s std dev: 0.10199s window: 100
average rate: 7.043
	min: 0.090s max: 0.403s std dev: 0.07542s window: 100
average rate: 7.037
	min: 0.090s max: 0.403s std dev: 0.07521s window: 100
average rate: 7.295
	min: 0.087s max: 0.403s std dev: 0.06886s window: 100
average rate: 7.247
	min: 0.087s max: 0.403s std dev: 0.06897s window: 100
average rate: 7.042
	min: 0.087s max: 0.403s std dev: 0.07237s window: 100
average rate: 6.990
	min: 0.087s max: 0.403s std dev: 0.07262s window: 100
average rate: 6.992
	min: 0.087s max: 0.500s std dev: 0.07670s window: 100
average rate: 7.044
	min: 0.087s max: 0.500s std dev: 0.07517s window: 100
average rate: 7.092
	min: 0.087s max: 0.500s std dev: 0.07094s window: 100
average rate: 6.948
	min: 0.087s max: 0.500s std dev: 0.07269s window: 100
average rate: 6.898
	min: 0.087s max: 0.500s std dev: 0.07671s window: 100
average rate: 7.040
	min: 0.087s max: 0.500s std dev: 0.07540s window: 100
average rate: 7.091
	min: 0.087s max: 0.500s std dev: 0.07656s window: 100
average rate: 6.850
	min: 0.087s max: 0.500s std dev: 0.08407s window: 100
average rate: 6.805
	min: 0.087s max: 0.500s std dev: 0.08648s window: 100
average rate: 6.851
	min: 0.088s max: 0.500s std dev: 0.08634s window: 100
average rate: 6.941
	min: 0.089s max: 0.500s std dev: 0.08623s window: 100
average rate: 7.041
	min: 0.089s max: 0.500s std dev: 0.08375s window: 100
average rate: 7.095
	min: 0.089s max: 0.498s std dev: 0.08344s window: 100
average rate: 7.245
	min: 0.089s max: 0.498s std dev: 0.08296s window: 100
average rate: 7.199
	min: 0.091s max: 0.498s std dev: 0.08435s window: 100
average rate: 7.041
	min: 0.092s max: 0.498s std dev: 0.09137s window: 100
average rate: 7.091
	min: 0.092s max: 0.498s std dev: 0.09018s window: 100
average rate: 7.194
	min: 0.092s max: 0.498s std dev: 0.08668s window: 100
average rate: 7.090
	min: 0.092s max: 0.498s std dev: 0.08689s window: 100
average rate: 7.190
	min: 0.094s max: 0.498s std dev: 0.08546s window: 100
average rate: 7.140
	min: 0.094s max: 0.498s std dev: 0.08213s window: 100
average rate: 7.354
	min: 0.094s max: 0.498s std dev: 0.07775s window: 100
average rate: 7.092
	min: 0.093s max: 0.498s std dev: 0.08231s window: 100
average rate: 6.806
	min: 0.093s max: 0.498s std dev: 0.09065s window: 100
average rate: 6.849
	min: 0.093s max: 0.498s std dev: 0.09170s window: 100
average rate: 6.712
	min: 0.093s max: 0.498s std dev: 0.09086s window: 100
average rate: 6.624
	min: 0.093s max: 0.498s std dev: 0.09086s window: 100
average rate: 6.577
	min: 0.093s max: 0.498s std dev: 0.09081s window: 100
average rate: 6.805
	min: 0.093s max: 0.496s std dev: 0.08276s window: 100
average rate: 6.896
	min: 0.093s max: 0.496s std dev: 0.08267s window: 100
average rate: 6.804
	min: 0.093s max: 0.496s std dev: 0.08403s window: 100
average rate: 6.944
	min: 0.093s max: 0.496s std dev: 0.08146s window: 100
average rate: 6.711
	min: 0.093s max: 0.496s std dev: 0.08417s window: 100
average rate: 6.620
	min: 0.093s max: 0.496s std dev: 0.08779s window: 100
average rate: 6.755
	min: 0.093s max: 0.496s std dev: 0.08431s window: 100
average rate: 6.757
	min: 0.093s max: 0.496s std dev: 0.08065s window: 100
average rate: 6.758
	min: 0.093s max: 0.496s std dev: 0.08180s window: 100
average rate: 6.852
	min: 0.094s max: 0.400s std dev: 0.07426s window: 100
average rate: 6.944
	min: 0.094s max: 0.504s std dev: 0.07554s window: 100
average rate: 7.246
	min: 0.089s max: 0.504s std dev: 0.07364s window: 100
average rate: 7.196
	min: 0.089s max: 0.504s std dev: 0.07508s window: 100
average rate: 7.244
	min: 0.089s max: 0.504s std dev: 0.07506s window: 100
average rate: 7.301
	min: 0.089s max: 0.504s std dev: 0.07483s window: 100
average rate: 7.299
	min: 0.089s max: 0.504s std dev: 0.07334s window: 100
average rate: 7.353
	min: 0.089s max: 0.504s std dev: 0.07157s window: 100
average rate: 7.694
	min: 0.089s max: 0.504s std dev: 0.06413s window: 100
average rate: 7.576
	min: 0.089s max: 0.504s std dev: 0.06482s window: 100
average rate: 7.576
	min: 0.089s max: 0.504s std dev: 0.06488s window: 100
average rate: 7.520
	min: 0.089s max: 0.504s std dev: 0.06659s window: 100
average rate: 7.247
	min: 0.089s max: 0.604s std dev: 0.08127s window: 100
average rate: 7.353
	min: 0.089s max: 0.604s std dev: 0.08093s window: 100
average rate: 7.351
	min: 0.092s max: 0.604s std dev: 0.07440s window: 100
average rate: 7.146
	min: 0.092s max: 0.604s std dev: 0.07763s window: 100
average rate: 7.193
	min: 0.092s max: 0.604s std dev: 0.07607s window: 100
average rate: 6.947
	min: 0.092s max: 0.604s std dev: 0.08392s window: 100
average rate: 6.711
	min: 0.092s max: 0.604s std dev: 0.08867s window: 100
average rate: 6.622
	min: 0.092s max: 0.604s std dev: 0.09535s window: 100
average rate: 6.581
	min: 0.092s max: 0.604s std dev: 0.09825s window: 100
average rate: 6.411
	min: 0.092s max: 0.604s std dev: 0.10600s window: 100
average rate: 6.329
	min: 0.094s max: 0.604s std dev: 0.10854s window: 100
average rate: 6.289
	min: 0.094s max: 0.604s std dev: 0.11117s window: 100
average rate: 6.249
	min: 0.090s max: 0.604s std dev: 0.11107s window: 100
average rate: 6.252
	min: 0.090s max: 0.604s std dev: 0.11114s window: 100
average rate: 6.411
	min: 0.090s max: 0.501s std dev: 0.10192s window: 100
average rate: 6.711
	min: 0.090s max: 0.501s std dev: 0.10002s window: 100
average rate: 6.756
	min: 0.090s max: 0.501s std dev: 0.09999s window: 100
average rate: 6.714
	min: 0.090s max: 0.501s std dev: 0.10002s window: 100
average rate: 6.850
	min: 0.090s max: 0.501s std dev: 0.09497s window: 100
average rate: 6.850
	min: 0.090s max: 0.501s std dev: 0.10011s window: 100
average rate: 6.667
	min: 0.090s max: 0.503s std dev: 0.10610s window: 100
average rate: 6.669
	min: 0.090s max: 0.503s std dev: 0.10124s window: 100
average rate: 6.756
	min: 0.090s max: 0.503s std dev: 0.09840s window: 100
average rate: 6.536
	min: 0.090s max: 0.600s std dev: 0.10788s window: 100
average rate: 6.756
	min: 0.090s max: 0.600s std dev: 0.10230s window: 100
average rate: 6.539
	min: 0.090s max: 0.600s std dev: 0.11163s window: 100
average rate: 6.449
	min: 0.091s max: 0.600s std dev: 0.11250s window: 100
average rate: 6.452
	min: 0.091s max: 0.600s std dev: 0.11252s window: 100
average rate: 6.328
	min: 0.091s max: 0.600s std dev: 0.11324s window: 100
average rate: 6.210
	min: 0.093s max: 0.600s std dev: 0.11384s window: 100
average rate: 6.170
	min: 0.093s max: 0.600s std dev: 0.11292s window: 100
average rate: 6.023
	min: 0.093s max: 0.603s std dev: 0.12030s window: 100
average rate: 6.133
	min: 0.094s max: 0.603s std dev: 0.11984s window: 100
average rate: 6.494
	min: 0.093s max: 0.603s std dev: 0.10730s window: 100
average rate: 6.329
	min: 0.093s max: 0.603s std dev: 0.10982s window: 100
average rate: 6.370
	min: 0.093s max: 0.603s std dev: 0.10894s window: 100
average rate: 6.709
	min: 0.091s max: 0.603s std dev: 0.09372s window: 100
average rate: 6.666
	min: 0.091s max: 0.603s std dev: 0.09471s window: 100
average rate: 6.367
	min: 0.091s max: 0.603s std dev: 0.09960s window: 100
average rate: 6.708
	min: 0.091s max: 0.603s std dev: 0.08820s window: 100
average rate: 6.576
	min: 0.091s max: 0.603s std dev: 0.09999s window: 100
average rate: 6.492
	min: 0.091s max: 0.603s std dev: 0.09993s window: 100
average rate: 6.495
	min: 0.091s max: 0.603s std dev: 0.09982s window: 100
average rate: 6.755
	min: 0.091s max: 0.603s std dev: 0.09988s window: 100
average rate: 6.370
	min: 0.091s max: 0.603s std dev: 0.11210s window: 100
average rate: 6.216
	min: 0.091s max: 0.600s std dev: 0.11139s window: 100
average rate: 5.953
	min: 0.091s max: 0.600s std dev: 0.11579s window: 100
average rate: 5.781
	min: 0.091s max: 0.600s std dev: 0.11665s window: 100
average rate: 5.555
	min: 0.091s max: 0.600s std dev: 0.12250s window: 100
average rate: 5.681
	min: 0.091s max: 0.600s std dev: 0.12101s window: 100
average rate: 5.849
	min: 0.091s max: 0.600s std dev: 0.11936s window: 100
average rate: 5.915
	min: 0.092s max: 0.600s std dev: 0.11973s window: 100
average rate: 6.024
	min: 0.092s max: 0.600s std dev: 0.11766s window: 100
average rate: 5.952
	min: 0.092s max: 0.600s std dev: 0.11725s window: 100
average rate: 5.781
	min: 0.095s max: 0.600s std dev: 0.11723s window: 100
average rate: 5.913
	min: 0.095s max: 0.504s std dev: 0.11169s window: 100
average rate: 6.060
	min: 0.093s max: 0.504s std dev: 0.11150s window: 100
average rate: 6.135
	min: 0.093s max: 0.504s std dev: 0.11088s window: 100
average rate: 6.060
	min: 0.093s max: 0.504s std dev: 0.11238s window: 100
average rate: 6.535
	min: 0.093s max: 0.500s std dev: 0.09528s window: 100
average rate: 7.091
	min: 0.092s max: 0.498s std dev: 0.08596s window: 100
average rate: 7.461
	min: 0.092s max: 0.498s std dev: 0.07528s window: 100
average rate: 7.410
	min: 0.092s max: 0.498s std dev: 0.07544s window: 100
average rate: 7.299
	min: 0.092s max: 0.498s std dev: 0.07715s window: 100
average rate: 6.996
	min: 0.092s max: 0.598s std dev: 0.08970s window: 100
average rate: 6.805
	min: 0.092s max: 0.598s std dev: 0.09316s window: 100
average rate: 6.941
	min: 0.092s max: 0.598s std dev: 0.09204s window: 100
average rate: 7.517
	min: 0.092s max: 0.598s std dev: 0.08264s window: 100
average rate: 7.408
	min: 0.092s max: 0.598s std dev: 0.08411s window: 100
average rate: 7.248
	min: 0.092s max: 0.598s std dev: 0.08462s window: 100
average rate: 7.298
	min: 0.092s max: 0.598s std dev: 0.08093s window: 100
average rate: 7.461
	min: 0.092s max: 0.598s std dev: 0.07646s window: 100
average rate: 7.407
	min: 0.092s max: 0.598s std dev: 0.07654s window: 100
average rate: 7.195
	min: 0.093s max: 0.598s std dev: 0.08459s window: 100
average rate: 7.299
	min: 0.095s max: 0.598s std dev: 0.08292s window: 100
average rate: 7.244
	min: 0.095s max: 0.598s std dev: 0.08429s window: 100
average rate: 7.634
	min: 0.095s max: 0.499s std dev: 0.06846s window: 100
average rate: 7.752
	min: 0.092s max: 0.499s std dev: 0.06509s window: 100
average rate: 7.632
	min: 0.092s max: 0.499s std dev: 0.07001s window: 100
average rate: 7.463
	min: 0.092s max: 0.499s std dev: 0.07479s window: 100
average rate: 7.139
	min: 0.092s max: 0.499s std dev: 0.08106s window: 100
average rate: 7.091
	min: 0.089s max: 0.499s std dev: 0.08251s window: 100
average rate: 6.848
	min: 0.089s max: 0.499s std dev: 0.08533s window: 100
average rate: 6.537
	min: 0.089s max: 0.598s std dev: 0.10215s window: 100
average rate: 6.449
	min: 0.089s max: 0.598s std dev: 0.10487s window: 100
average rate: 6.409
	min: 0.083s max: 0.598s std dev: 0.10774s window: 100
average rate: 6.328
	min: 0.083s max: 0.598s std dev: 0.10756s window: 100
average rate: 6.249
	min: 0.083s max: 0.598s std dev: 0.10832s window: 100
average rate: 6.248
	min: 0.083s max: 0.598s std dev: 0.10356s window: 100
average rate: 6.211
	min: 0.083s max: 0.598s std dev: 0.10344s window: 100
average rate: 6.097
	min: 0.083s max: 0.598s std dev: 0.10587s window: 100
average rate: 5.848
	min: 0.083s max: 0.704s std dev: 0.11831s window: 100
average rate: 5.916
	min: 0.083s max: 0.704s std dev: 0.11768s window: 100
average rate: 5.782
	min: 0.083s max: 0.704s std dev: 0.11867s window: 100
average rate: 5.881
	min: 0.083s max: 0.704s std dev: 0.11679s window: 100
average rate: 5.884
	min: 0.083s max: 0.704s std dev: 0.11430s window: 100
average rate: 5.813
	min: 0.083s max: 0.704s std dev: 0.11543s window: 100
average rate: 5.813
	min: 0.083s max: 0.704s std dev: 0.12531s window: 100
average rate: 6.098
	min: 0.083s max: 0.704s std dev: 0.11587s window: 100
average rate: 6.023
	min: 0.083s max: 0.704s std dev: 0.11568s window: 100
average rate: 6.059
	min: 0.094s max: 0.704s std dev: 0.11308s window: 100
average rate: 5.881
	min: 0.094s max: 0.704s std dev: 0.12333s window: 100
average rate: 5.813
	min: 0.094s max: 0.704s std dev: 0.12785s window: 100
average rate: 5.814
	min: 0.094s max: 0.704s std dev: 0.12791s window: 100
average rate: 5.814
	min: 0.094s max: 0.704s std dev: 0.12793s window: 100
average rate: 5.554
	min: 0.094s max: 0.704s std dev: 0.13478s window: 100
average rate: 5.616
	min: 0.094s max: 0.704s std dev: 0.13309s window: 100
average rate: 5.779
	min: 0.094s max: 0.697s std dev: 0.12223s window: 100
average rate: 5.647
	min: 0.092s max: 0.697s std dev: 0.12549s window: 100
average rate: 5.989
	min: 0.092s max: 0.697s std dev: 0.12239s window: 100
average rate: 5.988
	min: 0.092s max: 0.697s std dev: 0.12237s window: 100
average rate: 6.020
	min: 0.092s max: 0.697s std dev: 0.12267s window: 100
average rate: 6.135
	min: 0.092s max: 0.602s std dev: 0.11484s window: 100
average rate: 6.134
	min: 0.092s max: 0.602s std dev: 0.11476s window: 100
average rate: 5.848
	min: 0.092s max: 0.702s std dev: 0.13083s window: 100
average rate: 5.683
	min: 0.092s max: 0.702s std dev: 0.13155s window: 100
average rate: 5.678
	min: 0.092s max: 0.702s std dev: 0.12933s window: 100
average rate: 5.781
	min: 0.092s max: 0.702s std dev: 0.12171s window: 100
average rate: 5.779
	min: 0.092s max: 0.702s std dev: 0.12560s window: 100
average rate: 5.778
	min: 0.092s max: 0.702s std dev: 0.12701s window: 100
average rate: 5.585
	min: 0.092s max: 0.702s std dev: 0.13712s window: 100
average rate: 5.918
	min: 0.092s max: 0.702s std dev: 0.12979s window: 100
average rate: 5.746
	min: 0.092s max: 0.702s std dev: 0.13346s window: 100
average rate: 5.849
	min: 0.092s max: 0.702s std dev: 0.13102s window: 100
average rate: 5.880
	min: 0.087s max: 0.702s std dev: 0.13113s window: 100
average rate: 5.884
	min: 0.087s max: 0.702s std dev: 0.13185s window: 100
average rate: 5.883
	min: 0.087s max: 0.702s std dev: 0.12936s window: 100
average rate: 5.917
	min: 0.087s max: 0.702s std dev: 0.12563s window: 100
average rate: 6.172
	min: 0.087s max: 0.702s std dev: 0.11751s window: 100
average rate: 6.536
	min: 0.087s max: 0.698s std dev: 0.10253s window: 100
average rate: 6.370
	min: 0.087s max: 0.698s std dev: 0.10797s window: 100
average rate: 6.666
	min: 0.087s max: 0.698s std dev: 0.10275s window: 100
average rate: 6.576
	min: 0.087s max: 0.698s std dev: 0.10288s window: 100
average rate: 6.900
	min: 0.087s max: 0.499s std dev: 0.08383s window: 100
average rate: 6.664
	min: 0.087s max: 0.499s std dev: 0.08650s window: 100
average rate: 6.848
	min: 0.087s max: 0.499s std dev: 0.08048s window: 100
average rate: 6.804
	min: 0.087s max: 0.499s std dev: 0.08619s window: 100
average rate: 6.583
	min: 0.087s max: 0.499s std dev: 0.08848s window: 100
average rate: 6.329
	min: 0.094s max: 0.500s std dev: 0.09574s window: 100
average rate: 6.025
	min: 0.094s max: 0.500s std dev: 0.10286s window: 100
average rate: 6.024
	min: 0.094s max: 0.500s std dev: 0.10286s window: 100
average rate: 6.095
	min: 0.094s max: 0.500s std dev: 0.10505s window: 100
average rate: 5.988
	min: 0.094s max: 0.500s std dev: 0.10562s window: 100
average rate: 5.917
	min: 0.094s max: 0.500s std dev: 0.10623s window: 100
average rate: 5.779
	min: 0.094s max: 0.500s std dev: 0.10732s window: 100
average rate: 5.682
	min: 0.094s max: 0.701s std dev: 0.11661s window: 100
average rate: 5.554
	min: 0.094s max: 0.701s std dev: 0.11655s window: 100
average rate: 5.556
	min: 0.094s max: 0.701s std dev: 0.12014s window: 100
average rate: 5.495
	min: 0.094s max: 0.701s std dev: 0.12301s window: 100
average rate: 5.465
	min: 0.094s max: 0.701s std dev: 0.12441s window: 100
average rate: 5.405
	min: 0.094s max: 0.701s std dev: 0.12460s window: 100
average rate: 5.208
	min: 0.094s max: 0.701s std dev: 0.13488s window: 100
average rate: 4.880
	min: 0.094s max: 1.298s std dev: 0.17401s window: 100
average rate: 4.902
	min: 0.094s max: 1.298s std dev: 0.17277s window: 100
average rate: 4.829
	min: 0.094s max: 1.298s std dev: 0.17469s window: 100
average rate: 4.926
	min: 0.094s max: 1.298s std dev: 0.17192s window: 100
average rate: 4.974
	min: 0.093s max: 1.298s std dev: 0.16969s window: 100
average rate: 4.925
	min: 0.093s max: 1.298s std dev: 0.17198s window: 100
average rate: 4.901
	min: 0.093s max: 1.298s std dev: 0.16989s window: 100
average rate: 4.876
	min: 0.093s max: 1.298s std dev: 0.16959s window: 100
average rate: 4.830
	min: 0.093s max: 1.298s std dev: 0.17240s window: 100
average rate: 4.975
	min: 0.093s max: 1.298s std dev: 0.17318s window: 100
average rate: 5.076
	min: 0.093s max: 1.298s std dev: 0.16841s window: 100
average rate: 5.024
	min: 0.093s max: 1.298s std dev: 0.16836s window: 100
average rate: 4.975
	min: 0.093s max: 1.298s std dev: 0.16840s window: 100
average rate: 4.927
	min: 0.093s max: 1.298s std dev: 0.16526s window: 100
average rate: 4.831
	min: 0.093s max: 1.298s std dev: 0.16747s window: 100
