# command: ros2 topic hz /hdl_bootstrap/odom --window 100
# started: 2026-05-24 16:52:53 +0800
WARNING: topic [/hdl_bootstrap/odom] does not appear to be published yet
average rate: 9.780
	min: 0.073s max: 0.163s std dev: 0.02373s window: 11
average rate: 9.995
	min: 0.071s max: 0.163s std dev: 0.02173s window: 22
average rate: 10.128
	min: 0.063s max: 0.172s std dev: 0.02712s window: 33
average rate: 0.237
	min: 0.063s max: 144.566s std dev: 24.06798s window: 35
average rate: 0.261
	min: 0.063s max: 144.566s std dev: 22.83089s window: 39
average rate: 0.279
	min: 0.063s max: 144.566s std dev: 22.01793s window: 42
average rate: 0.297
	min: 0.063s max: 144.566s std dev: 21.28655s window: 45
average rate: 0.271
	min: 0.063s max: 144.566s std dev: 20.99192s window: 47
average rate: 0.293
	min: 0.063s max: 144.566s std dev: 20.17299s window: 51
average rate: 0.313
	min: 0.063s max: 144.566s std dev: 19.44221s window: 55
average rate: 0.328
	min: 0.063s max: 144.566s std dev: 18.94302s window: 58
average rate: 0.275
	min: 0.063s max: 144.566s std dev: 19.21786s window: 61
average rate: 0.291
	min: 0.063s max: 144.566s std dev: 18.63464s window: 65
average rate: 0.303
	min: 0.063s max: 144.566s std dev: 18.22997s window: 68
average rate: 0.320
	min: 0.063s max: 144.566s std dev: 17.72972s window: 72
average rate: 0.336
	min: 0.063s max: 144.566s std dev: 17.26837s window: 76
