# command: ros2 topic hz /pcl_pose --window 100
# started: 2026-05-24 16:52:53 +0800
WARNING: topic [/pcl_pose] does not appear to be published yet
average rate: 7.373
	min: 0.031s max: 0.373s std dev: 0.11067s window: 9
average rate: 4.809
	min: 0.031s max: 0.705s std dev: 0.19717s window: 11
average rate: 4.245
	min: 0.031s max: 0.705s std dev: 0.17625s window: 15
average rate: 7.206
	min: 0.022s max: 0.705s std dev: 0.14975s window: 33
average rate: 7.872
	min: 0.022s max: 0.705s std dev: 0.13297s window: 44
average rate: 8.174
	min: 0.022s max: 0.705s std dev: 0.12161s window: 54
average rate: 8.350
	min: 0.022s max: 0.705s std dev: 0.11258s window: 64
average rate: 8.594
	min: 0.022s max: 0.705s std dev: 0.10466s window: 75
average rate: 8.763
	min: 0.022s max: 0.705s std dev: 0.09817s window: 86
average rate: 8.868
	min: 0.022s max: 0.705s std dev: 0.09321s window: 97
average rate: 8.960
	min: 0.022s max: 0.705s std dev: 0.08979s window: 100
average rate: 10.904
	min: 0.022s max: 0.174s std dev: 0.03562s window: 100
average rate: 10.298
	min: 0.024s max: 0.174s std dev: 0.03222s window: 100
average rate: 10.337
	min: 0.011s max: 0.174s std dev: 0.03385s window: 100
average rate: 10.904
	min: 0.011s max: 0.157s std dev: 0.03269s window: 100
average rate: 11.595
	min: 0.011s max: 0.157s std dev: 0.03471s window: 100
average rate: 11.857
	min: 0.011s max: 0.167s std dev: 0.03618s window: 100
average rate: 11.869
	min: 0.011s max: 0.167s std dev: 0.03630s window: 100
average rate: 11.866
	min: 0.011s max: 0.167s std dev: 0.03503s window: 100
average rate: 11.877
	min: 0.011s max: 0.167s std dev: 0.03363s window: 100
average rate: 11.953
	min: 0.011s max: 0.167s std dev: 0.03376s window: 100
average rate: 11.606
	min: 0.012s max: 0.167s std dev: 0.03166s window: 100
average rate: 11.147
	min: 0.017s max: 0.167s std dev: 0.02941s window: 100
average rate: 10.747
	min: 0.021s max: 0.167s std dev: 0.02734s window: 100
average rate: 10.405
	min: 0.021s max: 0.167s std dev: 0.02654s window: 100
average rate: 10.002
	min: 0.036s max: 0.167s std dev: 0.02119s window: 100
average rate: 9.977
	min: 0.036s max: 0.157s std dev: 0.01798s window: 100
average rate: 10.011
	min: 0.036s max: 0.157s std dev: 0.01999s window: 100
average rate: 9.936
	min: 0.036s max: 0.157s std dev: 0.02040s window: 100
average rate: 9.983
	min: 0.036s max: 0.157s std dev: 0.02042s window: 100
average rate: 9.966
	min: 0.036s max: 0.157s std dev: 0.01911s window: 100
average rate: 9.965
	min: 0.036s max: 0.157s std dev: 0.01857s window: 100
average rate: 10.004
	min: 0.036s max: 0.157s std dev: 0.01755s window: 100
average rate: 9.993
	min: 0.039s max: 0.152s std dev: 0.01753s window: 100
average rate: 9.968
	min: 0.039s max: 0.152s std dev: 0.01875s window: 100
average rate: 9.989
	min: 0.039s max: 0.152s std dev: 0.01931s window: 100
average rate: 9.986
	min: 0.042s max: 0.152s std dev: 0.01730s window: 100
average rate: 9.972
	min: 0.042s max: 0.152s std dev: 0.01739s window: 100
average rate: 9.965
	min: 0.042s max: 0.152s std dev: 0.01634s window: 100
average rate: 9.987
	min: 0.042s max: 0.152s std dev: 0.01717s window: 100
average rate: 9.966
	min: 0.042s max: 0.152s std dev: 0.01719s window: 100
average rate: 9.977
	min: 0.042s max: 0.152s std dev: 0.01756s window: 100
average rate: 10.037
	min: 0.042s max: 0.145s std dev: 0.01650s window: 100
average rate: 10.020
	min: 0.042s max: 0.145s std dev: 0.01486s window: 100
average rate: 9.994
	min: 0.066s max: 0.134s std dev: 0.01382s window: 100
average rate: 9.989
	min: 0.054s max: 0.151s std dev: 0.01615s window: 100
average rate: 9.989
	min: 0.054s max: 0.151s std dev: 0.01637s window: 100
average rate: 9.973
	min: 0.054s max: 0.151s std dev: 0.01670s window: 100
average rate: 10.001
	min: 0.054s max: 0.151s std dev: 0.01641s window: 100
average rate: 9.974
	min: 0.054s max: 0.151s std dev: 0.01601s window: 100
average rate: 9.979
	min: 0.047s max: 0.151s std dev: 0.01714s window: 100
average rate: 10.003
	min: 0.047s max: 0.151s std dev: 0.01730s window: 100
average rate: 9.935
	min: 0.047s max: 0.151s std dev: 0.01761s window: 100
average rate: 9.998
	min: 0.047s max: 0.151s std dev: 0.01823s window: 100
average rate: 10.005
	min: 0.047s max: 0.149s std dev: 0.01628s window: 100
average rate: 9.995
	min: 0.035s max: 0.157s std dev: 0.01688s window: 100
average rate: 10.010
	min: 0.035s max: 0.157s std dev: 0.01655s window: 100
average rate: 9.994
	min: 0.035s max: 0.176s std dev: 0.01917s window: 100
average rate: 9.969
	min: 0.035s max: 0.176s std dev: 0.01941s window: 100
average rate: 9.941
	min: 0.035s max: 0.176s std dev: 0.02056s window: 100
average rate: 9.943
	min: 0.035s max: 0.176s std dev: 0.02114s window: 100
average rate: 9.914
	min: 0.035s max: 0.176s std dev: 0.02114s window: 100
average rate: 9.988
	min: 0.035s max: 0.176s std dev: 0.02092s window: 100
average rate: 9.944
	min: 0.035s max: 0.176s std dev: 0.02336s window: 100
average rate: 9.909
	min: 0.035s max: 0.176s std dev: 0.02474s window: 100
average rate: 9.987
	min: 0.039s max: 0.176s std dev: 0.02406s window: 100
average rate: 9.989
	min: 0.042s max: 0.171s std dev: 0.02219s window: 100
average rate: 9.981
	min: 0.032s max: 0.171s std dev: 0.02367s window: 100
average rate: 9.994
	min: 0.032s max: 0.171s std dev: 0.02363s window: 100
average rate: 10.027
	min: 0.032s max: 0.171s std dev: 0.02192s window: 100
average rate: 9.999
	min: 0.032s max: 0.171s std dev: 0.02224s window: 100
average rate: 9.976
	min: 0.032s max: 0.171s std dev: 0.02233s window: 100
average rate: 9.973
	min: 0.032s max: 0.145s std dev: 0.02108s window: 100
average rate: 9.939
	min: 0.032s max: 0.145s std dev: 0.02072s window: 100
average rate: 9.965
	min: 0.032s max: 0.145s std dev: 0.02007s window: 100
average rate: 9.983
	min: 0.032s max: 0.145s std dev: 0.02023s window: 100
average rate: 9.953
	min: 0.048s max: 0.145s std dev: 0.01835s window: 100
average rate: 9.974
	min: 0.048s max: 0.145s std dev: 0.01812s window: 100
average rate: 9.970
	min: 0.048s max: 0.155s std dev: 0.02012s window: 100
average rate: 9.979
	min: 0.046s max: 0.155s std dev: 0.02192s window: 100
average rate: 10.035
	min: 0.046s max: 0.155s std dev: 0.02164s window: 100
average rate: 9.998
	min: 0.046s max: 0.155s std dev: 0.02194s window: 100
average rate: 9.895
	min: 0.046s max: 0.194s std dev: 0.02385s window: 100
average rate: 9.992
	min: 0.046s max: 0.194s std dev: 0.02408s window: 100
average rate: 9.995
	min: 0.046s max: 0.194s std dev: 0.02347s window: 100
average rate: 9.978
	min: 0.046s max: 0.194s std dev: 0.02427s window: 100
average rate: 10.004
	min: 0.046s max: 0.194s std dev: 0.02477s window: 100
average rate: 9.965
	min: 0.046s max: 0.194s std dev: 0.02499s window: 100
average rate: 10.041
	min: 0.052s max: 0.194s std dev: 0.02273s window: 100
average rate: 10.006
	min: 0.052s max: 0.194s std dev: 0.02212s window: 100
average rate: 9.998
	min: 0.052s max: 0.194s std dev: 0.02179s window: 100
average rate: 10.010
	min: 0.052s max: 0.194s std dev: 0.02165s window: 100
average rate: 9.980
	min: 0.054s max: 0.137s std dev: 0.01840s window: 100
average rate: 9.982
	min: 0.054s max: 0.142s std dev: 0.01939s window: 100
average rate: 9.968
	min: 0.058s max: 0.142s std dev: 0.01837s window: 100
average rate: 10.011
	min: 0.058s max: 0.142s std dev: 0.01869s window: 100
average rate: 9.985
	min: 0.058s max: 0.142s std dev: 0.01861s window: 100
average rate: 10.000
	min: 0.058s max: 0.148s std dev: 0.01968s window: 100
average rate: 9.989
	min: 0.058s max: 0.148s std dev: 0.01931s window: 100
average rate: 9.983
	min: 0.058s max: 0.148s std dev: 0.01971s window: 100
average rate: 9.979
	min: 0.058s max: 0.148s std dev: 0.01964s window: 100
average rate: 9.991
	min: 0.058s max: 0.148s std dev: 0.01959s window: 100
average rate: 9.987
	min: 0.065s max: 0.148s std dev: 0.01938s window: 100
average rate: 10.015
	min: 0.065s max: 0.148s std dev: 0.01931s window: 100
average rate: 9.995
	min: 0.065s max: 0.148s std dev: 0.01883s window: 100
average rate: 10.008
	min: 0.065s max: 0.148s std dev: 0.01890s window: 100
average rate: 9.883
	min: 0.065s max: 0.157s std dev: 0.01887s window: 100
average rate: 9.976
	min: 0.052s max: 0.157s std dev: 0.02041s window: 100
average rate: 9.950
	min: 0.052s max: 0.158s std dev: 0.02123s window: 100
average rate: 9.937
	min: 0.050s max: 0.158s std dev: 0.02186s window: 100
average rate: 9.948
	min: 0.044s max: 0.158s std dev: 0.02325s window: 100
average rate: 9.907
	min: 0.044s max: 0.158s std dev: 0.02319s window: 100
average rate: 9.827
	min: 0.044s max: 0.158s std dev: 0.02347s window: 100
average rate: 9.706
	min: 0.044s max: 0.158s std dev: 0.02391s window: 100
average rate: 9.591
	min: 0.044s max: 0.158s std dev: 0.02425s window: 100
average rate: 9.355
	min: 0.044s max: 0.171s std dev: 0.02498s window: 100
average rate: 9.266
	min: 0.044s max: 0.171s std dev: 0.02534s window: 100
average rate: 9.004
	min: 0.044s max: 0.171s std dev: 0.02486s window: 100
average rate: 9.141
	min: 0.044s max: 0.171s std dev: 0.02580s window: 100
average rate: 9.335
	min: 0.038s max: 0.171s std dev: 0.02750s window: 100
average rate: 9.341
	min: 0.038s max: 0.171s std dev: 0.02618s window: 100
average rate: 9.413
	min: 0.038s max: 0.171s std dev: 0.02640s window: 100
average rate: 9.434
	min: 0.038s max: 0.171s std dev: 0.02619s window: 100
average rate: 9.608
	min: 0.038s max: 0.171s std dev: 0.02709s window: 100
average rate: 9.854
	min: 0.038s max: 0.152s std dev: 0.02608s window: 100
average rate: 10.074
	min: 0.038s max: 0.152s std dev: 0.02514s window: 100
average rate: 10.447
	min: 0.038s max: 0.149s std dev: 0.02328s window: 100
average rate: 10.123
	min: 0.038s max: 0.179s std dev: 0.02578s window: 100
average rate: 9.478
	min: 0.038s max: 0.207s std dev: 0.02998s window: 100
average rate: 8.835
	min: 0.053s max: 0.228s std dev: 0.03566s window: 100
average rate: 8.436
	min: 0.053s max: 0.228s std dev: 0.03959s window: 100
average rate: 8.007
	min: 0.053s max: 0.232s std dev: 0.04415s window: 100
average rate: 7.653
	min: 0.053s max: 0.232s std dev: 0.04711s window: 100
average rate: 7.380
	min: 0.053s max: 0.232s std dev: 0.04804s window: 100
average rate: 7.123
	min: 0.053s max: 0.232s std dev: 0.04847s window: 100
average rate: 6.131
	min: 0.053s max: 1.962s std dev: 0.18869s window: 100
average rate: 5.870
	min: 0.053s max: 1.962s std dev: 0.18929s window: 100
average rate: 5.591
	min: 0.058s max: 1.962s std dev: 0.19802s window: 100
average rate: 3.875
	min: 0.058s max: 7.783s std dev: 0.78160s window: 100
average rate: 3.311
	min: 0.058s max: 7.783s std dev: 0.86741s window: 100
average rate: 3.211
	min: 0.058s max: 7.783s std dev: 0.86779s window: 100
average rate: 3.058
	min: 0.058s max: 7.783s std dev: 0.87037s window: 100
average rate: 2.881
	min: 0.058s max: 7.783s std dev: 0.88377s window: 100
average rate: 2.813
	min: 0.058s max: 7.783s std dev: 0.88247s window: 100
average rate: 2.537
	min: 0.058s max: 7.783s std dev: 0.95017s window: 100
average rate: 2.445
	min: 0.058s max: 7.783s std dev: 0.95656s window: 100
average rate: 2.181
	min: 0.058s max: 7.783s std dev: 1.06246s window: 100
average rate: 2.067
	min: 0.058s max: 7.783s std dev: 1.07577s window: 100
average rate: 1.825
	min: 0.058s max: 7.783s std dev: 1.23022s window: 100
average rate: 1.703
	min: 0.082s max: 7.783s std dev: 1.27131s window: 100
average rate: 1.607
	min: 0.082s max: 7.783s std dev: 1.29887s window: 100
average rate: 1.569
	min: 0.086s max: 7.783s std dev: 1.29649s window: 100
average rate: 1.552
	min: 0.086s max: 7.783s std dev: 1.29487s window: 100
average rate: 1.529
	min: 0.086s max: 7.783s std dev: 1.29358s window: 100
average rate: 1.515
	min: 0.131s max: 7.783s std dev: 1.29155s window: 100
average rate: 1.491
	min: 0.149s max: 7.783s std dev: 1.29057s window: 100
average rate: 1.461
	min: 0.149s max: 7.783s std dev: 1.28914s window: 100
average rate: 1.448
	min: 0.149s max: 7.783s std dev: 1.28775s window: 100
average rate: 1.438
	min: 0.149s max: 7.783s std dev: 1.28609s window: 100
average rate: 1.434
	min: 0.114s max: 7.783s std dev: 1.28578s window: 100
average rate: 1.427
	min: 0.114s max: 7.783s std dev: 1.28487s window: 100
average rate: 1.445
	min: 0.092s max: 7.783s std dev: 1.28840s window: 100
average rate: 1.439
	min: 0.092s max: 7.783s std dev: 1.28753s window: 100
average rate: 1.436
	min: 0.092s max: 7.783s std dev: 1.28725s window: 100
average rate: 1.473
	min: 0.092s max: 7.783s std dev: 1.28179s window: 100
average rate: 1.459
	min: 0.092s max: 7.783s std dev: 1.28159s window: 100
average rate: 1.477
	min: 0.092s max: 7.783s std dev: 1.28353s window: 100
average rate: 1.789
	min: 0.092s max: 6.501s std dev: 1.01136s window: 100
average rate: 1.802
	min: 0.092s max: 6.501s std dev: 1.01156s window: 100
average rate: 1.893
	min: 0.092s max: 6.501s std dev: 1.00241s window: 100
average rate: 1.901
	min: 0.092s max: 6.501s std dev: 1.00290s window: 100
average rate: 2.316
	min: 0.092s max: 6.501s std dev: 0.81672s window: 100
average rate: 3.690
	min: 0.001s max: 1.054s std dev: 0.21475s window: 100
average rate: 4.086
	min: 0.001s max: 1.054s std dev: 0.18669s window: 100
average rate: 4.197
	min: 0.001s max: 1.054s std dev: 0.18579s window: 100
average rate: 4.707
	min: 0.001s max: 0.962s std dev: 0.13759s window: 100
average rate: 5.015
	min: 0.001s max: 0.962s std dev: 0.12484s window: 100
average rate: 5.085
	min: 0.001s max: 0.962s std dev: 0.12436s window: 100
average rate: 5.096
	min: 0.001s max: 0.962s std dev: 0.11933s window: 100
average rate: 4.964
	min: 0.001s max: 0.962s std dev: 0.11750s window: 100
average rate: 5.171
	min: 0.001s max: 0.962s std dev: 0.11388s window: 100
average rate: 5.280
	min: 0.001s max: 0.962s std dev: 0.11277s window: 100
average rate: 5.418
	min: 0.001s max: 0.587s std dev: 0.08119s window: 100
average rate: 5.353
	min: 0.001s max: 0.587s std dev: 0.07906s window: 100
average rate: 5.430
	min: 0.001s max: 0.587s std dev: 0.07631s window: 100
average rate: 5.572
	min: 0.001s max: 0.587s std dev: 0.06535s window: 100
average rate: 5.653
	min: 0.001s max: 0.587s std dev: 0.06196s window: 100
average rate: 5.850
	min: 0.101s max: 0.277s std dev: 0.03657s window: 100
average rate: 5.764
	min: 0.106s max: 0.277s std dev: 0.03588s window: 100
average rate: 5.710
	min: 0.106s max: 0.277s std dev: 0.03535s window: 100
average rate: 5.675
	min: 0.106s max: 0.277s std dev: 0.03543s window: 100
average rate: 5.769
	min: 0.105s max: 0.277s std dev: 0.03774s window: 100
average rate: 5.842
	min: 0.105s max: 0.277s std dev: 0.03820s window: 100
average rate: 5.827
	min: 0.105s max: 0.277s std dev: 0.03781s window: 100
average rate: 6.015
	min: 0.105s max: 0.277s std dev: 0.03885s window: 100
average rate: 6.060
	min: 0.105s max: 0.277s std dev: 0.03767s window: 100
average rate: 6.004
	min: 0.105s max: 0.277s std dev: 0.03646s window: 100
average rate: 6.415
	min: 0.055s max: 0.277s std dev: 0.03738s window: 100
average rate: 7.180
	min: 0.004s max: 0.247s std dev: 0.04357s window: 100
average rate: 7.412
	min: 0.004s max: 0.247s std dev: 0.04363s window: 100
average rate: 8.204
	min: 0.004s max: 0.219s std dev: 0.04476s window: 100
average rate: 8.845
	min: 0.004s max: 0.184s std dev: 0.03881s window: 100
average rate: 8.802
	min: 0.004s max: 0.184s std dev: 0.03911s window: 100
average rate: 8.919
	min: 0.004s max: 0.184s std dev: 0.03743s window: 100
average rate: 8.608
	min: 0.004s max: 0.322s std dev: 0.04764s window: 100
average rate: 8.485
	min: 0.004s max: 0.322s std dev: 0.04838s window: 100
average rate: 8.271
	min: 0.004s max: 0.333s std dev: 0.05459s window: 100
average rate: 7.993
	min: 0.004s max: 0.540s std dev: 0.06868s window: 100
average rate: 7.862
	min: 0.004s max: 0.540s std dev: 0.07164s window: 100
average rate: 7.534
	min: 0.004s max: 0.688s std dev: 0.09075s window: 100
average rate: 7.258
	min: 0.004s max: 0.688s std dev: 0.09163s window: 100
average rate: 6.884
	min: 0.004s max: 0.688s std dev: 0.09359s window: 100
average rate: 6.536
	min: 0.034s max: 0.688s std dev: 0.09085s window: 100
average rate: 6.343
	min: 0.034s max: 0.688s std dev: 0.09346s window: 100
average rate: 5.896
	min: 0.034s max: 1.224s std dev: 0.14108s window: 100
average rate: 5.528
	min: 0.060s max: 1.224s std dev: 0.15089s window: 100
average rate: 5.433
	min: 0.060s max: 1.224s std dev: 0.14936s window: 100
average rate: 5.144
	min: 0.060s max: 1.224s std dev: 0.17820s window: 100
average rate: 4.958
	min: 0.083s max: 1.224s std dev: 0.17976s window: 100
average rate: 4.913
	min: 0.086s max: 1.224s std dev: 0.17926s window: 100
average rate: 4.965
	min: 0.086s max: 1.224s std dev: 0.18020s window: 100
average rate: 5.352
	min: 0.047s max: 1.224s std dev: 0.18438s window: 100
average rate: 5.763
	min: 0.047s max: 1.224s std dev: 0.18234s window: 100
average rate: 6.262
	min: 0.047s max: 1.224s std dev: 0.17547s window: 100
average rate: 6.695
	min: 0.047s max: 1.224s std dev: 0.17449s window: 100
average rate: 7.137
	min: 0.047s max: 1.224s std dev: 0.17293s window: 100
average rate: 8.388
	min: 0.047s max: 1.163s std dev: 0.11748s window: 100
average rate: 9.447
	min: 0.047s max: 0.526s std dev: 0.05180s window: 100
average rate: 9.779
	min: 0.047s max: 0.320s std dev: 0.03412s window: 100
average rate: 9.564
	min: 0.047s max: 0.320s std dev: 0.03672s window: 100
average rate: 9.420
	min: 0.047s max: 0.320s std dev: 0.03716s window: 100
average rate: 9.081
	min: 0.048s max: 0.320s std dev: 0.03575s window: 100
average rate: 8.769
	min: 0.048s max: 0.320s std dev: 0.03432s window: 100
average rate: 8.738
	min: 0.048s max: 0.320s std dev: 0.03425s window: 100
average rate: 8.826
	min: 0.048s max: 0.320s std dev: 0.03435s window: 100
average rate: 9.146
	min: 0.027s max: 0.320s std dev: 0.03699s window: 100
average rate: 9.094
	min: 0.027s max: 0.320s std dev: 0.03692s window: 100
average rate: 9.129
	min: 0.027s max: 0.320s std dev: 0.03738s window: 100
average rate: 9.293
	min: 0.027s max: 0.320s std dev: 0.03761s window: 100
average rate: 9.828
	min: 0.027s max: 0.164s std dev: 0.02753s window: 100
average rate: 9.819
	min: 0.027s max: 0.194s std dev: 0.02887s window: 100
average rate: 9.853
	min: 0.027s max: 0.194s std dev: 0.02912s window: 100
average rate: 10.107
	min: 0.027s max: 0.194s std dev: 0.02943s window: 100
average rate: 10.399
	min: 0.027s max: 0.194s std dev: 0.03117s window: 100
average rate: 10.161
	min: 0.027s max: 0.194s std dev: 0.03252s window: 100
average rate: 9.995
	min: 0.037s max: 0.194s std dev: 0.03152s window: 100
average rate: 9.961
	min: 0.050s max: 0.194s std dev: 0.03221s window: 100
average rate: 9.911
	min: 0.050s max: 0.202s std dev: 0.03469s window: 100
average rate: 10.007
	min: 0.046s max: 0.202s std dev: 0.03589s window: 100
average rate: 10.390
	min: 0.033s max: 0.202s std dev: 0.03535s window: 100
average rate: 10.381
	min: 0.033s max: 0.202s std dev: 0.03570s window: 100
average rate: 10.376
	min: 0.033s max: 0.202s std dev: 0.03458s window: 100
average rate: 10.014
	min: 0.033s max: 0.202s std dev: 0.03413s window: 100
average rate: 10.036
	min: 0.033s max: 0.202s std dev: 0.03261s window: 100
average rate: 10.070
	min: 0.033s max: 0.202s std dev: 0.03187s window: 100
average rate: 9.991
	min: 0.033s max: 0.202s std dev: 0.03023s window: 100
average rate: 10.027
	min: 0.033s max: 0.202s std dev: 0.02882s window: 100
average rate: 10.000
	min: 0.033s max: 0.194s std dev: 0.02604s window: 100
average rate: 9.974
	min: 0.035s max: 0.158s std dev: 0.02399s window: 100
average rate: 9.956
	min: 0.035s max: 0.158s std dev: 0.02427s window: 100
average rate: 9.966
	min: 0.035s max: 0.158s std dev: 0.02514s window: 100
average rate: 9.847
	min: 0.047s max: 0.148s std dev: 0.02376s window: 100
average rate: 9.764
	min: 0.047s max: 0.148s std dev: 0.02389s window: 100
average rate: 9.693
	min: 0.047s max: 0.148s std dev: 0.02376s window: 100
average rate: 9.667
	min: 0.047s max: 0.148s std dev: 0.02299s window: 100
average rate: 9.693
	min: 0.047s max: 0.148s std dev: 0.02272s window: 100
average rate: 9.547
	min: 0.047s max: 0.161s std dev: 0.02219s window: 100
average rate: 9.510
	min: 0.047s max: 0.161s std dev: 0.02077s window: 100
average rate: 9.391
	min: 0.059s max: 0.161s std dev: 0.02075s window: 100
average rate: 9.275
	min: 0.059s max: 0.161s std dev: 0.02014s window: 100
average rate: 9.028
	min: 0.059s max: 0.216s std dev: 0.02356s window: 100
average rate: 8.828
	min: 0.059s max: 0.216s std dev: 0.02469s window: 100
average rate: 8.681
	min: 0.059s max: 0.216s std dev: 0.02472s window: 100
average rate: 8.519
	min: 0.059s max: 0.216s std dev: 0.02554s window: 100
average rate: 8.286
	min: 0.059s max: 0.216s std dev: 0.02920s window: 100
average rate: 8.179
	min: 0.059s max: 0.216s std dev: 0.02986s window: 100
average rate: 8.184
	min: 0.059s max: 0.216s std dev: 0.03072s window: 100
average rate: 7.956
	min: 0.059s max: 0.216s std dev: 0.03033s window: 100
average rate: 7.718
	min: 0.059s max: 0.292s std dev: 0.03554s window: 100
average rate: 7.648
	min: 0.059s max: 0.292s std dev: 0.03487s window: 100
average rate: 7.570
	min: 0.059s max: 0.292s std dev: 0.03457s window: 100
average rate: 7.473
	min: 0.064s max: 0.292s std dev: 0.03410s window: 100
average rate: 7.297
	min: 0.064s max: 0.292s std dev: 0.03448s window: 100
average rate: 7.511
	min: 0.045s max: 0.292s std dev: 0.03451s window: 100
average rate: 7.599
	min: 0.045s max: 0.292s std dev: 0.03590s window: 100
average rate: 7.547
	min: 0.045s max: 0.292s std dev: 0.03648s window: 100
average rate: 7.759
	min: 0.045s max: 0.292s std dev: 0.03541s window: 100
average rate: 7.788
	min: 0.045s max: 0.292s std dev: 0.03499s window: 100
average rate: 7.720
	min: 0.045s max: 0.292s std dev: 0.03459s window: 100
average rate: 7.603
	min: 0.045s max: 0.292s std dev: 0.03436s window: 100
average rate: 7.882
	min: 0.045s max: 0.205s std dev: 0.02890s window: 100
average rate: 7.954
	min: 0.045s max: 0.205s std dev: 0.02940s window: 100
average rate: 8.010
	min: 0.045s max: 0.205s std dev: 0.02963s window: 100
average rate: 8.414
	min: 0.045s max: 0.191s std dev: 0.02892s window: 100
average rate: 8.613
	min: 0.038s max: 0.191s std dev: 0.03084s window: 100
average rate: 8.728
	min: 0.038s max: 0.191s std dev: 0.03099s window: 100
average rate: 8.644
	min: 0.038s max: 0.191s std dev: 0.03203s window: 100
average rate: 8.590
	min: 0.038s max: 0.197s std dev: 0.03387s window: 100
average rate: 8.612
	min: 0.038s max: 0.197s std dev: 0.03436s window: 100
average rate: 8.717
	min: 0.038s max: 0.197s std dev: 0.03379s window: 100
average rate: 9.460
	min: 0.038s max: 0.197s std dev: 0.03631s window: 100
average rate: 9.690
	min: 0.030s max: 0.197s std dev: 0.03805s window: 100
average rate: 9.811
	min: 0.030s max: 0.197s std dev: 0.03886s window: 100
average rate: 9.561
	min: 0.030s max: 0.197s std dev: 0.03842s window: 100
average rate: 9.514
	min: 0.030s max: 0.197s std dev: 0.03859s window: 100
average rate: 9.731
	min: 0.030s max: 0.197s std dev: 0.03773s window: 100
average rate: 10.275
	min: 0.030s max: 0.178s std dev: 0.03174s window: 100
average rate: 10.426
	min: 0.030s max: 0.178s std dev: 0.03028s window: 100
average rate: 10.517
	min: 0.030s max: 0.178s std dev: 0.03033s window: 100
average rate: 10.201
	min: 0.030s max: 0.178s std dev: 0.02893s window: 100
average rate: 10.037
	min: 0.030s max: 0.178s std dev: 0.02658s window: 100
average rate: 9.984
	min: 0.042s max: 0.162s std dev: 0.02410s window: 100
average rate: 9.998
	min: 0.042s max: 0.162s std dev: 0.02313s window: 100
average rate: 10.049
	min: 0.049s max: 0.162s std dev: 0.02115s window: 100
average rate: 9.998
	min: 0.041s max: 0.143s std dev: 0.02076s window: 100
average rate: 9.999
	min: 0.041s max: 0.143s std dev: 0.02010s window: 100
average rate: 9.998
	min: 0.041s max: 0.143s std dev: 0.02025s window: 100
average rate: 10.024
	min: 0.041s max: 0.143s std dev: 0.01929s window: 100
average rate: 10.014
	min: 0.041s max: 0.143s std dev: 0.01953s window: 100
average rate: 10.004
	min: 0.041s max: 0.143s std dev: 0.01955s window: 100
average rate: 10.008
	min: 0.041s max: 0.143s std dev: 0.01934s window: 100
average rate: 10.007
	min: 0.041s max: 0.136s std dev: 0.01854s window: 100
average rate: 9.976
	min: 0.041s max: 0.135s std dev: 0.01746s window: 100
average rate: 9.997
	min: 0.065s max: 0.135s std dev: 0.01571s window: 100
average rate: 9.976
	min: 0.065s max: 0.146s std dev: 0.01758s window: 100
average rate: 9.978
	min: 0.065s max: 0.146s std dev: 0.01748s window: 100
average rate: 10.013
	min: 0.060s max: 0.146s std dev: 0.01718s window: 100
average rate: 9.995
	min: 0.060s max: 0.146s std dev: 0.01751s window: 100
average rate: 10.001
	min: 0.060s max: 0.146s std dev: 0.01701s window: 100
average rate: 9.990
	min: 0.060s max: 0.146s std dev: 0.01707s window: 100
average rate: 10.032
	min: 0.060s max: 0.146s std dev: 0.01634s window: 100
average rate: 10.008
	min: 0.060s max: 0.146s std dev: 0.01708s window: 100
average rate: 9.946
	min: 0.053s max: 0.166s std dev: 0.01910s window: 100
average rate: 10.010
	min: 0.031s max: 0.175s std dev: 0.02309s window: 100
average rate: 10.014
	min: 0.031s max: 0.175s std dev: 0.02288s window: 100
average rate: 9.991
	min: 0.031s max: 0.175s std dev: 0.02332s window: 100
average rate: 10.001
	min: 0.031s max: 0.175s std dev: 0.02290s window: 100
average rate: 10.003
	min: 0.031s max: 0.175s std dev: 0.02220s window: 100
average rate: 10.007
	min: 0.031s max: 0.175s std dev: 0.02265s window: 100
average rate: 9.958
	min: 0.031s max: 0.175s std dev: 0.02310s window: 100
average rate: 10.016
	min: 0.031s max: 0.175s std dev: 0.02440s window: 100
average rate: 9.989
	min: 0.031s max: 0.175s std dev: 0.02404s window: 100
average rate: 10.005
	min: 0.040s max: 0.149s std dev: 0.01862s window: 100
average rate: 9.982
	min: 0.040s max: 0.149s std dev: 0.01762s window: 100
average rate: 10.024
	min: 0.040s max: 0.149s std dev: 0.01647s window: 100
average rate: 9.998
	min: 0.040s max: 0.149s std dev: 0.01636s window: 100
average rate: 10.007
	min: 0.034s max: 0.173s std dev: 0.02053s window: 100
average rate: 9.980
	min: 0.034s max: 0.173s std dev: 0.02055s window: 100
average rate: 9.953
	min: 0.034s max: 0.173s std dev: 0.02236s window: 100
average rate: 9.971
	min: 0.034s max: 0.173s std dev: 0.02239s window: 100
average rate: 10.007
	min: 0.034s max: 0.173s std dev: 0.02355s window: 100
average rate: 9.988
	min: 0.034s max: 0.173s std dev: 0.02391s window: 100
average rate: 9.980
	min: 0.034s max: 0.173s std dev: 0.02500s window: 100
average rate: 10.004
	min: 0.034s max: 0.173s std dev: 0.02495s window: 100
average rate: 9.976
	min: 0.034s max: 0.173s std dev: 0.02512s window: 100
average rate: 9.987
	min: 0.042s max: 0.159s std dev: 0.02301s window: 100
average rate: 9.994
	min: 0.047s max: 0.159s std dev: 0.02225s window: 100
average rate: 9.990
	min: 0.047s max: 0.159s std dev: 0.02079s window: 100
average rate: 10.046
	min: 0.047s max: 0.159s std dev: 0.01843s window: 100
average rate: 9.972
	min: 0.049s max: 0.159s std dev: 0.01691s window: 100
average rate: 10.012
	min: 0.059s max: 0.157s std dev: 0.01512s window: 100
average rate: 10.020
	min: 0.065s max: 0.132s std dev: 0.01263s window: 100
average rate: 10.002
	min: 0.077s max: 0.132s std dev: 0.01188s window: 100
average rate: 9.994
	min: 0.077s max: 0.132s std dev: 0.01198s window: 100
average rate: 10.001
	min: 0.065s max: 0.132s std dev: 0.01212s window: 100
average rate: 10.003
	min: 0.065s max: 0.130s std dev: 0.01231s window: 100
average rate: 9.999
	min: 0.065s max: 0.129s std dev: 0.01185s window: 100
average rate: 10.002
	min: 0.065s max: 0.129s std dev: 0.01201s window: 100
average rate: 9.996
	min: 0.065s max: 0.129s std dev: 0.01184s window: 100
average rate: 9.979
	min: 0.065s max: 0.129s std dev: 0.01197s window: 100
average rate: 10.006
	min: 0.065s max: 0.129s std dev: 0.01211s window: 100
average rate: 9.995
	min: 0.065s max: 0.129s std dev: 0.01191s window: 100
average rate: 10.025
	min: 0.065s max: 0.129s std dev: 0.01187s window: 100
average rate: 9.976
	min: 0.071s max: 0.129s std dev: 0.01112s window: 100
average rate: 9.999
	min: 0.063s max: 0.129s std dev: 0.01196s window: 100
average rate: 10.006
	min: 0.063s max: 0.126s std dev: 0.01153s window: 100
average rate: 9.993
	min: 0.063s max: 0.126s std dev: 0.01137s window: 100
average rate: 9.989
	min: 0.063s max: 0.120s std dev: 0.01086s window: 100
average rate: 10.003
	min: 0.063s max: 0.120s std dev: 0.01103s window: 100
average rate: 10.009
	min: 0.063s max: 0.119s std dev: 0.01055s window: 100
average rate: 9.994
	min: 0.063s max: 0.122s std dev: 0.01087s window: 100
average rate: 9.992
	min: 0.063s max: 0.122s std dev: 0.01045s window: 100
average rate: 9.996
	min: 0.063s max: 0.125s std dev: 0.01091s window: 100
average rate: 9.989
	min: 0.070s max: 0.127s std dev: 0.01127s window: 100
average rate: 9.999
	min: 0.070s max: 0.131s std dev: 0.01214s window: 100
average rate: 10.004
	min: 0.070s max: 0.131s std dev: 0.01231s window: 100
average rate: 9.988
	min: 0.067s max: 0.133s std dev: 0.01281s window: 100
average rate: 10.009
	min: 0.067s max: 0.133s std dev: 0.01310s window: 100
average rate: 9.989
	min: 0.067s max: 0.133s std dev: 0.01317s window: 100
average rate: 10.012
	min: 0.067s max: 0.133s std dev: 0.01357s window: 100
average rate: 9.990
	min: 0.067s max: 0.133s std dev: 0.01364s window: 100
average rate: 9.996
	min: 0.067s max: 0.133s std dev: 0.01377s window: 100
average rate: 9.993
	min: 0.067s max: 0.133s std dev: 0.01267s window: 100
average rate: 9.991
	min: 0.066s max: 0.133s std dev: 0.01301s window: 100
average rate: 10.004
	min: 0.066s max: 0.133s std dev: 0.01256s window: 100
average rate: 10.000
	min: 0.066s max: 0.133s std dev: 0.01298s window: 100
average rate: 9.991
	min: 0.066s max: 0.132s std dev: 0.01207s window: 100
average rate: 10.014
	min: 0.066s max: 0.132s std dev: 0.01183s window: 100
average rate: 10.013
	min: 0.066s max: 0.132s std dev: 0.01203s window: 100
average rate: 9.979
	min: 0.066s max: 0.132s std dev: 0.01201s window: 100
average rate: 10.010
	min: 0.050s max: 0.136s std dev: 0.01368s window: 100
average rate: 9.987
	min: 0.050s max: 0.136s std dev: 0.01350s window: 100
average rate: 10.010
	min: 0.050s max: 0.136s std dev: 0.01355s window: 100
average rate: 9.999
	min: 0.050s max: 0.136s std dev: 0.01340s window: 100
average rate: 10.006
	min: 0.050s max: 0.136s std dev: 0.01315s window: 100
average rate: 10.014
	min: 0.050s max: 0.136s std dev: 0.01356s window: 100
average rate: 9.998
	min: 0.050s max: 0.136s std dev: 0.01359s window: 100
average rate: 9.976
	min: 0.050s max: 0.136s std dev: 0.01434s window: 100
average rate: 9.992
	min: 0.050s max: 0.136s std dev: 0.01453s window: 100
average rate: 9.989
	min: 0.066s max: 0.130s std dev: 0.01310s window: 100
average rate: 9.994
	min: 0.066s max: 0.142s std dev: 0.01443s window: 100
average rate: 9.998
	min: 0.066s max: 0.142s std dev: 0.01456s window: 100
average rate: 10.006
	min: 0.066s max: 0.142s std dev: 0.01474s window: 100
average rate: 10.016
	min: 0.059s max: 0.143s std dev: 0.01559s window: 100
average rate: 9.987
	min: 0.059s max: 0.143s std dev: 0.01565s window: 100
average rate: 10.006
	min: 0.059s max: 0.143s std dev: 0.01615s window: 100
average rate: 10.002
	min: 0.059s max: 0.143s std dev: 0.01523s window: 100
average rate: 10.006
	min: 0.059s max: 0.143s std dev: 0.01529s window: 100
average rate: 10.001
	min: 0.059s max: 0.143s std dev: 0.01498s window: 100
average rate: 10.025
	min: 0.059s max: 0.143s std dev: 0.01400s window: 100
average rate: 9.992
	min: 0.059s max: 0.143s std dev: 0.01354s window: 100
average rate: 9.985
	min: 0.059s max: 0.143s std dev: 0.01377s window: 100
average rate: 10.021
	min: 0.059s max: 0.130s std dev: 0.01324s window: 100
average rate: 9.987
	min: 0.069s max: 0.130s std dev: 0.01268s window: 100
average rate: 10.003
	min: 0.069s max: 0.130s std dev: 0.01239s window: 100
average rate: 9.987
	min: 0.069s max: 0.130s std dev: 0.01256s window: 100
average rate: 9.994
	min: 0.069s max: 0.130s std dev: 0.01252s window: 100
average rate: 9.999
	min: 0.074s max: 0.129s std dev: 0.01209s window: 100
average rate: 9.994
	min: 0.074s max: 0.129s std dev: 0.01220s window: 100
average rate: 10.010
	min: 0.074s max: 0.129s std dev: 0.01223s window: 100
average rate: 10.013
	min: 0.074s max: 0.132s std dev: 0.01276s window: 100
average rate: 9.991
	min: 0.074s max: 0.132s std dev: 0.01237s window: 100
average rate: 10.003
	min: 0.074s max: 0.132s std dev: 0.01196s window: 100
average rate: 9.987
	min: 0.074s max: 0.132s std dev: 0.01241s window: 100
average rate: 9.988
	min: 0.072s max: 0.132s std dev: 0.01237s window: 100
average rate: 9.995
	min: 0.072s max: 0.132s std dev: 0.01360s window: 100
average rate: 10.015
	min: 0.072s max: 0.132s std dev: 0.01344s window: 100
average rate: 9.995
	min: 0.069s max: 0.134s std dev: 0.01435s window: 100
average rate: 10.012
	min: 0.069s max: 0.134s std dev: 0.01431s window: 100
average rate: 9.979
	min: 0.069s max: 0.134s std dev: 0.01401s window: 100
average rate: 9.988
	min: 0.069s max: 0.134s std dev: 0.01429s window: 100
average rate: 9.995
	min: 0.069s max: 0.134s std dev: 0.01483s window: 100
average rate: 9.987
	min: 0.069s max: 0.134s std dev: 0.01537s window: 100
average rate: 10.010
	min: 0.069s max: 0.134s std dev: 0.01500s window: 100
average rate: 9.997
	min: 0.069s max: 0.134s std dev: 0.01431s window: 100
average rate: 9.996
	min: 0.069s max: 0.134s std dev: 0.01353s window: 100
average rate: 10.019
	min: 0.072s max: 0.134s std dev: 0.01361s window: 100
average rate: 9.980
	min: 0.072s max: 0.134s std dev: 0.01376s window: 100
average rate: 9.997
	min: 0.072s max: 0.134s std dev: 0.01434s window: 100
average rate: 10.018
	min: 0.072s max: 0.127s std dev: 0.01390s window: 100
average rate: 10.013
	min: 0.072s max: 0.127s std dev: 0.01366s window: 100
average rate: 9.981
	min: 0.072s max: 0.127s std dev: 0.01311s window: 100
average rate: 9.989
	min: 0.072s max: 0.127s std dev: 0.01270s window: 100
average rate: 10.007
	min: 0.072s max: 0.127s std dev: 0.01304s window: 100
average rate: 9.988
	min: 0.068s max: 0.136s std dev: 0.01409s window: 100
average rate: 10.006
	min: 0.068s max: 0.136s std dev: 0.01425s window: 100
average rate: 9.997
	min: 0.068s max: 0.136s std dev: 0.01355s window: 100
average rate: 9.994
	min: 0.068s max: 0.136s std dev: 0.01231s window: 100
average rate: 10.000
	min: 0.068s max: 0.136s std dev: 0.01251s window: 100
average rate: 9.994
	min: 0.068s max: 0.136s std dev: 0.01252s window: 100
average rate: 10.002
	min: 0.068s max: 0.136s std dev: 0.01239s window: 100
average rate: 9.982
	min: 0.068s max: 0.136s std dev: 0.01260s window: 100
average rate: 10.004
	min: 0.068s max: 0.136s std dev: 0.01264s window: 100
average rate: 10.004
	min: 0.068s max: 0.133s std dev: 0.01213s window: 100
average rate: 9.969
	min: 0.071s max: 0.133s std dev: 0.01202s window: 100
average rate: 9.981
	min: 0.071s max: 0.133s std dev: 0.01186s window: 100
average rate: 10.012
	min: 0.071s max: 0.133s std dev: 0.01237s window: 100
average rate: 9.993
	min: 0.047s max: 0.161s std dev: 0.01505s window: 100
average rate: 10.007
	min: 0.047s max: 0.161s std dev: 0.01603s window: 100
average rate: 10.011
	min: 0.047s max: 0.161s std dev: 0.01653s window: 100
average rate: 10.009
	min: 0.047s max: 0.161s std dev: 0.01652s window: 100
average rate: 10.007
	min: 0.047s max: 0.161s std dev: 0.01622s window: 100
average rate: 10.019
	min: 0.047s max: 0.161s std dev: 0.01626s window: 100
average rate: 10.024
	min: 0.047s max: 0.161s std dev: 0.01596s window: 100
average rate: 10.026
	min: 0.047s max: 0.161s std dev: 0.01608s window: 100
average rate: 10.008
	min: 0.047s max: 0.161s std dev: 0.01609s window: 100
average rate: 10.027
	min: 0.047s max: 0.161s std dev: 0.01562s window: 100
average rate: 10.009
	min: 0.067s max: 0.128s std dev: 0.01089s window: 100
average rate: 10.004
	min: 0.067s max: 0.128s std dev: 0.01134s window: 100
average rate: 9.987
	min: 0.059s max: 0.135s std dev: 0.01218s window: 100
average rate: 9.996
	min: 0.059s max: 0.135s std dev: 0.01199s window: 100
average rate: 9.990
	min: 0.059s max: 0.135s std dev: 0.01166s window: 100
average rate: 9.999
	min: 0.059s max: 0.135s std dev: 0.01101s window: 100
average rate: 9.965
	min: 0.059s max: 0.138s std dev: 0.01215s window: 100
average rate: 9.991
	min: 0.059s max: 0.138s std dev: 0.01288s window: 100
average rate: 9.953
	min: 0.059s max: 0.150s std dev: 0.01367s window: 100
average rate: 9.982
	min: 0.032s max: 0.150s std dev: 0.01674s window: 100
average rate: 9.977
	min: 0.032s max: 0.171s std dev: 0.01952s window: 100
average rate: 10.008
	min: 0.032s max: 0.171s std dev: 0.02055s window: 100
average rate: 9.980
	min: 0.032s max: 0.171s std dev: 0.02303s window: 100
average rate: 9.979
	min: 0.018s max: 0.186s std dev: 0.03009s window: 100
average rate: 9.970
	min: 0.018s max: 0.186s std dev: 0.03307s window: 100
average rate: 9.959
	min: 0.018s max: 0.186s std dev: 0.03303s window: 100
average rate: 9.992
	min: 0.018s max: 0.186s std dev: 0.03320s window: 100
average rate: 9.963
	min: 0.018s max: 0.186s std dev: 0.03301s window: 100
average rate: 9.992
	min: 0.018s max: 0.186s std dev: 0.03192s window: 100
average rate: 9.990
	min: 0.018s max: 0.186s std dev: 0.03083s window: 100
average rate: 9.994
	min: 0.018s max: 0.186s std dev: 0.03098s window: 100
average rate: 9.980
	min: 0.018s max: 0.186s std dev: 0.03018s window: 100
average rate: 10.084
	min: 0.018s max: 0.180s std dev: 0.02746s window: 100
average rate: 10.073
	min: 0.028s max: 0.172s std dev: 0.02114s window: 100
average rate: 10.005
	min: 0.037s max: 0.172s std dev: 0.02100s window: 100
average rate: 9.999
	min: 0.026s max: 0.172s std dev: 0.02317s window: 100
average rate: 10.023
	min: 0.026s max: 0.172s std dev: 0.02285s window: 100
average rate: 10.003
	min: 0.026s max: 0.172s std dev: 0.02294s window: 100
average rate: 9.990
	min: 0.026s max: 0.172s std dev: 0.02347s window: 100
average rate: 9.969
	min: 0.026s max: 0.172s std dev: 0.02166s window: 100
average rate: 10.036
	min: 0.026s max: 0.172s std dev: 0.02130s window: 100
average rate: 10.042
	min: 0.026s max: 0.169s std dev: 0.02021s window: 100
average rate: 9.987
	min: 0.026s max: 0.169s std dev: 0.01936s window: 100
average rate: 10.004
	min: 0.026s max: 0.169s std dev: 0.01841s window: 100
average rate: 10.014
	min: 0.057s max: 0.152s std dev: 0.01669s window: 100
average rate: 10.010
	min: 0.057s max: 0.152s std dev: 0.01694s window: 100
average rate: 10.000
	min: 0.058s max: 0.152s std dev: 0.01688s window: 100
average rate: 10.034
	min: 0.058s max: 0.152s std dev: 0.01706s window: 100
average rate: 10.006
	min: 0.058s max: 0.138s std dev: 0.01500s window: 100
average rate: 9.975
	min: 0.058s max: 0.138s std dev: 0.01545s window: 100
average rate: 10.006
	min: 0.058s max: 0.138s std dev: 0.01570s window: 100
average rate: 9.997
	min: 0.058s max: 0.138s std dev: 0.01556s window: 100
average rate: 10.006
	min: 0.058s max: 0.138s std dev: 0.01582s window: 100
average rate: 9.984
	min: 0.058s max: 0.138s std dev: 0.01544s window: 100
average rate: 10.031
	min: 0.058s max: 0.138s std dev: 0.01489s window: 100
average rate: 10.005
	min: 0.068s max: 0.136s std dev: 0.01302s window: 100
average rate: 9.982
	min: 0.068s max: 0.136s std dev: 0.01324s window: 100
average rate: 9.993
	min: 0.068s max: 0.136s std dev: 0.01335s window: 100
average rate: 9.993
	min: 0.068s max: 0.136s std dev: 0.01325s window: 100
average rate: 9.975
	min: 0.074s max: 0.136s std dev: 0.01249s window: 100
average rate: 9.980
	min: 0.074s max: 0.136s std dev: 0.01291s window: 100
average rate: 9.982
	min: 0.074s max: 0.136s std dev: 0.01237s window: 100
average rate: 9.975
	min: 0.074s max: 0.136s std dev: 0.01294s window: 100
average rate: 9.968
	min: 0.058s max: 0.147s std dev: 0.01473s window: 100
average rate: 9.964
	min: 0.058s max: 0.147s std dev: 0.01690s window: 100
average rate: 9.998
	min: 0.058s max: 0.147s std dev: 0.01718s window: 100
average rate: 9.991
	min: 0.058s max: 0.147s std dev: 0.01807s window: 100
average rate: 9.976
	min: 0.058s max: 0.147s std dev: 0.01859s window: 100
average rate: 9.958
	min: 0.042s max: 0.166s std dev: 0.02052s window: 100
average rate: 9.997
	min: 0.042s max: 0.166s std dev: 0.02108s window: 100
average rate: 10.009
	min: 0.042s max: 0.166s std dev: 0.02133s window: 100
average rate: 9.997
	min: 0.042s max: 0.166s std dev: 0.02140s window: 100
average rate: 10.021
	min: 0.036s max: 0.166s std dev: 0.02184s window: 100
average rate: 9.962
	min: 0.036s max: 0.166s std dev: 0.02127s window: 100
average rate: 9.974
	min: 0.036s max: 0.166s std dev: 0.02068s window: 100
average rate: 9.992
	min: 0.036s max: 0.166s std dev: 0.02031s window: 100
average rate: 9.976
	min: 0.036s max: 0.166s std dev: 0.02105s window: 100
average rate: 9.973
	min: 0.036s max: 0.159s std dev: 0.01916s window: 100
average rate: 9.995
	min: 0.036s max: 0.159s std dev: 0.01854s window: 100
average rate: 10.016
	min: 0.036s max: 0.159s std dev: 0.01869s window: 100
average rate: 10.015
	min: 0.029s max: 0.181s std dev: 0.02175s window: 100
average rate: 9.976
	min: 0.029s max: 0.181s std dev: 0.01984s window: 100
average rate: 9.979
	min: 0.029s max: 0.181s std dev: 0.02037s window: 100
average rate: 9.972
	min: 0.029s max: 0.181s std dev: 0.02012s window: 100
average rate: 9.985
	min: 0.029s max: 0.181s std dev: 0.02039s window: 100
average rate: 9.936
	min: 0.029s max: 0.181s std dev: 0.02096s window: 100
average rate: 9.985
	min: 0.029s max: 0.181s std dev: 0.02079s window: 100
average rate: 9.974
	min: 0.029s max: 0.181s std dev: 0.02110s window: 100
average rate: 9.997
	min: 0.029s max: 0.181s std dev: 0.02142s window: 100
average rate: 10.007
	min: 0.044s max: 0.153s std dev: 0.01932s window: 100
average rate: 9.973
	min: 0.044s max: 0.153s std dev: 0.01911s window: 100
average rate: 9.978
	min: 0.044s max: 0.153s std dev: 0.02053s window: 100
average rate: 9.992
	min: 0.044s max: 0.153s std dev: 0.01997s window: 100
average rate: 10.009
	min: 0.044s max: 0.153s std dev: 0.01994s window: 100
average rate: 9.975
	min: 0.044s max: 0.153s std dev: 0.01993s window: 100
average rate: 10.007
	min: 0.045s max: 0.143s std dev: 0.01865s window: 100
average rate: 10.001
	min: 0.045s max: 0.143s std dev: 0.01879s window: 100
average rate: 10.016
	min: 0.045s max: 0.143s std dev: 0.01834s window: 100
average rate: 9.994
	min: 0.045s max: 0.143s std dev: 0.01837s window: 100
average rate: 9.989
	min: 0.045s max: 0.143s std dev: 0.01800s window: 100
