# command: ros2 topic hz /tf --window 200
# started: 2026-05-24 16:52:53 +0800
average rate: 31.857
	min: 0.000s max: 0.309s std dev: 0.05134s window: 33
average rate: 44.463
	min: 0.000s max: 0.309s std dev: 0.04202s window: 91
average rate: 61.539
	min: 0.000s max: 0.309s std dev: 0.03064s window: 189
average rate: 92.997
	min: 0.000s max: 0.052s std dev: 0.00902s window: 200
average rate: 93.542
	min: 0.000s max: 0.032s std dev: 0.00744s window: 200
average rate: 89.527
	min: 0.000s max: 0.041s std dev: 0.00855s window: 200
average rate: 90.015
	min: 0.000s max: 0.041s std dev: 0.00909s window: 200
average rate: 90.084
	min: 0.000s max: 0.037s std dev: 0.00859s window: 200
average rate: 89.993
	min: 0.000s max: 0.034s std dev: 0.00840s window: 200
average rate: 90.598
	min: 0.000s max: 0.034s std dev: 0.00858s window: 200
average rate: 90.463
	min: 0.000s max: 0.028s std dev: 0.00808s window: 200
average rate: 89.589
	min: 0.000s max: 0.031s std dev: 0.00837s window: 200
average rate: 89.912
	min: 0.000s max: 0.033s std dev: 0.00899s window: 200
average rate: 91.054
	min: 0.000s max: 0.033s std dev: 0.00895s window: 200
average rate: 92.548
	min: 0.001s max: 0.031s std dev: 0.00850s window: 200
average rate: 93.237
	min: 0.000s max: 0.030s std dev: 0.00852s window: 200
average rate: 92.026
	min: 0.000s max: 0.029s std dev: 0.00833s window: 200
average rate: 89.762
	min: 0.000s max: 0.029s std dev: 0.00882s window: 200
average rate: 89.358
	min: 0.000s max: 0.033s std dev: 0.00920s window: 200
average rate: 90.662
	min: 0.000s max: 0.033s std dev: 0.00945s window: 200
average rate: 89.698
	min: 0.000s max: 0.033s std dev: 0.00954s window: 200
average rate: 90.410
	min: 0.000s max: 0.029s std dev: 0.00962s window: 200
average rate: 90.027
	min: 0.000s max: 0.029s std dev: 0.00956s window: 200
average rate: 89.804
	min: 0.000s max: 0.029s std dev: 0.00926s window: 200
average rate: 89.843
	min: 0.000s max: 0.029s std dev: 0.00903s window: 200
average rate: 90.575
	min: 0.000s max: 0.028s std dev: 0.00881s window: 200
average rate: 89.559
	min: 0.000s max: 0.029s std dev: 0.00821s window: 200
average rate: 89.525
	min: 0.000s max: 0.029s std dev: 0.00823s window: 200
average rate: 89.523
	min: 0.000s max: 0.029s std dev: 0.00806s window: 200
average rate: 90.223
	min: 0.000s max: 0.029s std dev: 0.00762s window: 200
average rate: 89.758
	min: 0.000s max: 0.029s std dev: 0.00782s window: 200
average rate: 89.797
	min: 0.000s max: 0.029s std dev: 0.00771s window: 200
average rate: 89.742
	min: 0.000s max: 0.029s std dev: 0.00780s window: 200
average rate: 90.203
	min: 0.000s max: 0.029s std dev: 0.00770s window: 200
average rate: 90.078
	min: 0.000s max: 0.029s std dev: 0.00827s window: 200
average rate: 89.654
	min: 0.000s max: 0.029s std dev: 0.00879s window: 200
average rate: 90.641
	min: 0.000s max: 0.029s std dev: 0.00893s window: 200
average rate: 90.706
	min: 0.000s max: 0.029s std dev: 0.00915s window: 200
average rate: 90.335
	min: 0.000s max: 0.029s std dev: 0.00927s window: 200
average rate: 90.453
	min: 0.000s max: 0.030s std dev: 0.00987s window: 200
average rate: 90.130
	min: 0.000s max: 0.030s std dev: 0.01013s window: 200
average rate: 90.034
	min: 0.000s max: 0.029s std dev: 0.00948s window: 200
average rate: 89.509
	min: 0.000s max: 0.029s std dev: 0.00965s window: 200
average rate: 89.840
	min: 0.000s max: 0.030s std dev: 0.00934s window: 200
average rate: 89.531
	min: 0.000s max: 0.030s std dev: 0.00948s window: 200
average rate: 89.507
	min: 0.000s max: 0.030s std dev: 0.00921s window: 200
average rate: 89.574
	min: 0.000s max: 0.029s std dev: 0.00861s window: 200
average rate: 89.553
	min: 0.001s max: 0.029s std dev: 0.00848s window: 200
average rate: 89.553
	min: 0.000s max: 0.029s std dev: 0.00867s window: 200
average rate: 89.572
	min: 0.000s max: 0.029s std dev: 0.00837s window: 200
average rate: 90.039
	min: 0.000s max: 0.028s std dev: 0.00787s window: 200
average rate: 90.028
	min: 0.000s max: 0.028s std dev: 0.00782s window: 200
average rate: 89.895
	min: 0.000s max: 0.030s std dev: 0.00760s window: 200
average rate: 90.508
	min: 0.000s max: 0.030s std dev: 0.00755s window: 200
average rate: 90.374
	min: 0.000s max: 0.031s std dev: 0.00777s window: 200
average rate: 90.439
	min: 0.000s max: 0.031s std dev: 0.00818s window: 200
average rate: 90.516
	min: 0.000s max: 0.031s std dev: 0.00826s window: 200
average rate: 89.477
	min: 0.001s max: 0.030s std dev: 0.00782s window: 200
average rate: 89.433
	min: 0.000s max: 0.030s std dev: 0.00787s window: 200
average rate: 89.592
	min: 0.000s max: 0.030s std dev: 0.00818s window: 200
average rate: 89.578
	min: 0.000s max: 0.030s std dev: 0.00858s window: 200
average rate: 89.594
	min: 0.000s max: 0.029s std dev: 0.00887s window: 200
average rate: 90.154
	min: 0.000s max: 0.030s std dev: 0.00922s window: 200
average rate: 88.916
	min: 0.000s max: 0.030s std dev: 0.00972s window: 200
average rate: 90.924
	min: 0.000s max: 0.030s std dev: 0.00963s window: 200
average rate: 90.351
	min: 0.000s max: 0.032s std dev: 0.00957s window: 200
average rate: 89.556
	min: 0.000s max: 0.032s std dev: 0.00938s window: 200
average rate: 89.572
	min: 0.000s max: 0.030s std dev: 0.00924s window: 200
average rate: 89.488
	min: 0.000s max: 0.031s std dev: 0.00901s window: 200
average rate: 89.790
	min: 0.000s max: 0.033s std dev: 0.00913s window: 200
average rate: 90.453
	min: 0.000s max: 0.033s std dev: 0.00881s window: 200
average rate: 90.136
	min: 0.000s max: 0.030s std dev: 0.00846s window: 200
average rate: 89.797
	min: 0.000s max: 0.029s std dev: 0.00876s window: 200
average rate: 89.802
	min: 0.000s max: 0.031s std dev: 0.00913s window: 200
average rate: 90.565
	min: 0.000s max: 0.031s std dev: 0.00955s window: 200
average rate: 90.643
	min: 0.000s max: 0.029s std dev: 0.00925s window: 200
average rate: 89.765
	min: 0.000s max: 0.032s std dev: 0.00930s window: 200
average rate: 89.495
	min: 0.000s max: 0.032s std dev: 0.00916s window: 200
average rate: 89.634
	min: 0.000s max: 0.032s std dev: 0.00894s window: 200
average rate: 89.537
	min: 0.000s max: 0.033s std dev: 0.00905s window: 200
average rate: 89.553
	min: 0.000s max: 0.033s std dev: 0.00917s window: 200
average rate: 89.841
	min: 0.000s max: 0.032s std dev: 0.00916s window: 200
average rate: 89.458
	min: 0.000s max: 0.033s std dev: 0.00950s window: 200
average rate: 90.665
	min: 0.000s max: 0.033s std dev: 0.00936s window: 200
average rate: 90.281
	min: 0.000s max: 0.033s std dev: 0.00919s window: 200
average rate: 89.999
	min: 0.000s max: 0.034s std dev: 0.00874s window: 200
average rate: 90.500
	min: 0.000s max: 0.034s std dev: 0.00904s window: 200
average rate: 90.647
	min: 0.000s max: 0.033s std dev: 0.00883s window: 200
average rate: 90.380
	min: 0.000s max: 0.033s std dev: 0.00891s window: 200
average rate: 89.501
	min: 0.000s max: 0.031s std dev: 0.00938s window: 200
average rate: 89.555
	min: 0.000s max: 0.031s std dev: 0.00922s window: 200
average rate: 89.476
	min: 0.000s max: 0.030s std dev: 0.00883s window: 200
average rate: 89.838
	min: 0.000s max: 0.029s std dev: 0.00885s window: 200
average rate: 89.662
	min: 0.000s max: 0.032s std dev: 0.00885s window: 200
average rate: 89.468
	min: 0.000s max: 0.032s std dev: 0.00873s window: 200
average rate: 90.574
	min: 0.000s max: 0.030s std dev: 0.00917s window: 200
average rate: 90.332
	min: 0.000s max: 0.030s std dev: 0.00919s window: 200
average rate: 89.989
	min: 0.000s max: 0.031s std dev: 0.00884s window: 200
average rate: 89.946
	min: 0.000s max: 0.034s std dev: 0.00882s window: 200
average rate: 89.221
	min: 0.000s max: 0.034s std dev: 0.00900s window: 200
average rate: 90.011
	min: 0.000s max: 0.030s std dev: 0.00873s window: 200
average rate: 90.385
	min: 0.000s max: 0.030s std dev: 0.00872s window: 200
average rate: 90.393
	min: 0.000s max: 0.030s std dev: 0.00892s window: 200
average rate: 90.492
	min: 0.000s max: 0.030s std dev: 0.00894s window: 200
average rate: 90.413
	min: 0.000s max: 0.031s std dev: 0.00912s window: 200
average rate: 89.591
	min: 0.000s max: 0.031s std dev: 0.00903s window: 200
average rate: 89.537
	min: 0.000s max: 0.031s std dev: 0.00918s window: 200
average rate: 89.550
	min: 0.000s max: 0.034s std dev: 0.00956s window: 200
average rate: 89.582
	min: 0.000s max: 0.034s std dev: 0.00933s window: 200
average rate: 89.439
	min: 0.000s max: 0.032s std dev: 0.00917s window: 200
average rate: 89.304
	min: 0.000s max: 0.032s std dev: 0.00932s window: 200
average rate: 89.581
	min: 0.000s max: 0.032s std dev: 0.00960s window: 200
average rate: 90.675
	min: 0.000s max: 0.032s std dev: 0.00939s window: 200
average rate: 90.655
	min: 0.000s max: 0.029s std dev: 0.00904s window: 200
average rate: 89.463
	min: 0.000s max: 0.030s std dev: 0.00917s window: 200
average rate: 89.032
	min: 0.000s max: 0.031s std dev: 0.00946s window: 200
average rate: 89.797
	min: 0.000s max: 0.031s std dev: 0.00950s window: 200
average rate: 89.624
	min: 0.000s max: 0.030s std dev: 0.00954s window: 200
average rate: 89.252
	min: 0.000s max: 0.030s std dev: 0.00941s window: 200
average rate: 89.381
	min: 0.000s max: 0.033s std dev: 0.00950s window: 200
average rate: 88.275
	min: 0.000s max: 0.033s std dev: 0.00956s window: 200
average rate: 87.895
	min: 0.000s max: 0.034s std dev: 0.00957s window: 200
average rate: 87.995
	min: 0.000s max: 0.034s std dev: 0.00944s window: 200
average rate: 89.060
	min: 0.000s max: 0.031s std dev: 0.00944s window: 200
average rate: 92.152
	min: 0.000s max: 0.032s std dev: 0.00927s window: 200
average rate: 92.059
	min: 0.000s max: 0.032s std dev: 0.00877s window: 200
average rate: 90.654
	min: 0.000s max: 0.028s std dev: 0.00845s window: 200
average rate: 89.788
	min: 0.000s max: 0.029s std dev: 0.00872s window: 200
average rate: 90.658
	min: 0.000s max: 0.030s std dev: 0.00892s window: 200
average rate: 90.656
	min: 0.000s max: 0.030s std dev: 0.00882s window: 200
average rate: 90.441
	min: 0.000s max: 0.030s std dev: 0.00904s window: 200
average rate: 89.553
	min: 0.000s max: 0.036s std dev: 0.00978s window: 200
average rate: 89.322
	min: 0.000s max: 0.036s std dev: 0.01009s window: 200
average rate: 89.051
	min: 0.000s max: 0.032s std dev: 0.00958s window: 200
average rate: 85.694
	min: 0.000s max: 0.034s std dev: 0.00965s window: 200
average rate: 85.508
	min: 0.000s max: 0.034s std dev: 0.00949s window: 200
average rate: 84.399
	min: 0.000s max: 0.031s std dev: 0.00951s window: 200
average rate: 84.601
	min: 0.000s max: 0.032s std dev: 0.00900s window: 200
average rate: 84.529
	min: 0.000s max: 0.032s std dev: 0.00867s window: 200
average rate: 84.519
	min: 0.000s max: 0.036s std dev: 0.00868s window: 200
average rate: 85.455
	min: 0.000s max: 0.036s std dev: 0.00922s window: 200
average rate: 85.794
	min: 0.000s max: 0.032s std dev: 0.00935s window: 200
average rate: 85.495
	min: 0.000s max: 0.032s std dev: 0.00926s window: 200
average rate: 84.678
	min: 0.000s max: 0.036s std dev: 0.00936s window: 200
average rate: 84.757
	min: 0.000s max: 0.036s std dev: 0.00945s window: 200
average rate: 85.515
	min: 0.000s max: 0.031s std dev: 0.00907s window: 200
average rate: 84.658
	min: 0.000s max: 0.035s std dev: 0.00942s window: 200
average rate: 84.312
	min: 0.000s max: 0.036s std dev: 0.00954s window: 200
average rate: 84.350
	min: 0.000s max: 0.036s std dev: 0.00898s window: 200
average rate: 83.513
	min: 0.000s max: 0.032s std dev: 0.00849s window: 200
average rate: 82.337
	min: 0.000s max: 0.044s std dev: 0.00919s window: 200
average rate: 80.934
	min: 0.000s max: 0.044s std dev: 0.00970s window: 200
average rate: 79.844
	min: 0.000s max: 0.033s std dev: 0.00971s window: 200
average rate: 79.931
	min: 0.000s max: 0.033s std dev: 0.00952s window: 200
average rate: 81.050
	min: 0.000s max: 0.032s std dev: 0.00915s window: 200
average rate: 83.297
	min: 0.000s max: 0.030s std dev: 0.00901s window: 200
average rate: 84.450
	min: 0.000s max: 0.035s std dev: 0.00935s window: 200
average rate: 84.144
	min: 0.000s max: 0.035s std dev: 0.00913s window: 200
average rate: 82.672
	min: 0.000s max: 0.033s std dev: 0.00907s window: 200
average rate: 81.272
	min: 0.000s max: 0.036s std dev: 0.00884s window: 200
average rate: 83.362
	min: 0.000s max: 0.036s std dev: 0.00891s window: 200
average rate: 84.326
	min: 0.000s max: 0.033s std dev: 0.00922s window: 200
average rate: 84.296
	min: 0.000s max: 0.033s std dev: 0.00953s window: 200
average rate: 85.302
	min: 0.000s max: 0.033s std dev: 0.00935s window: 200
average rate: 85.564
	min: 0.000s max: 0.030s std dev: 0.00927s window: 200
average rate: 85.471
	min: 0.000s max: 0.031s std dev: 0.00919s window: 200
average rate: 85.712
	min: 0.000s max: 0.031s std dev: 0.00922s window: 200
average rate: 85.468
	min: 0.000s max: 0.031s std dev: 0.00937s window: 200
average rate: 85.614
	min: 0.000s max: 0.030s std dev: 0.00915s window: 200
average rate: 84.324
	min: 0.000s max: 0.036s std dev: 0.00947s window: 200
average rate: 83.494
	min: 0.000s max: 0.036s std dev: 0.00953s window: 200
average rate: 84.178
	min: 0.000s max: 0.038s std dev: 0.00966s window: 200
average rate: 84.588
	min: 0.000s max: 0.038s std dev: 0.00953s window: 200
average rate: 84.386
	min: 0.000s max: 0.032s std dev: 0.00911s window: 200
average rate: 83.842
	min: 0.000s max: 0.032s std dev: 0.00892s window: 200
average rate: 82.176
	min: 0.000s max: 0.032s std dev: 0.00891s window: 200
average rate: 81.145
	min: 0.000s max: 0.037s std dev: 0.00957s window: 200
average rate: 82.433
	min: 0.000s max: 0.038s std dev: 0.00982s window: 200
average rate: 84.424
	min: 0.000s max: 0.038s std dev: 0.00958s window: 200
average rate: 84.556
	min: 0.000s max: 0.040s std dev: 0.00942s window: 200
average rate: 85.466
	min: 0.000s max: 0.042s std dev: 0.00961s window: 200
average rate: 85.298
	min: 0.000s max: 0.042s std dev: 0.00929s window: 200
average rate: 83.336
	min: 0.001s max: 0.033s std dev: 0.00886s window: 200
average rate: 81.197
	min: 0.000s max: 0.035s std dev: 0.00923s window: 200
average rate: 79.923
	min: 0.000s max: 0.035s std dev: 0.00895s window: 200
average rate: 80.232
	min: 0.000s max: 0.033s std dev: 0.00903s window: 200
average rate: 81.547
	min: 0.000s max: 0.033s std dev: 0.00900s window: 200
average rate: 83.493
	min: 0.000s max: 0.042s std dev: 0.00905s window: 200
average rate: 84.345
	min: 0.000s max: 0.042s std dev: 0.00917s window: 200
average rate: 83.411
	min: 0.000s max: 0.042s std dev: 0.00942s window: 200
average rate: 83.302
	min: 0.000s max: 0.030s std dev: 0.00943s window: 200
average rate: 84.399
	min: 0.000s max: 0.030s std dev: 0.00933s window: 200
average rate: 85.696
	min: 0.000s max: 0.044s std dev: 0.00960s window: 200
average rate: 84.732
	min: 0.000s max: 0.044s std dev: 0.00970s window: 200
average rate: 84.880
	min: 0.000s max: 0.033s std dev: 0.00942s window: 200
average rate: 85.785
	min: 0.000s max: 0.033s std dev: 0.00924s window: 200
average rate: 85.538
	min: 0.000s max: 0.038s std dev: 0.00967s window: 200
average rate: 85.695
	min: 0.000s max: 0.038s std dev: 0.00929s window: 200
average rate: 85.492
	min: 0.000s max: 0.032s std dev: 0.00904s window: 200
average rate: 84.738
	min: 0.000s max: 0.031s std dev: 0.00915s window: 200
average rate: 84.804
	min: 0.000s max: 0.031s std dev: 0.00910s window: 200
average rate: 85.506
	min: 0.000s max: 0.031s std dev: 0.00877s window: 200
average rate: 85.150
	min: 0.000s max: 0.031s std dev: 0.00898s window: 200
average rate: 85.948
	min: 0.000s max: 0.031s std dev: 0.00911s window: 200
average rate: 87.137
	min: 0.000s max: 0.031s std dev: 0.00911s window: 200
average rate: 87.153
	min: 0.000s max: 0.030s std dev: 0.00946s window: 200
average rate: 86.929
	min: 0.000s max: 0.032s std dev: 0.00960s window: 200
average rate: 87.969
	min: 0.000s max: 0.032s std dev: 0.00945s window: 200
average rate: 88.212
	min: 0.000s max: 0.029s std dev: 0.00939s window: 200
average rate: 88.625
	min: 0.000s max: 0.029s std dev: 0.00940s window: 200
average rate: 86.848
	min: 0.000s max: 0.031s std dev: 0.00927s window: 200
average rate: 87.205
	min: 0.000s max: 0.031s std dev: 0.00898s window: 200
average rate: 88.244
	min: 0.000s max: 0.029s std dev: 0.00907s window: 200
average rate: 88.200
	min: 0.000s max: 0.031s std dev: 0.00950s window: 200
average rate: 87.045
	min: 0.000s max: 0.034s std dev: 0.00959s window: 200
average rate: 87.179
	min: 0.000s max: 0.034s std dev: 0.00951s window: 200
average rate: 87.131
	min: 0.000s max: 0.034s std dev: 0.00934s window: 200
average rate: 88.045
	min: 0.000s max: 0.032s std dev: 0.00954s window: 200
average rate: 86.955
	min: 0.000s max: 0.032s std dev: 0.00948s window: 200
average rate: 86.636
	min: 0.000s max: 0.030s std dev: 0.00938s window: 200
average rate: 86.925
	min: 0.000s max: 0.029s std dev: 0.00908s window: 200
average rate: 86.519
	min: 0.000s max: 0.033s std dev: 0.00906s window: 200
average rate: 85.937
	min: 0.000s max: 0.033s std dev: 0.00893s window: 200
average rate: 85.925
	min: 0.000s max: 0.031s std dev: 0.00863s window: 200
average rate: 85.834
	min: 0.001s max: 0.031s std dev: 0.00897s window: 200
average rate: 85.874
	min: 0.000s max: 0.030s std dev: 0.00897s window: 200
average rate: 86.702
	min: 0.000s max: 0.031s std dev: 0.00904s window: 200
average rate: 84.740
	min: 0.000s max: 0.031s std dev: 0.00918s window: 200
average rate: 85.349
	min: 0.000s max: 0.031s std dev: 0.00886s window: 200
average rate: 86.968
	min: 0.000s max: 0.031s std dev: 0.00894s window: 200
average rate: 85.809
	min: 0.000s max: 0.033s std dev: 0.00912s window: 200
average rate: 84.546
	min: 0.001s max: 0.033s std dev: 0.00904s window: 200
average rate: 85.583
	min: 0.001s max: 0.032s std dev: 0.00935s window: 200
average rate: 85.608
	min: 0.000s max: 0.032s std dev: 0.00934s window: 200
average rate: 85.502
	min: 0.000s max: 0.031s std dev: 0.00943s window: 200
average rate: 85.528
	min: 0.000s max: 0.031s std dev: 0.00950s window: 200
average rate: 86.929
	min: 0.000s max: 0.029s std dev: 0.00950s window: 200
average rate: 85.800
	min: 0.000s max: 0.036s std dev: 0.00970s window: 200
average rate: 84.747
	min: 0.000s max: 0.036s std dev: 0.00938s window: 200
average rate: 84.660
	min: 0.000s max: 0.036s std dev: 0.00894s window: 200
average rate: 85.789
	min: 0.000s max: 0.029s std dev: 0.00904s window: 200
average rate: 86.931
	min: 0.000s max: 0.029s std dev: 0.00896s window: 200
average rate: 86.959
	min: 0.000s max: 0.029s std dev: 0.00924s window: 200
average rate: 86.313
	min: 0.000s max: 0.029s std dev: 0.00953s window: 200
average rate: 87.021
	min: 0.000s max: 0.029s std dev: 0.00930s window: 200
average rate: 86.723
	min: 0.000s max: 0.030s std dev: 0.00918s window: 200
average rate: 86.788
	min: 0.000s max: 0.030s std dev: 0.00912s window: 200
average rate: 90.626
	min: 0.000s max: 0.030s std dev: 0.00902s window: 200
average rate: 91.022
	min: 0.000s max: 0.029s std dev: 0.00903s window: 200
average rate: 91.476
	min: 0.000s max: 0.028s std dev: 0.00889s window: 200
average rate: 91.002
	min: 0.000s max: 0.034s std dev: 0.00927s window: 200
average rate: 89.569
	min: 0.000s max: 0.034s std dev: 0.00956s window: 200
average rate: 87.936
	min: 0.000s max: 0.030s std dev: 0.00936s window: 200
average rate: 86.855
	min: 0.000s max: 0.030s std dev: 0.00946s window: 200
average rate: 86.499
	min: 0.000s max: 0.037s std dev: 0.00980s window: 200
average rate: 87.183
	min: 0.000s max: 0.037s std dev: 0.00961s window: 200
average rate: 86.943
	min: 0.000s max: 0.029s std dev: 0.00958s window: 200
average rate: 86.752
	min: 0.000s max: 0.032s std dev: 0.00944s window: 200
average rate: 85.905
	min: 0.000s max: 0.032s std dev: 0.00925s window: 200
average rate: 86.891
	min: 0.000s max: 0.032s std dev: 0.00942s window: 200
average rate: 86.886
	min: 0.000s max: 0.030s std dev: 0.00976s window: 200
average rate: 86.672
	min: 0.000s max: 0.035s std dev: 0.00981s window: 200
average rate: 86.718
	min: 0.000s max: 0.035s std dev: 0.00934s window: 200
average rate: 86.834
	min: 0.000s max: 0.035s std dev: 0.00925s window: 200
average rate: 86.912
	min: 0.000s max: 0.029s std dev: 0.00957s window: 200
average rate: 85.825
	min: 0.000s max: 0.030s std dev: 0.00954s window: 200
average rate: 86.750
	min: 0.000s max: 0.030s std dev: 0.00934s window: 200
average rate: 86.916
	min: 0.000s max: 0.030s std dev: 0.00926s window: 200
average rate: 87.588
	min: 0.000s max: 0.029s std dev: 0.00896s window: 200
average rate: 86.992
	min: 0.000s max: 0.029s std dev: 0.00929s window: 200
average rate: 86.672
	min: 0.000s max: 0.029s std dev: 0.00914s window: 200
average rate: 87.197
	min: 0.000s max: 0.029s std dev: 0.00894s window: 200
average rate: 87.761
	min: 0.000s max: 0.029s std dev: 0.00948s window: 200
average rate: 90.109
	min: 0.000s max: 0.029s std dev: 0.00923s window: 200
average rate: 92.056
	min: 0.000s max: 0.032s std dev: 0.00908s window: 200
average rate: 90.632
	min: 0.000s max: 0.032s std dev: 0.00917s window: 200
average rate: 90.278
	min: 0.000s max: 0.030s std dev: 0.00925s window: 200
average rate: 89.760
	min: 0.000s max: 0.037s std dev: 0.00984s window: 200
average rate: 89.574
	min: 0.000s max: 0.037s std dev: 0.00995s window: 200
average rate: 89.802
	min: 0.000s max: 0.037s std dev: 0.01000s window: 200
average rate: 89.300
	min: 0.000s max: 0.032s std dev: 0.00944s window: 200
average rate: 89.083
	min: 0.000s max: 0.032s std dev: 0.00908s window: 200
average rate: 86.943
	min: 0.001s max: 0.030s std dev: 0.00896s window: 200
average rate: 87.021
	min: 0.000s max: 0.030s std dev: 0.00929s window: 200
average rate: 87.971
	min: 0.000s max: 0.030s std dev: 0.00948s window: 200
average rate: 87.449
	min: 0.000s max: 0.030s std dev: 0.00931s window: 200
average rate: 88.446
	min: 0.000s max: 0.029s std dev: 0.00935s window: 200
average rate: 89.832
	min: 0.000s max: 0.029s std dev: 0.00920s window: 200
average rate: 92.570
	min: 0.000s max: 0.029s std dev: 0.00871s window: 200
average rate: 91.061
	min: 0.000s max: 0.031s std dev: 0.00923s window: 200
average rate: 90.739
	min: 0.000s max: 0.031s std dev: 0.00916s window: 200
average rate: 90.574
	min: 0.000s max: 0.031s std dev: 0.00930s window: 200
average rate: 89.612
	min: 0.000s max: 0.030s std dev: 0.00968s window: 200
average rate: 89.297
	min: 0.000s max: 0.030s std dev: 0.00943s window: 200
average rate: 89.067
	min: 0.000s max: 0.032s std dev: 0.00924s window: 200
average rate: 89.280
	min: 0.000s max: 0.032s std dev: 0.00934s window: 200
average rate: 91.012
	min: 0.000s max: 0.029s std dev: 0.00917s window: 200
average rate: 92.037
	min: 0.000s max: 0.029s std dev: 0.00889s window: 200
average rate: 90.724
	min: 0.000s max: 0.030s std dev: 0.00903s window: 200
average rate: 89.557
	min: 0.000s max: 0.030s std dev: 0.00907s window: 200
average rate: 89.549
	min: 0.000s max: 0.030s std dev: 0.00925s window: 200
average rate: 88.790
	min: 0.000s max: 0.030s std dev: 0.00946s window: 200
average rate: 89.811
	min: 0.000s max: 0.032s std dev: 0.00920s window: 200
average rate: 90.642
	min: 0.000s max: 0.032s std dev: 0.00920s window: 200
average rate: 90.184
	min: 0.000s max: 0.031s std dev: 0.00962s window: 200
average rate: 89.556
	min: 0.000s max: 0.031s std dev: 0.00978s window: 200
average rate: 89.500
	min: 0.000s max: 0.030s std dev: 0.00958s window: 200
average rate: 89.602
	min: 0.000s max: 0.030s std dev: 0.00949s window: 200
average rate: 90.103
	min: 0.000s max: 0.030s std dev: 0.00943s window: 200
average rate: 89.807
	min: 0.000s max: 0.029s std dev: 0.00913s window: 200
average rate: 90.410
	min: 0.000s max: 0.029s std dev: 0.00890s window: 200
average rate: 89.780
	min: 0.000s max: 0.029s std dev: 0.00925s window: 200
average rate: 89.776
	min: 0.000s max: 0.031s std dev: 0.00933s window: 200
average rate: 89.756
	min: 0.000s max: 0.031s std dev: 0.00952s window: 200
average rate: 89.779
	min: 0.000s max: 0.033s std dev: 0.00971s window: 200
average rate: 89.781
	min: 0.000s max: 0.033s std dev: 0.00980s window: 200
average rate: 89.550
	min: 0.000s max: 0.033s std dev: 0.00980s window: 200
average rate: 89.638
	min: 0.000s max: 0.029s std dev: 0.00927s window: 200
average rate: 89.337
	min: 0.000s max: 0.032s std dev: 0.00896s window: 200
average rate: 89.582
	min: 0.000s max: 0.032s std dev: 0.00945s window: 200
average rate: 89.586
	min: 0.000s max: 0.032s std dev: 0.00978s window: 200
average rate: 88.658
	min: 0.000s max: 0.034s std dev: 0.00974s window: 200
average rate: 88.355
	min: 0.000s max: 0.034s std dev: 0.00953s window: 200
average rate: 88.450
	min: 0.000s max: 0.032s std dev: 0.00914s window: 200
average rate: 88.314
	min: 0.000s max: 0.030s std dev: 0.00927s window: 200
average rate: 87.169
	min: 0.000s max: 0.030s std dev: 0.00932s window: 200
average rate: 86.470
	min: 0.000s max: 0.030s std dev: 0.00920s window: 200
average rate: 87.070
	min: 0.000s max: 0.030s std dev: 0.00916s window: 200
average rate: 87.457
	min: 0.000s max: 0.030s std dev: 0.00941s window: 200
average rate: 86.704
	min: 0.000s max: 0.031s std dev: 0.00943s window: 200
average rate: 86.972
	min: 0.000s max: 0.031s std dev: 0.00938s window: 200
average rate: 88.069
	min: 0.000s max: 0.031s std dev: 0.00889s window: 200
average rate: 87.485
	min: 0.000s max: 0.030s std dev: 0.00896s window: 200
average rate: 87.205
	min: 0.000s max: 0.032s std dev: 0.00893s window: 200
average rate: 86.897
	min: 0.000s max: 0.032s std dev: 0.00920s window: 200
average rate: 87.206
	min: 0.000s max: 0.032s std dev: 0.00959s window: 200
average rate: 87.172
	min: 0.000s max: 0.030s std dev: 0.00939s window: 200
average rate: 86.931
	min: 0.000s max: 0.030s std dev: 0.00910s window: 200
average rate: 87.047
	min: 0.000s max: 0.030s std dev: 0.00926s window: 200
average rate: 89.326
	min: 0.000s max: 0.030s std dev: 0.00909s window: 200
average rate: 88.691
	min: 0.000s max: 0.029s std dev: 0.00929s window: 200
average rate: 87.138
	min: 0.000s max: 0.029s std dev: 0.00907s window: 200
average rate: 88.198
	min: 0.000s max: 0.029s std dev: 0.00879s window: 200
average rate: 88.206
	min: 0.000s max: 0.030s std dev: 0.00905s window: 200
average rate: 88.269
	min: 0.000s max: 0.030s std dev: 0.00913s window: 200
average rate: 88.046
	min: 0.000s max: 0.029s std dev: 0.00840s window: 200
average rate: 87.769
	min: 0.000s max: 0.029s std dev: 0.00881s window: 200
average rate: 88.063
	min: 0.000s max: 0.029s std dev: 0.00898s window: 200
average rate: 88.455
	min: 0.000s max: 0.028s std dev: 0.00896s window: 200
average rate: 88.735
	min: 0.000s max: 0.032s std dev: 0.00896s window: 200
average rate: 90.794
	min: 0.000s max: 0.032s std dev: 0.00866s window: 200
average rate: 90.903
	min: 0.000s max: 0.031s std dev: 0.00893s window: 200
average rate: 89.285
	min: 0.000s max: 0.031s std dev: 0.00889s window: 200
average rate: 86.745
	min: 0.000s max: 0.032s std dev: 0.00907s window: 200
average rate: 87.142
	min: 0.000s max: 0.032s std dev: 0.00900s window: 200
average rate: 89.322
	min: 0.000s max: 0.030s std dev: 0.00907s window: 200
average rate: 89.205
	min: 0.000s max: 0.030s std dev: 0.00964s window: 200
average rate: 91.625
	min: 0.000s max: 0.031s std dev: 0.00913s window: 200
average rate: 91.181
	min: 0.000s max: 0.031s std dev: 0.00904s window: 200
average rate: 89.768
	min: 0.000s max: 0.029s std dev: 0.00934s window: 200
average rate: 90.694
	min: 0.000s max: 0.028s std dev: 0.00912s window: 200
average rate: 89.573
	min: 0.000s max: 0.030s std dev: 0.00941s window: 200
average rate: 90.033
	min: 0.000s max: 0.030s std dev: 0.00960s window: 200
average rate: 90.008
	min: 0.000s max: 0.031s std dev: 0.00935s window: 200
average rate: 89.885
	min: 0.000s max: 0.031s std dev: 0.00912s window: 200
average rate: 89.809
	min: 0.000s max: 0.030s std dev: 0.00943s window: 200
average rate: 90.565
	min: 0.000s max: 0.030s std dev: 0.00956s window: 200
average rate: 90.580
	min: 0.000s max: 0.029s std dev: 0.00955s window: 200
average rate: 89.435
	min: 0.000s max: 0.032s std dev: 0.00948s window: 200
average rate: 89.803
	min: 0.000s max: 0.032s std dev: 0.00967s window: 200
average rate: 89.675
	min: 0.000s max: 0.032s std dev: 0.01000s window: 200
average rate: 90.558
	min: 0.000s max: 0.032s std dev: 0.00987s window: 200
average rate: 90.027
	min: 0.000s max: 0.030s std dev: 0.00960s window: 200
average rate: 89.794
	min: 0.000s max: 0.029s std dev: 0.00935s window: 200
average rate: 89.771
	min: 0.000s max: 0.029s std dev: 0.00924s window: 200
average rate: 89.774
	min: 0.000s max: 0.030s std dev: 0.00924s window: 200
average rate: 89.995
	min: 0.000s max: 0.030s std dev: 0.00937s window: 200
average rate: 90.032
	min: 0.000s max: 0.030s std dev: 0.00948s window: 200
average rate: 89.819
	min: 0.000s max: 0.030s std dev: 0.00933s window: 200
average rate: 90.712
	min: 0.000s max: 0.029s std dev: 0.00938s window: 200
average rate: 90.605
	min: 0.000s max: 0.030s std dev: 0.00942s window: 200
average rate: 90.407
	min: 0.000s max: 0.030s std dev: 0.00938s window: 200
average rate: 89.462
	min: 0.000s max: 0.030s std dev: 0.00937s window: 200
average rate: 89.486
	min: 0.000s max: 0.031s std dev: 0.00916s window: 200
average rate: 90.583
	min: 0.000s max: 0.031s std dev: 0.00936s window: 200
average rate: 90.380
	min: 0.000s max: 0.031s std dev: 0.00946s window: 200
average rate: 89.777
	min: 0.000s max: 0.029s std dev: 0.00929s window: 200
average rate: 89.811
	min: 0.000s max: 0.029s std dev: 0.00908s window: 200
average rate: 89.998
	min: 0.000s max: 0.031s std dev: 0.00903s window: 200
average rate: 89.779
	min: 0.000s max: 0.031s std dev: 0.00937s window: 200
average rate: 89.895
	min: 0.000s max: 0.031s std dev: 0.00909s window: 200
average rate: 89.948
	min: 0.000s max: 0.030s std dev: 0.00920s window: 200
average rate: 90.663
	min: 0.000s max: 0.030s std dev: 0.00961s window: 200
average rate: 90.718
	min: 0.000s max: 0.032s std dev: 0.00962s window: 200
average rate: 89.543
	min: 0.000s max: 0.032s std dev: 0.00971s window: 200
average rate: 89.570
	min: 0.000s max: 0.032s std dev: 0.00947s window: 200
average rate: 90.579
	min: 0.000s max: 0.031s std dev: 0.00915s window: 200
average rate: 89.779
	min: 0.000s max: 0.031s std dev: 0.00920s window: 200
average rate: 89.548
	min: 0.000s max: 0.029s std dev: 0.00943s window: 200
average rate: 89.806
	min: 0.000s max: 0.029s std dev: 0.00947s window: 200
average rate: 89.831
	min: 0.000s max: 0.029s std dev: 0.00933s window: 200
average rate: 89.857
	min: 0.000s max: 0.029s std dev: 0.00958s window: 200
average rate: 89.834
	min: 0.000s max: 0.029s std dev: 0.00967s window: 200
average rate: 89.764
	min: 0.000s max: 0.029s std dev: 0.00986s window: 200
average rate: 89.522
	min: 0.000s max: 0.029s std dev: 0.00961s window: 200
average rate: 90.538
	min: 0.000s max: 0.029s std dev: 0.00925s window: 200
average rate: 90.665
	min: 0.000s max: 0.029s std dev: 0.00953s window: 200
average rate: 90.735
	min: 0.000s max: 0.030s std dev: 0.00991s window: 200
average rate: 90.512
	min: 0.000s max: 0.030s std dev: 0.00962s window: 200
average rate: 89.498
	min: 0.000s max: 0.031s std dev: 0.00964s window: 200
average rate: 89.639
	min: 0.000s max: 0.031s std dev: 0.00962s window: 200
average rate: 89.455
	min: 0.000s max: 0.031s std dev: 0.00963s window: 200
average rate: 89.798
	min: 0.000s max: 0.030s std dev: 0.00962s window: 200
average rate: 90.043
	min: 0.000s max: 0.030s std dev: 0.00959s window: 200
average rate: 89.725
	min: 0.000s max: 0.029s std dev: 0.00947s window: 200
average rate: 89.536
	min: 0.000s max: 0.029s std dev: 0.00931s window: 200
average rate: 90.298
	min: 0.000s max: 0.030s std dev: 0.00949s window: 200
average rate: 89.857
	min: 0.000s max: 0.030s std dev: 0.00964s window: 200
average rate: 89.814
	min: 0.000s max: 0.032s std dev: 0.00969s window: 200
average rate: 89.796
	min: 0.000s max: 0.032s std dev: 0.00936s window: 200
average rate: 89.780
	min: 0.000s max: 0.030s std dev: 0.00912s window: 200
average rate: 90.499
	min: 0.000s max: 0.030s std dev: 0.00954s window: 200
average rate: 90.463
	min: 0.000s max: 0.030s std dev: 0.00975s window: 200
average rate: 89.539
	min: 0.000s max: 0.028s std dev: 0.00951s window: 200
average rate: 89.705
	min: 0.000s max: 0.030s std dev: 0.00934s window: 200
average rate: 90.692
	min: 0.000s max: 0.030s std dev: 0.00929s window: 200
average rate: 89.727
	min: 0.000s max: 0.030s std dev: 0.00942s window: 200
average rate: 90.662
	min: 0.000s max: 0.029s std dev: 0.00923s window: 200
average rate: 90.641
	min: 0.000s max: 0.031s std dev: 0.00940s window: 200
average rate: 89.792
	min: 0.000s max: 0.031s std dev: 0.00955s window: 200
average rate: 89.805
	min: 0.000s max: 0.029s std dev: 0.00950s window: 200
average rate: 89.792
	min: 0.000s max: 0.029s std dev: 0.00955s window: 200
average rate: 89.829
	min: 0.000s max: 0.029s std dev: 0.00963s window: 200
average rate: 89.786
	min: 0.000s max: 0.029s std dev: 0.00965s window: 200
average rate: 90.646
	min: 0.000s max: 0.028s std dev: 0.00919s window: 200
average rate: 90.544
	min: 0.000s max: 0.028s std dev: 0.00896s window: 200
average rate: 89.424
	min: 0.000s max: 0.035s std dev: 0.00967s window: 200
average rate: 89.572
	min: 0.000s max: 0.035s std dev: 0.00990s window: 200
average rate: 89.579
	min: 0.000s max: 0.035s std dev: 0.00990s window: 200
average rate: 89.553
	min: 0.000s max: 0.030s std dev: 0.00990s window: 200
average rate: 89.920
	min: 0.000s max: 0.030s std dev: 0.00985s window: 200
average rate: 89.792
	min: 0.000s max: 0.029s std dev: 0.00976s window: 200
average rate: 89.826
	min: 0.000s max: 0.029s std dev: 0.00977s window: 200
average rate: 89.823
	min: 0.000s max: 0.029s std dev: 0.00944s window: 200
average rate: 90.377
	min: 0.000s max: 0.029s std dev: 0.00944s window: 200
average rate: 90.431
	min: 0.000s max: 0.033s std dev: 0.00930s window: 200
average rate: 90.342
	min: 0.000s max: 0.033s std dev: 0.00952s window: 200
average rate: 90.296
	min: 0.000s max: 0.030s std dev: 0.00952s window: 200
average rate: 89.541
	min: 0.000s max: 0.032s std dev: 0.00972s window: 200
average rate: 89.558
	min: 0.000s max: 0.032s std dev: 0.00975s window: 200
average rate: 90.258
	min: 0.000s max: 0.032s std dev: 0.00965s window: 200
average rate: 89.787
	min: 0.000s max: 0.030s std dev: 0.00954s window: 200
average rate: 90.023
	min: 0.000s max: 0.031s std dev: 0.00955s window: 200
average rate: 89.510
	min: 0.000s max: 0.031s std dev: 0.00982s window: 200
average rate: 89.783
	min: 0.000s max: 0.029s std dev: 0.00955s window: 200
average rate: 89.767
	min: 0.000s max: 0.029s std dev: 0.00972s window: 200
average rate: 89.933
	min: 0.000s max: 0.030s std dev: 0.00942s window: 200
average rate: 89.853
	min: 0.000s max: 0.030s std dev: 0.00976s window: 200
average rate: 89.824
	min: 0.000s max: 0.030s std dev: 0.00976s window: 200
average rate: 90.633
	min: 0.000s max: 0.030s std dev: 0.00970s window: 200
average rate: 90.549
	min: 0.000s max: 0.031s std dev: 0.00948s window: 200
average rate: 90.410
	min: 0.000s max: 0.031s std dev: 0.00929s window: 200
average rate: 89.914
	min: 0.000s max: 0.031s std dev: 0.00929s window: 200
average rate: 89.543
	min: 0.000s max: 0.043s std dev: 0.00975s window: 200
average rate: 89.756
	min: 0.000s max: 0.043s std dev: 0.00982s window: 200
average rate: 89.375
	min: 0.000s max: 0.043s std dev: 0.00993s window: 200
average rate: 89.788
	min: 0.000s max: 0.031s std dev: 0.00946s window: 200
average rate: 89.869
	min: 0.000s max: 0.031s std dev: 0.00900s window: 200
average rate: 89.891
	min: 0.000s max: 0.029s std dev: 0.00914s window: 200
average rate: 89.794
	min: 0.000s max: 0.029s std dev: 0.00913s window: 200
average rate: 89.760
	min: 0.000s max: 0.029s std dev: 0.00888s window: 200
average rate: 89.797
	min: 0.000s max: 0.030s std dev: 0.00916s window: 200
average rate: 90.610
	min: 0.000s max: 0.031s std dev: 0.00954s window: 200
average rate: 89.786
	min: 0.000s max: 0.031s std dev: 0.00899s window: 200
average rate: 89.670
	min: 0.000s max: 0.031s std dev: 0.00876s window: 200
average rate: 90.680
	min: 0.000s max: 0.030s std dev: 0.00901s window: 200
average rate: 90.666
	min: 0.000s max: 0.029s std dev: 0.00949s window: 200
average rate: 90.662
	min: 0.000s max: 0.029s std dev: 0.00943s window: 200
average rate: 90.666
	min: 0.000s max: 0.029s std dev: 0.00921s window: 200
average rate: 89.764
	min: 0.000s max: 0.029s std dev: 0.00955s window: 200
average rate: 89.766
	min: 0.000s max: 0.029s std dev: 0.00938s window: 200
average rate: 89.588
	min: 0.000s max: 0.029s std dev: 0.00917s window: 200
average rate: 89.744
	min: 0.000s max: 0.029s std dev: 0.00955s window: 200
average rate: 89.823
	min: 0.000s max: 0.029s std dev: 0.00958s window: 200
average rate: 89.790
	min: 0.000s max: 0.030s std dev: 0.00942s window: 200
average rate: 90.506
	min: 0.000s max: 0.030s std dev: 0.00951s window: 200
average rate: 90.123
	min: 0.000s max: 0.029s std dev: 0.00927s window: 200
average rate: 89.431
	min: 0.000s max: 0.029s std dev: 0.00885s window: 200
average rate: 89.850
	min: 0.000s max: 0.030s std dev: 0.00908s window: 200
average rate: 89.637
	min: 0.000s max: 0.030s std dev: 0.00949s window: 200
average rate: 90.674
	min: 0.000s max: 0.030s std dev: 0.00943s window: 200
average rate: 89.562
	min: 0.000s max: 0.029s std dev: 0.00943s window: 200
average rate: 90.544
	min: 0.000s max: 0.029s std dev: 0.00953s window: 200
average rate: 89.597
	min: 0.000s max: 0.029s std dev: 0.00943s window: 200
average rate: 89.795
	min: 0.000s max: 0.029s std dev: 0.00911s window: 200
average rate: 90.217
	min: 0.000s max: 0.028s std dev: 0.00933s window: 200
average rate: 89.964
	min: 0.000s max: 0.029s std dev: 0.00958s window: 200
average rate: 89.629
	min: 0.000s max: 0.029s std dev: 0.00933s window: 200
average rate: 89.824
	min: 0.000s max: 0.031s std dev: 0.00878s window: 200
average rate: 89.761
	min: 0.000s max: 0.031s std dev: 0.00851s window: 200
average rate: 89.790
	min: 0.000s max: 0.029s std dev: 0.00893s window: 200
average rate: 89.782
	min: 0.000s max: 0.030s std dev: 0.00909s window: 200
average rate: 89.774
	min: 0.000s max: 0.030s std dev: 0.00915s window: 200
average rate: 90.625
	min: 0.000s max: 0.030s std dev: 0.00939s window: 200
average rate: 90.646
	min: 0.000s max: 0.029s std dev: 0.00936s window: 200
average rate: 90.428
	min: 0.000s max: 0.029s std dev: 0.00909s window: 200
average rate: 89.522
	min: 0.000s max: 0.029s std dev: 0.00866s window: 200
average rate: 89.722
	min: 0.000s max: 0.030s std dev: 0.00909s window: 200
average rate: 89.639
	min: 0.000s max: 0.030s std dev: 0.00971s window: 200
average rate: 89.610
	min: 0.000s max: 0.029s std dev: 0.00993s window: 200
average rate: 90.748
	min: 0.000s max: 0.028s std dev: 0.00946s window: 200
average rate: 90.513
	min: 0.000s max: 0.030s std dev: 0.00884s window: 200
average rate: 89.534
	min: 0.000s max: 0.033s std dev: 0.00875s window: 200
average rate: 89.553
	min: 0.000s max: 0.033s std dev: 0.00914s window: 200
average rate: 89.561
	min: 0.000s max: 0.029s std dev: 0.00924s window: 200
average rate: 89.767
	min: 0.000s max: 0.029s std dev: 0.00924s window: 200
average rate: 89.810
	min: 0.000s max: 0.029s std dev: 0.00933s window: 200
average rate: 89.793
	min: 0.000s max: 0.029s std dev: 0.00969s window: 200
average rate: 90.601
	min: 0.000s max: 0.029s std dev: 0.00931s window: 200
average rate: 90.649
	min: 0.000s max: 0.029s std dev: 0.00894s window: 200
average rate: 89.696
	min: 0.000s max: 0.029s std dev: 0.00905s window: 200
average rate: 90.643
	min: 0.000s max: 0.029s std dev: 0.00926s window: 200
average rate: 89.770
	min: 0.000s max: 0.029s std dev: 0.00983s window: 200
average rate: 89.698
	min: 0.000s max: 0.029s std dev: 0.00962s window: 200
average rate: 89.765
	min: 0.000s max: 0.030s std dev: 0.00932s window: 200
average rate: 89.788
	min: 0.000s max: 0.030s std dev: 0.00948s window: 200
average rate: 90.721
	min: 0.000s max: 0.030s std dev: 0.00959s window: 200
average rate: 89.801
	min: 0.000s max: 0.031s std dev: 0.00961s window: 200
average rate: 89.773
	min: 0.000s max: 0.031s std dev: 0.00927s window: 200
average rate: 89.781
	min: 0.000s max: 0.031s std dev: 0.00886s window: 200
average rate: 90.450
	min: 0.000s max: 0.028s std dev: 0.00854s window: 200
average rate: 90.415
	min: 0.000s max: 0.028s std dev: 0.00893s window: 200
average rate: 90.087
	min: 0.000s max: 0.028s std dev: 0.00906s window: 200
average rate: 89.963
	min: 0.000s max: 0.029s std dev: 0.00942s window: 200
average rate: 89.897
	min: 0.000s max: 0.029s std dev: 0.00916s window: 200
average rate: 89.846
	min: 0.000s max: 0.031s std dev: 0.00868s window: 200
average rate: 90.246
	min: 0.000s max: 0.031s std dev: 0.00858s window: 200
average rate: 89.835
	min: 0.000s max: 0.029s std dev: 0.00863s window: 200
average rate: 90.700
	min: 0.000s max: 0.030s std dev: 0.00877s window: 200
average rate: 90.131
	min: 0.000s max: 0.030s std dev: 0.00870s window: 200
average rate: 89.464
	min: 0.000s max: 0.030s std dev: 0.00876s window: 200
average rate: 89.366
	min: 0.000s max: 0.031s std dev: 0.00901s window: 200
average rate: 89.634
	min: 0.000s max: 0.031s std dev: 0.00909s window: 200
average rate: 89.790
	min: 0.000s max: 0.031s std dev: 0.00866s window: 200
average rate: 89.830
	min: 0.000s max: 0.031s std dev: 0.00881s window: 200
average rate: 89.589
	min: 0.000s max: 0.031s std dev: 0.00891s window: 200
average rate: 89.762
	min: 0.000s max: 0.032s std dev: 0.00879s window: 200
average rate: 89.778
	min: 0.000s max: 0.032s std dev: 0.00870s window: 200
average rate: 89.776
	min: 0.000s max: 0.032s std dev: 0.00868s window: 200
average rate: 90.420
	min: 0.000s max: 0.030s std dev: 0.00867s window: 200
average rate: 90.639
	min: 0.000s max: 0.029s std dev: 0.00897s window: 200
average rate: 90.441
	min: 0.000s max: 0.029s std dev: 0.00905s window: 200
average rate: 90.431
	min: 0.000s max: 0.029s std dev: 0.00875s window: 200
average rate: 90.461
	min: 0.000s max: 0.030s std dev: 0.00844s window: 200
average rate: 89.778
	min: 0.001s max: 0.030s std dev: 0.00823s window: 200
average rate: 89.775
	min: 0.001s max: 0.028s std dev: 0.00811s window: 200
average rate: 89.761
	min: 0.001s max: 0.029s std dev: 0.00827s window: 200
average rate: 89.690
	min: 0.001s max: 0.029s std dev: 0.00816s window: 200
average rate: 90.483
	min: 0.001s max: 0.028s std dev: 0.00802s window: 200
average rate: 89.556
	min: 0.001s max: 0.031s std dev: 0.00793s window: 200
average rate: 89.543
	min: 0.000s max: 0.031s std dev: 0.00832s window: 200
average rate: 89.870
	min: 0.000s max: 0.030s std dev: 0.00876s window: 200
average rate: 90.787
	min: 0.000s max: 0.030s std dev: 0.00832s window: 200
average rate: 89.799
	min: 0.000s max: 0.029s std dev: 0.00811s window: 200
average rate: 89.777
	min: 0.000s max: 0.029s std dev: 0.00845s window: 200
average rate: 90.462
	min: 0.000s max: 0.028s std dev: 0.00815s window: 200
average rate: 90.464
	min: 0.001s max: 0.030s std dev: 0.00782s window: 200
average rate: 90.425
	min: 0.000s max: 0.031s std dev: 0.00798s window: 200
average rate: 90.316
	min: 0.000s max: 0.031s std dev: 0.00808s window: 200
average rate: 89.733
	min: 0.000s max: 0.031s std dev: 0.00803s window: 200
average rate: 89.782
	min: 0.001s max: 0.028s std dev: 0.00784s window: 200
average rate: 89.950
	min: 0.000s max: 0.028s std dev: 0.00804s window: 200
average rate: 89.643
	min: 0.000s max: 0.028s std dev: 0.00825s window: 200
average rate: 89.703
	min: 0.000s max: 0.028s std dev: 0.00821s window: 200
average rate: 89.571
	min: 0.000s max: 0.030s std dev: 0.00805s window: 200
average rate: 90.224
	min: 0.000s max: 0.030s std dev: 0.00774s window: 200
average rate: 89.925
	min: 0.000s max: 0.027s std dev: 0.00772s window: 200
average rate: 89.568
	min: 0.000s max: 0.029s std dev: 0.00806s window: 200
average rate: 89.770
	min: 0.000s max: 0.029s std dev: 0.00815s window: 200
average rate: 89.502
	min: 0.001s max: 0.028s std dev: 0.00767s window: 200
average rate: 90.726
	min: 0.001s max: 0.028s std dev: 0.00769s window: 200
average rate: 90.084
	min: 0.001s max: 0.028s std dev: 0.00802s window: 200
average rate: 90.018
	min: 0.001s max: 0.028s std dev: 0.00814s window: 200
average rate: 89.774
	min: 0.001s max: 0.028s std dev: 0.00801s window: 200
average rate: 89.755
	min: 0.001s max: 0.030s std dev: 0.00771s window: 200
average rate: 89.736
	min: 0.001s max: 0.030s std dev: 0.00814s window: 200
average rate: 89.807
	min: 0.000s max: 0.028s std dev: 0.00864s window: 200
average rate: 89.774
	min: 0.000s max: 0.029s std dev: 0.00906s window: 200
average rate: 90.457
	min: 0.000s max: 0.029s std dev: 0.00933s window: 200
average rate: 89.787
	min: 0.000s max: 0.031s std dev: 0.00914s window: 200
average rate: 90.536
	min: 0.000s max: 0.031s std dev: 0.00883s window: 200
average rate: 89.534
	min: 0.000s max: 0.029s std dev: 0.00915s window: 200
average rate: 89.858
	min: 0.000s max: 0.029s std dev: 0.00840s window: 200
average rate: 89.869
	min: 0.000s max: 0.027s std dev: 0.00781s window: 200
average rate: 89.771
	min: 0.000s max: 0.028s std dev: 0.00818s window: 200
average rate: 89.662
	min: 0.000s max: 0.029s std dev: 0.00868s window: 200
average rate: 89.845
	min: 0.000s max: 0.029s std dev: 0.00839s window: 200
average rate: 89.769
	min: 0.001s max: 0.028s std dev: 0.00785s window: 200
average rate: 89.789
	min: 0.001s max: 0.028s std dev: 0.00806s window: 200
average rate: 89.749
	min: 0.001s max: 0.028s std dev: 0.00851s window: 200
average rate: 89.777
	min: 0.001s max: 0.028s std dev: 0.00832s window: 200
average rate: 89.772
	min: 0.001s max: 0.028s std dev: 0.00797s window: 200
average rate: 90.387
	min: 0.001s max: 0.029s std dev: 0.00790s window: 200
average rate: 90.162
	min: 0.000s max: 0.029s std dev: 0.00756s window: 200
average rate: 90.391
	min: 0.000s max: 0.029s std dev: 0.00766s window: 200
average rate: 89.788
	min: 0.000s max: 0.030s std dev: 0.00815s window: 200
average rate: 89.628
	min: 0.000s max: 0.030s std dev: 0.00835s window: 200
average rate: 89.615
	min: 0.000s max: 0.030s std dev: 0.00825s window: 200
average rate: 90.369
	min: 0.000s max: 0.030s std dev: 0.00807s window: 200
average rate: 90.369
	min: 0.001s max: 0.029s std dev: 0.00800s window: 200
average rate: 89.613
	min: 0.001s max: 0.031s std dev: 0.00815s window: 200
average rate: 89.490
	min: 0.001s max: 0.031s std dev: 0.00809s window: 200
average rate: 89.808
	min: 0.001s max: 0.029s std dev: 0.00796s window: 200
average rate: 89.786
	min: 0.000s max: 0.029s std dev: 0.00810s window: 200
average rate: 89.829
	min: 0.000s max: 0.029s std dev: 0.00834s window: 200
average rate: 90.455
	min: 0.000s max: 0.029s std dev: 0.00816s window: 200
average rate: 90.432
	min: 0.001s max: 0.029s std dev: 0.00786s window: 200
average rate: 90.602
	min: 0.002s max: 0.030s std dev: 0.00793s window: 200
average rate: 90.213
	min: 0.000s max: 0.030s std dev: 0.00849s window: 200
average rate: 90.035
	min: 0.000s max: 0.029s std dev: 0.00823s window: 200
average rate: 89.711
	min: 0.000s max: 0.029s std dev: 0.00842s window: 200
average rate: 89.864
	min: 0.000s max: 0.029s std dev: 0.00841s window: 200
average rate: 89.598
	min: 0.000s max: 0.029s std dev: 0.00823s window: 200
average rate: 89.670
	min: 0.000s max: 0.029s std dev: 0.00799s window: 200
average rate: 90.189
	min: 0.000s max: 0.029s std dev: 0.00801s window: 200
average rate: 89.947
	min: 0.000s max: 0.029s std dev: 0.00833s window: 200
average rate: 89.493
	min: 0.000s max: 0.030s std dev: 0.00818s window: 200
average rate: 89.761
	min: 0.000s max: 0.030s std dev: 0.00825s window: 200
average rate: 90.439
	min: 0.000s max: 0.030s std dev: 0.00813s window: 200
average rate: 90.413
	min: 0.000s max: 0.029s std dev: 0.00789s window: 200
average rate: 90.417
	min: 0.000s max: 0.029s std dev: 0.00812s window: 200
average rate: 89.750
	min: 0.000s max: 0.029s std dev: 0.00769s window: 200
average rate: 90.172
	min: 0.000s max: 0.029s std dev: 0.00740s window: 200
average rate: 90.269
	min: 0.000s max: 0.029s std dev: 0.00796s window: 200
average rate: 90.429
	min: 0.000s max: 0.028s std dev: 0.00805s window: 200
average rate: 89.820
	min: 0.000s max: 0.028s std dev: 0.00820s window: 200
average rate: 89.458
	min: 0.000s max: 0.031s std dev: 0.00804s window: 200
average rate: 90.684
	min: 0.000s max: 0.031s std dev: 0.00791s window: 200
