# command: ros2 run tf2_ros tf2_monitor odom base_footprint
# started: 2026-05-24 16:52:53 +0800
[INFO] [1779612775.243311692] [tf2_monitor_main]: Waiting for transform odom ->  base_footprint: Invalid frame ID "odom" passed to canTransform argument target_frame - frame does not exist
[INFO] [1779612776.321803286] [tf2_monitor_main]: Waiting for transform odom ->  base_footprint: Invalid frame ID "odom" passed to canTransform argument target_frame - frame does not exist
[INFO] [1779612777.322027695] [tf2_monitor_main]: Waiting for transform odom ->  base_footprint: Invalid frame ID "base_footprint" passed to canTransform argument source_frame - frame does not exist
[INFO] [1779612778.322533381] [tf2_monitor_main]: Waiting for transform odom ->  base_footprint: Could not find a connection between 'odom' and 'base_footprint' because they are not part of the same tree.Tf has two or more unconnected trees.
[INFO] [1779612779.323195074] [tf2_monitor_main]: Waiting for transform odom ->  base_footprint: Could not find a connection between 'odom' and 'base_footprint' because they are not part of the same tree.Tf has two or more unconnected trees.
Gathering data on odom -> base_footprint for 10 seconds...



RESULTS: for odom to base_footprint
Chain is: base_footprint -> body -> camera_init -> odom
Net delay     avg = 0.0624509: max = 1.6015

Frames:
Frame: base_footprint, published by <no authority available>, Average Delay: 780.532, Max Delay: 780.532
Frame: body, published by <no authority available>, Average Delay: 0.215483, Max Delay: 1.65996
Frame: camera_init, published by <no authority available>, Average Delay: 780.531, Max Delay: 780.531
Frame: odom, published by <no authority available>, Average Delay: 0.000944851, Max Delay: 0.0113549

All Broadcasters:
Node: <no authority available> 90.4208 Hz, Average Delay: 3.3258 Max Delay: 787.127



RESULTS: for odom to base_footprint
Chain is: base_footprint -> body -> camera_init -> odom
Net delay     avg = 0.0849523: max = 1.6015

Frames:
Frame: base_footprint, published by <no authority available>, Average Delay: 780.532, Max Delay: 780.532
Frame: body, published by <no authority available>, Average Delay: 0.170605, Max Delay: 1.65996
Frame: camera_init, published by <no authority available>, Average Delay: 780.531, Max Delay: 780.531
Frame: odom, published by <no authority available>, Average Delay: 0.000726812, Max Delay: 0.0113549

All Broadcasters:
Node: <no authority available> 90.8906 Hz, Average Delay: 0.0146106 Max Delay: 0.154392



RESULTS: for odom to base_footprint
Chain is: base_footprint -> body -> camera_init -> odom
Net delay     avg = 0.100762: max = 1.6015

Frames:
Frame: base_footprint, published by <no authority available>, Average Delay: 780.532, Max Delay: 780.532
Frame: body, published by <no authority available>, Average Delay: 0.153963, Max Delay: 1.65996
Frame: camera_init, published by <no authority available>, Average Delay: 780.531, Max Delay: 780.531
Frame: odom, published by <no authority available>, Average Delay: 0.000694233, Max Delay: 0.0113549

All Broadcasters:
Node: <no authority available> 90.0895 Hz, Average Delay: 0.0142134 Max Delay: 0.132493



RESULTS: for odom to base_footprint
Chain is: base_footprint -> body -> camera_init -> odom
Net delay     avg = 0.111654: max = 1.6015

Frames:
Frame: base_footprint, published by <no authority available>, Average Delay: 780.532, Max Delay: 780.532
Frame: body, published by <no authority available>, Average Delay: 0.145946, Max Delay: 1.65996
Frame: camera_init, published by <no authority available>, Average Delay: 780.531, Max Delay: 780.531
Frame: odom, published by <no authority available>, Average Delay: 0.000697138, Max Delay: 0.0113549

All Broadcasters:
Node: <no authority available> 90.0401 Hz, Average Delay: 0.0143147 Max Delay: 0.142884



RESULTS: for odom to base_footprint
Chain is: base_footprint -> body -> camera_init -> odom
Net delay     avg = 0.118362: max = 1.6015

Frames:
Frame: base_footprint, published by <no authority available>, Average Delay: 780.532, Max Delay: 780.532
Frame: body, published by <no authority available>, Average Delay: 0.14097, Max Delay: 1.65996
Frame: camera_init, published by <no authority available>, Average Delay: 780.531, Max Delay: 780.531
Frame: odom, published by <no authority available>, Average Delay: 0.000674279, Max Delay: 0.0113549

All Broadcasters:
Node: <no authority available> 90.0361 Hz, Average Delay: 0.0142636 Max Delay: 0.136578



RESULTS: for odom to base_footprint
Chain is: base_footprint -> body -> camera_init -> odom
Net delay     avg = 0.122752: max = 1.6015

Frames:
Frame: base_footprint, published by <no authority available>, Average Delay: 780.532, Max Delay: 780.532
Frame: body, published by <no authority available>, Average Delay: 0.137791, Max Delay: 1.65996
Frame: camera_init, published by <no authority available>, Average Delay: 780.531, Max Delay: 780.531
Frame: odom, published by <no authority available>, Average Delay: 0.000658751, Max Delay: 0.0113549

All Broadcasters:
Node: <no authority available> 90.1189 Hz, Average Delay: 0.0143076 Max Delay: 0.137755



RESULTS: for odom to base_footprint
Chain is: base_footprint -> body -> camera_init -> odom
Net delay     avg = 0.126813: max = 1.6015

Frames:
Frame: base_footprint, published by <no authority available>, Average Delay: 780.532, Max Delay: 780.532
Frame: body, published by <no authority available>, Average Delay: 0.13564, Max Delay: 1.65996
Frame: camera_init, published by <no authority available>, Average Delay: 780.531, Max Delay: 780.531
Frame: odom, published by <no authority available>, Average Delay: 0.000650257, Max Delay: 0.0113549

All Broadcasters:
Node: <no authority available> 90.0898 Hz, Average Delay: 0.0144221 Max Delay: 0.141303



RESULTS: for odom to base_footprint
Chain is: base_footprint -> body -> camera_init -> odom
Net delay     avg = 0.130641: max = 1.6015

Frames:
Frame: base_footprint, published by <no authority available>, Average Delay: 780.532, Max Delay: 780.532
Frame: body, published by <no authority available>, Average Delay: 0.134036, Max Delay: 1.65996
Frame: camera_init, published by <no authority available>, Average Delay: 780.531, Max Delay: 780.531
Frame: odom, published by <no authority available>, Average Delay: 0.000634197, Max Delay: 0.0113549

All Broadcasters:
Node: <no authority available> 90.078 Hz, Average Delay: 0.0144297 Max Delay: 0.144551



RESULTS: for odom to base_footprint
Chain is: base_footprint -> body -> camera_init -> odom
Net delay     avg = 0.13458: max = 1.6015

Frames:
Frame: base_footprint, published by <no authority available>, Average Delay: 780.532, Max Delay: 780.532
Frame: body, published by <no authority available>, Average Delay: 0.133018, Max Delay: 1.65996
Frame: camera_init, published by <no authority available>, Average Delay: 780.531, Max Delay: 780.531
Frame: odom, published by <no authority available>, Average Delay: 0.000626727, Max Delay: 0.0113549

All Broadcasters:
Node: <no authority available> 90.1314 Hz, Average Delay: 0.0146345 Max Delay: 0.146291



RESULTS: for odom to base_footprint
Chain is: base_footprint -> body -> camera_init -> odom
Net delay     avg = 0.138326: max = 1.6015

Frames:
Frame: base_footprint, published by <no authority available>, Average Delay: 780.532, Max Delay: 780.532
Frame: body, published by <no authority available>, Average Delay: 0.123196, Max Delay: 0.157498
Frame: camera_init, published by <no authority available>, Average Delay: 780.531, Max Delay: 780.531
Frame: odom, published by <no authority available>, Average Delay: 0.000591239, Max Delay: 0.00507832

All Broadcasters:
Node: <no authority available> 90.0862 Hz, Average Delay: 0.0144998 Max Delay: 0.146369



RESULTS: for odom to base_footprint
Chain is: base_footprint -> body -> camera_init -> odom
Net delay     avg = 0.141941: max = 1.6015

Frames:
Frame: base_footprint, published by <no authority available>, Average Delay: 780.532, Max Delay: 780.532
Frame: body, published by <no authority available>, Average Delay: 0.122692, Max Delay: 0.146369
Frame: camera_init, published by <no authority available>, Average Delay: 780.531, Max Delay: 780.531
Frame: odom, published by <no authority available>, Average Delay: 0.000579584, Max Delay: 0.00507832

All Broadcasters:
Node: <no authority available> 90.092 Hz, Average Delay: 0.0146029 Max Delay: 0.145201



RESULTS: for odom to base_footprint
Chain is: base_footprint -> body -> camera_init -> odom
Net delay     avg = 0.145643: max = 1.6015

Frames:
Frame: base_footprint, published by <no authority available>, Average Delay: 780.532, Max Delay: 780.532
Frame: body, published by <no authority available>, Average Delay: 0.123293, Max Delay: 0.150136
Frame: camera_init, published by <no authority available>, Average Delay: 780.531, Max Delay: 780.531
Frame: odom, published by <no authority available>, Average Delay: 0.000591349, Max Delay: 0.00507832

All Broadcasters:
Node: <no authority available> 89.4612 Hz, Average Delay: 0.0151821 Max Delay: 0.150136



RESULTS: for odom to base_footprint
Chain is: base_footprint -> body -> camera_init -> odom
Net delay     avg = 0.149185: max = 1.6015

Frames:
Frame: base_footprint, published by <no authority available>, Average Delay: 780.532, Max Delay: 780.532
Frame: body, published by <no authority available>, Average Delay: 0.124366, Max Delay: 0.158293
Frame: camera_init, published by <no authority available>, Average Delay: 780.531, Max Delay: 780.531
Frame: odom, published by <no authority available>, Average Delay: 0.000584596, Max Delay: 0.00400925

All Broadcasters:
Node: <no authority available> 88.2369 Hz, Average Delay: 0.0156159 Max Delay: 0.158293



RESULTS: for odom to base_footprint
Chain is: base_footprint -> body -> camera_init -> odom
Net delay     avg = 0.154633: max = 1.6015

Frames:
Frame: base_footprint, published by <no authority available>, Average Delay: 780.532, Max Delay: 780.532
Frame: body, published by <no authority available>, Average Delay: 0.126381, Max Delay: 0.173465
Frame: camera_init, published by <no authority available>, Average Delay: 780.531, Max Delay: 780.531
Frame: odom, published by <no authority available>, Average Delay: 0.000579858, Max Delay: 0.00400925

All Broadcasters:
Node: <no authority available> 85.2021 Hz, Average Delay: 0.0178323 Max Delay: 0.173465



RESULTS: for odom to base_footprint
Chain is: base_footprint -> body -> camera_init -> odom
Net delay     avg = 0.159302: max = 1.6015

Frames:
Frame: base_footprint, published by <no authority available>, Average Delay: 780.532, Max Delay: 780.532
Frame: body, published by <no authority available>, Average Delay: 0.129019, Max Delay: 0.175981
Frame: camera_init, published by <no authority available>, Average Delay: 780.531, Max Delay: 780.531
Frame: odom, published by <no authority available>, Average Delay: 0.000575037, Max Delay: 0.00400925

All Broadcasters:
Node: <no authority available> 82.763 Hz, Average Delay: 0.0190066 Max Delay: 0.175981



RESULTS: for odom to base_footprint
Chain is: base_footprint -> body -> camera_init -> odom
Net delay     avg = 0.163602: max = 1.6015

Frames:
Frame: base_footprint, published by <no authority available>, Average Delay: 780.532, Max Delay: 780.532
Frame: body, published by <no authority available>, Average Delay: 0.130932, Max Delay: 0.177023
Frame: camera_init, published by <no authority available>, Average Delay: 780.531, Max Delay: 780.531
Frame: odom, published by <no authority available>, Average Delay: 0.000585313, Max Delay: 0.00698566

All Broadcasters:
Node: <no authority available> 84.4707 Hz, Average Delay: 0.0182357 Max Delay: 0.177023



RESULTS: for odom to base_footprint
Chain is: base_footprint -> body -> camera_init -> odom
Net delay     avg = 0.167498: max = 1.6015

Frames:
Frame: base_footprint, published by <no authority available>, Average Delay: 780.532, Max Delay: 780.532
Frame: body, published by <no authority available>, Average Delay: 0.13329, Max Delay: 0.191484
Frame: camera_init, published by <no authority available>, Average Delay: 780.531, Max Delay: 780.531
Frame: odom, published by <no authority available>, Average Delay: 0.000596676, Max Delay: 0.00799322

All Broadcasters:
Node: <no authority available> 83.8378 Hz, Average Delay: 0.0187069 Max Delay: 0.191484



RESULTS: for odom to base_footprint
Chain is: base_footprint -> body -> camera_init -> odom
Net delay     avg = 0.171842: max = 1.6015

Frames:
Frame: base_footprint, published by <no authority available>, Average Delay: 780.532, Max Delay: 780.532
Frame: body, published by <no authority available>, Average Delay: 0.135557, Max Delay: 0.191484
Frame: camera_init, published by <no authority available>, Average Delay: 780.531, Max Delay: 780.531
Frame: odom, published by <no authority available>, Average Delay: 0.00060829, Max Delay: 0.00799322

All Broadcasters:
Node: <no authority available> 83.2602 Hz, Average Delay: 0.0190211 Max Delay: 0.176615



RESULTS: for odom to base_footprint
Chain is: base_footprint -> body -> camera_init -> odom
Net delay     avg = 0.176271: max = 1.6015

Frames:
Frame: base_footprint, published by <no authority available>, Average Delay: 780.532, Max Delay: 780.532
Frame: body, published by <no authority available>, Average Delay: 0.136919, Max Delay: 0.191484
Frame: camera_init, published by <no authority available>, Average Delay: 780.531, Max Delay: 780.531
Frame: odom, published by <no authority available>, Average Delay: 0.00060376, Max Delay: 0.00799322

All Broadcasters:
Node: <no authority available> 84.9819 Hz, Average Delay: 0.0173918 Max Delay: 0.177903



RESULTS: for odom to base_footprint
Chain is: base_footprint -> body -> camera_init -> odom
Net delay     avg = 0.18033: max = 1.6015

Frames:
Frame: base_footprint, published by <no authority available>, Average Delay: 780.532, Max Delay: 780.532
Frame: body, published by <no authority available>, Average Delay: 0.137802, Max Delay: 0.191484
Frame: camera_init, published by <no authority available>, Average Delay: 780.531, Max Delay: 780.531
Frame: odom, published by <no authority available>, Average Delay: 0.000613484, Max Delay: 0.00983143

All Broadcasters:
Node: <no authority available> 86.6939 Hz, Average Delay: 0.0161451 Max Delay: 0.163565



RESULTS: for odom to base_footprint
Chain is: base_footprint -> body -> camera_init -> odom
Net delay     avg = 0.183925: max = 1.6015

Frames:
Frame: base_footprint, published by <no authority available>, Average Delay: 780.532, Max Delay: 780.532
Frame: body, published by <no authority available>, Average Delay: 0.137982, Max Delay: 0.191484
Frame: camera_init, published by <no authority available>, Average Delay: 780.531, Max Delay: 780.531
Frame: odom, published by <no authority available>, Average Delay: 0.000597337, Max Delay: 0.00983143

All Broadcasters:
Node: <no authority available> 87.4614 Hz, Average Delay: 0.0154877 Max Delay: 0.167201



RESULTS: for odom to base_footprint
Chain is: base_footprint -> body -> camera_init -> odom
Net delay     avg = 0.187851: max = 1.6015

Frames:
Frame: base_footprint, published by <no authority available>, Average Delay: 780.532, Max Delay: 780.532
Frame: body, published by <no authority available>, Average Delay: 0.139072, Max Delay: 0.191484
Frame: camera_init, published by <no authority available>, Average Delay: 780.531, Max Delay: 780.531
Frame: odom, published by <no authority available>, Average Delay: 0.000589995, Max Delay: 0.00983143

All Broadcasters:
Node: <no authority available> 86.1133 Hz, Average Delay: 0.016591 Max Delay: 0.179294



RESULTS: for odom to base_footprint
Chain is: base_footprint -> body -> camera_init -> odom
Net delay     avg = 0.191598: max = 1.6015

Frames:
Frame: base_footprint, published by <no authority available>, Average Delay: 780.532, Max Delay: 780.532
Frame: body, published by <no authority available>, Average Delay: 0.138898, Max Delay: 0.199326
Frame: camera_init, published by <no authority available>, Average Delay: 780.531, Max Delay: 780.531
Frame: odom, published by <no authority available>, Average Delay: 0.000594469, Max Delay: 0.00983143

All Broadcasters:
Node: <no authority available> 85.6678 Hz, Average Delay: 0.0169676 Max Delay: 0.199326



RESULTS: for odom to base_footprint
Chain is: base_footprint -> body -> camera_init -> odom
Net delay     avg = 0.195098: max = 1.6015

Frames:
Frame: base_footprint, published by <no authority available>, Average Delay: 780.532, Max Delay: 780.532
Frame: body, published by <no authority available>, Average Delay: 0.137457, Max Delay: 0.199326
Frame: camera_init, published by <no authority available>, Average Delay: 780.531, Max Delay: 780.531
Frame: odom, published by <no authority available>, Average Delay: 0.00058475, Max Delay: 0.00983143

All Broadcasters:
Node: <no authority available> 88.7712 Hz, Average Delay: 0.0152691 Max Delay: 0.158041



RESULTS: for odom to base_footprint
Chain is: base_footprint -> body -> camera_init -> odom
Net delay     avg = 0.19828: max = 1.6015

Frames:
Frame: base_footprint, published by <no authority available>, Average Delay: 780.532, Max Delay: 780.532
Frame: body, published by <no authority available>, Average Delay: 0.135756, Max Delay: 0.199326
Frame: camera_init, published by <no authority available>, Average Delay: 780.531, Max Delay: 780.531
Frame: odom, published by <no authority available>, Average Delay: 0.000580442, Max Delay: 0.00983143

All Broadcasters:
Node: <no authority available> 87.1099 Hz, Average Delay: 0.0156669 Max Delay: 0.157039



RESULTS: for odom to base_footprint
Chain is: base_footprint -> body -> camera_init -> odom
Net delay     avg = 0.199992: max = 1.6015

Frames:
Frame: base_footprint, published by <no authority available>, Average Delay: 780.532, Max Delay: 780.532
Frame: body, published by <no authority available>, Average Delay: 0.13477, Max Delay: 0.199326
Frame: camera_init, published by <no authority available>, Average Delay: 780.531, Max Delay: 780.531
Frame: odom, published by <no authority available>, Average Delay: 0.00057091, Max Delay: 0.00983143

All Broadcasters:
Node: <no authority available> 87.0479 Hz, Average Delay: 0.0158495 Max Delay: 0.157786



RESULTS: for odom to base_footprint
Chain is: base_footprint -> body -> camera_init -> odom
Net delay     avg = 0.202018: max = 1.6015

Frames:
Frame: base_footprint, published by <no authority available>, Average Delay: 780.532, Max Delay: 780.532
Frame: body, published by <no authority available>, Average Delay: 0.133084, Max Delay: 0.199326
Frame: camera_init, published by <no authority available>, Average Delay: 780.531, Max Delay: 780.531
Frame: odom, published by <no authority available>, Average Delay: 0.000558409, Max Delay: 0.00983143

All Broadcasters:
Node: <no authority available> 89.5997 Hz, Average Delay: 0.0151136 Max Delay: 0.162533



RESULTS: for odom to base_footprint
Chain is: base_footprint -> body -> camera_init -> odom
Net delay     avg = 0.201465: max = 1.6015

Frames:
Frame: base_footprint, published by <no authority available>, Average Delay: 780.532, Max Delay: 780.532
Frame: body, published by <no authority available>, Average Delay: 0.131575, Max Delay: 0.199326
Frame: camera_init, published by <no authority available>, Average Delay: 780.531, Max Delay: 780.531
Frame: odom, published by <no authority available>, Average Delay: 0.000549731, Max Delay: 0.00983143

All Broadcasters:
Node: <no authority available> 89.6732 Hz, Average Delay: 0.0148531 Max Delay: 0.15556



RESULTS: for odom to base_footprint
Chain is: base_footprint -> body -> camera_init -> odom
Net delay     avg = 0.201108: max = 1.6015

Frames:
Frame: base_footprint, published by <no authority available>, Average Delay: 780.532, Max Delay: 780.532
Frame: body, published by <no authority available>, Average Delay: 0.130969, Max Delay: 0.199326
Frame: camera_init, published by <no authority available>, Average Delay: 780.531, Max Delay: 780.531
Frame: odom, published by <no authority available>, Average Delay: 0.00053506, Max Delay: 0.00983143

All Broadcasters:
Node: <no authority available> 90.1025 Hz, Average Delay: 0.0154507 Max Delay: 0.157575



RESULTS: for odom to base_footprint
Chain is: base_footprint -> body -> camera_init -> odom
Net delay     avg = 0.18975: max = 1.6015

Frames:
Frame: base_footprint, published by <no authority available>, Average Delay: 780.532, Max Delay: 780.532
Frame: body, published by <no authority available>, Average Delay: 0.130433, Max Delay: 0.199326
Frame: camera_init, published by <no authority available>, Average Delay: 780.531, Max Delay: 780.531
Frame: odom, published by <no authority available>, Average Delay: 0.000496283, Max Delay: 0.00983143

All Broadcasters:
Node: <no authority available> 90.0756 Hz, Average Delay: 0.0145565 Max Delay: 0.138426



RESULTS: for odom to base_footprint
Chain is: base_footprint -> body -> camera_init -> odom
Net delay     avg = 0.181807: max = 1.6015

Frames:
Frame: base_footprint, published by <no authority available>, Average Delay: 780.532, Max Delay: 780.532
Frame: body, published by <no authority available>, Average Delay: 0.130243, Max Delay: 0.199326
Frame: camera_init, published by <no authority available>, Average Delay: 780.531, Max Delay: 780.531
Frame: odom, published by <no authority available>, Average Delay: 0.000464779, Max Delay: 0.00391746

All Broadcasters:
Node: <no authority available> 89.5061 Hz, Average Delay: 0.0150966 Max Delay: 0.163662



RESULTS: for odom to base_footprint
Chain is: base_footprint -> body -> camera_init -> odom
Net delay     avg = 0.181673: max = 1.6015

Frames:
Frame: base_footprint, published by <no authority available>, Average Delay: 780.532, Max Delay: 780.532
Frame: body, published by <no authority available>, Average Delay: 0.130013, Max Delay: 0.169407
Frame: camera_init, published by <no authority available>, Average Delay: 780.531, Max Delay: 780.531
Frame: odom, published by <no authority available>, Average Delay: 0.000463995, Max Delay: 0.00366378

All Broadcasters:
Node: <no authority available> 87.6718 Hz, Average Delay: 0.0163445 Max Delay: 0.167076



RESULTS: for odom to base_footprint
Chain is: base_footprint -> body -> camera_init -> odom
Net delay     avg = 0.177668: max = 1.6015

Frames:
Frame: base_footprint, published by <no authority available>, Average Delay: 780.532, Max Delay: 780.532
Frame: body, published by <no authority available>, Average Delay: 0.130289, Max Delay: 0.167076
Frame: camera_init, published by <no authority available>, Average Delay: 780.531, Max Delay: 780.531
Frame: odom, published by <no authority available>, Average Delay: 0.000467573, Max Delay: 0.00366378

All Broadcasters:
Node: <no authority available> 88.0839 Hz, Average Delay: 0.0160815 Max Delay: 0.15663



RESULTS: for odom to base_footprint
Chain is: base_footprint -> body -> camera_init -> odom
Net delay     avg = 0.173136: max = 1.6015

Frames:
Frame: base_footprint, published by <no authority available>, Average Delay: 780.532, Max Delay: 780.532
Frame: body, published by <no authority available>, Average Delay: 0.130801, Max Delay: 0.167076
Frame: camera_init, published by <no authority available>, Average Delay: 780.531, Max Delay: 780.531
Frame: odom, published by <no authority available>, Average Delay: 0.000457017, Max Delay: 0.0035255

All Broadcasters:
Node: <no authority available> 88.949 Hz, Average Delay: 0.0159667 Max Delay: 0.158141



RESULTS: for odom to base_footprint
Chain is: base_footprint -> body -> camera_init -> odom
Net delay     avg = 0.168011: max = 1.6015

Frames:
Frame: base_footprint, published by <no authority available>, Average Delay: 780.532, Max Delay: 780.532
Frame: body, published by <no authority available>, Average Delay: 0.130505, Max Delay: 0.174413
Frame: camera_init, published by <no authority available>, Average Delay: 780.531, Max Delay: 780.531
Frame: odom, published by <no authority available>, Average Delay: 0.000454079, Max Delay: 0.00479746

All Broadcasters:
Node: <no authority available> 90.6081 Hz, Average Delay: 0.0149727 Max Delay: 0.174413



RESULTS: for odom to base_footprint
Chain is: base_footprint -> body -> camera_init -> odom
Net delay     avg = 0.164429: max = 1.6015

Frames:
Frame: base_footprint, published by <no authority available>, Average Delay: 780.532, Max Delay: 780.532
Frame: body, published by <no authority available>, Average Delay: 0.130122, Max Delay: 0.174413
Frame: camera_init, published by <no authority available>, Average Delay: 780.531, Max Delay: 780.531
Frame: odom, published by <no authority available>, Average Delay: 0.000452087, Max Delay: 0.00479746

All Broadcasters:
Node: <no authority available> 90.0878 Hz, Average Delay: 0.0145355 Max Delay: 0.142573



RESULTS: for odom to base_footprint
Chain is: base_footprint -> body -> camera_init -> odom
Net delay     avg = 0.162151: max = 1.6015

Frames:
Frame: base_footprint, published by <no authority available>, Average Delay: 780.532, Max Delay: 780.532
Frame: body, published by <no authority available>, Average Delay: 0.129564, Max Delay: 0.174413
Frame: camera_init, published by <no authority available>, Average Delay: 780.531, Max Delay: 780.531
Frame: odom, published by <no authority available>, Average Delay: 0.000449675, Max Delay: 0.0053978

All Broadcasters:
Node: <no authority available> 90.0906 Hz, Average Delay: 0.0144567 Max Delay: 0.137916



RESULTS: for odom to base_footprint
Chain is: base_footprint -> body -> camera_init -> odom
Net delay     avg = 0.161173: max = 1.6015

Frames:
Frame: base_footprint, published by <no authority available>, Average Delay: 780.532, Max Delay: 780.532
Frame: body, published by <no authority available>, Average Delay: 0.129006, Max Delay: 0.174413
Frame: camera_init, published by <no authority available>, Average Delay: 780.531, Max Delay: 780.531
Frame: odom, published by <no authority available>, Average Delay: 0.000464007, Max Delay: 0.0053978

All Broadcasters:
Node: <no authority available> 90.1419 Hz, Average Delay: 0.0144819 Max Delay: 0.138925



RESULTS: for odom to base_footprint
Chain is: base_footprint -> body -> camera_init -> odom
Net delay     avg = 0.161039: max = 1.6015

Frames:
Frame: base_footprint, published by <no authority available>, Average Delay: 780.532, Max Delay: 780.532
Frame: body, published by <no authority available>, Average Delay: 0.128487, Max Delay: 0.174413
Frame: camera_init, published by <no authority available>, Average Delay: 780.531, Max Delay: 780.531
Frame: odom, published by <no authority available>, Average Delay: 0.00045526, Max Delay: 0.0053978

All Broadcasters:
Node: <no authority available> 90.1 Hz, Average Delay: 0.0141616 Max Delay: 0.140997



RESULTS: for odom to base_footprint
Chain is: base_footprint -> body -> camera_init -> odom
Net delay     avg = 0.161834: max = 1.6015

Frames:
Frame: base_footprint, published by <no authority available>, Average Delay: 780.532, Max Delay: 780.532
Frame: body, published by <no authority available>, Average Delay: 0.128116, Max Delay: 0.174413
Frame: camera_init, published by <no authority available>, Average Delay: 780.531, Max Delay: 780.531
Frame: odom, published by <no authority available>, Average Delay: 0.000458795, Max Delay: 0.0053978

All Broadcasters:
Node: <no authority available> 90.0704 Hz, Average Delay: 0.0142433 Max Delay: 0.140245



RESULTS: for odom to base_footprint
Chain is: base_footprint -> body -> camera_init -> odom
Net delay     avg = 0.16277: max = 1.6015

Frames:
Frame: base_footprint, published by <no authority available>, Average Delay: 780.532, Max Delay: 780.532
Frame: body, published by <no authority available>, Average Delay: 0.127131, Max Delay: 0.174413
Frame: camera_init, published by <no authority available>, Average Delay: 780.531, Max Delay: 780.531
Frame: odom, published by <no authority available>, Average Delay: 0.000473704, Max Delay: 0.0053978

All Broadcasters:
Node: <no authority available> 90.1001 Hz, Average Delay: 0.0143424 Max Delay: 0.135985



RESULTS: for odom to base_footprint
Chain is: base_footprint -> body -> camera_init -> odom
Net delay     avg = 0.163815: max = 1.6015

Frames:
Frame: base_footprint, published by <no authority available>, Average Delay: 780.532, Max Delay: 780.532
Frame: body, published by <no authority available>, Average Delay: 0.125804, Max Delay: 0.174413
Frame: camera_init, published by <no authority available>, Average Delay: 780.531, Max Delay: 780.531
Frame: odom, published by <no authority available>, Average Delay: 0.000474751, Max Delay: 0.0053978

All Broadcasters:
Node: <no authority available> 90.1045 Hz, Average Delay: 0.014197 Max Delay: 0.141164



RESULTS: for odom to base_footprint
Chain is: base_footprint -> body -> camera_init -> odom
Net delay     avg = 0.165888: max = 1.6015

Frames:
Frame: base_footprint, published by <no authority available>, Average Delay: 780.532, Max Delay: 780.532
Frame: body, published by <no authority available>, Average Delay: 0.124486, Max Delay: 0.174413
Frame: camera_init, published by <no authority available>, Average Delay: 780.531, Max Delay: 780.531
Frame: odom, published by <no authority available>, Average Delay: 0.000477754, Max Delay: 0.0053978

All Broadcasters:
Node: <no authority available> 90.1041 Hz, Average Delay: 0.0141115 Max Delay: 0.13905



RESULTS: for odom to base_footprint
Chain is: base_footprint -> body -> camera_init -> odom
Net delay     avg = 0.167999: max = 1.6015

Frames:
Frame: base_footprint, published by <no authority available>, Average Delay: 780.532, Max Delay: 780.532
Frame: body, published by <no authority available>, Average Delay: 0.123262, Max Delay: 0.149219
Frame: camera_init, published by <no authority available>, Average Delay: 780.531, Max Delay: 780.531
Frame: odom, published by <no authority available>, Average Delay: 0.000489806, Max Delay: 0.0053978

All Broadcasters:
Node: <no authority available> 90.06 Hz, Average Delay: 0.0141532 Max Delay: 0.149219



RESULTS: for odom to base_footprint
Chain is: base_footprint -> body -> camera_init -> odom
Net delay     avg = 0.170141: max = 1.6015

Frames:
Frame: base_footprint, published by <no authority available>, Average Delay: 780.532, Max Delay: 780.532
Frame: body, published by <no authority available>, Average Delay: 0.122771, Max Delay: 0.149219
Frame: camera_init, published by <no authority available>, Average Delay: 780.531, Max Delay: 780.531
Frame: odom, published by <no authority available>, Average Delay: 0.000512069, Max Delay: 0.0053978

All Broadcasters:
Node: <no authority available> 90.0901 Hz, Average Delay: 0.014138 Max Delay: 0.136736



RESULTS: for odom to base_footprint
Chain is: base_footprint -> body -> camera_init -> odom
Net delay     avg = 0.172273: max = 1.6015

Frames:
Frame: base_footprint, published by <no authority available>, Average Delay: 780.532, Max Delay: 780.532
Frame: body, published by <no authority available>, Average Delay: 0.122341, Max Delay: 0.149219
Frame: camera_init, published by <no authority available>, Average Delay: 780.531, Max Delay: 780.531
Frame: odom, published by <no authority available>, Average Delay: 0.000519817, Max Delay: 0.00461173

All Broadcasters:
Node: <no authority available> 90.0915 Hz, Average Delay: 0.0140787 Max Delay: 0.136736



RESULTS: for odom to base_footprint
Chain is: base_footprint -> body -> camera_init -> odom
Net delay     avg = 0.174399: max = 1.6015

Frames:
Frame: base_footprint, published by <no authority available>, Average Delay: 780.532, Max Delay: 780.532
Frame: body, published by <no authority available>, Average Delay: 0.122026, Max Delay: 0.149219
Frame: camera_init, published by <no authority available>, Average Delay: 780.531, Max Delay: 780.531
Frame: odom, published by <no authority available>, Average Delay: 0.000539066, Max Delay: 0.00461173

All Broadcasters:
Node: <no authority available> 90.0979 Hz, Average Delay: 0.0140928 Max Delay: 0.145356



RESULTS: for odom to base_footprint
Chain is: base_footprint -> body -> camera_init -> odom
Net delay     avg = 0.177115: max = 1.6015

Frames:
Frame: base_footprint, published by <no authority available>, Average Delay: 780.532, Max Delay: 780.532
Frame: body, published by <no authority available>, Average Delay: 0.121888, Max Delay: 0.149219
Frame: camera_init, published by <no authority available>, Average Delay: 780.531, Max Delay: 780.531
Frame: odom, published by <no authority available>, Average Delay: 0.000542591, Max Delay: 0.00461173

All Broadcasters:
Node: <no authority available> 90.0915 Hz, Average Delay: 0.0141131 Max Delay: 0.134935



RESULTS: for odom to base_footprint
Chain is: base_footprint -> body -> camera_init -> odom
Net delay     avg = 0.180202: max = 1.6015

Frames:
Frame: base_footprint, published by <no authority available>, Average Delay: 780.532, Max Delay: 780.532
Frame: body, published by <no authority available>, Average Delay: 0.121698, Max Delay: 0.149219
Frame: camera_init, published by <no authority available>, Average Delay: 780.531, Max Delay: 780.531
Frame: odom, published by <no authority available>, Average Delay: 0.000543386, Max Delay: 0.00461173

All Broadcasters:
Node: <no authority available> 90.0932 Hz, Average Delay: 0.0140493 Max Delay: 0.134373



RESULTS: for odom to base_footprint
Chain is: base_footprint -> body -> camera_init -> odom
Net delay     avg = 0.182999: max = 1.6015

Frames:
Frame: base_footprint, published by <no authority available>, Average Delay: 780.532, Max Delay: 780.532
Frame: body, published by <no authority available>, Average Delay: 0.121273, Max Delay: 0.149219
Frame: camera_init, published by <no authority available>, Average Delay: 780.531, Max Delay: 780.531
Frame: odom, published by <no authority available>, Average Delay: 0.000539627, Max Delay: 0.00461173

All Broadcasters:
Node: <no authority available> 90.0873 Hz, Average Delay: 0.0138713 Max Delay: 0.137846



RESULTS: for odom to base_footprint
Chain is: base_footprint -> body -> camera_init -> odom
Net delay     avg = 0.185643: max = 1.6015

Frames:
Frame: base_footprint, published by <no authority available>, Average Delay: 780.532, Max Delay: 780.532
Frame: body, published by <no authority available>, Average Delay: 0.121135, Max Delay: 0.149219
Frame: camera_init, published by <no authority available>, Average Delay: 780.531, Max Delay: 780.531
Frame: odom, published by <no authority available>, Average Delay: 0.000530524, Max Delay: 0.00461173

All Broadcasters:
Node: <no authority available> 90.0895 Hz, Average Delay: 0.0140371 Max Delay: 0.135773



RESULTS: for odom to base_footprint
Chain is: base_footprint -> body -> camera_init -> odom
Net delay     avg = 0.188136: max = 1.6015

Frames:
Frame: base_footprint, published by <no authority available>, Average Delay: 780.532, Max Delay: 780.532
Frame: body, published by <no authority available>, Average Delay: 0.120912, Max Delay: 0.149219
Frame: camera_init, published by <no authority available>, Average Delay: 780.531, Max Delay: 780.531
Frame: odom, published by <no authority available>, Average Delay: 0.000544007, Max Delay: 0.00461173

All Broadcasters:
Node: <no authority available> 90.0873 Hz, Average Delay: 0.0139786 Max Delay: 0.13611



RESULTS: for odom to base_footprint
Chain is: base_footprint -> body -> camera_init -> odom
Net delay     avg = 0.190575: max = 1.6015

Frames:
Frame: base_footprint, published by <no authority available>, Average Delay: 780.532, Max Delay: 780.532
Frame: body, published by <no authority available>, Average Delay: 0.121004, Max Delay: 0.149219
Frame: camera_init, published by <no authority available>, Average Delay: 780.531, Max Delay: 780.531
Frame: odom, published by <no authority available>, Average Delay: 0.00054384, Max Delay: 0.00461173

All Broadcasters:
Node: <no authority available> 90.089 Hz, Average Delay: 0.0142559 Max Delay: 0.144473



RESULTS: for odom to base_footprint
Chain is: base_footprint -> body -> camera_init -> odom
Net delay     avg = 0.192889: max = 1.6015

Frames:
Frame: base_footprint, published by <no authority available>, Average Delay: 780.532, Max Delay: 780.532
Frame: body, published by <no authority available>, Average Delay: 0.121207, Max Delay: 0.145356
Frame: camera_init, published by <no authority available>, Average Delay: 780.531, Max Delay: 780.531
Frame: odom, published by <no authority available>, Average Delay: 0.000539218, Max Delay: 0.00604272

All Broadcasters:
Node: <no authority available> 90.2738 Hz, Average Delay: 0.0143515 Max Delay: 0.134938



RESULTS: for odom to base_footprint
Chain is: base_footprint -> body -> camera_init -> odom
Net delay     avg = 0.195084: max = 1.6015

Frames:
Frame: base_footprint, published by <no authority available>, Average Delay: 780.532, Max Delay: 780.532
Frame: body, published by <no authority available>, Average Delay: 0.121495, Max Delay: 0.145356
Frame: camera_init, published by <no authority available>, Average Delay: 780.531, Max Delay: 780.531
Frame: odom, published by <no authority available>, Average Delay: 0.000527392, Max Delay: 0.00604272

All Broadcasters:
Node: <no authority available> 90.0756 Hz, Average Delay: 0.0143211 Max Delay: 0.138622



RESULTS: for odom to base_footprint
Chain is: base_footprint -> body -> camera_init -> odom
Net delay     avg = 0.197939: max = 1.6015

Frames:
Frame: base_footprint, published by <no authority available>, Average Delay: 780.532, Max Delay: 780.532
Frame: body, published by <no authority available>, Average Delay: 0.121704, Max Delay: 0.145356
Frame: camera_init, published by <no authority available>, Average Delay: 780.531, Max Delay: 780.531
Frame: odom, published by <no authority available>, Average Delay: 0.000520766, Max Delay: 0.00604272

All Broadcasters:
Node: <no authority available> 90.0878 Hz, Average Delay: 0.0142075 Max Delay: 0.1382



RESULTS: for odom to base_footprint
Chain is: base_footprint -> body -> camera_init -> odom
Net delay     avg = 0.200804: max = 1.6015

Frames:
Frame: base_footprint, published by <no authority available>, Average Delay: 780.532, Max Delay: 780.532
Frame: body, published by <no authority available>, Average Delay: 0.121577, Max Delay: 0.144473
Frame: camera_init, published by <no authority available>, Average Delay: 780.531, Max Delay: 780.531
Frame: odom, published by <no authority available>, Average Delay: 0.000503361, Max Delay: 0.00604272

All Broadcasters:
Node: <no authority available> 90.0799 Hz, Average Delay: 0.0139893 Max Delay: 0.140575



RESULTS: for odom to base_footprint
Chain is: base_footprint -> body -> camera_init -> odom
Net delay     avg = 0.203389: max = 1.6015

Frames:
Frame: base_footprint, published by <no authority available>, Average Delay: 780.532, Max Delay: 780.532
Frame: body, published by <no authority available>, Average Delay: 0.121603, Max Delay: 0.144473
Frame: camera_init, published by <no authority available>, Average Delay: 780.531, Max Delay: 780.531
Frame: odom, published by <no authority available>, Average Delay: 0.000491521, Max Delay: 0.00604272

All Broadcasters:
Node: <no authority available> 90.0808 Hz, Average Delay: 0.0141028 Max Delay: 0.139783



RESULTS: for odom to base_footprint
Chain is: base_footprint -> body -> camera_init -> odom
Net delay     avg = 0.202399: max = 1.6015

Frames:
Frame: base_footprint, published by <no authority available>, Average Delay: 780.532, Max Delay: 780.532
Frame: body, published by <no authority available>, Average Delay: 0.12165, Max Delay: 0.144473
Frame: camera_init, published by <no authority available>, Average Delay: 780.531, Max Delay: 780.531
Frame: odom, published by <no authority available>, Average Delay: 0.00051613, Max Delay: 0.00604272

All Broadcasters:
Node: <no authority available> 90.093 Hz, Average Delay: 0.0141941 Max Delay: 0.141703



RESULTS: for odom to base_footprint
Chain is: base_footprint -> body -> camera_init -> odom
Net delay     avg = 0.189568: max = 1.6015

Frames:
Frame: base_footprint, published by <no authority available>, Average Delay: 780.532, Max Delay: 780.532
Frame: body, published by <no authority available>, Average Delay: 0.121665, Max Delay: 0.144473
Frame: camera_init, published by <no authority available>, Average Delay: 780.531, Max Delay: 780.531
Frame: odom, published by <no authority available>, Average Delay: 0.000523433, Max Delay: 0.00604272

All Broadcasters:
Node: <no authority available> 90.0984 Hz, Average Delay: 0.0141917 Max Delay: 0.139174



RESULTS: for odom to base_footprint
Chain is: base_footprint -> body -> camera_init -> odom
Net delay     avg = 0.17709: max = 1.6015

Frames:
Frame: base_footprint, published by <no authority available>, Average Delay: 780.532, Max Delay: 780.532
Frame: body, published by <no authority available>, Average Delay: 0.121658, Max Delay: 0.144473
Frame: camera_init, published by <no authority available>, Average Delay: 780.531, Max Delay: 780.531
Frame: odom, published by <no authority available>, Average Delay: 0.000528093, Max Delay: 0.00604272

All Broadcasters:
Node: <no authority available> 90.087 Hz, Average Delay: 0.0140389 Max Delay: 0.141472
[INFO] [1779613421.090038795] [rclcpp]: signal_handler(SIGINT/SIGTERM)
