# command: ros2 run tf2_ros tf2_monitor map base_footprint
# started: 2026-05-24 16:52:53 +0800
[INFO] [1779612774.833510312] [tf2_monitor_main]: Waiting for transform map ->  base_footprint: Invalid frame ID "map" passed to canTransform argument target_frame - frame does not exist
[INFO] [1779612775.873010719] [tf2_monitor_main]: Waiting for transform map ->  base_footprint: Invalid frame ID "map" passed to canTransform argument target_frame - frame does not exist
[INFO] [1779612776.873230539] [tf2_monitor_main]: Waiting for transform map ->  base_footprint: Could not find a connection between 'map' and 'base_footprint' because they are not part of the same tree.Tf has two or more unconnected trees.
[INFO] [1779612777.873586809] [tf2_monitor_main]: Waiting for transform map ->  base_footprint: Could not find a connection between 'map' and 'base_footprint' because they are not part of the same tree.Tf has two or more unconnected trees.
[INFO] [1779612778.874428924] [tf2_monitor_main]: Waiting for transform map ->  base_footprint: Could not find a connection between 'map' and 'base_footprint' because they are not part of the same tree.Tf has two or more unconnected trees.
Gathering data on map -> base_footprint for 10 seconds...



RESULTS: for map to base_footprint
Chain is: map -> odom -> camera_init -> body -> base_footprint
Net delay     avg = 0.0629406: max = 1.66464

Frames:
Frame: base_footprint, published by <no authority available>, Average Delay: 780.176, Max Delay: 780.176
Frame: body, published by <no authority available>, Average Delay: 0.227605, Max Delay: 1.6601
Frame: camera_init, published by <no authority available>, Average Delay: 780.148, Max Delay: 780.148
Frame: odom, published by <no authority available>, Average Delay: 0.000827251, Max Delay: 0.0132275

All Broadcasters:
Node: <no authority available> 89.9596 Hz, Average Delay: 3.37345 Max Delay: 786.873



RESULTS: for map to base_footprint
Chain is: map -> odom -> camera_init -> body -> base_footprint
Net delay     avg = 0.0785997: max = 1.66464

Frames:
Frame: base_footprint, published by <no authority available>, Average Delay: 780.176, Max Delay: 780.176
Frame: body, published by <no authority available>, Average Delay: 0.176305, Max Delay: 1.6601
Frame: camera_init, published by <no authority available>, Average Delay: 780.148, Max Delay: 780.148
Frame: odom, published by <no authority available>, Average Delay: 0.000615467, Max Delay: 0.0132275

All Broadcasters:
Node: <no authority available> 90.8395 Hz, Average Delay: 0.0146817 Max Delay: 0.154635



RESULTS: for map to base_footprint
Chain is: map -> odom -> camera_init -> body -> base_footprint
Net delay     avg = 0.0898864: max = 1.66464

Frames:
Frame: base_footprint, published by <no authority available>, Average Delay: 780.176, Max Delay: 780.176
Frame: body, published by <no authority available>, Average Delay: 0.157579, Max Delay: 1.6601
Frame: camera_init, published by <no authority available>, Average Delay: 780.148, Max Delay: 780.148
Frame: odom, published by <no authority available>, Average Delay: 0.000570229, Max Delay: 0.0132275

All Broadcasters:
Node: <no authority available> 89.9705 Hz, Average Delay: 0.0143198 Max Delay: 0.132565



RESULTS: for map to base_footprint
Chain is: map -> odom -> camera_init -> body -> base_footprint
Net delay     avg = 0.105862: max = 1.66464

Frames:
Frame: base_footprint, published by <no authority available>, Average Delay: 780.176, Max Delay: 780.176
Frame: body, published by <no authority available>, Average Delay: 0.148659, Max Delay: 1.6601
Frame: camera_init, published by <no authority available>, Average Delay: 780.148, Max Delay: 780.148
Frame: odom, published by <no authority available>, Average Delay: 0.000574377, Max Delay: 0.0132275

All Broadcasters:
Node: <no authority available> 90.0778 Hz, Average Delay: 0.0143252 Max Delay: 0.142812



RESULTS: for map to base_footprint
Chain is: map -> odom -> camera_init -> body -> base_footprint
Net delay     avg = 0.124988: max = 1.66464

Frames:
Frame: base_footprint, published by <no authority available>, Average Delay: 780.176, Max Delay: 780.176
Frame: body, published by <no authority available>, Average Delay: 0.143143, Max Delay: 1.6601
Frame: camera_init, published by <no authority available>, Average Delay: 780.148, Max Delay: 780.148
Frame: odom, published by <no authority available>, Average Delay: 0.000571034, Max Delay: 0.0132275

All Broadcasters:
Node: <no authority available> 90.0952 Hz, Average Delay: 0.014268 Max Delay: 0.136431



RESULTS: for map to base_footprint
Chain is: map -> odom -> camera_init -> body -> base_footprint
Net delay     avg = 0.139242: max = 1.66464

Frames:
Frame: base_footprint, published by <no authority available>, Average Delay: 780.176, Max Delay: 780.176
Frame: body, published by <no authority available>, Average Delay: 0.139526, Max Delay: 1.6601
Frame: camera_init, published by <no authority available>, Average Delay: 780.148, Max Delay: 780.148
Frame: odom, published by <no authority available>, Average Delay: 0.000558223, Max Delay: 0.0132275

All Broadcasters:
Node: <no authority available> 90.0991 Hz, Average Delay: 0.0142896 Max Delay: 0.137795



RESULTS: for map to base_footprint
Chain is: map -> odom -> camera_init -> body -> base_footprint
Net delay     avg = 0.151352: max = 1.66464

Frames:
Frame: base_footprint, published by <no authority available>, Average Delay: 780.176, Max Delay: 780.176
Frame: body, published by <no authority available>, Average Delay: 0.137154, Max Delay: 1.6601
Frame: camera_init, published by <no authority available>, Average Delay: 780.148, Max Delay: 780.148
Frame: odom, published by <no authority available>, Average Delay: 0.000541401, Max Delay: 0.0132275

All Broadcasters:
Node: <no authority available> 90.1101 Hz, Average Delay: 0.0144576 Max Delay: 0.141363



RESULTS: for map to base_footprint
Chain is: map -> odom -> camera_init -> body -> base_footprint
Net delay     avg = 0.162226: max = 1.66464

Frames:
Frame: base_footprint, published by <no authority available>, Average Delay: 780.176, Max Delay: 780.176
Frame: body, published by <no authority available>, Average Delay: 0.135338, Max Delay: 1.6601
Frame: camera_init, published by <no authority available>, Average Delay: 780.148, Max Delay: 780.148
Frame: odom, published by <no authority available>, Average Delay: 0.00053374, Max Delay: 0.0132275

All Broadcasters:
Node: <no authority available> 90.0447 Hz, Average Delay: 0.0144667 Max Delay: 0.145831



RESULTS: for map to base_footprint
Chain is: map -> odom -> camera_init -> body -> base_footprint
Net delay     avg = 0.171736: max = 1.66464

Frames:
Frame: base_footprint, published by <no authority available>, Average Delay: 780.176, Max Delay: 780.176
Frame: body, published by <no authority available>, Average Delay: 0.134162, Max Delay: 1.6601
Frame: camera_init, published by <no authority available>, Average Delay: 780.148, Max Delay: 780.148
Frame: odom, published by <no authority available>, Average Delay: 0.000525768, Max Delay: 0.0132275

All Broadcasters:
Node: <no authority available> 90.0293 Hz, Average Delay: 0.0146674 Max Delay: 0.146418



RESULTS: for map to base_footprint
Chain is: map -> odom -> camera_init -> body -> base_footprint
Net delay     avg = 0.180012: max = 1.66464

Frames:
Frame: base_footprint, published by <no authority available>, Average Delay: 780.176, Max Delay: 780.176
Frame: body, published by <no authority available>, Average Delay: 0.123346, Max Delay: 0.168948
Frame: camera_init, published by <no authority available>, Average Delay: 780.148, Max Delay: 780.148
Frame: odom, published by <no authority available>, Average Delay: 0.000482239, Max Delay: 0.00538063

All Broadcasters:
Node: <no authority available> 90.1477 Hz, Average Delay: 0.0145703 Max Delay: 0.14645



RESULTS: for map to base_footprint
Chain is: map -> odom -> camera_init -> body -> base_footprint
Net delay     avg = 0.187102: max = 1.66464

Frames:
Frame: base_footprint, published by <no authority available>, Average Delay: 780.176, Max Delay: 780.176
Frame: body, published by <no authority available>, Average Delay: 0.122791, Max Delay: 0.148867
Frame: camera_init, published by <no authority available>, Average Delay: 780.148, Max Delay: 780.148
Frame: odom, published by <no authority available>, Average Delay: 0.000490347, Max Delay: 0.00538063

All Broadcasters:
Node: <no authority available> 90.041 Hz, Average Delay: 0.0146305 Max Delay: 0.14523



RESULTS: for map to base_footprint
Chain is: map -> odom -> camera_init -> body -> base_footprint
Net delay     avg = 0.193274: max = 1.66464

Frames:
Frame: base_footprint, published by <no authority available>, Average Delay: 780.176, Max Delay: 780.176
Frame: body, published by <no authority available>, Average Delay: 0.123324, Max Delay: 0.150135
Frame: camera_init, published by <no authority available>, Average Delay: 780.148, Max Delay: 780.148
Frame: odom, published by <no authority available>, Average Delay: 0.000491238, Max Delay: 0.00538063

All Broadcasters:
Node: <no authority available> 89.4322 Hz, Average Delay: 0.0152216 Max Delay: 0.150135



RESULTS: for map to base_footprint
Chain is: map -> odom -> camera_init -> body -> base_footprint
Net delay     avg = 0.194384: max = 1.66464

Frames:
Frame: base_footprint, published by <no authority available>, Average Delay: 780.176, Max Delay: 780.176
Frame: body, published by <no authority available>, Average Delay: 0.124299, Max Delay: 0.152943
Frame: camera_init, published by <no authority available>, Average Delay: 780.148, Max Delay: 780.148
Frame: odom, published by <no authority available>, Average Delay: 0.000487583, Max Delay: 0.00538063

All Broadcasters:
Node: <no authority available> 88.5201 Hz, Average Delay: 0.0155873 Max Delay: 0.152943



RESULTS: for map to base_footprint
Chain is: map -> odom -> camera_init -> body -> base_footprint
Net delay     avg = 0.200131: max = 1.66464

Frames:
Frame: base_footprint, published by <no authority available>, Average Delay: 780.176, Max Delay: 780.176
Frame: body, published by <no authority available>, Average Delay: 0.126327, Max Delay: 0.179048
Frame: camera_init, published by <no authority available>, Average Delay: 780.148, Max Delay: 780.148
Frame: odom, published by <no authority available>, Average Delay: 0.00050051, Max Delay: 0.00889635

All Broadcasters:
Node: <no authority available> 85.253 Hz, Average Delay: 0.0178021 Max Delay: 0.179048



RESULTS: for map to base_footprint
Chain is: map -> odom -> camera_init -> body -> base_footprint
Net delay     avg = 0.414285: max = 4.73751

Frames:
Frame: base_footprint, published by <no authority available>, Average Delay: 780.176, Max Delay: 780.176
Frame: body, published by <no authority available>, Average Delay: 0.128902, Max Delay: 0.179048
Frame: camera_init, published by <no authority available>, Average Delay: 780.148, Max Delay: 780.148
Frame: odom, published by <no authority available>, Average Delay: 0.00050079, Max Delay: 0.00889635

All Broadcasters:
Node: <no authority available> 82.6765 Hz, Average Delay: 0.0190423 Max Delay: 0.179048



RESULTS: for map to base_footprint
Chain is: map -> odom -> camera_init -> body -> base_footprint
Net delay     avg = 0.385: max = 4.73751

Frames:
Frame: base_footprint, published by <no authority available>, Average Delay: 780.176, Max Delay: 780.176
Frame: body, published by <no authority available>, Average Delay: 0.13085, Max Delay: 0.179048
Frame: camera_init, published by <no authority available>, Average Delay: 780.148, Max Delay: 780.148
Frame: odom, published by <no authority available>, Average Delay: 0.000509818, Max Delay: 0.00889635

All Broadcasters:
Node: <no authority available> 84.4655 Hz, Average Delay: 0.0182414 Max Delay: 0.17714



RESULTS: for map to base_footprint
Chain is: map -> odom -> camera_init -> body -> base_footprint
Net delay     avg = 0.382979: max = 4.73751

Frames:
Frame: base_footprint, published by <no authority available>, Average Delay: 780.176, Max Delay: 780.176
Frame: body, published by <no authority available>, Average Delay: 0.133105, Max Delay: 0.191532
Frame: camera_init, published by <no authority available>, Average Delay: 780.148, Max Delay: 780.148
Frame: odom, published by <no authority available>, Average Delay: 0.000507122, Max Delay: 0.00889635

All Broadcasters:
Node: <no authority available> 83.9394 Hz, Average Delay: 0.0185034 Max Delay: 0.191532



RESULTS: for map to base_footprint
Chain is: map -> odom -> camera_init -> body -> base_footprint
Net delay     avg = 0.461578: max = 4.73751

Frames:
Frame: base_footprint, published by <no authority available>, Average Delay: 780.176, Max Delay: 780.176
Frame: body, published by <no authority available>, Average Delay: 0.135445, Max Delay: 0.191532
Frame: camera_init, published by <no authority available>, Average Delay: 780.148, Max Delay: 780.148
Frame: odom, published by <no authority available>, Average Delay: 0.000514497, Max Delay: 0.00889635

All Broadcasters:
Node: <no authority available> 83.257 Hz, Average Delay: 0.0189389 Max Delay: 0.176862



RESULTS: for map to base_footprint
Chain is: map -> odom -> camera_init -> body -> base_footprint
Net delay     avg = 0.410479: max = 4.73751

Frames:
Frame: base_footprint, published by <no authority available>, Average Delay: 780.176, Max Delay: 780.176
Frame: body, published by <no authority available>, Average Delay: 0.13678, Max Delay: 0.191532
Frame: camera_init, published by <no authority available>, Average Delay: 780.148, Max Delay: 780.148
Frame: odom, published by <no authority available>, Average Delay: 0.000511897, Max Delay: 0.00889635

All Broadcasters:
Node: <no authority available> 84.9798 Hz, Average Delay: 0.0172591 Max Delay: 0.177969



RESULTS: for map to base_footprint
Chain is: map -> odom -> camera_init -> body -> base_footprint
Net delay     avg = 0.363845: max = 4.73751

Frames:
Frame: base_footprint, published by <no authority available>, Average Delay: 780.176, Max Delay: 780.176
Frame: body, published by <no authority available>, Average Delay: 0.137746, Max Delay: 0.191532
Frame: camera_init, published by <no authority available>, Average Delay: 780.148, Max Delay: 780.148
Frame: odom, published by <no authority available>, Average Delay: 0.000516077, Max Delay: 0.00889635

All Broadcasters:
Node: <no authority available> 86.7193 Hz, Average Delay: 0.0163557 Max Delay: 0.16482



RESULTS: for map to base_footprint
Chain is: map -> odom -> camera_init -> body -> base_footprint
Net delay     avg = 0.325416: max = 4.73751

Frames:
Frame: base_footprint, published by <no authority available>, Average Delay: 780.176, Max Delay: 780.176
Frame: body, published by <no authority available>, Average Delay: 0.137931, Max Delay: 0.191532
Frame: camera_init, published by <no authority available>, Average Delay: 780.148, Max Delay: 780.148
Frame: odom, published by <no authority available>, Average Delay: 0.000512577, Max Delay: 0.00889635

All Broadcasters:
Node: <no authority available> 87.4844 Hz, Average Delay: 0.0155966 Max Delay: 0.167276



RESULTS: for map to base_footprint
Chain is: map -> odom -> camera_init -> body -> base_footprint
Net delay     avg = 0.294802: max = 4.73751

Frames:
Frame: base_footprint, published by <no authority available>, Average Delay: 780.176, Max Delay: 780.176
Frame: body, published by <no authority available>, Average Delay: 0.138965, Max Delay: 0.191532
Frame: camera_init, published by <no authority available>, Average Delay: 780.148, Max Delay: 780.148
Frame: odom, published by <no authority available>, Average Delay: 0.000521815, Max Delay: 0.011831

All Broadcasters:
Node: <no authority available> 86.1925 Hz, Average Delay: 0.0165539 Max Delay: 0.179407



RESULTS: for map to base_footprint
Chain is: map -> odom -> camera_init -> body -> base_footprint
Net delay     avg = 0.271434: max = 4.73751

Frames:
Frame: base_footprint, published by <no authority available>, Average Delay: 780.176, Max Delay: 780.176
Frame: body, published by <no authority available>, Average Delay: 0.138854, Max Delay: 0.198689
Frame: camera_init, published by <no authority available>, Average Delay: 780.148, Max Delay: 780.148
Frame: odom, published by <no authority available>, Average Delay: 0.00052106, Max Delay: 0.011831

All Broadcasters:
Node: <no authority available> 85.7964 Hz, Average Delay: 0.017022 Max Delay: 0.198689



RESULTS: for map to base_footprint
Chain is: map -> odom -> camera_init -> body -> base_footprint
Net delay     avg = 0.25173: max = 4.73751

Frames:
Frame: base_footprint, published by <no authority available>, Average Delay: 780.176, Max Delay: 780.176
Frame: body, published by <no authority available>, Average Delay: 0.137485, Max Delay: 0.198689
Frame: camera_init, published by <no authority available>, Average Delay: 780.148, Max Delay: 780.148
Frame: odom, published by <no authority available>, Average Delay: 0.000509298, Max Delay: 0.011831

All Broadcasters:
Node: <no authority available> 88.9237 Hz, Average Delay: 0.0153918 Max Delay: 0.158171



RESULTS: for map to base_footprint
Chain is: map -> odom -> camera_init -> body -> base_footprint
Net delay     avg = 0.236181: max = 4.73751

Frames:
Frame: base_footprint, published by <no authority available>, Average Delay: 780.176, Max Delay: 780.176
Frame: body, published by <no authority available>, Average Delay: 0.135754, Max Delay: 0.198689
Frame: camera_init, published by <no authority available>, Average Delay: 780.148, Max Delay: 780.148
Frame: odom, published by <no authority available>, Average Delay: 0.000509618, Max Delay: 0.011831

All Broadcasters:
Node: <no authority available> 87.3637 Hz, Average Delay: 0.0156461 Max Delay: 0.157134



RESULTS: for map to base_footprint
Chain is: map -> odom -> camera_init -> body -> base_footprint
Net delay     avg = 0.224141: max = 4.73751

Frames:
Frame: base_footprint, published by <no authority available>, Average Delay: 780.176, Max Delay: 780.176
Frame: body, published by <no authority available>, Average Delay: 0.134958, Max Delay: 0.198689
Frame: camera_init, published by <no authority available>, Average Delay: 780.148, Max Delay: 780.148
Frame: odom, published by <no authority available>, Average Delay: 0.000512642, Max Delay: 0.011831

All Broadcasters:
Node: <no authority available> 87.1683 Hz, Average Delay: 0.0158571 Max Delay: 0.157812



RESULTS: for map to base_footprint
Chain is: map -> odom -> camera_init -> body -> base_footprint
Net delay     avg = 0.214904: max = 4.73751

Frames:
Frame: base_footprint, published by <no authority available>, Average Delay: 780.176, Max Delay: 780.176
Frame: body, published by <no authority available>, Average Delay: 0.133194, Max Delay: 0.198689
Frame: camera_init, published by <no authority available>, Average Delay: 780.148, Max Delay: 780.148
Frame: odom, published by <no authority available>, Average Delay: 0.00050759, Max Delay: 0.011831

All Broadcasters:
Node: <no authority available> 89.7142 Hz, Average Delay: 0.0151301 Max Delay: 0.162597



RESULTS: for map to base_footprint
Chain is: map -> odom -> camera_init -> body -> base_footprint
Net delay     avg = 0.208357: max = 4.73751

Frames:
Frame: base_footprint, published by <no authority available>, Average Delay: 780.176, Max Delay: 780.176
Frame: body, published by <no authority available>, Average Delay: 0.13167, Max Delay: 0.198689
Frame: camera_init, published by <no authority available>, Average Delay: 780.148, Max Delay: 780.148
Frame: odom, published by <no authority available>, Average Delay: 0.000511198, Max Delay: 0.011831

All Broadcasters:
Node: <no authority available> 89.7747 Hz, Average Delay: 0.0150385 Max Delay: 0.155639



RESULTS: for map to base_footprint
Chain is: map -> odom -> camera_init -> body -> base_footprint
Net delay     avg = 0.203496: max = 4.73751

Frames:
Frame: base_footprint, published by <no authority available>, Average Delay: 780.176, Max Delay: 780.176
Frame: body, published by <no authority available>, Average Delay: 0.131048, Max Delay: 0.198689
Frame: camera_init, published by <no authority available>, Average Delay: 780.148, Max Delay: 780.148
Frame: odom, published by <no authority available>, Average Delay: 0.000473335, Max Delay: 0.011831

All Broadcasters:
Node: <no authority available> 90.0857 Hz, Average Delay: 0.0154087 Max Delay: 0.157668



RESULTS: for map to base_footprint
Chain is: map -> odom -> camera_init -> body -> base_footprint
Net delay     avg = 0.199927: max = 4.73751

Frames:
Frame: base_footprint, published by <no authority available>, Average Delay: 780.176, Max Delay: 780.176
Frame: body, published by <no authority available>, Average Delay: 0.130516, Max Delay: 0.198689
Frame: camera_init, published by <no authority available>, Average Delay: 780.148, Max Delay: 780.148
Frame: odom, published by <no authority available>, Average Delay: 0.000447354, Max Delay: 0.011831

All Broadcasters:
Node: <no authority available> 90.0856 Hz, Average Delay: 0.0144661 Max Delay: 0.149782



RESULTS: for map to base_footprint
Chain is: map -> odom -> camera_init -> body -> base_footprint
Net delay     avg = 0.197366: max = 4.73751

Frames:
Frame: base_footprint, published by <no authority available>, Average Delay: 780.176, Max Delay: 780.176
Frame: body, published by <no authority available>, Average Delay: 0.130325, Max Delay: 0.198689
Frame: camera_init, published by <no authority available>, Average Delay: 780.148, Max Delay: 780.148
Frame: odom, published by <no authority available>, Average Delay: 0.000424665, Max Delay: 0.011831

All Broadcasters:
Node: <no authority available> 89.3873 Hz, Average Delay: 0.0152347 Max Delay: 0.163295



RESULTS: for map to base_footprint
Chain is: map -> odom -> camera_init -> body -> base_footprint
Net delay     avg = 0.195586: max = 4.73751

Frames:
Frame: base_footprint, published by <no authority available>, Average Delay: 780.176, Max Delay: 780.176
Frame: body, published by <no authority available>, Average Delay: 0.130087, Max Delay: 0.166991
Frame: camera_init, published by <no authority available>, Average Delay: 780.148, Max Delay: 780.148
Frame: odom, published by <no authority available>, Average Delay: 0.000419255, Max Delay: 0.011831

All Broadcasters:
Node: <no authority available> 87.7162 Hz, Average Delay: 0.0162082 Max Delay: 0.166991



RESULTS: for map to base_footprint
Chain is: map -> odom -> camera_init -> body -> base_footprint
Net delay     avg = 0.194501: max = 4.73751

Frames:
Frame: base_footprint, published by <no authority available>, Average Delay: 780.176, Max Delay: 780.176
Frame: body, published by <no authority available>, Average Delay: 0.130308, Max Delay: 0.166991
Frame: camera_init, published by <no authority available>, Average Delay: 780.148, Max Delay: 780.148
Frame: odom, published by <no authority available>, Average Delay: 0.00040119, Max Delay: 0.0116396

All Broadcasters:
Node: <no authority available> 88.1174 Hz, Average Delay: 0.0160377 Max Delay: 0.156616



RESULTS: for map to base_footprint
Chain is: map -> odom -> camera_init -> body -> base_footprint
Net delay     avg = 0.193934: max = 4.73751

Frames:
Frame: base_footprint, published by <no authority available>, Average Delay: 780.176, Max Delay: 780.176
Frame: body, published by <no authority available>, Average Delay: 0.130807, Max Delay: 0.166991
Frame: camera_init, published by <no authority available>, Average Delay: 780.148, Max Delay: 780.148
Frame: odom, published by <no authority available>, Average Delay: 0.00040483, Max Delay: 0.0116396

All Broadcasters:
Node: <no authority available> 88.7107 Hz, Average Delay: 0.0160158 Max Delay: 0.158426



RESULTS: for map to base_footprint
Chain is: map -> odom -> camera_init -> body -> base_footprint
Net delay     avg = 0.193891: max = 4.73751

Frames:
Frame: base_footprint, published by <no authority available>, Average Delay: 780.176, Max Delay: 780.176
Frame: body, published by <no authority available>, Average Delay: 0.130547, Max Delay: 0.173835
Frame: camera_init, published by <no authority available>, Average Delay: 780.148, Max Delay: 780.148
Frame: odom, published by <no authority available>, Average Delay: 0.000406847, Max Delay: 0.0116396

All Broadcasters:
Node: <no authority available> 90.3582 Hz, Average Delay: 0.0150088 Max Delay: 0.173835



RESULTS: for map to base_footprint
Chain is: map -> odom -> camera_init -> body -> base_footprint
Net delay     avg = 0.194285: max = 4.73751

Frames:
Frame: base_footprint, published by <no authority available>, Average Delay: 780.176, Max Delay: 780.176
Frame: body, published by <no authority available>, Average Delay: 0.130159, Max Delay: 0.173835
Frame: camera_init, published by <no authority available>, Average Delay: 780.148, Max Delay: 780.148
Frame: odom, published by <no authority available>, Average Delay: 0.00038953, Max Delay: 0.00651717

All Broadcasters:
Node: <no authority available> 90.078 Hz, Average Delay: 0.0145641 Max Delay: 0.142669



RESULTS: for map to base_footprint
Chain is: map -> odom -> camera_init -> body -> base_footprint
Net delay     avg = 0.195774: max = 4.73751

Frames:
Frame: base_footprint, published by <no authority available>, Average Delay: 780.176, Max Delay: 780.176
Frame: body, published by <no authority available>, Average Delay: 0.129617, Max Delay: 0.173835
Frame: camera_init, published by <no authority available>, Average Delay: 780.148, Max Delay: 780.148
Frame: odom, published by <no authority available>, Average Delay: 0.000382033, Max Delay: 0.00651717

All Broadcasters:
Node: <no authority available> 90.1066 Hz, Average Delay: 0.0144612 Max Delay: 0.137897



RESULTS: for map to base_footprint
Chain is: map -> odom -> camera_init -> body -> base_footprint
Net delay     avg = 0.197367: max = 4.73751

Frames:
Frame: base_footprint, published by <no authority available>, Average Delay: 780.176, Max Delay: 780.176
Frame: body, published by <no authority available>, Average Delay: 0.129128, Max Delay: 0.173835
Frame: camera_init, published by <no authority available>, Average Delay: 780.148, Max Delay: 780.148
Frame: odom, published by <no authority available>, Average Delay: 0.000383551, Max Delay: 0.00651717

All Broadcasters:
Node: <no authority available> 90.0872 Hz, Average Delay: 0.014467 Max Delay: 0.138972



RESULTS: for map to base_footprint
Chain is: map -> odom -> camera_init -> body -> base_footprint
Net delay     avg = 0.199097: max = 4.73751

Frames:
Frame: base_footprint, published by <no authority available>, Average Delay: 780.176, Max Delay: 780.176
Frame: body, published by <no authority available>, Average Delay: 0.128542, Max Delay: 0.173835
Frame: camera_init, published by <no authority available>, Average Delay: 780.148, Max Delay: 780.148
Frame: odom, published by <no authority available>, Average Delay: 0.000388839, Max Delay: 0.00651717

All Broadcasters:
Node: <no authority available> 90.1011 Hz, Average Delay: 0.0142152 Max Delay: 0.141376



RESULTS: for map to base_footprint
Chain is: map -> odom -> camera_init -> body -> base_footprint
Net delay     avg = 0.200822: max = 4.73751

Frames:
Frame: base_footprint, published by <no authority available>, Average Delay: 780.176, Max Delay: 780.176
Frame: body, published by <no authority available>, Average Delay: 0.128197, Max Delay: 0.173835
Frame: camera_init, published by <no authority available>, Average Delay: 780.148, Max Delay: 780.148
Frame: odom, published by <no authority available>, Average Delay: 0.000384266, Max Delay: 0.00651717

All Broadcasters:
Node: <no authority available> 90.0898 Hz, Average Delay: 0.014277 Max Delay: 0.140425



RESULTS: for map to base_footprint
Chain is: map -> odom -> camera_init -> body -> base_footprint
Net delay     avg = 0.202488: max = 4.73751

Frames:
Frame: base_footprint, published by <no authority available>, Average Delay: 780.176, Max Delay: 780.176
Frame: body, published by <no authority available>, Average Delay: 0.127269, Max Delay: 0.173835
Frame: camera_init, published by <no authority available>, Average Delay: 780.148, Max Delay: 780.148
Frame: odom, published by <no authority available>, Average Delay: 0.000392393, Max Delay: 0.00651717

All Broadcasters:
Node: <no authority available> 90.0877 Hz, Average Delay: 0.014358 Max Delay: 0.135775



RESULTS: for map to base_footprint
Chain is: map -> odom -> camera_init -> body -> base_footprint
Net delay     avg = 0.20413: max = 4.73751

Frames:
Frame: base_footprint, published by <no authority available>, Average Delay: 780.176, Max Delay: 780.176
Frame: body, published by <no authority available>, Average Delay: 0.12589, Max Delay: 0.173835
Frame: camera_init, published by <no authority available>, Average Delay: 780.148, Max Delay: 780.148
Frame: odom, published by <no authority available>, Average Delay: 0.000401249, Max Delay: 0.00651717

All Broadcasters:
Node: <no authority available> 90.0981 Hz, Average Delay: 0.014207 Max Delay: 0.141178



RESULTS: for map to base_footprint
Chain is: map -> odom -> camera_init -> body -> base_footprint
Net delay     avg = 0.205884: max = 4.73751

Frames:
Frame: base_footprint, published by <no authority available>, Average Delay: 780.176, Max Delay: 780.176
Frame: body, published by <no authority available>, Average Delay: 0.12454, Max Delay: 0.173835
Frame: camera_init, published by <no authority available>, Average Delay: 780.148, Max Delay: 780.148
Frame: odom, published by <no authority available>, Average Delay: 0.000391586, Max Delay: 0.00460219

All Broadcasters:
Node: <no authority available> 90.0909 Hz, Average Delay: 0.0141379 Max Delay: 0.139147



RESULTS: for map to base_footprint
Chain is: map -> odom -> camera_init -> body -> base_footprint
Net delay     avg = 0.207781: max = 4.73751

Frames:
Frame: base_footprint, published by <no authority available>, Average Delay: 780.176, Max Delay: 780.176
Frame: body, published by <no authority available>, Average Delay: 0.12342, Max Delay: 0.173835
Frame: camera_init, published by <no authority available>, Average Delay: 780.148, Max Delay: 780.148
Frame: odom, published by <no authority available>, Average Delay: 0.000402049, Max Delay: 0.00460219

All Broadcasters:
Node: <no authority available> 90.0904 Hz, Average Delay: 0.014178 Max Delay: 0.149211



RESULTS: for map to base_footprint
Chain is: map -> odom -> camera_init -> body -> base_footprint
Net delay     avg = 0.205172: max = 4.73751

Frames:
Frame: base_footprint, published by <no authority available>, Average Delay: 780.176, Max Delay: 780.176
Frame: body, published by <no authority available>, Average Delay: 0.122818, Max Delay: 0.149211
Frame: camera_init, published by <no authority available>, Average Delay: 780.148, Max Delay: 780.148
Frame: odom, published by <no authority available>, Average Delay: 0.000421738, Max Delay: 0.00449419

All Broadcasters:
Node: <no authority available> 90.0836 Hz, Average Delay: 0.0141395 Max Delay: 0.136044



RESULTS: for map to base_footprint
Chain is: map -> odom -> camera_init -> body -> base_footprint
Net delay     avg = 0.19637: max = 4.73751

Frames:
Frame: base_footprint, published by <no authority available>, Average Delay: 780.176, Max Delay: 780.176
Frame: body, published by <no authority available>, Average Delay: 0.122407, Max Delay: 0.149211
Frame: camera_init, published by <no authority available>, Average Delay: 780.148, Max Delay: 780.148
Frame: odom, published by <no authority available>, Average Delay: 0.00043885, Max Delay: 0.00462723

All Broadcasters:
Node: <no authority available> 90.0643 Hz, Average Delay: 0.0141347 Max Delay: 0.136654



RESULTS: for map to base_footprint
Chain is: map -> odom -> camera_init -> body -> base_footprint
Net delay     avg = 0.186956: max = 4.73751

Frames:
Frame: base_footprint, published by <no authority available>, Average Delay: 780.176, Max Delay: 780.176
Frame: body, published by <no authority available>, Average Delay: 0.122075, Max Delay: 0.149211
Frame: camera_init, published by <no authority available>, Average Delay: 780.148, Max Delay: 780.148
Frame: odom, published by <no authority available>, Average Delay: 0.000448619, Max Delay: 0.00462723

All Broadcasters:
Node: <no authority available> 90.0989 Hz, Average Delay: 0.0141246 Max Delay: 0.145539



RESULTS: for map to base_footprint
Chain is: map -> odom -> camera_init -> body -> base_footprint
Net delay     avg = 0.179593: max = 4.73751

Frames:
Frame: base_footprint, published by <no authority available>, Average Delay: 780.176, Max Delay: 780.176
Frame: body, published by <no authority available>, Average Delay: 0.121873, Max Delay: 0.149211
Frame: camera_init, published by <no authority available>, Average Delay: 780.148, Max Delay: 780.148
Frame: odom, published by <no authority available>, Average Delay: 0.000456187, Max Delay: 0.00462723

All Broadcasters:
Node: <no authority available> 90.0709 Hz, Average Delay: 0.0141033 Max Delay: 0.134365



RESULTS: for map to base_footprint
Chain is: map -> odom -> camera_init -> body -> base_footprint
Net delay     avg = 0.173034: max = 4.73751

Frames:
Frame: base_footprint, published by <no authority available>, Average Delay: 780.176, Max Delay: 780.176
Frame: body, published by <no authority available>, Average Delay: 0.121723, Max Delay: 0.149211
Frame: camera_init, published by <no authority available>, Average Delay: 780.148, Max Delay: 780.148
Frame: odom, published by <no authority available>, Average Delay: 0.000458429, Max Delay: 0.00462723

All Broadcasters:
Node: <no authority available> 90.0915 Hz, Average Delay: 0.0140757 Max Delay: 0.134378



RESULTS: for map to base_footprint
Chain is: map -> odom -> camera_init -> body -> base_footprint
Net delay     avg = 0.165551: max = 4.73751

Frames:
Frame: base_footprint, published by <no authority available>, Average Delay: 780.176, Max Delay: 780.176
Frame: body, published by <no authority available>, Average Delay: 0.12133, Max Delay: 0.149211
Frame: camera_init, published by <no authority available>, Average Delay: 780.148, Max Delay: 780.148
Frame: odom, published by <no authority available>, Average Delay: 0.000465474, Max Delay: 0.00462723

All Broadcasters:
Node: <no authority available> 90.0633 Hz, Average Delay: 0.0139306 Max Delay: 0.137857



RESULTS: for map to base_footprint
Chain is: map -> odom -> camera_init -> body -> base_footprint
Net delay     avg = 0.159899: max = 4.73751

Frames:
Frame: base_footprint, published by <no authority available>, Average Delay: 780.176, Max Delay: 780.176
Frame: body, published by <no authority available>, Average Delay: 0.121163, Max Delay: 0.149211
Frame: camera_init, published by <no authority available>, Average Delay: 780.148, Max Delay: 780.148
Frame: odom, published by <no authority available>, Average Delay: 0.000458635, Max Delay: 0.00462723

All Broadcasters:
Node: <no authority available> 90.0852 Hz, Average Delay: 0.0140594 Max Delay: 0.135803



RESULTS: for map to base_footprint
Chain is: map -> odom -> camera_init -> body -> base_footprint
Net delay     avg = 0.154947: max = 4.73751

Frames:
Frame: base_footprint, published by <no authority available>, Average Delay: 780.176, Max Delay: 780.176
Frame: body, published by <no authority available>, Average Delay: 0.12096, Max Delay: 0.149211
Frame: camera_init, published by <no authority available>, Average Delay: 780.148, Max Delay: 780.148
Frame: odom, published by <no authority available>, Average Delay: 0.000476331, Max Delay: 0.00462723

All Broadcasters:
Node: <no authority available> 90.0618 Hz, Average Delay: 0.0139974 Max Delay: 0.136209



RESULTS: for map to base_footprint
Chain is: map -> odom -> camera_init -> body -> base_footprint
Net delay     avg = 0.151227: max = 4.73751

Frames:
Frame: base_footprint, published by <no authority available>, Average Delay: 780.176, Max Delay: 780.176
Frame: body, published by <no authority available>, Average Delay: 0.121039, Max Delay: 0.149211
Frame: camera_init, published by <no authority available>, Average Delay: 780.148, Max Delay: 780.148
Frame: odom, published by <no authority available>, Average Delay: 0.000478099, Max Delay: 0.00462723

All Broadcasters:
Node: <no authority available> 90.0598 Hz, Average Delay: 0.0143716 Max Delay: 0.144002



RESULTS: for map to base_footprint
Chain is: map -> odom -> camera_init -> body -> base_footprint
Net delay     avg = 0.148624: max = 4.73751

Frames:
Frame: base_footprint, published by <no authority available>, Average Delay: 780.176, Max Delay: 780.176
Frame: body, published by <no authority available>, Average Delay: 0.121231, Max Delay: 0.145539
Frame: camera_init, published by <no authority available>, Average Delay: 780.148, Max Delay: 780.148
Frame: odom, published by <no authority available>, Average Delay: 0.000462946, Max Delay: 0.00462723

All Broadcasters:
Node: <no authority available> 90.1045 Hz, Average Delay: 0.0145027 Max Delay: 0.134952



RESULTS: for map to base_footprint
Chain is: map -> odom -> camera_init -> body -> base_footprint
Net delay     avg = 0.147528: max = 4.73751

Frames:
Frame: base_footprint, published by <no authority available>, Average Delay: 780.176, Max Delay: 780.176
Frame: body, published by <no authority available>, Average Delay: 0.121488, Max Delay: 0.145539
Frame: camera_init, published by <no authority available>, Average Delay: 780.148, Max Delay: 780.148
Frame: odom, published by <no authority available>, Average Delay: 0.000448667, Max Delay: 0.00462723

All Broadcasters:
Node: <no authority available> 89.9261 Hz, Average Delay: 0.0143758 Max Delay: 0.138521



RESULTS: for map to base_footprint
Chain is: map -> odom -> camera_init -> body -> base_footprint
Net delay     avg = 0.147236: max = 4.73751

Frames:
Frame: base_footprint, published by <no authority available>, Average Delay: 780.176, Max Delay: 780.176
Frame: body, published by <no authority available>, Average Delay: 0.121715, Max Delay: 0.145539
Frame: camera_init, published by <no authority available>, Average Delay: 780.148, Max Delay: 780.148
Frame: odom, published by <no authority available>, Average Delay: 0.000445452, Max Delay: 0.00373864

All Broadcasters:
Node: <no authority available> 90.0895 Hz, Average Delay: 0.0142499 Max Delay: 0.138223



RESULTS: for map to base_footprint
Chain is: map -> odom -> camera_init -> body -> base_footprint
Net delay     avg = 0.14739: max = 4.73751

Frames:
Frame: base_footprint, published by <no authority available>, Average Delay: 780.176, Max Delay: 780.176
Frame: body, published by <no authority available>, Average Delay: 0.121588, Max Delay: 0.144002
Frame: camera_init, published by <no authority available>, Average Delay: 780.148, Max Delay: 780.148
Frame: odom, published by <no authority available>, Average Delay: 0.00042499, Max Delay: 0.00365305

All Broadcasters:
Node: <no authority available> 90.0867 Hz, Average Delay: 0.0139398 Max Delay: 0.140473



RESULTS: for map to base_footprint
Chain is: map -> odom -> camera_init -> body -> base_footprint
Net delay     avg = 0.147846: max = 4.73751

Frames:
Frame: base_footprint, published by <no authority available>, Average Delay: 780.176, Max Delay: 780.176
Frame: body, published by <no authority available>, Average Delay: 0.121624, Max Delay: 0.144002
Frame: camera_init, published by <no authority available>, Average Delay: 780.148, Max Delay: 780.148
Frame: odom, published by <no authority available>, Average Delay: 0.000419484, Max Delay: 0.00365305

All Broadcasters:
Node: <no authority available> 90.0914 Hz, Average Delay: 0.0140605 Max Delay: 0.139719



RESULTS: for map to base_footprint
Chain is: map -> odom -> camera_init -> body -> base_footprint
Net delay     avg = 0.148608: max = 4.73751

Frames:
Frame: base_footprint, published by <no authority available>, Average Delay: 780.176, Max Delay: 780.176
Frame: body, published by <no authority available>, Average Delay: 0.121633, Max Delay: 0.144002
Frame: camera_init, published by <no authority available>, Average Delay: 780.148, Max Delay: 780.148
Frame: odom, published by <no authority available>, Average Delay: 0.000414123, Max Delay: 0.00365305

All Broadcasters:
Node: <no authority available> 90.0886 Hz, Average Delay: 0.0139859 Max Delay: 0.141691



RESULTS: for map to base_footprint
Chain is: map -> odom -> camera_init -> body -> base_footprint
Net delay     avg = 0.149672: max = 4.73751

Frames:
Frame: base_footprint, published by <no authority available>, Average Delay: 780.176, Max Delay: 780.176
Frame: body, published by <no authority available>, Average Delay: 0.121628, Max Delay: 0.144002
Frame: camera_init, published by <no authority available>, Average Delay: 780.148, Max Delay: 780.148
Frame: odom, published by <no authority available>, Average Delay: 0.000423556, Max Delay: 0.00365305

All Broadcasters:
Node: <no authority available> 90.2838 Hz, Average Delay: 0.0139963 Max Delay: 0.139558



RESULTS: for map to base_footprint
Chain is: map -> odom -> camera_init -> body -> base_footprint
Net delay     avg = 0.15193: max = 4.73751

Frames:
Frame: base_footprint, published by <no authority available>, Average Delay: 780.176, Max Delay: 780.176
Frame: body, published by <no authority available>, Average Delay: 0.121595, Max Delay: 0.144002
Frame: camera_init, published by <no authority available>, Average Delay: 780.148, Max Delay: 780.148
Frame: odom, published by <no authority available>, Average Delay: 0.000425062, Max Delay: 0.00463772

All Broadcasters:
Node: <no authority available> 90.0895 Hz, Average Delay: 0.0139653 Max Delay: 0.141761
[INFO] [1779613421.095220707] [rclcpp]: signal_handler(SIGINT/SIGTERM)
