# command: ros2 run tf2_ros tf2_monitor map_ground base_footprint
# started: 2026-05-24 16:52:53 +0800
[INFO] [1779612776.479974918] [tf2_monitor_main]: Waiting for transform map_ground ->  base_footprint: Invalid frame ID "map_ground" passed to canTransform argument target_frame - frame does not exist
[INFO] [1779612777.482813636] [tf2_monitor_main]: Waiting for transform map_ground ->  base_footprint: Invalid frame ID "map_ground" passed to canTransform argument target_frame - frame does not exist
[INFO] [1779612778.483215920] [tf2_monitor_main]: Waiting for transform map_ground ->  base_footprint: Invalid frame ID "map_ground" passed to canTransform argument target_frame - frame does not exist
[INFO] [1779612779.484854296] [tf2_monitor_main]: Waiting for transform map_ground ->  base_footprint: Invalid frame ID "map_ground" passed to canTransform argument target_frame - frame does not exist
[INFO] [1779612780.485456523] [tf2_monitor_main]: Waiting for transform map_ground ->  base_footprint: Lookup would require extrapolation into the past.  Requested time 1779612778.659354 but the earliest data is at time 1779612779.225884, when looking up transform from frame [base_footprint] to frame [map_ground]
Gathering data on map_ground -> base_footprint for 10 seconds...



RESULTS: for map_ground to base_footprint
Chain is: odom -> camera_init -> body -> base_footprint
Net delay     avg = 0.0620734: max = 1.87249

Frames:
Frame: base_footprint, published by <no authority available>, Average Delay: 781.634, Max Delay: 781.634
Frame: body, published by <no authority available>, Average Delay: 0.146463, Max Delay: 0.462703
Frame: camera_init, published by <no authority available>, Average Delay: 781.652, Max Delay: 781.652
Frame: odom, published by <no authority available>, Average Delay: 0.00102198, Max Delay: 0.0156572

All Broadcasters:
Node: <no authority available> 91.644 Hz, Average Delay: 3.27424 Max Delay: 787.813



RESULTS: for map_ground to base_footprint
Chain is: odom -> camera_init -> body -> base_footprint
Net delay     avg = 0.0775302: max = 1.87249

Frames:
Frame: base_footprint, published by <no authority available>, Average Delay: 781.634, Max Delay: 781.634
Frame: body, published by <no authority available>, Average Delay: 0.13565, Max Delay: 0.462703
Frame: camera_init, published by <no authority available>, Average Delay: 781.652, Max Delay: 781.652
Frame: odom, published by <no authority available>, Average Delay: 0.000796887, Max Delay: 0.0156572

All Broadcasters:
Node: <no authority available> 90.8619 Hz, Average Delay: 0.014469 Max Delay: 0.154114



RESULTS: for map_ground to base_footprint
Chain is: odom -> camera_init -> body -> base_footprint
Net delay     avg = 0.0959414: max = 1.87249

Frames:
Frame: base_footprint, published by <no authority available>, Average Delay: 781.634, Max Delay: 781.634
Frame: body, published by <no authority available>, Average Delay: 0.13075, Max Delay: 0.462703
Frame: camera_init, published by <no authority available>, Average Delay: 781.652, Max Delay: 781.652
Frame: odom, published by <no authority available>, Average Delay: 0.000696431, Max Delay: 0.0156572

All Broadcasters:
Node: <no authority available> 90.0878 Hz, Average Delay: 0.0140479 Max Delay: 0.132621



RESULTS: for map_ground to base_footprint
Chain is: odom -> camera_init -> body -> base_footprint
Net delay     avg = 0.11748: max = 1.87249

Frames:
Frame: base_footprint, published by <no authority available>, Average Delay: 781.634, Max Delay: 781.634
Frame: body, published by <no authority available>, Average Delay: 0.128461, Max Delay: 0.462703
Frame: camera_init, published by <no authority available>, Average Delay: 781.652, Max Delay: 781.652
Frame: odom, published by <no authority available>, Average Delay: 0.000656456, Max Delay: 0.0156572

All Broadcasters:
Node: <no authority available> 90.0853 Hz, Average Delay: 0.0140781 Max Delay: 0.142595



RESULTS: for map_ground to base_footprint
Chain is: odom -> camera_init -> body -> base_footprint
Net delay     avg = 0.132357: max = 1.87249

Frames:
Frame: base_footprint, published by <no authority available>, Average Delay: 781.634, Max Delay: 781.634
Frame: body, published by <no authority available>, Average Delay: 0.12693, Max Delay: 0.462703
Frame: camera_init, published by <no authority available>, Average Delay: 781.652, Max Delay: 781.652
Frame: odom, published by <no authority available>, Average Delay: 0.00060189, Max Delay: 0.0156572

All Broadcasters:
Node: <no authority available> 90.0926 Hz, Average Delay: 0.0139976 Max Delay: 0.137045



RESULTS: for map_ground to base_footprint
Chain is: odom -> camera_init -> body -> base_footprint
Net delay     avg = 0.143463: max = 1.87249

Frames:
Frame: base_footprint, published by <no authority available>, Average Delay: 781.634, Max Delay: 781.634
Frame: body, published by <no authority available>, Average Delay: 0.126205, Max Delay: 0.462703
Frame: camera_init, published by <no authority available>, Average Delay: 781.652, Max Delay: 781.652
Frame: odom, published by <no authority available>, Average Delay: 0.000566551, Max Delay: 0.0156572

All Broadcasters:
Node: <no authority available> 90.0397 Hz, Average Delay: 0.0141529 Max Delay: 0.137665



RESULTS: for map_ground to base_footprint
Chain is: odom -> camera_init -> body -> base_footprint
Net delay     avg = 0.153094: max = 1.87249

Frames:
Frame: base_footprint, published by <no authority available>, Average Delay: 781.634, Max Delay: 781.634
Frame: body, published by <no authority available>, Average Delay: 0.125662, Max Delay: 0.462703
Frame: camera_init, published by <no authority available>, Average Delay: 781.652, Max Delay: 781.652
Frame: odom, published by <no authority available>, Average Delay: 0.000536487, Max Delay: 0.0156572

All Broadcasters:
Node: <no authority available> 90.0889 Hz, Average Delay: 0.0141669 Max Delay: 0.14168



RESULTS: for map_ground to base_footprint
Chain is: odom -> camera_init -> body -> base_footprint
Net delay     avg = 0.161495: max = 1.87249

Frames:
Frame: base_footprint, published by <no authority available>, Average Delay: 781.634, Max Delay: 781.634
Frame: body, published by <no authority available>, Average Delay: 0.125279, Max Delay: 0.462703
Frame: camera_init, published by <no authority available>, Average Delay: 781.652, Max Delay: 781.652
Frame: odom, published by <no authority available>, Average Delay: 0.000511249, Max Delay: 0.0156572

All Broadcasters:
Node: <no authority available> 90.0822 Hz, Average Delay: 0.0141998 Max Delay: 0.145796



RESULTS: for map_ground to base_footprint
Chain is: odom -> camera_init -> body -> base_footprint
Net delay     avg = 0.169072: max = 1.87249

Frames:
Frame: base_footprint, published by <no authority available>, Average Delay: 781.634, Max Delay: 781.634
Frame: body, published by <no authority available>, Average Delay: 0.125214, Max Delay: 0.462703
Frame: camera_init, published by <no authority available>, Average Delay: 781.652, Max Delay: 781.652
Frame: odom, published by <no authority available>, Average Delay: 0.000495951, Max Delay: 0.0156572

All Broadcasters:
Node: <no authority available> 90.0469 Hz, Average Delay: 0.0144328 Max Delay: 0.146541



RESULTS: for map_ground to base_footprint
Chain is: odom -> camera_init -> body -> base_footprint
Net delay     avg = 0.175586: max = 1.87249

Frames:
Frame: base_footprint, published by <no authority available>, Average Delay: 781.634, Max Delay: 781.634
Frame: body, published by <no authority available>, Average Delay: 0.122953, Max Delay: 0.157444
Frame: camera_init, published by <no authority available>, Average Delay: 781.652, Max Delay: 781.652
Frame: odom, published by <no authority available>, Average Delay: 0.000444022, Max Delay: 0.00519276

All Broadcasters:
Node: <no authority available> 90.0665 Hz, Average Delay: 0.0142292 Max Delay: 0.146341



RESULTS: for map_ground to base_footprint
Chain is: odom -> camera_init -> body -> base_footprint
Net delay     avg = 0.182104: max = 1.87249

Frames:
Frame: base_footprint, published by <no authority available>, Average Delay: 781.634, Max Delay: 781.634
Frame: body, published by <no authority available>, Average Delay: 0.122585, Max Delay: 0.146541
Frame: camera_init, published by <no authority available>, Average Delay: 781.652, Max Delay: 781.652
Frame: odom, published by <no authority available>, Average Delay: 0.000403278, Max Delay: 0.00519276

All Broadcasters:
Node: <no authority available> 90.0843 Hz, Average Delay: 0.0144383 Max Delay: 0.144965



RESULTS: for map_ground to base_footprint
Chain is: odom -> camera_init -> body -> base_footprint
Net delay     avg = 0.188166: max = 1.87249

Frames:
Frame: base_footprint, published by <no authority available>, Average Delay: 781.634, Max Delay: 781.634
Frame: body, published by <no authority available>, Average Delay: 0.12323, Max Delay: 0.150669
Frame: camera_init, published by <no authority available>, Average Delay: 781.652, Max Delay: 781.652
Frame: odom, published by <no authority available>, Average Delay: 0.000388663, Max Delay: 0.00519276

All Broadcasters:
Node: <no authority available> 89.5563 Hz, Average Delay: 0.0149793 Max Delay: 0.150669



RESULTS: for map_ground to base_footprint
Chain is: odom -> camera_init -> body -> base_footprint
Net delay     avg = 0.193623: max = 1.87249

Frames:
Frame: base_footprint, published by <no authority available>, Average Delay: 781.634, Max Delay: 781.634
Frame: body, published by <no authority available>, Average Delay: 0.124411, Max Delay: 0.158111
Frame: camera_init, published by <no authority available>, Average Delay: 781.652, Max Delay: 781.652
Frame: odom, published by <no authority available>, Average Delay: 0.000388309, Max Delay: 0.00519276

All Broadcasters:
Node: <no authority available> 87.9305 Hz, Average Delay: 0.0156944 Max Delay: 0.158111



RESULTS: for map_ground to base_footprint
Chain is: odom -> camera_init -> body -> base_footprint
Net delay     avg = 0.197713: max = 1.87249

Frames:
Frame: base_footprint, published by <no authority available>, Average Delay: 781.634, Max Delay: 781.634
Frame: body, published by <no authority available>, Average Delay: 0.126552, Max Delay: 0.172518
Frame: camera_init, published by <no authority available>, Average Delay: 781.652, Max Delay: 781.652
Frame: odom, published by <no authority available>, Average Delay: 0.000391676, Max Delay: 0.00868678

All Broadcasters:
Node: <no authority available> 84.9631 Hz, Average Delay: 0.0174336 Max Delay: 0.172518



RESULTS: for map_ground to base_footprint
Chain is: odom -> camera_init -> body -> base_footprint
Net delay     avg = 0.418178: max = 4.83591

Frames:
Frame: base_footprint, published by <no authority available>, Average Delay: 781.634, Max Delay: 781.634
Frame: body, published by <no authority available>, Average Delay: 0.129106, Max Delay: 0.176643
Frame: camera_init, published by <no authority available>, Average Delay: 781.652, Max Delay: 781.652
Frame: odom, published by <no authority available>, Average Delay: 0.000390223, Max Delay: 0.00868678

All Broadcasters:
Node: <no authority available> 82.3869 Hz, Average Delay: 0.0185165 Max Delay: 0.176643



RESULTS: for map_ground to base_footprint
Chain is: odom -> camera_init -> body -> base_footprint
Net delay     avg = 0.380962: max = 4.83591

Frames:
Frame: base_footprint, published by <no authority available>, Average Delay: 781.634, Max Delay: 781.634
Frame: body, published by <no authority available>, Average Delay: 0.130878, Max Delay: 0.176643
Frame: camera_init, published by <no authority available>, Average Delay: 781.652, Max Delay: 781.652
Frame: odom, published by <no authority available>, Average Delay: 0.00040079, Max Delay: 0.00868678

All Broadcasters:
Node: <no authority available> 84.5145 Hz, Average Delay: 0.0175597 Max Delay: 0.176643



RESULTS: for map_ground to base_footprint
Chain is: odom -> camera_init -> body -> base_footprint
Net delay     avg = 0.383165: max = 4.83591

Frames:
Frame: base_footprint, published by <no authority available>, Average Delay: 781.634, Max Delay: 781.634
Frame: body, published by <no authority available>, Average Delay: 0.133343, Max Delay: 0.191403
Frame: camera_init, published by <no authority available>, Average Delay: 781.652, Max Delay: 781.652
Frame: odom, published by <no authority available>, Average Delay: 0.000405007, Max Delay: 0.00868678

All Broadcasters:
Node: <no authority available> 83.7265 Hz, Average Delay: 0.018354 Max Delay: 0.191403



RESULTS: for map_ground to base_footprint
Chain is: odom -> camera_init -> body -> base_footprint
Net delay     avg = 0.467994: max = 4.83591

Frames:
Frame: base_footprint, published by <no authority available>, Average Delay: 781.634, Max Delay: 781.634
Frame: body, published by <no authority available>, Average Delay: 0.135312, Max Delay: 0.191403
Frame: camera_init, published by <no authority available>, Average Delay: 781.652, Max Delay: 781.652
Frame: odom, published by <no authority available>, Average Delay: 0.000405849, Max Delay: 0.00868678

All Broadcasters:
Node: <no authority available> 83.0111 Hz, Average Delay: 0.0181516 Max Delay: 0.176516



RESULTS: for map_ground to base_footprint
Chain is: odom -> camera_init -> body -> base_footprint
Net delay     avg = 0.409986: max = 4.83591

Frames:
Frame: base_footprint, published by <no authority available>, Average Delay: 781.634, Max Delay: 781.634
Frame: body, published by <no authority available>, Average Delay: 0.136679, Max Delay: 0.191403
Frame: camera_init, published by <no authority available>, Average Delay: 781.652, Max Delay: 781.652
Frame: odom, published by <no authority available>, Average Delay: 0.00040653, Max Delay: 0.00868678

All Broadcasters:
Node: <no authority available> 85.2372 Hz, Average Delay: 0.0169949 Max Delay: 0.178005



RESULTS: for map_ground to base_footprint
Chain is: odom -> camera_init -> body -> base_footprint
Net delay     avg = 0.36393: max = 4.83591

Frames:
Frame: base_footprint, published by <no authority available>, Average Delay: 781.634, Max Delay: 781.634
Frame: body, published by <no authority available>, Average Delay: 0.137416, Max Delay: 0.191403
Frame: camera_init, published by <no authority available>, Average Delay: 781.652, Max Delay: 781.652
Frame: odom, published by <no authority available>, Average Delay: 0.000408756, Max Delay: 0.00868678

All Broadcasters:
Node: <no authority available> 86.7984 Hz, Average Delay: 0.0158911 Max Delay: 0.163363



RESULTS: for map_ground to base_footprint
Chain is: odom -> camera_init -> body -> base_footprint
Net delay     avg = 0.32606: max = 4.83591

Frames:
Frame: base_footprint, published by <no authority available>, Average Delay: 781.634, Max Delay: 781.634
Frame: body, published by <no authority available>, Average Delay: 0.137568, Max Delay: 0.191403
Frame: camera_init, published by <no authority available>, Average Delay: 781.652, Max Delay: 781.652
Frame: odom, published by <no authority available>, Average Delay: 0.000404879, Max Delay: 0.00868678

All Broadcasters:
Node: <no authority available> 87.406 Hz, Average Delay: 0.0153978 Max Delay: 0.167137



RESULTS: for map_ground to base_footprint
Chain is: odom -> camera_init -> body -> base_footprint
Net delay     avg = 0.295984: max = 4.83591

Frames:
Frame: base_footprint, published by <no authority available>, Average Delay: 781.634, Max Delay: 781.634
Frame: body, published by <no authority available>, Average Delay: 0.138686, Max Delay: 0.191403
Frame: camera_init, published by <no authority available>, Average Delay: 781.652, Max Delay: 781.652
Frame: odom, published by <no authority available>, Average Delay: 0.000409723, Max Delay: 0.00868678

All Broadcasters:
Node: <no authority available> 85.9456 Hz, Average Delay: 0.0164947 Max Delay: 0.179684



RESULTS: for map_ground to base_footprint
Chain is: odom -> camera_init -> body -> base_footprint
Net delay     avg = 0.272975: max = 4.83591

Frames:
Frame: base_footprint, published by <no authority available>, Average Delay: 781.634, Max Delay: 781.634
Frame: body, published by <no authority available>, Average Delay: 0.138291, Max Delay: 0.198848
Frame: camera_init, published by <no authority available>, Average Delay: 781.652, Max Delay: 781.652
Frame: odom, published by <no authority available>, Average Delay: 0.000412428, Max Delay: 0.00868678

All Broadcasters:
Node: <no authority available> 85.9183 Hz, Average Delay: 0.0164067 Max Delay: 0.198848



RESULTS: for map_ground to base_footprint
Chain is: odom -> camera_init -> body -> base_footprint
Net delay     avg = 0.254203: max = 4.83591

Frames:
Frame: base_footprint, published by <no authority available>, Average Delay: 781.634, Max Delay: 781.634
Frame: body, published by <no authority available>, Average Delay: 0.136772, Max Delay: 0.198848
Frame: camera_init, published by <no authority available>, Average Delay: 781.652, Max Delay: 781.652
Frame: odom, published by <no authority available>, Average Delay: 0.000405289, Max Delay: 0.00868678

All Broadcasters:
Node: <no authority available> 88.9452 Hz, Average Delay: 0.0152243 Max Delay: 0.157935



RESULTS: for map_ground to base_footprint
Chain is: odom -> camera_init -> body -> base_footprint
Net delay     avg = 0.239475: max = 4.83591

Frames:
Frame: base_footprint, published by <no authority available>, Average Delay: 781.634, Max Delay: 781.634
Frame: body, published by <no authority available>, Average Delay: 0.135301, Max Delay: 0.198848
Frame: camera_init, published by <no authority available>, Average Delay: 781.652, Max Delay: 781.652
Frame: odom, published by <no authority available>, Average Delay: 0.000402455, Max Delay: 0.00868678

All Broadcasters:
Node: <no authority available> 86.8884 Hz, Average Delay: 0.0155822 Max Delay: 0.156533



RESULTS: for map_ground to base_footprint
Chain is: odom -> camera_init -> body -> base_footprint
Net delay     avg = 0.227977: max = 4.83591

Frames:
Frame: base_footprint, published by <no authority available>, Average Delay: 781.634, Max Delay: 781.634
Frame: body, published by <no authority available>, Average Delay: 0.134142, Max Delay: 0.198848
Frame: camera_init, published by <no authority available>, Average Delay: 781.652, Max Delay: 781.652
Frame: odom, published by <no authority available>, Average Delay: 0.000392838, Max Delay: 0.00868678

All Broadcasters:
Node: <no authority available> 87.7134 Hz, Average Delay: 0.0152426 Max Delay: 0.157542



RESULTS: for map_ground to base_footprint
Chain is: odom -> camera_init -> body -> base_footprint
Net delay     avg = 0.218934: max = 4.83591

Frames:
Frame: base_footprint, published by <no authority available>, Average Delay: 781.634, Max Delay: 781.634
Frame: body, published by <no authority available>, Average Delay: 0.132593, Max Delay: 0.198848
Frame: camera_init, published by <no authority available>, Average Delay: 781.652, Max Delay: 781.652
Frame: odom, published by <no authority available>, Average Delay: 0.000389749, Max Delay: 0.00868678

All Broadcasters:
Node: <no authority available> 89.7127 Hz, Average Delay: 0.0150338 Max Delay: 0.162212



RESULTS: for map_ground to base_footprint
Chain is: odom -> camera_init -> body -> base_footprint
Net delay     avg = 0.212054: max = 4.83591

Frames:
Frame: base_footprint, published by <no authority available>, Average Delay: 781.634, Max Delay: 781.634
Frame: body, published by <no authority available>, Average Delay: 0.131394, Max Delay: 0.198848
Frame: camera_init, published by <no authority available>, Average Delay: 781.652, Max Delay: 781.652
Frame: odom, published by <no authority available>, Average Delay: 0.000378175, Max Delay: 0.00868678

All Broadcasters:
Node: <no authority available> 89.7648 Hz, Average Delay: 0.0148188 Max Delay: 0.156478



RESULTS: for map_ground to base_footprint
Chain is: odom -> camera_init -> body -> base_footprint
Net delay     avg = 0.206993: max = 4.83591

Frames:
Frame: base_footprint, published by <no authority available>, Average Delay: 781.634, Max Delay: 781.634
Frame: body, published by <no authority available>, Average Delay: 0.1307, Max Delay: 0.198848
Frame: camera_init, published by <no authority available>, Average Delay: 781.652, Max Delay: 781.652
Frame: odom, published by <no authority available>, Average Delay: 0.000350835, Max Delay: 0.00771856

All Broadcasters:
Node: <no authority available> 90.5646 Hz, Average Delay: 0.015003 Max Delay: 0.159234



RESULTS: for map_ground to base_footprint
Chain is: odom -> camera_init -> body -> base_footprint
Net delay     avg = 0.204075: max = 4.83591

Frames:
Frame: base_footprint, published by <no authority available>, Average Delay: 781.634, Max Delay: 781.634
Frame: body, published by <no authority available>, Average Delay: 0.130208, Max Delay: 0.198848
Frame: camera_init, published by <no authority available>, Average Delay: 781.652, Max Delay: 781.652
Frame: odom, published by <no authority available>, Average Delay: 0.000329317, Max Delay: 0.00639534

All Broadcasters:
Node: <no authority available> 90.0654 Hz, Average Delay: 0.0142691 Max Delay: 0.138302



RESULTS: for map_ground to base_footprint
Chain is: odom -> camera_init -> body -> base_footprint
Net delay     avg = 0.202165: max = 4.83591

Frames:
Frame: base_footprint, published by <no authority available>, Average Delay: 781.634, Max Delay: 781.634
Frame: body, published by <no authority available>, Average Delay: 0.130053, Max Delay: 0.198848
Frame: camera_init, published by <no authority available>, Average Delay: 781.652, Max Delay: 781.652
Frame: odom, published by <no authority available>, Average Delay: 0.000313755, Max Delay: 0.00435781

All Broadcasters:
Node: <no authority available> 89.2807 Hz, Average Delay: 0.0151539 Max Delay: 0.16283



RESULTS: for map_ground to base_footprint
Chain is: odom -> camera_init -> body -> base_footprint
Net delay     avg = 0.200902: max = 4.83591

Frames:
Frame: base_footprint, published by <no authority available>, Average Delay: 781.634, Max Delay: 781.634
Frame: body, published by <no authority available>, Average Delay: 0.129719, Max Delay: 0.167284
Frame: camera_init, published by <no authority available>, Average Delay: 781.652, Max Delay: 781.652
Frame: odom, published by <no authority available>, Average Delay: 0.000311131, Max Delay: 0.00435781

All Broadcasters:
Node: <no authority available> 87.5104 Hz, Average Delay: 0.0158848 Max Delay: 0.167284



RESULTS: for map_ground to base_footprint
Chain is: odom -> camera_init -> body -> base_footprint
Net delay     avg = 0.200369: max = 4.83591

Frames:
Frame: base_footprint, published by <no authority available>, Average Delay: 781.634, Max Delay: 781.634
Frame: body, published by <no authority available>, Average Delay: 0.130101, Max Delay: 0.167284
Frame: camera_init, published by <no authority available>, Average Delay: 781.652, Max Delay: 781.652
Frame: odom, published by <no authority available>, Average Delay: 0.000302748, Max Delay: 0.00435781

All Broadcasters:
Node: <no authority available> 87.9675 Hz, Average Delay: 0.0158118 Max Delay: 0.156451



RESULTS: for map_ground to base_footprint
Chain is: odom -> camera_init -> body -> base_footprint
Net delay     avg = 0.200179: max = 4.83591

Frames:
Frame: base_footprint, published by <no authority available>, Average Delay: 781.634, Max Delay: 781.634
Frame: body, published by <no authority available>, Average Delay: 0.130532, Max Delay: 0.167284
Frame: camera_init, published by <no authority available>, Average Delay: 781.652, Max Delay: 781.652
Frame: odom, published by <no authority available>, Average Delay: 0.000286975, Max Delay: 0.00342631

All Broadcasters:
Node: <no authority available> 89.2284 Hz, Average Delay: 0.0154043 Max Delay: 0.157959



RESULTS: for map_ground to base_footprint
Chain is: odom -> camera_init -> body -> base_footprint
Net delay     avg = 0.20056: max = 4.83591

Frames:
Frame: base_footprint, published by <no authority available>, Average Delay: 781.634, Max Delay: 781.634
Frame: body, published by <no authority available>, Average Delay: 0.130206, Max Delay: 0.173855
Frame: camera_init, published by <no authority available>, Average Delay: 781.652, Max Delay: 781.652
Frame: odom, published by <no authority available>, Average Delay: 0.000285926, Max Delay: 0.00542784

All Broadcasters:
Node: <no authority available> 90.5867 Hz, Average Delay: 0.0145977 Max Delay: 0.173855



RESULTS: for map_ground to base_footprint
Chain is: odom -> camera_init -> body -> base_footprint
Net delay     avg = 0.201836: max = 4.83591

Frames:
Frame: base_footprint, published by <no authority available>, Average Delay: 781.634, Max Delay: 781.634
Frame: body, published by <no authority available>, Average Delay: 0.129805, Max Delay: 0.173855
Frame: camera_init, published by <no authority available>, Average Delay: 781.652, Max Delay: 781.652
Frame: odom, published by <no authority available>, Average Delay: 0.000291116, Max Delay: 0.00542784

All Broadcasters:
Node: <no authority available> 90.0733 Hz, Average Delay: 0.0143847 Max Delay: 0.142405



RESULTS: for map_ground to base_footprint
Chain is: odom -> camera_init -> body -> base_footprint
Net delay     avg = 0.203908: max = 4.83591

Frames:
Frame: base_footprint, published by <no authority available>, Average Delay: 781.634, Max Delay: 781.634
Frame: body, published by <no authority available>, Average Delay: 0.12938, Max Delay: 0.173855
Frame: camera_init, published by <no authority available>, Average Delay: 781.652, Max Delay: 781.652
Frame: odom, published by <no authority available>, Average Delay: 0.000287566, Max Delay: 0.00542784

All Broadcasters:
Node: <no authority available> 90.1006 Hz, Average Delay: 0.0142909 Max Delay: 0.137584



RESULTS: for map_ground to base_footprint
Chain is: odom -> camera_init -> body -> base_footprint
Net delay     avg = 0.20591: max = 4.83591

Frames:
Frame: base_footprint, published by <no authority available>, Average Delay: 781.634, Max Delay: 781.634
Frame: body, published by <no authority available>, Average Delay: 0.12872, Max Delay: 0.173855
Frame: camera_init, published by <no authority available>, Average Delay: 781.652, Max Delay: 781.652
Frame: odom, published by <no authority available>, Average Delay: 0.000297627, Max Delay: 0.00542784

All Broadcasters:
Node: <no authority available> 90.0846 Hz, Average Delay: 0.0142788 Max Delay: 0.138716



RESULTS: for map_ground to base_footprint
Chain is: odom -> camera_init -> body -> base_footprint
Net delay     avg = 0.207953: max = 4.83591

Frames:
Frame: base_footprint, published by <no authority available>, Average Delay: 781.634, Max Delay: 781.634
Frame: body, published by <no authority available>, Average Delay: 0.128311, Max Delay: 0.173855
Frame: camera_init, published by <no authority available>, Average Delay: 781.652, Max Delay: 781.652
Frame: odom, published by <no authority available>, Average Delay: 0.000299031, Max Delay: 0.00542784

All Broadcasters:
Node: <no authority available> 90.0905 Hz, Average Delay: 0.014023 Max Delay: 0.14095



RESULTS: for map_ground to base_footprint
Chain is: odom -> camera_init -> body -> base_footprint
Net delay     avg = 0.209028: max = 4.83591

Frames:
Frame: base_footprint, published by <no authority available>, Average Delay: 781.634, Max Delay: 781.634
Frame: body, published by <no authority available>, Average Delay: 0.12791, Max Delay: 0.173855
Frame: camera_init, published by <no authority available>, Average Delay: 781.652, Max Delay: 781.652
Frame: odom, published by <no authority available>, Average Delay: 0.000300058, Max Delay: 0.00542784

All Broadcasters:
Node: <no authority available> 90.1535 Hz, Average Delay: 0.0141531 Max Delay: 0.139987



RESULTS: for map_ground to base_footprint
Chain is: odom -> camera_init -> body -> base_footprint
Net delay     avg = 0.208632: max = 4.83591

Frames:
Frame: base_footprint, published by <no authority available>, Average Delay: 781.634, Max Delay: 781.634
Frame: body, published by <no authority available>, Average Delay: 0.12687, Max Delay: 0.173855
Frame: camera_init, published by <no authority available>, Average Delay: 781.652, Max Delay: 781.652
Frame: odom, published by <no authority available>, Average Delay: 0.000305179, Max Delay: 0.00542784

All Broadcasters:
Node: <no authority available> 90.0912 Hz, Average Delay: 0.0142012 Max Delay: 0.135691



RESULTS: for map_ground to base_footprint
Chain is: odom -> camera_init -> body -> base_footprint
Net delay     avg = 0.204679: max = 4.83591

Frames:
Frame: base_footprint, published by <no authority available>, Average Delay: 781.634, Max Delay: 781.634
Frame: body, published by <no authority available>, Average Delay: 0.125519, Max Delay: 0.173855
Frame: camera_init, published by <no authority available>, Average Delay: 781.652, Max Delay: 781.652
Frame: odom, published by <no authority available>, Average Delay: 0.00030782, Max Delay: 0.00542784

All Broadcasters:
Node: <no authority available> 90.0852 Hz, Average Delay: 0.0141489 Max Delay: 0.141464



RESULTS: for map_ground to base_footprint
Chain is: odom -> camera_init -> body -> base_footprint
Net delay     avg = 0.198719: max = 4.83591

Frames:
Frame: base_footprint, published by <no authority available>, Average Delay: 781.634, Max Delay: 781.634
Frame: body, published by <no authority available>, Average Delay: 0.124213, Max Delay: 0.173855
Frame: camera_init, published by <no authority available>, Average Delay: 781.652, Max Delay: 781.652
Frame: odom, published by <no authority available>, Average Delay: 0.000308725, Max Delay: 0.00542784

All Broadcasters:
Node: <no authority available> 90.0919 Hz, Average Delay: 0.0139503 Max Delay: 0.134744



RESULTS: for map_ground to base_footprint
Chain is: odom -> camera_init -> body -> base_footprint
Net delay     avg = 0.187789: max = 4.83591

Frames:
Frame: base_footprint, published by <no authority available>, Average Delay: 781.634, Max Delay: 781.634
Frame: body, published by <no authority available>, Average Delay: 0.123041, Max Delay: 0.149075
Frame: camera_init, published by <no authority available>, Average Delay: 781.652, Max Delay: 781.652
Frame: odom, published by <no authority available>, Average Delay: 0.000321139, Max Delay: 0.00531149

All Broadcasters:
Node: <no authority available> 90.0858 Hz, Average Delay: 0.0140375 Max Delay: 0.149075



RESULTS: for map_ground to base_footprint
Chain is: odom -> camera_init -> body -> base_footprint
Net delay     avg = 0.182324: max = 4.83591

Frames:
Frame: base_footprint, published by <no authority available>, Average Delay: 781.634, Max Delay: 781.634
Frame: body, published by <no authority available>, Average Delay: 0.12257, Max Delay: 0.149075
Frame: camera_init, published by <no authority available>, Average Delay: 781.652, Max Delay: 781.652
Frame: odom, published by <no authority available>, Average Delay: 0.000339193, Max Delay: 0.00531149

All Broadcasters:
Node: <no authority available> 90.1729 Hz, Average Delay: 0.0140594 Max Delay: 0.136531



RESULTS: for map_ground to base_footprint
Chain is: odom -> camera_init -> body -> base_footprint
Net delay     avg = 0.173431: max = 4.83591

Frames:
Frame: base_footprint, published by <no authority available>, Average Delay: 781.634, Max Delay: 781.634
Frame: body, published by <no authority available>, Average Delay: 0.122152, Max Delay: 0.149075
Frame: camera_init, published by <no authority available>, Average Delay: 781.652, Max Delay: 781.652
Frame: odom, published by <no authority available>, Average Delay: 0.000349949, Max Delay: 0.00531149

All Broadcasters:
Node: <no authority available> 90.095 Hz, Average Delay: 0.0139203 Max Delay: 0.134446



RESULTS: for map_ground to base_footprint
Chain is: odom -> camera_init -> body -> base_footprint
Net delay     avg = 0.166606: max = 4.83591

Frames:
Frame: base_footprint, published by <no authority available>, Average Delay: 781.634, Max Delay: 781.634
Frame: body, published by <no authority available>, Average Delay: 0.12183, Max Delay: 0.149075
Frame: camera_init, published by <no authority available>, Average Delay: 781.652, Max Delay: 781.652
Frame: odom, published by <no authority available>, Average Delay: 0.000360347, Max Delay: 0.00531149

All Broadcasters:
Node: <no authority available> 90.0819 Hz, Average Delay: 0.0139561 Max Delay: 0.145244



RESULTS: for map_ground to base_footprint
Chain is: odom -> camera_init -> body -> base_footprint
Net delay     avg = 0.161514: max = 4.83591

Frames:
Frame: base_footprint, published by <no authority available>, Average Delay: 781.634, Max Delay: 781.634
Frame: body, published by <no authority available>, Average Delay: 0.121729, Max Delay: 0.149075
Frame: camera_init, published by <no authority available>, Average Delay: 781.652, Max Delay: 781.652
Frame: odom, published by <no authority available>, Average Delay: 0.000361419, Max Delay: 0.00531149

All Broadcasters:
Node: <no authority available> 90.1096 Hz, Average Delay: 0.013965 Max Delay: 0.134267



RESULTS: for map_ground to base_footprint
Chain is: odom -> camera_init -> body -> base_footprint
Net delay     avg = 0.158586: max = 4.83591

Frames:
Frame: base_footprint, published by <no authority available>, Average Delay: 781.634, Max Delay: 781.634
Frame: body, published by <no authority available>, Average Delay: 0.121553, Max Delay: 0.149075
Frame: camera_init, published by <no authority available>, Average Delay: 781.652, Max Delay: 781.652
Frame: odom, published by <no authority available>, Average Delay: 0.000365535, Max Delay: 0.00531149

All Broadcasters:
Node: <no authority available> 90.0766 Hz, Average Delay: 0.0138842 Max Delay: 0.134371



RESULTS: for map_ground to base_footprint
Chain is: odom -> camera_init -> body -> base_footprint
Net delay     avg = 0.156797: max = 4.83591

Frames:
Frame: base_footprint, published by <no authority available>, Average Delay: 781.634, Max Delay: 781.634
Frame: body, published by <no authority available>, Average Delay: 0.121084, Max Delay: 0.149075
Frame: camera_init, published by <no authority available>, Average Delay: 781.652, Max Delay: 781.652
Frame: odom, published by <no authority available>, Average Delay: 0.000371592, Max Delay: 0.00531149

All Broadcasters:
Node: <no authority available> 90.0888 Hz, Average Delay: 0.0137454 Max Delay: 0.138195



RESULTS: for map_ground to base_footprint
Chain is: odom -> camera_init -> body -> base_footprint
Net delay     avg = 0.155771: max = 4.83591

Frames:
Frame: base_footprint, published by <no authority available>, Average Delay: 781.634, Max Delay: 781.634
Frame: body, published by <no authority available>, Average Delay: 0.120937, Max Delay: 0.149075
Frame: camera_init, published by <no authority available>, Average Delay: 781.652, Max Delay: 781.652
Frame: odom, published by <no authority available>, Average Delay: 0.000370509, Max Delay: 0.00531149

All Broadcasters:
Node: <no authority available> 90.0754 Hz, Average Delay: 0.013945 Max Delay: 0.135701



RESULTS: for map_ground to base_footprint
Chain is: odom -> camera_init -> body -> base_footprint
Net delay     avg = 0.155225: max = 4.83591

Frames:
Frame: base_footprint, published by <no authority available>, Average Delay: 781.634, Max Delay: 781.634
Frame: body, published by <no authority available>, Average Delay: 0.120804, Max Delay: 0.149075
Frame: camera_init, published by <no authority available>, Average Delay: 781.652, Max Delay: 781.652
Frame: odom, published by <no authority available>, Average Delay: 0.000385809, Max Delay: 0.00531149

All Broadcasters:
Node: <no authority available> 90.0914 Hz, Average Delay: 0.0139192 Max Delay: 0.136003



RESULTS: for map_ground to base_footprint
Chain is: odom -> camera_init -> body -> base_footprint
Net delay     avg = 0.155075: max = 4.83591

Frames:
Frame: base_footprint, published by <no authority available>, Average Delay: 781.634, Max Delay: 781.634
Frame: body, published by <no authority available>, Average Delay: 0.120911, Max Delay: 0.145244
Frame: camera_init, published by <no authority available>, Average Delay: 781.652, Max Delay: 781.652
Frame: odom, published by <no authority available>, Average Delay: 0.000386982, Max Delay: 0.00531149

All Broadcasters:
Node: <no authority available> 90.0917 Hz, Average Delay: 0.0141714 Max Delay: 0.143253



RESULTS: for map_ground to base_footprint
Chain is: odom -> camera_init -> body -> base_footprint
Net delay     avg = 0.155206: max = 4.83591

Frames:
Frame: base_footprint, published by <no authority available>, Average Delay: 781.634, Max Delay: 781.634
Frame: body, published by <no authority available>, Average Delay: 0.121187, Max Delay: 0.145244
Frame: camera_init, published by <no authority available>, Average Delay: 781.652, Max Delay: 781.652
Frame: odom, published by <no authority available>, Average Delay: 0.000368735, Max Delay: 0.00467157

All Broadcasters:
Node: <no authority available> 90.0721 Hz, Average Delay: 0.014196 Max Delay: 0.136364



RESULTS: for map_ground to base_footprint
Chain is: odom -> camera_init -> body -> base_footprint
Net delay     avg = 0.155744: max = 4.83591

Frames:
Frame: base_footprint, published by <no authority available>, Average Delay: 781.634, Max Delay: 781.634
Frame: body, published by <no authority available>, Average Delay: 0.121428, Max Delay: 0.145244
Frame: camera_init, published by <no authority available>, Average Delay: 781.652, Max Delay: 781.652
Frame: odom, published by <no authority available>, Average Delay: 0.000358206, Max Delay: 0.00366497

All Broadcasters:
Node: <no authority available> 90.0971 Hz, Average Delay: 0.0142382 Max Delay: 0.13858



RESULTS: for map_ground to base_footprint
Chain is: odom -> camera_init -> body -> base_footprint
Net delay     avg = 0.156678: max = 4.83591

Frames:
Frame: base_footprint, published by <no authority available>, Average Delay: 781.634, Max Delay: 781.634
Frame: body, published by <no authority available>, Average Delay: 0.12153, Max Delay: 0.143253
Frame: camera_init, published by <no authority available>, Average Delay: 781.652, Max Delay: 781.652
Frame: odom, published by <no authority available>, Average Delay: 0.00035966, Max Delay: 0.00366497

All Broadcasters:
Node: <no authority available> 90.1286 Hz, Average Delay: 0.0140469 Max Delay: 0.134586



RESULTS: for map_ground to base_footprint
Chain is: odom -> camera_init -> body -> base_footprint
Net delay     avg = 0.1577: max = 4.83591

Frames:
Frame: base_footprint, published by <no authority available>, Average Delay: 781.634, Max Delay: 781.634
Frame: body, published by <no authority available>, Average Delay: 0.121513, Max Delay: 0.143253
Frame: camera_init, published by <no authority available>, Average Delay: 781.652, Max Delay: 781.652
Frame: odom, published by <no authority available>, Average Delay: 0.000354812, Max Delay: 0.00340223

All Broadcasters:
Node: <no authority available> 90.0932 Hz, Average Delay: 0.0139097 Max Delay: 0.140388



RESULTS: for map_ground to base_footprint
Chain is: odom -> camera_init -> body -> base_footprint
Net delay     avg = 0.158755: max = 4.83591

Frames:
Frame: base_footprint, published by <no authority available>, Average Delay: 781.634, Max Delay: 781.634
Frame: body, published by <no authority available>, Average Delay: 0.121509, Max Delay: 0.143253
Frame: camera_init, published by <no authority available>, Average Delay: 781.652, Max Delay: 781.652
Frame: odom, published by <no authority available>, Average Delay: 0.000346461, Max Delay: 0.00340223

All Broadcasters:
Node: <no authority available> 90.084 Hz, Average Delay: 0.0139527 Max Delay: 0.139605



RESULTS: for map_ground to base_footprint
Chain is: odom -> camera_init -> body -> base_footprint
Net delay     avg = 0.16069: max = 4.83591

Frames:
Frame: base_footprint, published by <no authority available>, Average Delay: 781.634, Max Delay: 781.634
Frame: body, published by <no authority available>, Average Delay: 0.121518, Max Delay: 0.143253
Frame: camera_init, published by <no authority available>, Average Delay: 781.652, Max Delay: 781.652
Frame: odom, published by <no authority available>, Average Delay: 0.000349342, Max Delay: 0.00340223

All Broadcasters:
Node: <no authority available> 90.0946 Hz, Average Delay: 0.0139377 Max Delay: 0.141746



RESULTS: for map_ground to base_footprint
Chain is: odom -> camera_init -> body -> base_footprint
Net delay     avg = 0.162739: max = 4.83591

Frames:
Frame: base_footprint, published by <no authority available>, Average Delay: 781.634, Max Delay: 781.634
Frame: body, published by <no authority available>, Average Delay: 0.121546, Max Delay: 0.143253
Frame: camera_init, published by <no authority available>, Average Delay: 781.652, Max Delay: 781.652
Frame: odom, published by <no authority available>, Average Delay: 0.000349332, Max Delay: 0.00340223

All Broadcasters:
Node: <no authority available> 89.9402 Hz, Average Delay: 0.0139134 Max Delay: 0.139172
[INFO] [1779613421.089654107] [rclcpp]: signal_handler(SIGINT/SIGTERM)
