# command: ros2 run tf2_ros tf2_monitor map odom
# started: 2026-05-24 16:52:53 +0800
[INFO] [1779612775.841370268] [tf2_monitor_main]: Waiting for transform map ->  odom: Invalid frame ID "map" passed to canTransform argument target_frame - frame does not exist
[INFO] [1779612776.852826209] [tf2_monitor_main]: Waiting for transform map ->  odom: Invalid frame ID "map" passed to canTransform argument target_frame - frame does not exist
[INFO] [1779612777.853647806] [tf2_monitor_main]: Waiting for transform map ->  odom: Invalid frame ID "map" passed to canTransform argument target_frame - frame does not exist
[INFO] [1779612778.854827584] [tf2_monitor_main]: Waiting for transform map ->  odom: Invalid frame ID "map" passed to canTransform argument target_frame - frame does not exist
Gathering data on map -> odom for 10 seconds...



RESULTS: for map to odom
Chain is: map -> odom
Net delay     avg = 0.0157518: max = 0.292324

Frames:
Frame: odom, published by <no authority available>, Average Delay: 0.0104394, Max Delay: 0.237978

All Broadcasters:
Node: <no authority available> 89.7702 Hz, Average Delay: 3.41342 Max Delay: 788.663



RESULTS: for map to odom
Chain is: map -> odom
Net delay     avg = 0.0255406: max = 0.292324

Frames:
Frame: odom, published by <no authority available>, Average Delay: 0.00544564, Max Delay: 0.237978

All Broadcasters:
Node: <no authority available> 90.8424 Hz, Average Delay: 0.0147649 Max Delay: 0.154489



RESULTS: for map to odom
Chain is: map -> odom
Net delay     avg = 0.0349961: max = 0.292324

Frames:
Frame: odom, published by <no authority available>, Average Delay: 0.0039401, Max Delay: 0.237978

All Broadcasters:
Node: <no authority available> 90.0879 Hz, Average Delay: 0.0142608 Max Delay: 0.132868



RESULTS: for map to odom
Chain is: map -> odom
Net delay     avg = 0.0394493: max = 0.292324

Frames:
Frame: odom, published by <no authority available>, Average Delay: 0.00321715, Max Delay: 0.237978

All Broadcasters:
Node: <no authority available> 90.0756 Hz, Average Delay: 0.014405 Max Delay: 0.143301



RESULTS: for map to odom
Chain is: map -> odom
Net delay     avg = 0.0408533: max = 0.292324

Frames:
Frame: odom, published by <no authority available>, Average Delay: 0.00275078, Max Delay: 0.237978

All Broadcasters:
Node: <no authority available> 90.0835 Hz, Average Delay: 0.0143501 Max Delay: 0.13658



RESULTS: for map to odom
Chain is: map -> odom
Net delay     avg = 0.0414713: max = 0.292324

Frames:
Frame: odom, published by <no authority available>, Average Delay: 0.00241069, Max Delay: 0.237978

All Broadcasters:
Node: <no authority available> 90.0998 Hz, Average Delay: 0.014354 Max Delay: 0.137875



RESULTS: for map to odom
Chain is: map -> odom
Net delay     avg = 0.0438393: max = 0.292324

Frames:
Frame: odom, published by <no authority available>, Average Delay: 0.00217768, Max Delay: 0.237978

All Broadcasters:
Node: <no authority available> 90.0816 Hz, Average Delay: 0.0145151 Max Delay: 0.141496



RESULTS: for map to odom
Chain is: map -> odom
Net delay     avg = 0.0455875: max = 0.292324

Frames:
Frame: odom, published by <no authority available>, Average Delay: 0.00200065, Max Delay: 0.237978

All Broadcasters:
Node: <no authority available> 90.0518 Hz, Average Delay: 0.0145391 Max Delay: 0.145179



RESULTS: for map to odom
Chain is: map -> odom
Net delay     avg = 0.0430592: max = 0.292324

Frames:
Frame: odom, published by <no authority available>, Average Delay: 0.00186001, Max Delay: 0.237978

All Broadcasters:
Node: <no authority available> 90.0334 Hz, Average Delay: 0.0147187 Max Delay: 0.14651



RESULTS: for map to odom
Chain is: map -> odom
Net delay     avg = 0.0412561: max = 0.292324

Frames:
Frame: odom, published by <no authority available>, Average Delay: 0.000805575, Max Delay: 0.00702548

All Broadcasters:
Node: <no authority available> 90.1455 Hz, Average Delay: 0.0145983 Max Delay: 0.146549



RESULTS: for map to odom
Chain is: map -> odom
Net delay     avg = 0.042078: max = 0.292324

Frames:
Frame: odom, published by <no authority available>, Average Delay: 0.000772352, Max Delay: 0.00540113

All Broadcasters:
Node: <no authority available> 90.0421 Hz, Average Delay: 0.0147314 Max Delay: 0.146723



RESULTS: for map to odom
Chain is: map -> odom
Net delay     avg = 0.046961: max = 0.292324

Frames:
Frame: odom, published by <no authority available>, Average Delay: 0.000777507, Max Delay: 0.00556087

All Broadcasters:
Node: <no authority available> 89.4311 Hz, Average Delay: 0.0153142 Max Delay: 0.150581



RESULTS: for map to odom
Chain is: map -> odom
Net delay     avg = 0.0463102: max = 0.292324

Frames:
Frame: odom, published by <no authority available>, Average Delay: 0.000752813, Max Delay: 0.00556087

All Broadcasters:
Node: <no authority available> 88.6647 Hz, Average Delay: 0.0156484 Max Delay: 0.153159



RESULTS: for map to odom
Chain is: map -> odom
Net delay     avg = 0.0555218: max = 0.292324

Frames:
Frame: odom, published by <no authority available>, Average Delay: 0.000746384, Max Delay: 0.00556087

All Broadcasters:
Node: <no authority available> 85.2711 Hz, Average Delay: 0.0181937 Max Delay: 0.197937



RESULTS: for map to odom
Chain is: map -> odom
Net delay     avg = 0.288583: max = 4.73587

Frames:
Frame: odom, published by <no authority available>, Average Delay: 0.000742372, Max Delay: 0.00556087

All Broadcasters:
Node: <no authority available> 82.6405 Hz, Average Delay: 0.0191611 Max Delay: 0.184999



RESULTS: for map to odom
Chain is: map -> odom
Net delay     avg = 0.264048: max = 4.73587

Frames:
Frame: odom, published by <no authority available>, Average Delay: 0.000764845, Max Delay: 0.00686812

All Broadcasters:
Node: <no authority available> 84.4934 Hz, Average Delay: 0.0184772 Max Delay: 0.177386



RESULTS: for map to odom
Chain is: map -> odom
Net delay     avg = 0.271309: max = 4.73587

Frames:
Frame: odom, published by <no authority available>, Average Delay: 0.000763401, Max Delay: 0.00686812

All Broadcasters:
Node: <no authority available> 83.9376 Hz, Average Delay: 0.0186724 Max Delay: 0.191679



RESULTS: for map to odom
Chain is: map -> odom
Net delay     avg = 0.359657: max = 4.73587

Frames:
Frame: odom, published by <no authority available>, Average Delay: 0.000770487, Max Delay: 0.0108047

All Broadcasters:
Node: <no authority available> 83.205 Hz, Average Delay: 0.0192092 Max Delay: 0.176856



RESULTS: for map to odom
Chain is: map -> odom
Net delay     avg = 0.317711: max = 4.73587

Frames:
Frame: odom, published by <no authority available>, Average Delay: 0.00078538, Max Delay: 0.011457

All Broadcasters:
Node: <no authority available> 85.0119 Hz, Average Delay: 0.0175584 Max Delay: 0.179983



RESULTS: for map to odom
Chain is: map -> odom
Net delay     avg = 0.273946: max = 4.73587

Frames:
Frame: odom, published by <no authority available>, Average Delay: 0.00079455, Max Delay: 0.011457

All Broadcasters:
Node: <no authority available> 86.902 Hz, Average Delay: 0.0164592 Max Delay: 0.174685



RESULTS: for map to odom
Chain is: map -> odom
Net delay     avg = 0.235129: max = 4.73587

Frames:
Frame: odom, published by <no authority available>, Average Delay: 0.000790441, Max Delay: 0.011457

All Broadcasters:
Node: <no authority available> 87.4777 Hz, Average Delay: 0.0157314 Max Delay: 0.166041



RESULTS: for map to odom
Chain is: map -> odom
Net delay     avg = 0.205947: max = 4.73587

Frames:
Frame: odom, published by <no authority available>, Average Delay: 0.000784229, Max Delay: 0.011457

All Broadcasters:
Node: <no authority available> 86.1943 Hz, Average Delay: 0.0165732 Max Delay: 0.179556



RESULTS: for map to odom
Chain is: map -> odom
Net delay     avg = 0.183361: max = 4.73587

Frames:
Frame: odom, published by <no authority available>, Average Delay: 0.000792475, Max Delay: 0.011457

All Broadcasters:
Node: <no authority available> 85.7973 Hz, Average Delay: 0.0171 Max Delay: 0.199412



RESULTS: for map to odom
Chain is: map -> odom
Net delay     avg = 0.159859: max = 4.73587

Frames:
Frame: odom, published by <no authority available>, Average Delay: 0.000772508, Max Delay: 0.011457

All Broadcasters:
Node: <no authority available> 88.9254 Hz, Average Delay: 0.0154719 Max Delay: 0.1586



RESULTS: for map to odom
Chain is: map -> odom
Net delay     avg = 0.143396: max = 4.73587

Frames:
Frame: odom, published by <no authority available>, Average Delay: 0.000763521, Max Delay: 0.011457

All Broadcasters:
Node: <no authority available> 87.3585 Hz, Average Delay: 0.0157182 Max Delay: 0.157526



RESULTS: for map to odom
Chain is: map -> odom
Net delay     avg = 0.130989: max = 4.73587

Frames:
Frame: odom, published by <no authority available>, Average Delay: 0.000759437, Max Delay: 0.011457

All Broadcasters:
Node: <no authority available> 87.1813 Hz, Average Delay: 0.0159068 Max Delay: 0.158006



RESULTS: for map to odom
Chain is: map -> odom
Net delay     avg = 0.11727: max = 4.73587

Frames:
Frame: odom, published by <no authority available>, Average Delay: 0.000751667, Max Delay: 0.011457

All Broadcasters:
Node: <no authority available> 89.7141 Hz, Average Delay: 0.0152218 Max Delay: 0.162862



RESULTS: for map to odom
Chain is: map -> odom
Net delay     avg = 0.105114: max = 4.73587

Frames:
Frame: odom, published by <no authority available>, Average Delay: 0.000753753, Max Delay: 0.011457

All Broadcasters:
Node: <no authority available> 89.7774 Hz, Average Delay: 0.0150953 Max Delay: 0.156024



RESULTS: for map to odom
Chain is: map -> odom
Net delay     avg = 0.0954421: max = 4.73587

Frames:
Frame: odom, published by <no authority available>, Average Delay: 0.000733253, Max Delay: 0.011457

All Broadcasters:
Node: <no authority available> 90.0895 Hz, Average Delay: 0.0154781 Max Delay: 0.157647



RESULTS: for map to odom
Chain is: map -> odom
Net delay     avg = 0.0884228: max = 4.73587

Frames:
Frame: odom, published by <no authority available>, Average Delay: 0.000683601, Max Delay: 0.011457

All Broadcasters:
Node: <no authority available> 90.0865 Hz, Average Delay: 0.0145385 Max Delay: 0.150085



RESULTS: for map to odom
Chain is: map -> odom
Net delay     avg = 0.0835951: max = 4.73587

Frames:
Frame: odom, published by <no authority available>, Average Delay: 0.000633045, Max Delay: 0.00843549

All Broadcasters:
Node: <no authority available> 89.3855 Hz, Average Delay: 0.0153207 Max Delay: 0.16361



RESULTS: for map to odom
Chain is: map -> odom
Net delay     avg = 0.0793651: max = 4.73587

Frames:
Frame: odom, published by <no authority available>, Average Delay: 0.000630778, Max Delay: 0.00843549

All Broadcasters:
Node: <no authority available> 87.7203 Hz, Average Delay: 0.0163261 Max Delay: 0.166989



RESULTS: for map to odom
Chain is: map -> odom
Net delay     avg = 0.0784347: max = 4.73587

Frames:
Frame: odom, published by <no authority available>, Average Delay: 0.000614996, Max Delay: 0.00843549

All Broadcasters:
Node: <no authority available> 87.9786 Hz, Average Delay: 0.0161234 Max Delay: 0.158378



RESULTS: for map to odom
Chain is: map -> odom
Net delay     avg = 0.076289: max = 4.73587

Frames:
Frame: odom, published by <no authority available>, Average Delay: 0.000594637, Max Delay: 0.00843549

All Broadcasters:
Node: <no authority available> 88.722 Hz, Average Delay: 0.01606 Max Delay: 0.158253



RESULTS: for map to odom
Chain is: map -> odom
Net delay     avg = 0.0696537: max = 4.73587

Frames:
Frame: odom, published by <no authority available>, Average Delay: 0.000604216, Max Delay: 0.00843549

All Broadcasters:
Node: <no authority available> 90.3427 Hz, Average Delay: 0.0150753 Max Delay: 0.165252



RESULTS: for map to odom
Chain is: map -> odom
Net delay     avg = 0.0624726: max = 4.73587

Frames:
Frame: odom, published by <no authority available>, Average Delay: 0.000588602, Max Delay: 0.00438952

All Broadcasters:
Node: <no authority available> 90.0841 Hz, Average Delay: 0.014614 Max Delay: 0.142726



RESULTS: for map to odom
Chain is: map -> odom
Net delay     avg = 0.0550863: max = 4.73587

Frames:
Frame: odom, published by <no authority available>, Average Delay: 0.000581081, Max Delay: 0.00438952

All Broadcasters:
Node: <no authority available> 90.1083 Hz, Average Delay: 0.0145261 Max Delay: 0.138117



RESULTS: for map to odom
Chain is: map -> odom
Net delay     avg = 0.0507905: max = 4.73587

Frames:
Frame: odom, published by <no authority available>, Average Delay: 0.000587629, Max Delay: 0.00522494

All Broadcasters:
Node: <no authority available> 90.0936 Hz, Average Delay: 0.0145499 Max Delay: 0.13976



RESULTS: for map to odom
Chain is: map -> odom
Net delay     avg = 0.0492561: max = 4.73587

Frames:
Frame: odom, published by <no authority available>, Average Delay: 0.00058859, Max Delay: 0.00522494

All Broadcasters:
Node: <no authority available> 90.0978 Hz, Average Delay: 0.0142654 Max Delay: 0.141137



RESULTS: for map to odom
Chain is: map -> odom
Net delay     avg = 0.0483379: max = 4.73587

Frames:
Frame: odom, published by <no authority available>, Average Delay: 0.000588902, Max Delay: 0.00522494

All Broadcasters:
Node: <no authority available> 90.0869 Hz, Average Delay: 0.014336 Max Delay: 0.140583



RESULTS: for map to odom
Chain is: map -> odom
Net delay     avg = 0.0479017: max = 4.73587

Frames:
Frame: odom, published by <no authority available>, Average Delay: 0.000607463, Max Delay: 0.00522494

All Broadcasters:
Node: <no authority available> 90.0891 Hz, Average Delay: 0.0144156 Max Delay: 0.135904



RESULTS: for map to odom
Chain is: map -> odom
Net delay     avg = 0.0486582: max = 4.73587

Frames:
Frame: odom, published by <no authority available>, Average Delay: 0.000611913, Max Delay: 0.00522494

All Broadcasters:
Node: <no authority available> 90.0978 Hz, Average Delay: 0.0142941 Max Delay: 0.141332



RESULTS: for map to odom
Chain is: map -> odom
Net delay     avg = 0.0495693: max = 4.73587

Frames:
Frame: odom, published by <no authority available>, Average Delay: 0.000618837, Max Delay: 0.00522494

All Broadcasters:
Node: <no authority available> 90.0838 Hz, Average Delay: 0.0141764 Max Delay: 0.139282



RESULTS: for map to odom
Chain is: map -> odom
Net delay     avg = 0.0510783: max = 4.73587

Frames:
Frame: odom, published by <no authority available>, Average Delay: 0.000635216, Max Delay: 0.00522494

All Broadcasters:
Node: <no authority available> 90.0908 Hz, Average Delay: 0.0142179 Max Delay: 0.149225



RESULTS: for map to odom
Chain is: map -> odom
Net delay     avg = 0.0533638: max = 4.73587

Frames:
Frame: odom, published by <no authority available>, Average Delay: 0.000662904, Max Delay: 0.00522494

All Broadcasters:
Node: <no authority available> 90.0836 Hz, Average Delay: 0.0142369 Max Delay: 0.136352



RESULTS: for map to odom
Chain is: map -> odom
Net delay     avg = 0.0556308: max = 4.73587

Frames:
Frame: odom, published by <no authority available>, Average Delay: 0.000669938, Max Delay: 0.00522494

All Broadcasters:
Node: <no authority available> 90.072 Hz, Average Delay: 0.0141788 Max Delay: 0.136699



RESULTS: for map to odom
Chain is: map -> odom
Net delay     avg = 0.0574067: max = 4.73587

Frames:
Frame: odom, published by <no authority available>, Average Delay: 0.000676157, Max Delay: 0.00522494

All Broadcasters:
Node: <no authority available> 90.0992 Hz, Average Delay: 0.0141733 Max Delay: 0.144889



RESULTS: for map to odom
Chain is: map -> odom
Net delay     avg = 0.0598794: max = 4.73587

Frames:
Frame: odom, published by <no authority available>, Average Delay: 0.000672006, Max Delay: 0.00452566

All Broadcasters:
Node: <no authority available> 90.0725 Hz, Average Delay: 0.0141419 Max Delay: 0.134486



RESULTS: for map to odom
Chain is: map -> odom
Net delay     avg = 0.0620307: max = 4.73587

Frames:
Frame: odom, published by <no authority available>, Average Delay: 0.000674187, Max Delay: 0.00452566

All Broadcasters:
Node: <no authority available> 90.0894 Hz, Average Delay: 0.0141185 Max Delay: 0.134446



RESULTS: for map to odom
Chain is: map -> odom
Net delay     avg = 0.0648687: max = 4.73587

Frames:
Frame: odom, published by <no authority available>, Average Delay: 0.000670278, Max Delay: 0.00452566

All Broadcasters:
Node: <no authority available> 90.0624 Hz, Average Delay: 0.0139578 Max Delay: 0.137997



RESULTS: for map to odom
Chain is: map -> odom
Net delay     avg = 0.0668434: max = 4.73587

Frames:
Frame: odom, published by <no authority available>, Average Delay: 0.00065283, Max Delay: 0.00452566

All Broadcasters:
Node: <no authority available> 90.0831 Hz, Average Delay: 0.0140944 Max Delay: 0.136989



RESULTS: for map to odom
Chain is: map -> odom
Net delay     avg = 0.0707445: max = 4.73587

Frames:
Frame: odom, published by <no authority available>, Average Delay: 0.00068581, Max Delay: 0.00457406

All Broadcasters:
Node: <no authority available> 90.0605 Hz, Average Delay: 0.0140798 Max Delay: 0.136345



RESULTS: for map to odom
Chain is: map -> odom
Net delay     avg = 0.0713094: max = 4.73587

Frames:
Frame: odom, published by <no authority available>, Average Delay: 0.000687062, Max Delay: 0.00457406

All Broadcasters:
Node: <no authority available> 90.0619 Hz, Average Delay: 0.0143651 Max Delay: 0.143186



RESULTS: for map to odom
Chain is: map -> odom
Net delay     avg = 0.0728093: max = 4.73587

Frames:
Frame: odom, published by <no authority available>, Average Delay: 0.000673239, Max Delay: 0.00457406

All Broadcasters:
Node: <no authority available> 90.1049 Hz, Average Delay: 0.0145643 Max Delay: 0.135029



RESULTS: for map to odom
Chain is: map -> odom
Net delay     avg = 0.0717866: max = 4.73587

Frames:
Frame: odom, published by <no authority available>, Average Delay: 0.000663381, Max Delay: 0.00457406

All Broadcasters:
Node: <no authority available> 89.9268 Hz, Average Delay: 0.0145336 Max Delay: 0.138647



RESULTS: for map to odom
Chain is: map -> odom
Net delay     avg = 0.0721006: max = 4.73587

Frames:
Frame: odom, published by <no authority available>, Average Delay: 0.000662418, Max Delay: 0.00457406

All Broadcasters:
Node: <no authority available> 90.0988 Hz, Average Delay: 0.0144209 Max Delay: 0.138281



RESULTS: for map to odom
Chain is: map -> odom
Net delay     avg = 0.0722096: max = 4.73587

Frames:
Frame: odom, published by <no authority available>, Average Delay: 0.00064894, Max Delay: 0.00457406

All Broadcasters:
Node: <no authority available> 90.199 Hz, Average Delay: 0.0141978 Max Delay: 0.140734



RESULTS: for map to odom
Chain is: map -> odom
Net delay     avg = 0.0735913: max = 4.73587

Frames:
Frame: odom, published by <no authority available>, Average Delay: 0.000638204, Max Delay: 0.00457406

All Broadcasters:
Node: <no authority available> 90.088 Hz, Average Delay: 0.0141872 Max Delay: 0.139932



RESULTS: for map to odom
Chain is: map -> odom
Net delay     avg = 0.0755017: max = 4.73587

Frames:
Frame: odom, published by <no authority available>, Average Delay: 0.000651779, Max Delay: 0.00457406

All Broadcasters:
Node: <no authority available> 90.0901 Hz, Average Delay: 0.0141708 Max Delay: 0.141878



RESULTS: for map to odom
Chain is: map -> odom
Net delay     avg = 0.0754821: max = 4.73587

Frames:
Frame: odom, published by <no authority available>, Average Delay: 0.000666312, Max Delay: 0.00598907

All Broadcasters:
Node: <no authority available> 90.2842 Hz, Average Delay: 0.0141618 Max Delay: 0.139963



RESULTS: for map to odom
Chain is: map -> odom
Net delay     avg = 0.0728553: max = 4.73587

Frames:
Frame: odom, published by <no authority available>, Average Delay: 0.000667566, Max Delay: 0.00598907

All Broadcasters:
Node: <no authority available> 90.088 Hz, Average Delay: 0.0141313 Max Delay: 0.141526
[INFO] [1779613421.093231625] [rclcpp]: signal_handler(SIGINT/SIGTERM)
